Archive member included to satisfy reference by file (symbol)

Build_STM32G474_Slcan_CoreMotionDual/STM32Cube/libstm32cube.a(stm32g4xx_hal.o)
                              Build_STM32G474_Slcan_CoreMotionDual/dfu.o (HAL_DeInit)
Build_STM32G474_Slcan_CoreMotionDual/STM32Cube/libstm32cube.a(stm32g4xx_hal_cortex.o)
                              Build_STM32G474_Slcan_CoreMotionDual/STM32Cube/libstm32cube.a(stm32g4xx_hal.o) (HAL_NVIC_SetPriorityGrouping)
Build_STM32G474_Slcan_CoreMotionDual/STM32Cube/libstm32cube.a(stm32g4xx_hal_fdcan.o)
                              Build_STM32G474_Slcan_CoreMotionDual/can.o (HAL_FDCAN_Init)
Build_STM32G474_Slcan_CoreMotionDual/STM32Cube/libstm32cube.a(stm32g4xx_hal_flash.o)
                              Build_STM32G474_Slcan_CoreMotionDual/system.o (HAL_FLASH_Program)
Build_STM32G474_Slcan_CoreMotionDual/STM32Cube/libstm32cube.a(stm32g4xx_hal_flash_ex.o)
                              Build_STM32G474_Slcan_CoreMotionDual/system.o (HAL_FLASHEx_Erase)
Build_STM32G474_Slcan_CoreMotionDual/STM32Cube/libstm32cube.a(stm32g4xx_hal_gpio.o)
                              Build_STM32G474_Slcan_CoreMotionDual/can.o (HAL_GPIO_Init)
Build_STM32G474_Slcan_CoreMotionDual/STM32Cube/libstm32cube.a(stm32g4xx_hal_pcd.o)
                              Build_STM32G474_Slcan_CoreMotionDual/usb_lowlevel.o (HAL_PCD_Init)
Build_STM32G474_Slcan_CoreMotionDual/STM32Cube/libstm32cube.a(stm32g4xx_hal_pcd_ex.o)
                              Build_STM32G474_Slcan_CoreMotionDual/usb_lowlevel.o (HAL_PCDEx_PMAConfig)
Build_STM32G474_Slcan_CoreMotionDual/STM32Cube/libstm32cube.a(stm32g4xx_hal_pwr_ex.o)
                              Build_STM32G474_Slcan_CoreMotionDual/system.o (HAL_PWREx_ControlVoltageScaling)
Build_STM32G474_Slcan_CoreMotionDual/STM32Cube/libstm32cube.a(stm32g4xx_hal_rcc.o)
                              Build_STM32G474_Slcan_CoreMotionDual/dfu.o (HAL_RCC_DeInit)
Build_STM32G474_Slcan_CoreMotionDual/STM32Cube/libstm32cube.a(stm32g4xx_hal_rcc_ex.o)
                              Build_STM32G474_Slcan_CoreMotionDual/system.o (HAL_RCCEx_PeriphCLKConfig)
Build_STM32G474_Slcan_CoreMotionDual/STM32Cube/libstm32cube.a(stm32g4xx_hal_tim.o)
                              Build_STM32G474_Slcan_CoreMotionDual/system.o (HAL_TIM_Base_Init)
Build_STM32G474_Slcan_CoreMotionDual/STM32Cube/libstm32cube.a(stm32g4xx_hal_tim_ex.o)
                              Build_STM32G474_Slcan_CoreMotionDual/STM32Cube/libstm32cube.a(stm32g4xx_hal_tim.o) (TIMEx_DMACommutationCplt)
Build_STM32G474_Slcan_CoreMotionDual/STM32Cube/libstm32cube.a(stm32g4xx_ll_usb.o)
                              Build_STM32G474_Slcan_CoreMotionDual/STM32Cube/libstm32cube.a(stm32g4xx_hal_pcd.o) (USB_EnableGlobalInt)
Build_STM32G474_Slcan_CoreMotionDual/STM32Cube/libstm32cube.a(stm32g4xx_hal_dma.o)
                              Build_STM32G474_Slcan_CoreMotionDual/STM32Cube/libstm32cube.a(stm32g4xx_hal_tim.o) (HAL_DMA_Start_IT)
Build_STM32G474_Slcan_CoreMotionDual/STM32Cube/libstm32cube.a(stm32g4xx_hal_pwr.o)
                              Build_STM32G474_Slcan_CoreMotionDual/STM32Cube/libstm32cube.a(stm32g4xx_hal_rcc_ex.o) (HAL_PWR_EnableBkUpAccess)
/usr/lib/gcc/arm-none-eabi/13.2.1/../../../arm-none-eabi/lib/thumb/v7e-m/nofp/libc_nano.a(libc_a-sprintf.o)
                              Build_STM32G474_Slcan_CoreMotionDual/can.o (sprintf)
/usr/lib/gcc/arm-none-eabi/13.2.1/../../../arm-none-eabi/lib/thumb/v7e-m/nofp/libc_nano.a(libc_a-strcpy.o)
                              Build_STM32G474_Slcan_CoreMotionDual/can.o (strcpy)
/usr/lib/gcc/arm-none-eabi/13.2.1/../../../arm-none-eabi/lib/thumb/v7e-m/nofp/libc_nano.a(libc_a-impure.o)
                              /usr/lib/gcc/arm-none-eabi/13.2.1/../../../arm-none-eabi/lib/thumb/v7e-m/nofp/libc_nano.a(libc_a-sprintf.o) (_impure_ptr)
/usr/lib/gcc/arm-none-eabi/13.2.1/../../../arm-none-eabi/lib/thumb/v7e-m/nofp/libc_nano.a(libc_a-nano-svfprintf.o)
                              /usr/lib/gcc/arm-none-eabi/13.2.1/../../../arm-none-eabi/lib/thumb/v7e-m/nofp/libc_nano.a(libc_a-sprintf.o) (_svfprintf_r)
/usr/lib/gcc/arm-none-eabi/13.2.1/../../../arm-none-eabi/lib/thumb/v7e-m/nofp/libc_nano.a(libc_a-init.o)
                              /usr/lib/gcc/arm-none-eabi/13.2.1/../../../arm-none-eabi/lib/thumb/v7e-m/nofp/crt0.o (__libc_init_array)
/usr/lib/gcc/arm-none-eabi/13.2.1/../../../arm-none-eabi/lib/thumb/v7e-m/nofp/libc_nano.a(libc_a-strlen.o)
                              Build_STM32G474_Slcan_CoreMotionDual/can.o (strlen)
/usr/lib/gcc/arm-none-eabi/13.2.1/../../../arm-none-eabi/lib/thumb/v7e-m/nofp/libc_nano.a(libc_a-memset.o)
                              /usr/lib/gcc/arm-none-eabi/13.2.1/../../../arm-none-eabi/lib/thumb/v7e-m/nofp/crt0.o (memset)
/usr/lib/gcc/arm-none-eabi/13.2.1/../../../arm-none-eabi/lib/thumb/v7e-m/nofp/libc_nano.a(libc_a-mallocr.o)
                              /usr/lib/gcc/arm-none-eabi/13.2.1/../../../arm-none-eabi/lib/thumb/v7e-m/nofp/libc_nano.a(libc_a-nano-svfprintf.o) (_malloc_r)
[...]
Memory Configuration

Name             Origin             Length             Attributes
RAM              0x20000000         0x00020000         xrw
FLASH            0x08000000         0x0001f800         xr
DATA             0x0801f800         0x00000800         xr
*default*        0x00000000         0xffffffff

Linker script and memory map

LOAD /usr/lib/gcc/arm-none-eabi/13.2.1/thumb/v7e-m/nofp/crti.o
LOAD /usr/lib/gcc/arm-none-eabi/13.2.1/thumb/v7e-m/nofp/crtbegin.o
LOAD /usr/lib/gcc/arm-none-eabi/13.2.1/../../../arm-none-eabi/lib/thumb/v7e-m/nofp/crt0.o
LOAD Build_STM32G474_Slcan_CoreMotionDual/main.o
LOAD Build_STM32G474_Slcan_CoreMotionDual/system_STM32G4xx.o
LOAD Build_STM32G474_Slcan_CoreMotionDual/system.o
LOAD Build_STM32G474_Slcan_CoreMotionDual/interrupts.o
LOAD Build_STM32G474_Slcan_CoreMotionDual/can.o
LOAD Build_STM32G474_Slcan_CoreMotionDual/error.o
LOAD Build_STM32G474_Slcan_CoreMotionDual/led.o
LOAD Build_STM32G474_Slcan_CoreMotionDual/dfu.o
LOAD Build_STM32G474_Slcan_CoreMotionDual/utils.o
LOAD Build_STM32G474_Slcan_CoreMotionDual/usb_ctrlreq.o
LOAD Build_STM32G474_Slcan_CoreMotionDual/usb_ioreq.o
LOAD Build_STM32G474_Slcan_CoreMotionDual/usb_core.o
LOAD Build_STM32G474_Slcan_CoreMotionDual/usb_lowlevel.o
LOAD Build_STM32G474_Slcan_CoreMotionDual/startup_STM32G474.o
LOAD Build_STM32G474_Slcan_CoreMotionDual/Slcan/control.o
LOAD Build_STM32G474_Slcan_CoreMotionDual/Slcan/buffer.o
LOAD Build_STM32G474_Slcan_CoreMotionDual/Slcan/usb_class.o
LOAD Build_STM32G474_Slcan_CoreMotionDual/Slcan/usb_interface.o
LOAD Build_STM32G474_Slcan_CoreMotionDual/STM32Cube/libstm32cube.a
LOAD /usr/lib/gcc/arm-none-eabi/13.2.1/../../../arm-none-eabi/lib/thumb/v7e-m/nofp/libc_nano.a
LOAD /usr/lib/gcc/arm-none-eabi/13.2.1/../../../arm-none-eabi/lib/thumb/v7e-m/nofp/libm.a
LOAD /usr/lib/gcc/arm-none-eabi/13.2.1/../../../arm-none-eabi/lib/thumb/v7e-m/nofp/libnosys.a
START GROUP
LOAD /usr/lib/gcc/arm-none-eabi/13.2.1/thumb/v7e-m/nofp/libgcc.a
LOAD /usr/lib/gcc/arm-none-eabi/13.2.1/../../../arm-none-eabi/lib/thumb/v7e-m/nofp/libg_nano.a
LOAD /usr/lib/gcc/arm-none-eabi/13.2.1/../../../arm-none-eabi/lib/thumb/v7e-m/nofp/libc_nano.a
END GROUP
START GROUP
LOAD /usr/lib/gcc/arm-none-eabi/13.2.1/thumb/v7e-m/nofp/libgcc.a
LOAD /usr/lib/gcc/arm-none-eabi/13.2.1/../../../arm-none-eabi/lib/thumb/v7e-m/nofp/libc_nano.a
LOAD /usr/lib/gcc/arm-none-eabi/13.2.1/../../../arm-none-eabi/lib/thumb/v7e-m/nofp/libnosys.a
END GROUP
START GROUP
LOAD /usr/lib/gcc/arm-none-eabi/13.2.1/thumb/v7e-m/nofp/libgcc.a
LOAD /usr/lib/gcc/arm-none-eabi/13.2.1/../../../arm-none-eabi/lib/thumb/v7e-m/nofp/libc_nano.a
LOAD /usr/lib/gcc/arm-none-eabi/13.2.1/../../../arm-none-eabi/lib/thumb/v7e-m/nofp/libnosys.a
END GROUP
LOAD /usr/lib/gcc/arm-none-eabi/13.2.1/thumb/v7e-m/nofp/crtend.o
LOAD /usr/lib/gcc/arm-none-eabi/13.2.1/thumb/v7e-m/nofp/crtn.o
                0x20020000                        _estack = (ORIGIN (RAM) + LENGTH (RAM))
                0x00000200                        _Min_Heap_Size = 0x200
                0x00000400                        _Min_Stack_Size = 0x400

.isr_vector     0x08000000      0x1d8
                0x08000000                        . = ALIGN (0x4)
 *(.isr_vector)
 .isr_vector    0x08000000      0x1d8 Build_STM32G474_Slcan_CoreMotionDual/startup_STM32G474.o
                0x08000000                g_pfnVectors
                0x080001d8                        . = ALIGN (0x4)

.text           0x08000200     0xa114
                0x08000200                        . = ALIGN (0x4)
 *(.text)
 .text          0x08000200       0x88 /usr/lib/gcc/arm-none-eabi/13.2.1/thumb/v7e-m/nofp/crtbegin.o
 .text          0x08000288       0x80 /usr/lib/gcc/arm-none-eabi/13.2.1/../../../arm-none-eabi/lib/thumb/v7e-m/nofp/libc_nano.a(libc_a-sprintf.o)
                0x08000288                _siprintf_r
                0x08000288                _sprintf_r
                0x080002c4                sprintf
                0x080002c4                siprintf
 .text          0x08000308       0xbc /usr/lib/gcc/arm-none-eabi/13.2.1/../../../arm-none-eabi/lib/thumb/v7e-m/nofp/libc_nano.a(libc_a-strcpy.o)
                0x08000308                strcpy
 .text          0x080003c4      0x400 /usr/lib/gcc/arm-none-eabi/13.2.1/../../../arm-none-eabi/lib/thumb/v7e-m/nofp/libc_nano.a(libc_a-nano-svfprintf.o)
                0x080003c4                __ssputs_r
                0x08000484                __ssprint_r
                0x0800058c                _svfprintf_r
                0x0800058c                _svfiprintf_r
 .text          0x080007c4       0x50 /usr/lib/gcc/arm-none-eabi/13.2.1/../../../arm-none-eabi/lib/thumb/v7e-m/nofp/libc_nano.a(libc_a-init.o)
                0x080007c4                __libc_init_array
 *fill*         0x08000814       0x2c 
 .text          0x08000840       0xd8 /usr/lib/gcc/arm-none-eabi/13.2.1/../../../arm-none-eabi/lib/thumb/v7e-m/nofp/libc_nano.a(libc_a-strlen.o)
                0x08000840                strlen
 .text          0x08000918       0xa4 /usr/lib/gcc/arm-none-eabi/13.2.1/../../../arm-none-eabi/lib/thumb/v7e-m/nofp/libc_nano.a(libc_a-memset.o)
                0x08000918                memset
 .text          0x080009bc      0x148 /usr/lib/gcc/arm-none-eabi/13.2.1/../../../arm-none-eabi/lib/thumb/v7e-m/nofp/libc_nano.a(libc_a-mallocr.o)
                0x08000a04                _malloc_r
 .text          0x08000b04       0xbc /usr/lib/gcc/arm-none-eabi/13.2.1/../../../arm-none-eabi/lib/thumb/v7e-m/nofp/libc_nano.a(libc_a-freer.o)
                0x08000b04                _free_r
 .text          0x08000bc0      0x100 /usr/lib/gcc/arm-none-eabi/13.2.1/../../../arm-none-eabi/lib/thumb/v7e-m/nofp/libc_nano.a(libc_a-memmove.o)
                0x08000bc0                memmove
 .text          0x08000cc0       0xa0 /usr/lib/gcc/arm-none-eabi/13.2.1/../../../arm-none-eabi/lib/thumb/v7e-m/nofp/libc_nano.a(libc_a-memchr.o)
                0x08000cc0                memchr
 .text          0x08000d60      0x134 /usr/lib/gcc/arm-none-eabi/13.2.1/../../../arm-none-eabi/lib/thumb/v7e-m/nofp/libc_nano.a(libc_a-memcpy.o)
                0x08000d60                memcpy
 .text          0x08000e94       0x64 /usr/lib/gcc/arm-none-eabi/13.2.1/../../../arm-none-eabi/lib/thumb/v7e-m/nofp/libc_nano.a(libc_a-reallocr.o)
                0x08000e94                _realloc_r
 .text          0x08000ef8      0x3a8 /usr/lib/gcc/arm-none-eabi/13.2.1/../../../arm-none-eabi/lib/thumb/v7e-m/nofp/libc_nano.a(libc_a-nano-vfprintf_i.o)
                0x08000ef8                _printf_common
                0x0800101c                _printf_i
 .text          0x080012a0        0x8 /usr/lib/gcc/arm-none-eabi/13.2.1/../../../arm-none-eabi/lib/thumb/v7e-m/nofp/libc_nano.a(libc_a-mlock.o)
                0x080012a0                __malloc_lock
                0x080012a4                __malloc_unlock
 .text          0x080012a8       0x8c /usr/lib/gcc/arm-none-eabi/13.2.1/../../../arm-none-eabi/lib/thumb/v7e-m/nofp/libc_nano.a(libc_a-strncmp.o)
                0x080012a8                strncmp
 *fill*         0x08001334        0xc 
 .text          0x08001340      0x2e0 /usr/lib/gcc/arm-none-eabi/13.2.1/../../../arm-none-eabi/lib/thumb/v7e-m/nofp/libc_nano.a(libc_a-strcmp.o)
                0x08001340                strcmp
 .text          0x08001620       0x5c /usr/lib/gcc/arm-none-eabi/13.2.1/../../../arm-none-eabi/lib/thumb/v7e-m/nofp/libc_nano.a(libc_a-memcmp.o)
                0x08001620                memcmp
 .text          0x0800167c       0x24 /usr/lib/gcc/arm-none-eabi/13.2.1/../../../arm-none-eabi/lib/thumb/v7e-m/nofp/libc_nano.a(libc_a-sbrkr.o)
                0x0800167c                _sbrk_r
 .text          0x080016a0       0x10 /usr/lib/gcc/arm-none-eabi/13.2.1/../../../arm-none-eabi/lib/thumb/v7e-m/nofp/libc_nano.a(libc_a-msizer.o)
                0x080016a0                _malloc_usable_size_r
 .text          0x080016b0       0x1c /usr/lib/gcc/arm-none-eabi/13.2.1/../../../arm-none-eabi/lib/thumb/v7e-m/nofp/libnosys.a(sbrk.o)
                0x080016b0                _sbrk
 *(.text*)
 .text.startup.main
                0x080016cc       0xb8 Build_STM32G474_Slcan_CoreMotionDual/main.o
                0x080016cc                main
 .text.SystemInit
                0x08001784       0x10 Build_STM32G474_Slcan_CoreMotionDual/system_STM32G4xx.o
                0x08001784                SystemInit
 .text.system_init_timestamp
                0x08001794       0x80 Build_STM32G474_Slcan_CoreMotionDual/system.o
                0x08001794                system_init_timestamp
 .text.HAL_FDCAN_TimestampWraparoundCallback
                0x08001814       0x10 Build_STM32G474_Slcan_CoreMotionDual/system.o
                0x08001814                HAL_FDCAN_TimestampWraparoundCallback
 .text.system_reset_timestamps
                0x08001824       0x14 Build_STM32G474_Slcan_CoreMotionDual/system.o
                0x08001824                system_reset_timestamps
 .text.system_get_mcu_serie
                0x08001838       0x28 Build_STM32G474_Slcan_CoreMotionDual/system.o
                0x08001838                system_get_mcu_serie
 .text.system_get_can_clock
                0x08001860        0xc Build_STM32G474_Slcan_CoreMotionDual/system.o
                0x08001860                system_get_can_clock
 .text.system_get_timewrap
                0x0800186c        0xc Build_STM32G474_Slcan_CoreMotionDual/system.o
                0x0800186c                system_get_timewrap
 .text.system_is_option_enabled
                0x08001878       0x5c Build_STM32G474_Slcan_CoreMotionDual/system.o
                0x08001878                system_is_option_enabled
 .text.system_set_option_bytes
                0x080018d4       0xf8 Build_STM32G474_Slcan_CoreMotionDual/system.o
                0x080018d4                system_set_option_bytes
 .text.system_init
                0x080019cc      0x144 Build_STM32G474_Slcan_CoreMotionDual/system.o
                0x080019cc                system_init
 .text.system_get_flash_addr
                0x08001b10       0x50 Build_STM32G474_Slcan_CoreMotionDual/system.o
                0x08001b10                system_get_flash_addr
 .text.system_write_flash
                0x08001b60      0x10c Build_STM32G474_Slcan_CoreMotionDual/system.o
                0x08001b60                system_write_flash
 .text.NMI_Handler
                0x08001c6c        0x4 Build_STM32G474_Slcan_CoreMotionDual/interrupts.o
                0x08001c6c                NMI_Handler
 .text.HardFault_Handler
                0x08001c70        0x4 Build_STM32G474_Slcan_CoreMotionDual/interrupts.o
                0x08001c70                HardFault_Handler
 .text.MemManage_Handler
                0x08001c74        0x4 Build_STM32G474_Slcan_CoreMotionDual/interrupts.o
                0x08001c74                MemManage_Handler
 .text.BusFault_Handler
                0x08001c78        0x4 Build_STM32G474_Slcan_CoreMotionDual/interrupts.o
                0x08001c78                BusFault_Handler
 .text.UsageFault_Handler
                0x08001c7c        0x4 Build_STM32G474_Slcan_CoreMotionDual/interrupts.o
                0x08001c7c                UsageFault_Handler
 .text.SVC_Handler
                0x08001c80        0x4 Build_STM32G474_Slcan_CoreMotionDual/interrupts.o
                0x08001c80                SVC_Handler
 .text.DebugMon_Handler
                0x08001c84        0x4 Build_STM32G474_Slcan_CoreMotionDual/interrupts.o
                0x08001c84                DebugMon_Handler
 .text.PendSV_Handler
                0x08001c88        0x4 Build_STM32G474_Slcan_CoreMotionDual/interrupts.o
                0x08001c88                PendSV_Handler
 .text.SysTick_Handler
                0x08001c8c       0x10 Build_STM32G474_Slcan_CoreMotionDual/interrupts.o
                0x08001c8c                SysTick_Handler
 .text.USB_LP_IRQHandler
                0x08001c9c        0xc Build_STM32G474_Slcan_CoreMotionDual/interrupts.o
                0x08001c9c                USB_LP_IRQHandler
 .text.USB_HP_IRQHandler
                0x08001ca8        0xc Build_STM32G474_Slcan_CoreMotionDual/interrupts.o
                0x08001ca8                USB_HP_IRQHandler
 .text.FDCAN1_IT0_IRQHandler
                0x08001cb4       0x10 Build_STM32G474_Slcan_CoreMotionDual/interrupts.o
                0x08001cb4                FDCAN1_IT0_IRQHandler
 .text.can_calc_bit_count_in_frame.part.0
                0x08001cc4       0xac Build_STM32G474_Slcan_CoreMotionDual/can.o
 .text.can_init
                0x08001d70       0xd8 Build_STM32G474_Slcan_CoreMotionDual/can.o
                0x08001d70                can_init
 .text.can_open
                0x08001e48      0x2a0 Build_STM32G474_Slcan_CoreMotionDual/can.o
                0x08001e48                can_open
 .text.can_close_all
                0x080020e8       0xac Build_STM32G474_Slcan_CoreMotionDual/can.o
                0x080020e8                can_close_all
 .text.can_close
                0x08002194       0x64 Build_STM32G474_Slcan_CoreMotionDual/can.o
                0x08002194                can_close
 .text.can_send_packet
                0x080021f8       0xb4 Build_STM32G474_Slcan_CoreMotionDual/can.o
                0x080021f8                can_send_packet
 .text.can_recover_bus_off
                0x080022ac       0x70 Build_STM32G474_Slcan_CoreMotionDual/can.o
                0x080022ac                can_recover_bus_off
 .text.can_timer_100ms
                0x0800231c       0xa8 Build_STM32G474_Slcan_CoreMotionDual/can.o
                0x0800231c                can_timer_100ms
 .text.can_set_bit_timing
                0x080023c4       0x9c Build_STM32G474_Slcan_CoreMotionDual/can.o
                0x080023c4                can_set_bit_timing
 .text.can_print_info
                0x08002460      0x100 Build_STM32G474_Slcan_CoreMotionDual/can.o
                0x08002460                can_print_info
 .text.can_add_host_filter
                0x08002560      0x104 Build_STM32G474_Slcan_CoreMotionDual/can.o
                0x08002560                can_add_host_filter
 .text.can_clear_host_filters
                0x08002664       0x20 Build_STM32G474_Slcan_CoreMotionDual/can.o
                0x08002664                can_clear_host_filters
 .text.can_set_bridge_filter
                0x08002684       0xc8 Build_STM32G474_Slcan_CoreMotionDual/can.o
                0x08002684                can_set_bridge_filter
 .text.can_forward_bridge_packet
                0x0800274c       0xdc Build_STM32G474_Slcan_CoreMotionDual/can.o
                0x0800274c                can_forward_bridge_packet
 .text.can_process
                0x08002828      0x310 Build_STM32G474_Slcan_CoreMotionDual/can.o
                0x08002828                can_process
 .text.can_set_termination
                0x08002b38       0x40 Build_STM32G474_Slcan_CoreMotionDual/can.o
                0x08002b38                can_set_termination
 .text.can_enable_busload
                0x08002b78       0x20 Build_STM32G474_Slcan_CoreMotionDual/can.o
                0x08002b78                can_enable_busload
 .text.can_is_any_open
                0x08002b98       0x14 Build_STM32G474_Slcan_CoreMotionDual/can.o
                0x08002b98                can_is_any_open
 .text.can_is_open
                0x08002bac       0x14 Build_STM32G474_Slcan_CoreMotionDual/can.o
                0x08002bac                can_is_open
 .text.can_is_passive
                0x08002bc0       0x1c Build_STM32G474_Slcan_CoreMotionDual/can.o
                0x08002bc0                can_is_passive
 .text.can_using_FD
                0x08002bdc       0x1c Build_STM32G474_Slcan_CoreMotionDual/can.o
                0x08002bdc                can_using_FD
 .text.can_is_tx_allowed
                0x08002bf8       0x30 Build_STM32G474_Slcan_CoreMotionDual/can.o
                0x08002bf8                can_is_tx_allowed
 .text.can_is_tx_fifo_free
                0x08002c28       0x1c Build_STM32G474_Slcan_CoreMotionDual/can.o
                0x08002c28                can_is_tx_fifo_free
 .text.can_get_handle
                0x08002c44       0x10 Build_STM32G474_Slcan_CoreMotionDual/can.o
                0x08002c44                can_get_handle
 .text.error_init
                0x08002c54       0x20 Build_STM32G474_Slcan_CoreMotionDual/error.o
                0x08002c54                error_init
 .text.error_assert
                0x08002c74       0x2c Build_STM32G474_Slcan_CoreMotionDual/error.o
                0x08002c74                error_assert
 .text.error_get_state
                0x08002ca0       0x10 Build_STM32G474_Slcan_CoreMotionDual/error.o
                0x08002ca0                error_get_state
 .text.error_is_report_due
                0x08002cb0      0x184 Build_STM32G474_Slcan_CoreMotionDual/error.o
                0x08002cb0                error_is_report_due
 .text.error_clear
                0x08002e34       0x18 Build_STM32G474_Slcan_CoreMotionDual/error.o
                0x08002e34                error_clear
 .text.led_init
                0x08002e4c       0x80 Build_STM32G474_Slcan_CoreMotionDual/led.o
                0x08002e4c                led_init
 .text.led_sleep
                0x08002ecc       0x48 Build_STM32G474_Slcan_CoreMotionDual/led.o
                0x08002ecc                led_sleep
 .text.led_blink_power_on
                0x08002f14       0x90 Build_STM32G474_Slcan_CoreMotionDual/led.o
                0x08002f14                led_blink_power_on
 .text.led_blink_identify
                0x08002fa4       0x5c Build_STM32G474_Slcan_CoreMotionDual/led.o
                0x08002fa4                led_blink_identify
 .text.led_turn_TX
                0x08003000       0x2c Build_STM32G474_Slcan_CoreMotionDual/led.o
                0x08003000                led_turn_TX
 .text.led_flash_TX
                0x0800302c       0x48 Build_STM32G474_Slcan_CoreMotionDual/led.o
                0x0800302c                led_flash_TX
 .text.led_flash_RX
                0x08003074       0x48 Build_STM32G474_Slcan_CoreMotionDual/led.o
                0x08003074                led_flash_RX
 .text.led_process
                0x080030bc      0x178 Build_STM32G474_Slcan_CoreMotionDual/led.o
                0x080030bc                led_process
 .text.dfu_switch_to_bootloader
                0x08003234       0x64 Build_STM32G474_Slcan_CoreMotionDual/dfu.o
                0x08003234                dfu_switch_to_bootloader
 .text.dfu_timer_100ms
                0x08003298       0x78 Build_STM32G474_Slcan_CoreMotionDual/dfu.o
                0x08003298                dfu_timer_100ms
 .text.utils_init
                0x08003310       0x38 Build_STM32G474_Slcan_CoreMotionDual/utils.o
                0x08003310                utils_init
 .text.utils_get_bit_limits
                0x08003348       0x18 Build_STM32G474_Slcan_CoreMotionDual/utils.o
                0x08003348                utils_get_bit_limits
 .text.utils_mem_is_empty
                0x08003360       0x20 Build_STM32G474_Slcan_CoreMotionDual/utils.o
                0x08003360                utils_mem_is_empty
 .text.utils_dlc_to_byte_count
                0x08003380       0x1c Build_STM32G474_Slcan_CoreMotionDual/utils.o
                0x08003380                utils_dlc_to_byte_count
 .text.utils_format_bitrate
                0x0800339c       0xe0 Build_STM32G474_Slcan_CoreMotionDual/utils.o
                0x0800339c                utils_format_bitrate
 .text.utils_parse_next_decimal
                0x0800347c       0x4c Build_STM32G474_Slcan_CoreMotionDual/utils.o
                0x0800347c                utils_parse_next_decimal
 .text.utils_parse_hex_delimiter
                0x080034c8       0x78 Build_STM32G474_Slcan_CoreMotionDual/utils.o
                0x080034c8                utils_parse_hex_delimiter
 .text.utils_parse_hex_value
                0x08003540       0x6c Build_STM32G474_Slcan_CoreMotionDual/utils.o
                0x08003540                utils_parse_hex_value
 .text.utils_nibble_to_ascii
                0x080035ac        0xc Build_STM32G474_Slcan_CoreMotionDual/utils.o
                0x080035ac                utils_nibble_to_ascii
 .text.USBD_StdDevReq
                0x080035b8      0x2e8 Build_STM32G474_Slcan_CoreMotionDual/usb_ctrlreq.o
                0x080035b8                USBD_StdDevReq
 .text.USBD_StdItfReq
                0x080038a0       0x54 Build_STM32G474_Slcan_CoreMotionDual/usb_ctrlreq.o
                0x080038a0                USBD_StdItfReq
 .text.USBD_StdEPReq
                0x080038f4      0x13c Build_STM32G474_Slcan_CoreMotionDual/usb_ctrlreq.o
                0x080038f4                USBD_StdEPReq
 .text.USBD_ParseSetupRequest
                0x08003a30       0x28 Build_STM32G474_Slcan_CoreMotionDual/usb_ctrlreq.o
                0x08003a30                USBD_ParseSetupRequest
 .text.USBD_CtlError
                0x08003a58       0x14 Build_STM32G474_Slcan_CoreMotionDual/usb_ctrlreq.o
                0x08003a58                USBD_CtlError
 .text.USBD_GetSerialNumber
                0x08003a6c       0x20 Build_STM32G474_Slcan_CoreMotionDual/usb_ctrlreq.o
                0x08003a6c                USBD_GetSerialNumber
 .text.USBD_CtlSendData
                0x08003a8c       0x20 Build_STM32G474_Slcan_CoreMotionDual/usb_ioreq.o
                0x08003a8c                USBD_CtlSendData
 .text.USBD_CtlContinueSendData
                0x08003aac       0x10 Build_STM32G474_Slcan_CoreMotionDual/usb_ioreq.o
                0x08003aac                USBD_CtlContinueSendData
 .text.USBD_CtlPrepareRx
                0x08003abc       0x20 Build_STM32G474_Slcan_CoreMotionDual/usb_ioreq.o
                0x08003abc                USBD_CtlPrepareRx
 .text.USBD_CtlContinueRx
                0x08003adc       0x10 Build_STM32G474_Slcan_CoreMotionDual/usb_ioreq.o
                0x08003adc                USBD_CtlContinueRx
 .text.USBD_CtlSendStatus
                0x08003aec       0x1c Build_STM32G474_Slcan_CoreMotionDual/usb_ioreq.o
                0x08003aec                USBD_CtlSendStatus
 .text.USBD_CtlReceiveStatus
                0x08003b08       0x1c Build_STM32G474_Slcan_CoreMotionDual/usb_ioreq.o
                0x08003b08                USBD_CtlReceiveStatus
 .text.USBD_Init
                0x08003b24       0x28 Build_STM32G474_Slcan_CoreMotionDual/usb_core.o
                0x08003b24                USBD_Init
 .text.USBD_SetClassConfig
                0x08003b4c       0x14 Build_STM32G474_Slcan_CoreMotionDual/usb_core.o
                0x08003b4c                USBD_SetClassConfig
 .text.USBD_ClrClassConfig
                0x08003b60       0x10 Build_STM32G474_Slcan_CoreMotionDual/usb_core.o
                0x08003b60                USBD_ClrClassConfig
 .text.USBD_LL_SetupStage
                0x08003b70       0x60 Build_STM32G474_Slcan_CoreMotionDual/usb_core.o
                0x08003b70                USBD_LL_SetupStage
 .text.USBD_LL_DataOutStage
                0x08003bd0       0x80 Build_STM32G474_Slcan_CoreMotionDual/usb_core.o
                0x08003bd0                USBD_LL_DataOutStage
 .text.USBD_LL_DataInStage
                0x08003c50       0xcc Build_STM32G474_Slcan_CoreMotionDual/usb_core.o
                0x08003c50                USBD_LL_DataInStage
 .text.USBD_LL_Reset
                0x08003d1c       0x4c Build_STM32G474_Slcan_CoreMotionDual/usb_core.o
                0x08003d1c                USBD_LL_Reset
 .text.USBD_LL_SetSpeed
                0x08003d68        0xc Build_STM32G474_Slcan_CoreMotionDual/usb_core.o
                0x08003d68                USBD_LL_SetSpeed
 .text.USBD_LL_Suspend
                0x08003d74       0x18 Build_STM32G474_Slcan_CoreMotionDual/usb_core.o
                0x08003d74                USBD_LL_Suspend
 .text.USBD_LL_Resume
                0x08003d8c       0x1c Build_STM32G474_Slcan_CoreMotionDual/usb_core.o
                0x08003d8c                USBD_LL_Resume
 .text.USBD_LL_SOF
                0x08003da8       0x28 Build_STM32G474_Slcan_CoreMotionDual/usb_core.o
                0x08003da8                USBD_LL_SOF
 .text.HAL_PCD_MspInit
                0x08003dd0       0x44 Build_STM32G474_Slcan_CoreMotionDual/usb_lowlevel.o
                0x08003dd0                HAL_PCD_MspInit
 .text.HAL_PCD_SetupStageCallback
                0x08003e14       0x18 Build_STM32G474_Slcan_CoreMotionDual/usb_lowlevel.o
                0x08003e14                HAL_PCD_SetupStageCallback
 .text.HAL_PCD_DataOutStageCallback
                0x08003e2c       0x18 Build_STM32G474_Slcan_CoreMotionDual/usb_lowlevel.o
                0x08003e2c                HAL_PCD_DataOutStageCallback
 .text.HAL_PCD_DataInStageCallback
                0x08003e44       0x18 Build_STM32G474_Slcan_CoreMotionDual/usb_lowlevel.o
                0x08003e44                HAL_PCD_DataInStageCallback
 .text.HAL_PCD_SOFCallback
                0x08003e5c        0x4 Build_STM32G474_Slcan_CoreMotionDual/usb_lowlevel.o
                0x08003e5c                HAL_PCD_SOFCallback
 .text.HAL_PCD_ResetCallback
                0x08003e60       0x10 Build_STM32G474_Slcan_CoreMotionDual/usb_lowlevel.o
                0x08003e60                HAL_PCD_ResetCallback
 .text.HAL_PCD_SuspendCallback
                0x08003e70       0x30 Build_STM32G474_Slcan_CoreMotionDual/usb_lowlevel.o
                0x08003e70                HAL_PCD_SuspendCallback
 .text.HAL_PCD_ResumeCallback
                0x08003ea0       0x2c Build_STM32G474_Slcan_CoreMotionDual/usb_lowlevel.o
                0x08003ea0                HAL_PCD_ResumeCallback
 .text.HAL_PCD_Is_Suspended
                0x08003ecc        0xc Build_STM32G474_Slcan_CoreMotionDual/usb_lowlevel.o
                0x08003ecc                HAL_PCD_Is_Suspended
 .text.USBD_LL_Init
                0x08003ed8       0x28 Build_STM32G474_Slcan_CoreMotionDual/usb_lowlevel.o
                0x08003ed8                USBD_LL_Init
 .text.USBD_LL_ConfigurePMA
                0x08003f00       0x48 Build_STM32G474_Slcan_CoreMotionDual/usb_lowlevel.o
                0x08003f00                USBD_LL_ConfigurePMA
 .text.USBD_LL_Start
                0x08003f48       0x18 Build_STM32G474_Slcan_CoreMotionDual/usb_lowlevel.o
                0x08003f48                USBD_LL_Start
 .text.USBD_LL_OpenEP
                0x08003f60       0x20 Build_STM32G474_Slcan_CoreMotionDual/usb_lowlevel.o
                0x08003f60                USBD_LL_OpenEP
 .text.USBD_LL_CloseEP
                0x08003f80       0x1c Build_STM32G474_Slcan_CoreMotionDual/usb_lowlevel.o
                0x08003f80                USBD_LL_CloseEP
 .text.USBD_LL_StallEP
                0x08003f9c       0x1c Build_STM32G474_Slcan_CoreMotionDual/usb_lowlevel.o
                0x08003f9c                USBD_LL_StallEP
 .text.USBD_LL_ClearStallEP
                0x08003fb8       0x1c Build_STM32G474_Slcan_CoreMotionDual/usb_lowlevel.o
                0x08003fb8                USBD_LL_ClearStallEP
 .text.USBD_LL_IsStallEP
                0x08003fd4       0x28 Build_STM32G474_Slcan_CoreMotionDual/usb_lowlevel.o
                0x08003fd4                USBD_LL_IsStallEP
 .text.USBD_LL_SetUSBAddress
                0x08003ffc       0x1c Build_STM32G474_Slcan_CoreMotionDual/usb_lowlevel.o
                0x08003ffc                USBD_LL_SetUSBAddress
 .text.USBD_LL_Transmit
                0x08004018       0x20 Build_STM32G474_Slcan_CoreMotionDual/usb_lowlevel.o
                0x08004018                USBD_LL_Transmit
 .text.USBD_LL_PrepareReceive
                0x08004038       0x20 Build_STM32G474_Slcan_CoreMotionDual/usb_lowlevel.o
                0x08004038                USBD_LL_PrepareReceive
 .text.USBD_LL_GetRxDataSize
                0x08004058        0xc Build_STM32G474_Slcan_CoreMotionDual/usb_lowlevel.o
                0x08004058                USBD_LL_GetRxDataSize
 .text.Reset_Handler
                0x08004064       0x50 Build_STM32G474_Slcan_CoreMotionDual/startup_STM32G474.o
                0x08004064                Reset_Handler
 .text.Default_Handler
                0x080040b4        0x2 Build_STM32G474_Slcan_CoreMotionDual/startup_STM32G474.o
                0x080040b4                RTC_Alarm_IRQHandler
                0x080040b4                EXTI2_IRQHandler
                0x080040b4                TIM8_TRG_COM_IRQHandler
                0x080040b4                TIM8_CC_IRQHandler
                0x080040b4                HRTIM1_Master_IRQHandler
                0x080040b4                SPI4_IRQHandler
                0x080040b4                FDCAN3_IT0_IRQHandler
                0x080040b4                TIM1_CC_IRQHandler
                0x080040b4                HRTIM1_FLT_IRQHandler
                0x080040b4                HRTIM1_TIMF_IRQHandler
                0x080040b4                CORDIC_IRQHandler
                0x080040b4                HRTIM1_TIMD_IRQHandler
                0x080040b4                DMA2_Channel8_IRQHandler
                0x080040b4                EXTI3_IRQHandler
                0x080040b4                I2C3_ER_IRQHandler
                0x080040b4                EXTI0_IRQHandler
                0x080040b4                I2C2_EV_IRQHandler
                0x080040b4                FPU_IRQHandler
                0x080040b4                FDCAN1_IT1_IRQHandler
                0x080040b4                TIM1_UP_TIM16_IRQHandler
                0x080040b4                ADC1_2_IRQHandler
                0x080040b4                HRTIM1_TIME_IRQHandler
                0x080040b4                SPI1_IRQHandler
                0x080040b4                TIM6_DAC_IRQHandler
                0x080040b4                HRTIM1_TIMC_IRQHandler
                0x080040b4                TIM8_UP_IRQHandler
                0x080040b4                DMA2_Channel2_IRQHandler
                0x080040b4                DMA1_Channel4_IRQHandler
                0x080040b4                TIM20_TRG_COM_IRQHandler
                0x080040b4                USART3_IRQHandler
                0x080040b4                DMA1_Channel7_IRQHandler
                0x080040b4                UART5_IRQHandler
                0x080040b4                ADC3_IRQHandler
                0x080040b4                TIM4_IRQHandler
                0x080040b4                DMA2_Channel1_IRQHandler
                0x080040b4                QUADSPI_IRQHandler
                0x080040b4                I2C1_EV_IRQHandler
                0x080040b4                DMA1_Channel6_IRQHandler
                0x080040b4                UART4_IRQHandler
                0x080040b4                DMA2_Channel4_IRQHandler
                0x080040b4                TIM3_IRQHandler
                0x080040b4                RCC_IRQHandler
                0x080040b4                TIM20_UP_IRQHandler
                0x080040b4                DMA1_Channel1_IRQHandler
                0x080040b4                Default_Handler
                0x080040b4                DMA2_Channel7_IRQHandler
                0x080040b4                RTC_TAMP_LSECSS_IRQHandler
                0x080040b4                FMAC_IRQHandler
                0x080040b4                EXTI15_10_IRQHandler
                0x080040b4                DMA1_Channel8_IRQHandler
                0x080040b4                HRTIM1_TIMA_IRQHandler
                0x080040b4                TIM7_DAC_IRQHandler
                0x080040b4                FDCAN3_IT1_IRQHandler
                0x080040b4                TIM5_IRQHandler
                0x080040b4                UCPD1_IRQHandler
                0x080040b4                I2C3_EV_IRQHandler
                0x080040b4                EXTI9_5_IRQHandler
                0x080040b4                RTC_WKUP_IRQHandler
                0x080040b4                PVD_PVM_IRQHandler
                0x080040b4                SPI2_IRQHandler
                0x080040b4                ADC5_IRQHandler
                0x080040b4                DMA2_Channel5_IRQHandler
                0x080040b4                CRS_IRQHandler
                0x080040b4                DMA1_Channel5_IRQHandler
                0x080040b4                EXTI4_IRQHandler
                0x080040b4                RNG_IRQHandler
                0x080040b4                HRTIM1_TIMB_IRQHandler
                0x080040b4                TIM1_TRG_COM_TIM17_IRQHandler
                0x080040b4                FDCAN2_IT1_IRQHandler
                0x080040b4                DMA1_Channel3_IRQHandler
                0x080040b4                ADC4_IRQHandler
                0x080040b4                WWDG_IRQHandler
                0x080040b4                I2C4_EV_IRQHandler
                0x080040b4                FDCAN2_IT0_IRQHandler
                0x080040b4                LPUART1_IRQHandler
                0x080040b4                DMA2_Channel6_IRQHandler
                0x080040b4                TIM2_IRQHandler
                0x080040b4                COMP7_IRQHandler
                0x080040b4                COMP1_2_3_IRQHandler
                0x080040b4                EXTI1_IRQHandler
                0x080040b4                USART2_IRQHandler
                0x080040b4                COMP4_5_6_IRQHandler
                0x080040b4                TIM20_BRK_IRQHandler
                0x080040b4                I2C2_ER_IRQHandler
                0x080040b4                DMA1_Channel2_IRQHandler
                0x080040b4                TIM8_BRK_IRQHandler
                0x080040b4                FLASH_IRQHandler
                0x080040b4                TIM20_CC_IRQHandler
                0x080040b4                USART1_IRQHandler
                0x080040b4                SPI3_IRQHandler
                0x080040b4                I2C1_ER_IRQHandler
                0x080040b4                FMC_IRQHandler
                0x080040b4                LPTIM1_IRQHandler
                0x080040b4                DMAMUX_OVR_IRQHandler
                0x080040b4                I2C4_ER_IRQHandler
                0x080040b4                USBWakeUp_IRQHandler
                0x080040b4                SAI1_IRQHandler
                0x080040b4                DMA2_Channel3_IRQHandler
                0x080040b4                TIM1_BRK_TIM15_IRQHandler
 *fill*         0x080040b6        0x2 
 .text.control_init
                0x080040b8       0x1c Build_STM32G474_Slcan_CoreMotionDual/Slcan/control.o
                0x080040b8                control_init
 .text.control_set_baudrate
                0x080040d4      0x1cc Build_STM32G474_Slcan_CoreMotionDual/Slcan/control.o
                0x080040d4                control_set_baudrate
 .text.control_host_filter
                0x080042a0       0x94 Build_STM32G474_Slcan_CoreMotionDual/Slcan/control.o
                0x080042a0                control_host_filter
 .text.control_bridge_filter
                0x08004334       0xec Build_STM32G474_Slcan_CoreMotionDual/Slcan/control.o
                0x08004334                control_bridge_filter
 .text.control_parse_flash
                0x08004420      0x120 Build_STM32G474_Slcan_CoreMotionDual/Slcan/control.o
                0x08004420                control_parse_flash
 .text.control_parse_str
                0x08004540      0x7fc Build_STM32G474_Slcan_CoreMotionDual/Slcan/control.o
                0x08004540                control_parse_str
 .text.control_parse_command
                0x08004d3c       0x8c Build_STM32G474_Slcan_CoreMotionDual/Slcan/control.o
                0x08004d3c                control_parse_command
 .text.control_process
                0x08004dc8       0x48 Build_STM32G474_Slcan_CoreMotionDual/Slcan/control.o
                0x08004dc8                control_process
 .text.control_report_busload
                0x08004e10       0x28 Build_STM32G474_Slcan_CoreMotionDual/Slcan/control.o
                0x08004e10                control_report_busload
 .text.control_send_debug_mesg
                0x08004e38       0x50 Build_STM32G474_Slcan_CoreMotionDual/Slcan/control.o
                0x08004e38                control_send_debug_mesg
 .text.buf_init
                0x08004e88        0xc Build_STM32G474_Slcan_CoreMotionDual/Slcan/buffer.o
                0x08004e88                buf_init
 .text.buf_clear_can_buffer
                0x08004e94       0x38 Build_STM32G474_Slcan_CoreMotionDual/Slcan/buffer.o
                0x08004e94                buf_clear_can_buffer
 .text.buf_process
                0x08004ecc      0x1f8 Build_STM32G474_Slcan_CoreMotionDual/Slcan/buffer.o
                0x08004ecc                buf_process
 .text.buf_enqueue_cdc
                0x080050c4       0x6c Build_STM32G474_Slcan_CoreMotionDual/Slcan/buffer.o
                0x080050c4                buf_enqueue_cdc
 .text.buf_store_tx_packet
                0x08005130       0xf8 Build_STM32G474_Slcan_CoreMotionDual/Slcan/buffer.o
                0x08005130                buf_store_tx_packet
 .text.buf_store_rx_packet
                0x08005228      0x1cc Build_STM32G474_Slcan_CoreMotionDual/Slcan/buffer.o
                0x08005228                buf_store_rx_packet
 .text.buf_store_tx_echo
                0x080053f4       0x7c Build_STM32G474_Slcan_CoreMotionDual/Slcan/buffer.o
                0x080053f4                buf_store_tx_echo
 .text.USBD_CDC_EP0_RxReady
                0x08005470       0x2c Build_STM32G474_Slcan_CoreMotionDual/Slcan/usb_class.o
 .text.USBD_CDC_Setup
                0x0800549c       0xbc Build_STM32G474_Slcan_CoreMotionDual/Slcan/usb_class.o
 .text.USBD_CDC_Init
                0x08005558       0x5c Build_STM32G474_Slcan_CoreMotionDual/Slcan/usb_class.o
 .text.USBD_CDC_DataOut
                0x080055b4       0x30 Build_STM32G474_Slcan_CoreMotionDual/Slcan/usb_class.o
 .text.USBD_CDC_DataIn
                0x080055e4       0x54 Build_STM32G474_Slcan_CoreMotionDual/Slcan/usb_class.o
 .text.USBD_CDC_DeInit
                0x08005638       0x44 Build_STM32G474_Slcan_CoreMotionDual/Slcan/usb_class.o
 .text.USBD_ConfigureEndpoints
                0x0800567c       0x64 Build_STM32G474_Slcan_CoreMotionDual/Slcan/usb_class.o
                0x0800567c                USBD_ConfigureEndpoints
 .text.USBD_CDC_SetTxBuffer
                0x080056e0       0x10 Build_STM32G474_Slcan_CoreMotionDual/Slcan/usb_class.o
                0x080056e0                USBD_CDC_SetTxBuffer
 .text.USBD_CDC_SetRxBuffer
                0x080056f0        0xc Build_STM32G474_Slcan_CoreMotionDual/Slcan/usb_class.o
                0x080056f0                USBD_CDC_SetRxBuffer
 .text.USBD_CDC_TransmitPacket
                0x080056fc       0x3c Build_STM32G474_Slcan_CoreMotionDual/Slcan/usb_class.o
                0x080056fc                USBD_CDC_TransmitPacket
 .text.USBD_CDC_ReceivePacket
                0x08005738       0x24 Build_STM32G474_Slcan_CoreMotionDual/Slcan/usb_class.o
                0x08005738                USBD_CDC_ReceivePacket
 .text.USBD_SetupStageRequest
                0x0800575c        0x4 Build_STM32G474_Slcan_CoreMotionDual/Slcan/usb_class.o
                0x0800575c                USBD_SetupStageRequest
 .text.CDC_DeInit_FS
                0x08005760        0x4 Build_STM32G474_Slcan_CoreMotionDual/Slcan/usb_interface.o
 .text.CDC_Init_FS
                0x08005764       0x30 Build_STM32G474_Slcan_CoreMotionDual/Slcan/usb_interface.o
 .text.CDC_Control_FS
                0x08005794       0x18 Build_STM32G474_Slcan_CoreMotionDual/Slcan/usb_interface.o
 .text.CDC_Receive_FS
                0x080057ac       0x5c Build_STM32G474_Slcan_CoreMotionDual/Slcan/usb_interface.o
 .text.CDC_Transmit_FS
                0x08005808       0x1c Build_STM32G474_Slcan_CoreMotionDual/Slcan/usb_interface.o
                0x08005808                CDC_Transmit_FS
 .text.HAL_MspInit
                0x08005824        0x4 Build_STM32G474_Slcan_CoreMotionDual/STM32Cube/libstm32cube.a(stm32g4xx_hal.o)
                0x08005824                HAL_MspInit
 .text.HAL_MspDeInit
                0x08005828        0x4 Build_STM32G474_Slcan_CoreMotionDual/STM32Cube/libstm32cube.a(stm32g4xx_hal.o)
                0x08005828                HAL_MspDeInit
 .text.HAL_DeInit
                0x0800582c       0x2c Build_STM32G474_Slcan_CoreMotionDual/STM32Cube/libstm32cube.a(stm32g4xx_hal.o)
                0x0800582c                HAL_DeInit
 .text.HAL_InitTick
                0x08005858       0x4c Build_STM32G474_Slcan_CoreMotionDual/STM32Cube/libstm32cube.a(stm32g4xx_hal.o)
                0x08005858                HAL_InitTick
 .text.HAL_Init
                0x080058a4       0x30 Build_STM32G474_Slcan_CoreMotionDual/STM32Cube/libstm32cube.a(stm32g4xx_hal.o)
                0x080058a4                HAL_Init
 .text.HAL_IncTick
                0x080058d4       0x18 Build_STM32G474_Slcan_CoreMotionDual/STM32Cube/libstm32cube.a(stm32g4xx_hal.o)
                0x080058d4                HAL_IncTick
 .text.HAL_GetTick
                0x080058ec        0xc Build_STM32G474_Slcan_CoreMotionDual/STM32Cube/libstm32cube.a(stm32g4xx_hal.o)
                0x080058ec                HAL_GetTick
 .text.HAL_Delay
                0x080058f8       0x24 Build_STM32G474_Slcan_CoreMotionDual/STM32Cube/libstm32cube.a(stm32g4xx_hal.o)
                0x080058f8                HAL_Delay
 .text.HAL_GetHalVersion
                0x0800591c        0x8 Build_STM32G474_Slcan_CoreMotionDual/STM32Cube/libstm32cube.a(stm32g4xx_hal.o)
                0x0800591c                HAL_GetHalVersion
 .text.HAL_GetDEVID
                0x08005924       0x10 Build_STM32G474_Slcan_CoreMotionDual/STM32Cube/libstm32cube.a(stm32g4xx_hal.o)
                0x08005924                HAL_GetDEVID
 .text.HAL_NVIC_SetPriorityGrouping
                0x08005934       0x24 Build_STM32G474_Slcan_CoreMotionDual/STM32Cube/libstm32cube.a(stm32g4xx_hal_cortex.o)
                0x08005934                HAL_NVIC_SetPriorityGrouping
 .text.HAL_NVIC_SetPriority
                0x08005958       0x78 Build_STM32G474_Slcan_CoreMotionDual/STM32Cube/libstm32cube.a(stm32g4xx_hal_cortex.o)
                0x08005958                HAL_NVIC_SetPriority
 .text.HAL_NVIC_EnableIRQ
                0x080059d0       0x1c Build_STM32G474_Slcan_CoreMotionDual/STM32Cube/libstm32cube.a(stm32g4xx_hal_cortex.o)
                0x080059d0                HAL_NVIC_EnableIRQ
 .text.HAL_SYSTICK_Config
                0x080059ec       0x30 Build_STM32G474_Slcan_CoreMotionDual/STM32Cube/libstm32cube.a(stm32g4xx_hal_cortex.o)
                0x080059ec                HAL_SYSTICK_Config
 .text.HAL_SYSTICK_Callback
                0x08005a1c        0x4 Build_STM32G474_Slcan_CoreMotionDual/STM32Cube/libstm32cube.a(stm32g4xx_hal_cortex.o)
                0x08005a1c                HAL_SYSTICK_Callback
 .text.HAL_SYSTICK_IRQHandler
                0x08005a20        0x8 Build_STM32G474_Slcan_CoreMotionDual/STM32Cube/libstm32cube.a(stm32g4xx_hal_cortex.o)
                0x08005a20                HAL_SYSTICK_IRQHandler
 .text.HAL_FDCAN_MspInit
                0x08005a28        0x4 Build_STM32G474_Slcan_CoreMotionDual/STM32Cube/libstm32cube.a(stm32g4xx_hal_fdcan.o)
                0x08005a28                HAL_FDCAN_MspInit
 .text.HAL_FDCAN_Init
                0x08005a2c      0x298 Build_STM32G474_Slcan_CoreMotionDual/STM32Cube/libstm32cube.a(stm32g4xx_hal_fdcan.o)
                0x08005a2c                HAL_FDCAN_Init
 .text.HAL_FDCAN_MspDeInit
                0x08005cc4        0x4 Build_STM32G474_Slcan_CoreMotionDual/STM32Cube/libstm32cube.a(stm32g4xx_hal_fdcan.o)
                0x08005cc4                HAL_FDCAN_MspDeInit
 .text.HAL_FDCAN_DeInit
                0x08005cc8       0xfc Build_STM32G474_Slcan_CoreMotionDual/STM32Cube/libstm32cube.a(stm32g4xx_hal_fdcan.o)
                0x08005cc8                HAL_FDCAN_DeInit
 .text.HAL_FDCAN_ConfigFilter
                0x08005dc4       0x58 Build_STM32G474_Slcan_CoreMotionDual/STM32Cube/libstm32cube.a(stm32g4xx_hal_fdcan.o)
                0x08005dc4                HAL_FDCAN_ConfigFilter
 .text.HAL_FDCAN_ConfigGlobalFilter
                0x08005e1c       0x44 Build_STM32G474_Slcan_CoreMotionDual/STM32Cube/libstm32cube.a(stm32g4xx_hal_fdcan.o)
                0x08005e1c                HAL_FDCAN_ConfigGlobalFilter
 .text.HAL_FDCAN_ConfigTimestampCounter
                0x08005e60       0x28 Build_STM32G474_Slcan_CoreMotionDual/STM32Cube/libstm32cube.a(stm32g4xx_hal_fdcan.o)
                0x08005e60                HAL_FDCAN_ConfigTimestampCounter
 .text.HAL_FDCAN_EnableTimestampCounter
                0x08005e88       0x28 Build_STM32G474_Slcan_CoreMotionDual/STM32Cube/libstm32cube.a(stm32g4xx_hal_fdcan.o)
                0x08005e88                HAL_FDCAN_EnableTimestampCounter
 .text.HAL_FDCAN_ConfigTxDelayCompensation
                0x08005eb0       0x24 Build_STM32G474_Slcan_CoreMotionDual/STM32Cube/libstm32cube.a(stm32g4xx_hal_fdcan.o)
                0x08005eb0                HAL_FDCAN_ConfigTxDelayCompensation
 .text.HAL_FDCAN_EnableTxDelayCompensation
                0x08005ed4       0x24 Build_STM32G474_Slcan_CoreMotionDual/STM32Cube/libstm32cube.a(stm32g4xx_hal_fdcan.o)
                0x08005ed4                HAL_FDCAN_EnableTxDelayCompensation
 .text.HAL_FDCAN_DisableTxDelayCompensation
                0x08005ef8       0x24 Build_STM32G474_Slcan_CoreMotionDual/STM32Cube/libstm32cube.a(stm32g4xx_hal_fdcan.o)
                0x08005ef8                HAL_FDCAN_DisableTxDelayCompensation
 .text.HAL_FDCAN_Start
                0x08005f1c       0x30 Build_STM32G474_Slcan_CoreMotionDual/STM32Cube/libstm32cube.a(stm32g4xx_hal_fdcan.o)
                0x08005f1c                HAL_FDCAN_Start
 .text.HAL_FDCAN_Stop
                0x08005f4c       0xe0 Build_STM32G474_Slcan_CoreMotionDual/STM32Cube/libstm32cube.a(stm32g4xx_hal_fdcan.o)
                0x08005f4c                HAL_FDCAN_Stop
 .text.HAL_FDCAN_AddMessageToTxFifoQ
                0x0800602c       0xc4 Build_STM32G474_Slcan_CoreMotionDual/STM32Cube/libstm32cube.a(stm32g4xx_hal_fdcan.o)
                0x0800602c                HAL_FDCAN_AddMessageToTxFifoQ
 .text.HAL_FDCAN_AbortTxRequest
                0x080060f0       0x20 Build_STM32G474_Slcan_CoreMotionDual/STM32Cube/libstm32cube.a(stm32g4xx_hal_fdcan.o)
                0x080060f0                HAL_FDCAN_AbortTxRequest
 .text.HAL_FDCAN_GetRxMessage
                0x08006110      0x138 Build_STM32G474_Slcan_CoreMotionDual/STM32Cube/libstm32cube.a(stm32g4xx_hal_fdcan.o)
                0x08006110                HAL_FDCAN_GetRxMessage
 .text.HAL_FDCAN_GetTxEvent
                0x08006248       0xa4 Build_STM32G474_Slcan_CoreMotionDual/STM32Cube/libstm32cube.a(stm32g4xx_hal_fdcan.o)
                0x08006248                HAL_FDCAN_GetTxEvent
 .text.HAL_FDCAN_GetProtocolStatus
                0x080062ec       0x50 Build_STM32G474_Slcan_CoreMotionDual/STM32Cube/libstm32cube.a(stm32g4xx_hal_fdcan.o)
                0x080062ec                HAL_FDCAN_GetProtocolStatus
 .text.HAL_FDCAN_GetErrorCounters
                0x0800633c       0x24 Build_STM32G474_Slcan_CoreMotionDual/STM32Cube/libstm32cube.a(stm32g4xx_hal_fdcan.o)
                0x0800633c                HAL_FDCAN_GetErrorCounters
 .text.HAL_FDCAN_GetTxFifoFreeLevel
                0x08006360        0xc Build_STM32G474_Slcan_CoreMotionDual/STM32Cube/libstm32cube.a(stm32g4xx_hal_fdcan.o)
                0x08006360                HAL_FDCAN_GetTxFifoFreeLevel
 .text.HAL_FDCAN_ConfigInterruptLines
                0x0800636c       0x2c Build_STM32G474_Slcan_CoreMotionDual/STM32Cube/libstm32cube.a(stm32g4xx_hal_fdcan.o)
                0x0800636c                HAL_FDCAN_ConfigInterruptLines
 .text.HAL_FDCAN_ActivateNotification
                0x08006398       0xf8 Build_STM32G474_Slcan_CoreMotionDual/STM32Cube/libstm32cube.a(stm32g4xx_hal_fdcan.o)
                0x08006398                HAL_FDCAN_ActivateNotification
 .text.HAL_FDCAN_TxEventFifoCallback
                0x08006490        0x4 Build_STM32G474_Slcan_CoreMotionDual/STM32Cube/libstm32cube.a(stm32g4xx_hal_fdcan.o)
                0x08006490                HAL_FDCAN_TxEventFifoCallback
 .text.HAL_FDCAN_RxFifo0Callback
                0x08006494        0x4 Build_STM32G474_Slcan_CoreMotionDual/STM32Cube/libstm32cube.a(stm32g4xx_hal_fdcan.o)
                0x08006494                HAL_FDCAN_RxFifo0Callback
 .text.HAL_FDCAN_RxFifo1Callback
                0x08006498        0x4 Build_STM32G474_Slcan_CoreMotionDual/STM32Cube/libstm32cube.a(stm32g4xx_hal_fdcan.o)
                0x08006498                HAL_FDCAN_RxFifo1Callback
 .text.HAL_FDCAN_TxFifoEmptyCallback
                0x0800649c        0x4 Build_STM32G474_Slcan_CoreMotionDual/STM32Cube/libstm32cube.a(stm32g4xx_hal_fdcan.o)
                0x0800649c                HAL_FDCAN_TxFifoEmptyCallback
 .text.HAL_FDCAN_TxBufferCompleteCallback
                0x080064a0        0x4 Build_STM32G474_Slcan_CoreMotionDual/STM32Cube/libstm32cube.a(stm32g4xx_hal_fdcan.o)
                0x080064a0                HAL_FDCAN_TxBufferCompleteCallback
 .text.HAL_FDCAN_TxBufferAbortCallback
                0x080064a4        0x4 Build_STM32G474_Slcan_CoreMotionDual/STM32Cube/libstm32cube.a(stm32g4xx_hal_fdcan.o)
                0x080064a4                HAL_FDCAN_TxBufferAbortCallback
 .text.HAL_FDCAN_TimeoutOccurredCallback
                0x080064a8        0x4 Build_STM32G474_Slcan_CoreMotionDual/STM32Cube/libstm32cube.a(stm32g4xx_hal_fdcan.o)
                0x080064a8                HAL_FDCAN_TimeoutOccurredCallback
 .text.HAL_FDCAN_HighPriorityMessageCallback
                0x080064ac        0x4 Build_STM32G474_Slcan_CoreMotionDual/STM32Cube/libstm32cube.a(stm32g4xx_hal_fdcan.o)
                0x080064ac                HAL_FDCAN_HighPriorityMessageCallback
 .text.HAL_FDCAN_ErrorCallback
                0x080064b0        0x4 Build_STM32G474_Slcan_CoreMotionDual/STM32Cube/libstm32cube.a(stm32g4xx_hal_fdcan.o)
                0x080064b0                HAL_FDCAN_ErrorCallback
 .text.HAL_FDCAN_ErrorStatusCallback
                0x080064b4        0x4 Build_STM32G474_Slcan_CoreMotionDual/STM32Cube/libstm32cube.a(stm32g4xx_hal_fdcan.o)
                0x080064b4                HAL_FDCAN_ErrorStatusCallback
 .text.HAL_FDCAN_IRQHandler
                0x080064b8      0x188 Build_STM32G474_Slcan_CoreMotionDual/STM32Cube/libstm32cube.a(stm32g4xx_hal_fdcan.o)
                0x080064b8                HAL_FDCAN_IRQHandler
 .text.HAL_FLASH_Program
                0x08006640      0x170 Build_STM32G474_Slcan_CoreMotionDual/STM32Cube/libstm32cube.a(stm32g4xx_hal_flash.o)
                0x08006640                HAL_FLASH_Program
 .text.HAL_FLASH_Unlock
                0x080067b0       0x28 Build_STM32G474_Slcan_CoreMotionDual/STM32Cube/libstm32cube.a(stm32g4xx_hal_flash.o)
                0x080067b0                HAL_FLASH_Unlock
 .text.HAL_FLASH_Lock
                0x080067d8       0x18 Build_STM32G474_Slcan_CoreMotionDual/STM32Cube/libstm32cube.a(stm32g4xx_hal_flash.o)
                0x080067d8                HAL_FLASH_Lock
 .text.HAL_FLASH_OB_Unlock
                0x080067f0       0x28 Build_STM32G474_Slcan_CoreMotionDual/STM32Cube/libstm32cube.a(stm32g4xx_hal_flash.o)
                0x080067f0                HAL_FLASH_OB_Unlock
 .text.HAL_FLASH_OB_Lock
                0x08006818       0x1c Build_STM32G474_Slcan_CoreMotionDual/STM32Cube/libstm32cube.a(stm32g4xx_hal_flash.o)
                0x08006818                HAL_FLASH_OB_Lock
 .text.FLASH_WaitForLastOperation
                0x08006834       0x50 Build_STM32G474_Slcan_CoreMotionDual/STM32Cube/libstm32cube.a(stm32g4xx_hal_flash.o)
                0x08006834                FLASH_WaitForLastOperation
 .text.HAL_FLASHEx_Erase
                0x08006884      0x1a8 Build_STM32G474_Slcan_CoreMotionDual/STM32Cube/libstm32cube.a(stm32g4xx_hal_flash_ex.o)
                0x08006884                HAL_FLASHEx_Erase
 .text.HAL_FLASHEx_OBProgram
                0x08006a2c      0x420 Build_STM32G474_Slcan_CoreMotionDual/STM32Cube/libstm32cube.a(stm32g4xx_hal_flash_ex.o)
                0x08006a2c                HAL_FLASHEx_OBProgram
 .text.HAL_FLASHEx_OBGetConfig
                0x08006e4c      0x1b8 Build_STM32G474_Slcan_CoreMotionDual/STM32Cube/libstm32cube.a(stm32g4xx_hal_flash_ex.o)
                0x08006e4c                HAL_FLASHEx_OBGetConfig
 .text.FLASH_FlushCaches
                0x08007004       0x60 Build_STM32G474_Slcan_CoreMotionDual/STM32Cube/libstm32cube.a(stm32g4xx_hal_flash_ex.o)
                0x08007004                FLASH_FlushCaches
 .text.HAL_GPIO_Init
                0x08007064      0x3b8 Build_STM32G474_Slcan_CoreMotionDual/STM32Cube/libstm32cube.a(stm32g4xx_hal_gpio.o)
                0x08007064                HAL_GPIO_Init
 .text.HAL_GPIO_WritePin
                0x0800741c        0xc Build_STM32G474_Slcan_CoreMotionDual/STM32Cube/libstm32cube.a(stm32g4xx_hal_gpio.o)
                0x0800741c                HAL_GPIO_WritePin
 .text.HAL_PCD_Init
                0x08007428      0x1d4 Build_STM32G474_Slcan_CoreMotionDual/STM32Cube/libstm32cube.a(stm32g4xx_hal_pcd.o)
                0x08007428                HAL_PCD_Init
 .text.HAL_PCD_Start
                0x080075fc       0x2c Build_STM32G474_Slcan_CoreMotionDual/STM32Cube/libstm32cube.a(stm32g4xx_hal_pcd.o)
                0x080075fc                HAL_PCD_Start
 .text.HAL_PCD_IRQHandler
                0x08007628      0xb38 Build_STM32G474_Slcan_CoreMotionDual/STM32Cube/libstm32cube.a(stm32g4xx_hal_pcd.o)
                0x08007628                HAL_PCD_IRQHandler
 .text.HAL_PCD_SetAddress
                0x08008160       0x28 Build_STM32G474_Slcan_CoreMotionDual/STM32Cube/libstm32cube.a(stm32g4xx_hal_pcd.o)
                0x08008160                HAL_PCD_SetAddress
 .text.HAL_PCD_EP_Open
                0x08008188       0x78 Build_STM32G474_Slcan_CoreMotionDual/STM32Cube/libstm32cube.a(stm32g4xx_hal_pcd.o)
                0x08008188                HAL_PCD_EP_Open
 .text.HAL_PCD_EP_Close
                0x08008200       0x68 Build_STM32G474_Slcan_CoreMotionDual/STM32Cube/libstm32cube.a(stm32g4xx_hal_pcd.o)
                0x08008200                HAL_PCD_EP_Close
 .text.HAL_PCD_EP_Receive
                0x08008268       0x34 Build_STM32G474_Slcan_CoreMotionDual/STM32Cube/libstm32cube.a(stm32g4xx_hal_pcd.o)
                0x08008268                HAL_PCD_EP_Receive
 .text.HAL_PCD_EP_GetRxCount
                0x0800829c       0x14 Build_STM32G474_Slcan_CoreMotionDual/STM32Cube/libstm32cube.a(stm32g4xx_hal_pcd.o)
                0x0800829c                HAL_PCD_EP_GetRxCount
 .text.HAL_PCD_EP_Transmit
                0x080082b0       0x3c Build_STM32G474_Slcan_CoreMotionDual/STM32Cube/libstm32cube.a(stm32g4xx_hal_pcd.o)
                0x080082b0                HAL_PCD_EP_Transmit
 .text.HAL_PCD_EP_SetStall
                0x080082ec       0x78 Build_STM32G474_Slcan_CoreMotionDual/STM32Cube/libstm32cube.a(stm32g4xx_hal_pcd.o)
                0x080082ec                HAL_PCD_EP_SetStall
 .text.HAL_PCD_EP_ClrStall
                0x08008364       0x78 Build_STM32G474_Slcan_CoreMotionDual/STM32Cube/libstm32cube.a(stm32g4xx_hal_pcd.o)
                0x08008364                HAL_PCD_EP_ClrStall
 .text.HAL_PCDEx_PMAConfig
                0x080083dc       0x3c Build_STM32G474_Slcan_CoreMotionDual/STM32Cube/libstm32cube.a(stm32g4xx_hal_pcd_ex.o)
                0x080083dc                HAL_PCDEx_PMAConfig
 .text.HAL_PCDEx_ActivateLPM
                0x08008418       0x30 Build_STM32G474_Slcan_CoreMotionDual/STM32Cube/libstm32cube.a(stm32g4xx_hal_pcd_ex.o)
                0x08008418                HAL_PCDEx_ActivateLPM
 .text.HAL_PCDEx_LPM_Callback
                0x08008448        0x4 Build_STM32G474_Slcan_CoreMotionDual/STM32Cube/libstm32cube.a(stm32g4xx_hal_pcd_ex.o)
                0x08008448                HAL_PCDEx_LPM_Callback
 .text.HAL_PWREx_ControlVoltageScaling
                0x0800844c       0xe4 Build_STM32G474_Slcan_CoreMotionDual/STM32Cube/libstm32cube.a(stm32g4xx_hal_pwr_ex.o)
                0x0800844c                HAL_PWREx_ControlVoltageScaling
 .text.HAL_RCC_DeInit
                0x08008530       0xc0 Build_STM32G474_Slcan_CoreMotionDual/STM32Cube/libstm32cube.a(stm32g4xx_hal_rcc.o)
                0x08008530                HAL_RCC_DeInit
 .text.HAL_RCC_OscConfig
                0x080085f0      0x48c Build_STM32G474_Slcan_CoreMotionDual/STM32Cube/libstm32cube.a(stm32g4xx_hal_rcc.o)
                0x080085f0                HAL_RCC_OscConfig
 .text.HAL_RCC_GetSysClockFreq
                0x08008a7c       0x70 Build_STM32G474_Slcan_CoreMotionDual/STM32Cube/libstm32cube.a(stm32g4xx_hal_rcc.o)
                0x08008a7c                HAL_RCC_GetSysClockFreq
 .text.HAL_RCC_ClockConfig
                0x08008aec      0x208 Build_STM32G474_Slcan_CoreMotionDual/STM32Cube/libstm32cube.a(stm32g4xx_hal_rcc.o)
                0x08008aec                HAL_RCC_ClockConfig
 .text.HAL_RCC_GetPCLK1Freq
                0x08008cf4       0x24 Build_STM32G474_Slcan_CoreMotionDual/STM32Cube/libstm32cube.a(stm32g4xx_hal_rcc.o)
                0x08008cf4                HAL_RCC_GetPCLK1Freq
 .text.HAL_RCC_GetPCLK2Freq
                0x08008d18       0x24 Build_STM32G474_Slcan_CoreMotionDual/STM32Cube/libstm32cube.a(stm32g4xx_hal_rcc.o)
                0x08008d18                HAL_RCC_GetPCLK2Freq
 .text.HAL_RCCEx_PeriphCLKConfig
                0x08008d3c      0x318 Build_STM32G474_Slcan_CoreMotionDual/STM32Cube/libstm32cube.a(stm32g4xx_hal_rcc_ex.o)
                0x08008d3c                HAL_RCCEx_PeriphCLKConfig
 .text.HAL_RCCEx_GetPeriphCLKFreq
                0x08009054      0x564 Build_STM32G474_Slcan_CoreMotionDual/STM32Cube/libstm32cube.a(stm32g4xx_hal_rcc_ex.o)
                0x08009054                HAL_RCCEx_GetPeriphCLKFreq
 .text.HAL_RCCEx_CRSConfig
                0x080095b8       0x50 Build_STM32G474_Slcan_CoreMotionDual/STM32Cube/libstm32cube.a(stm32g4xx_hal_rcc_ex.o)
                0x080095b8                HAL_RCCEx_CRSConfig
 .text.HAL_TIM_Base_MspInit
                0x08009608        0x4 Build_STM32G474_Slcan_CoreMotionDual/STM32Cube/libstm32cube.a(stm32g4xx_hal_tim.o)
                0x08009608                HAL_TIM_Base_MspInit
 .text.HAL_TIM_Base_Init
                0x0800960c      0x140 Build_STM32G474_Slcan_CoreMotionDual/STM32Cube/libstm32cube.a(stm32g4xx_hal_tim.o)
                0x0800960c                HAL_TIM_Base_Init
 .text.HAL_TIM_Base_Start_IT
                0x0800974c       0x80 Build_STM32G474_Slcan_CoreMotionDual/STM32Cube/libstm32cube.a(stm32g4xx_hal_tim.o)
                0x0800974c                HAL_TIM_Base_Start_IT
 .text.USB_EnableGlobalInt
                0x080097cc       0x14 Build_STM32G474_Slcan_CoreMotionDual/STM32Cube/libstm32cube.a(stm32g4xx_ll_usb.o)
                0x080097cc                USB_EnableGlobalInt
 .text.USB_DisableGlobalInt
                0x080097e0       0x14 Build_STM32G474_Slcan_CoreMotionDual/STM32Cube/libstm32cube.a(stm32g4xx_ll_usb.o)
                0x080097e0                USB_DisableGlobalInt
 .text.USB_DevInit
                0x080097f4       0x28 Build_STM32G474_Slcan_CoreMotionDual/STM32Cube/libstm32cube.a(stm32g4xx_ll_usb.o)
                0x080097f4                USB_DevInit
 .text.USB_ActivateEndpoint
                0x0800981c      0x43c Build_STM32G474_Slcan_CoreMotionDual/STM32Cube/libstm32cube.a(stm32g4xx_ll_usb.o)
                0x0800981c                USB_ActivateEndpoint
 .text.USB_DeactivateEndpoint
                0x08009c58      0x1c4 Build_STM32G474_Slcan_CoreMotionDual/STM32Cube/libstm32cube.a(stm32g4xx_ll_usb.o)
                0x08009c58                USB_DeactivateEndpoint
 .text.USB_EPStartXfer
                0x08009e1c      0x354 Build_STM32G474_Slcan_CoreMotionDual/STM32Cube/libstm32cube.a(stm32g4xx_ll_usb.o)
                0x08009e1c                USB_EPStartXfer
 .text.USB_EPSetStall
                0x0800a170       0x50 Build_STM32G474_Slcan_CoreMotionDual/STM32Cube/libstm32cube.a(stm32g4xx_ll_usb.o)
                0x0800a170                USB_EPSetStall
 .text.USB_EPClearStall
                0x0800a1c0       0x9c Build_STM32G474_Slcan_CoreMotionDual/STM32Cube/libstm32cube.a(stm32g4xx_ll_usb.o)
                0x0800a1c0                USB_EPClearStall
 .text.USB_SetDevAddress
                0x0800a25c        0xc Build_STM32G474_Slcan_CoreMotionDual/STM32Cube/libstm32cube.a(stm32g4xx_ll_usb.o)
                0x0800a25c                USB_SetDevAddress
 .text.USB_DevConnect
                0x0800a268       0x18 Build_STM32G474_Slcan_CoreMotionDual/STM32Cube/libstm32cube.a(stm32g4xx_ll_usb.o)
                0x0800a268                USB_DevConnect
 .text.USB_ReadInterrupts
                0x0800a280        0x8 Build_STM32G474_Slcan_CoreMotionDual/STM32Cube/libstm32cube.a(stm32g4xx_ll_usb.o)
                0x0800a280                USB_ReadInterrupts
 .text.USB_WritePMA
                0x0800a288       0x20 Build_STM32G474_Slcan_CoreMotionDual/STM32Cube/libstm32cube.a(stm32g4xx_ll_usb.o)
                0x0800a288                USB_WritePMA
 .text.USB_ReadPMA
                0x0800a2a8       0x54 Build_STM32G474_Slcan_CoreMotionDual/STM32Cube/libstm32cube.a(stm32g4xx_ll_usb.o)
                0x0800a2a8                USB_ReadPMA
 *(.glue_7)
 .glue_7        0x0800a2fc        0x0 linker stubs
 *(.glue_7t)
 .glue_7t       0x0800a2fc        0x0 linker stubs
 *(.eh_frame)
 .eh_frame      0x0800a2fc        0x0 /usr/lib/gcc/arm-none-eabi/13.2.1/thumb/v7e-m/nofp/crtbegin.o
 *(.init)
 .init          0x0800a2fc        0x4 /usr/lib/gcc/arm-none-eabi/13.2.1/thumb/v7e-m/nofp/crti.o
                0x0800a2fc                _init
 .init          0x0800a300        0x8 /usr/lib/gcc/arm-none-eabi/13.2.1/thumb/v7e-m/nofp/crtn.o
 *(.fini)
 .fini          0x0800a308        0x4 /usr/lib/gcc/arm-none-eabi/13.2.1/thumb/v7e-m/nofp/crti.o
                0x0800a308                _fini
 .fini          0x0800a30c        0x8 /usr/lib/gcc/arm-none-eabi/13.2.1/thumb/v7e-m/nofp/crtn.o
                0x0800a314                        . = ALIGN (0x4)
                0x0800a314                        _etext = .

.vfp11_veneer   0x0800a314        0x0
 .vfp11_veneer  0x0800a314        0x0 linker stubs

.v4_bx          0x0800a314        0x0
 .v4_bx         0x0800a314        0x0 linker stubs

.iplt           0x0800a314        0x0
 .iplt          0x0800a314        0x0 /usr/lib/gcc/arm-none-eabi/13.2.1/thumb/v7e-m/nofp/crtbegin.o

.rodata         0x0800a314      0x31c
                0x0800a314                        . = ALIGN (0x4)
 *(.rodata)
 *(.rodata*)
 .rodata.AHBPrescTable
                0x0800a314       0x10 Build_STM32G474_Slcan_CoreMotionDual/system_STM32G4xx.o
                0x0800a314                AHBPrescTable
 .rodata.APBPrescTable
                0x0800a324        0x8 Build_STM32G474_Slcan_CoreMotionDual/system_STM32G4xx.o
                0x0800a324                APBPrescTable
 .rodata.can_recover_bus_off.str1.4
                0x0800a32c      0x2d9 Build_STM32G474_Slcan_CoreMotionDual/can.o
                                 0x47 (size before relaxing)
 .rodata.can_print_info.str1.4
                0x0800a605       0x46 Build_STM32G474_Slcan_CoreMotionDual/can.o
 .rodata.can_process.str1.4
                0x0800a605       0x28 Build_STM32G474_Slcan_CoreMotionDual/can.o
 .rodata.str1.4
                0x0800a605       0x3e Build_STM32G474_Slcan_CoreMotionDual/can.o
 *fill*         0x0800a605        0x3 
 .rodata.CSWTCH.35
                0x0800a608       0x10 Build_STM32G474_Slcan_CoreMotionDual/can.o
 .rodata.utils_format_bitrate.str1.4
                0x0800a618       0x3a Build_STM32G474_Slcan_CoreMotionDual/utils.o
 .rodata.CSWTCH.18
                0x0800a618        0x7 Build_STM32G474_Slcan_CoreMotionDual/utils.o
 .rodata.USBD_StdDevReq.str1.4
                0x0800a61f       0x47 Build_STM32G474_Slcan_CoreMotionDual/usb_ctrlreq.o
 .rodata.control_parse_str.str1.4
                0x0800a61f       0xe0 Build_STM32G474_Slcan_CoreMotionDual/Slcan/control.o
 .rodata.control_parse_command.str1.4
                0x0800a61f        0xa Build_STM32G474_Slcan_CoreMotionDual/Slcan/control.o
 .rodata.control_process.str1.4
                0x0800a61f       0x13 Build_STM32G474_Slcan_CoreMotionDual/Slcan/control.o
 .rodata.control_report_busload.str1.4
                0x0800a61f        0x5 Build_STM32G474_Slcan_CoreMotionDual/Slcan/control.o
 .rodata.control_send_debug_mesg.str1.4
                0x0800a61f       0x1d Build_STM32G474_Slcan_CoreMotionDual/Slcan/control.o
 .rodata.buf_store_tx_echo.str1.4
                0x0800a61f        0x7 Build_STM32G474_Slcan_CoreMotionDual/Slcan/buffer.o
 *fill*         0x0800a61f        0x1 
 .rodata.DLCtoBytes
                0x0800a620       0x10 Build_STM32G474_Slcan_CoreMotionDual/STM32Cube/libstm32cube.a(stm32g4xx_hal_fdcan.o)
 .rodata.str1.4
                0x0800a630       0x13 /usr/lib/gcc/arm-none-eabi/13.2.1/../../../arm-none-eabi/lib/thumb/v7e-m/nofp/libc_nano.a(libc_a-nano-svfprintf.o)
 .rodata.str1.4
                0x0800a630       0x25 /usr/lib/gcc/arm-none-eabi/13.2.1/../../../arm-none-eabi/lib/thumb/v7e-m/nofp/libc_nano.a(libc_a-nano-vfprintf_i.o)
                0x0800a658                        . = ALIGN (0x4)

.ARM.extab      0x0800a630        0x0
                0x0800a630                        . = ALIGN (0x4)
 *(.ARM.extab* .gnu.linkonce.armextab.*)
                0x0800a630                        . = ALIGN (0x4)

.ARM            0x0800a630        0x8
                0x0800a630                        . = ALIGN (0x4)
                0x0800a630                        __exidx_start = .
 *(.ARM.exidx*)
 .ARM.exidx     0x0800a630        0x8 /usr/lib/gcc/arm-none-eabi/13.2.1/../../../arm-none-eabi/lib/thumb/v7e-m/nofp/libc_nano.a(libc_a-strlen.o)
 .ARM.exidx     0x0800a638        0x0 /usr/lib/gcc/arm-none-eabi/13.2.1/../../../arm-none-eabi/lib/thumb/v7e-m/nofp/libc_nano.a(libc_a-memchr.o)
                                  0x8 (size before relaxing)
 .ARM.exidx     0x0800a638        0x0 /usr/lib/gcc/arm-none-eabi/13.2.1/../../../arm-none-eabi/lib/thumb/v7e-m/nofp/libc_nano.a(libc_a-memcpy.o)
                                  0x8 (size before relaxing)
 .ARM.exidx     0x0800a638        0x0 /usr/lib/gcc/arm-none-eabi/13.2.1/../../../arm-none-eabi/lib/thumb/v7e-m/nofp/libc_nano.a(libc_a-strcmp.o)
                                  0x8 (size before relaxing)
                0x0800a638                        __exidx_end = .
                0x0800a638                        . = ALIGN (0x4)

.rel.dyn        0x0800a638        0x0
 .rel.iplt      0x0800a638        0x0 /usr/lib/gcc/arm-none-eabi/13.2.1/thumb/v7e-m/nofp/crtbegin.o

.preinit_array  0x0800a638        0x0
                0x0800a638                        . = ALIGN (0x4)
                0x0800a638                        PROVIDE (__preinit_array_start = .)
 *(.preinit_array*)
                0x0800a638                        PROVIDE (__preinit_array_end = .)
                0x0800a638                        . = ALIGN (0x4)

.init_array     0x0800a638        0x4
                0x0800a638                        . = ALIGN (0x4)
                0x0800a638                        PROVIDE (__init_array_start = .)
 *(SORT_BY_NAME(.init_array.*))
 *(.init_array*)
 .init_array    0x0800a638        0x4 /usr/lib/gcc/arm-none-eabi/13.2.1/thumb/v7e-m/nofp/crtbegin.o
                0x0800a63c                        PROVIDE (__init_array_end = .)
                0x0800a63c                        . = ALIGN (0x4)

.fini_array     0x0800a63c        0x4
                0x0800a63c                        . = ALIGN (0x4)
                0x0800a63c                        PROVIDE (__fini_array_start = .)
 *(SORT_BY_NAME(.fini_array.*))
 *(.fini_array*)
 .fini_array    0x0800a63c        0x4 /usr/lib/gcc/arm-none-eabi/13.2.1/thumb/v7e-m/nofp/crtbegin.o
                0x0800a640                        PROVIDE (__fini_array_end = .)
                0x0800a640                        . = ALIGN (0x4)
                0x0800a640                        _sidata = LOADADDR (.data)

.data           0x20000000      0x160 load address 0x0800a640
                0x20000000                        . = ALIGN (0x4)
                0x20000000                        _sdata = .
 *(.data)
 .data          0x20000000       0x50 /usr/lib/gcc/arm-none-eabi/13.2.1/../../../arm-none-eabi/lib/thumb/v7e-m/nofp/libc_nano.a(libc_a-impure.o)
                0x20000000                _impure_ptr
                0x20000004                _impure_data
 *(.data*)
 .data.blink_leds
                0x20000050        0x1 Build_STM32G474_Slcan_CoreMotionDual/main.o
                0x20000050                blink_leds
 *fill*         0x20000051        0x3 
 .data.SystemCoreClock
                0x20000054        0x4 Build_STM32G474_Slcan_CoreMotionDual/system_STM32G4xx.o
                0x20000054                SystemCoreClock
 .data.SET_CanAlternates
                0x20000058        0x2 Build_STM32G474_Slcan_CoreMotionDual/can.o
                0x20000058                SET_CanAlternates
 *fill*         0x2000005a        0x2 
 .data.SET_CanInterfaces
                0x2000005c        0x8 Build_STM32G474_Slcan_CoreMotionDual/can.o
                0x2000005c                SET_CanInterfaces
 .data.SET_CanPins
                0x20000064        0x8 Build_STM32G474_Slcan_CoreMotionDual/can.o
                0x20000064                SET_CanPins
 .data.SET_CanPorts
                0x2000006c        0x8 Build_STM32G474_Slcan_CoreMotionDual/can.o
                0x2000006c                SET_CanPorts
 .data.SET_TermPins
                0x20000074        0x8 Build_STM32G474_Slcan_CoreMotionDual/can.o
                0x20000074                SET_TermPins
 .data.SET_TermPorts
                0x2000007c        0x8 Build_STM32G474_Slcan_CoreMotionDual/can.o
                0x2000007c                SET_TermPorts
 .data.SET_LedRxPins
                0x20000084        0x8 Build_STM32G474_Slcan_CoreMotionDual/led.o
                0x20000084                SET_LedRxPins
 .data.SET_LedRxPorts
                0x2000008c        0x8 Build_STM32G474_Slcan_CoreMotionDual/led.o
                0x2000008c                SET_LedRxPorts
 .data.SET_LedTxPins
                0x20000094        0x8 Build_STM32G474_Slcan_CoreMotionDual/led.o
                0x20000094                SET_LedTxPins
 .data.SET_LedTxPorts
                0x2000009c        0x8 Build_STM32G474_Slcan_CoreMotionDual/led.o
                0x2000009c                SET_LedTxPorts
 .data.USBD_LangIDDesc
                0x200000a4        0x4 Build_STM32G474_Slcan_CoreMotionDual/usb_ctrlreq.o
                0x200000a4                USBD_LangIDDesc
 .data.USBD_ConfigDescFS
                0x200000a8       0x43 Build_STM32G474_Slcan_CoreMotionDual/Slcan/usb_class.o
                0x200000a8                USBD_ConfigDescFS
 *fill*         0x200000eb        0x1 
 .data.USBD_DeviceDesc
                0x200000ec       0x12 Build_STM32G474_Slcan_CoreMotionDual/Slcan/usb_class.o
                0x200000ec                USBD_DeviceDesc
 *fill*         0x200000fe        0x2 
 .data.USBD_ClassCallbacks
                0x20000100       0x28 Build_STM32G474_Slcan_CoreMotionDual/Slcan/usb_class.o
                0x20000100                USBD_ClassCallbacks
 .data.USBD_InterfaceCallbacks
                0x20000128       0x10 Build_STM32G474_Slcan_CoreMotionDual/Slcan/usb_interface.o
                0x20000128                USBD_InterfaceCallbacks
 .data.uwTickFreq
                0x20000138        0x4 Build_STM32G474_Slcan_CoreMotionDual/STM32Cube/libstm32cube.a(stm32g4xx_hal.o)
                0x20000138                uwTickFreq
 .data.uwTickPrio
                0x2000013c        0x4 Build_STM32G474_Slcan_CoreMotionDual/STM32Cube/libstm32cube.a(stm32g4xx_hal.o)
                0x2000013c                uwTickPrio
 .data.pFlash   0x20000140       0x20 Build_STM32G474_Slcan_CoreMotionDual/STM32Cube/libstm32cube.a(stm32g4xx_hal_flash.o)
                0x20000140                pFlash
 *(.RamFunc)
 *(.RamFunc*)
                0x20000160                        . = ALIGN (0x4)
                0x20000160                        _edata = .

.tm_clone_table
                0x20000160        0x0 load address 0x0800a7a0
 .tm_clone_table
                0x20000160        0x0 /usr/lib/gcc/arm-none-eabi/13.2.1/thumb/v7e-m/nofp/crtbegin.o
 .tm_clone_table
                0x20000160        0x0 /usr/lib/gcc/arm-none-eabi/13.2.1/thumb/v7e-m/nofp/crtend.o

.igot.plt       0x20000160        0x0 load address 0x0800a7a0
 .igot.plt      0x20000160        0x0 /usr/lib/gcc/arm-none-eabi/13.2.1/thumb/v7e-m/nofp/crtbegin.o
                0x20000160                        . = ALIGN (0x4)

.bss            0x20000160     0x742c load address 0x0800a7a0
                0x20000160                        _sbss = .
                0x20000160                        __bss_start__ = _sbss
 *(.bss)
 .bss           0x20000160       0x1c /usr/lib/gcc/arm-none-eabi/13.2.1/thumb/v7e-m/nofp/crtbegin.o
 .bss           0x2000017c        0x8 /usr/lib/gcc/arm-none-eabi/13.2.1/../../../arm-none-eabi/lib/thumb/v7e-m/nofp/libc_nano.a(libc_a-mallocr.o)
                0x2000017c                __malloc_sbrk_start
                0x20000180                __malloc_free_list
 .bss           0x20000184      0x13c /usr/lib/gcc/arm-none-eabi/13.2.1/../../../arm-none-eabi/lib/thumb/v7e-m/nofp/libc_nano.a(libc_a-findfp.o)
                0x20000184                __sf
                0x200002bc                __stdio_exit_handler
 .bss           0x200002c0        0x4 /usr/lib/gcc/arm-none-eabi/13.2.1/../../../arm-none-eabi/lib/thumb/v7e-m/nofp/libc_nano.a(libc_a-reent.o)
                0x200002c0                errno
 .bss           0x200002c4        0x4 /usr/lib/gcc/arm-none-eabi/13.2.1/../../../arm-none-eabi/lib/thumb/v7e-m/nofp/libnosys.a(sbrk.o)
 *(.bss*)
 .bss.tick_last
                0x200002c8        0x4 Build_STM32G474_Slcan_CoreMotionDual/main.o
                0x200002c8                tick_last
 .bss.usb_suspend
                0x200002cc        0x1 Build_STM32G474_Slcan_CoreMotionDual/main.o
                0x200002cc                usb_suspend
 *fill*         0x200002cd        0x3 
 .bss.canfd_clock
                0x200002d0        0x4 Build_STM32G474_Slcan_CoreMotionDual/system.o
                0x200002d0                canfd_clock
 .bss.timestamp_wrap
                0x200002d4        0x4 Build_STM32G474_Slcan_CoreMotionDual/system.o
                0x200002d4                timestamp_wrap
 .bss.GLB_UserFlags
                0x200002d8        0x2 Build_STM32G474_Slcan_CoreMotionDual/can.o
                0x200002d8                GLB_UserFlags
 *fill*         0x200002da        0x2 
 .bss.can_inst  0x200002dc      0x528 Build_STM32G474_Slcan_CoreMotionDual/can.o
                0x200002dc                can_inst
 .bss.err_inst  0x20000804       0x28 Build_STM32G474_Slcan_CoreMotionDual/error.o
                0x20000804                err_inst
 .bss.led_inst  0x2000082c       0x40 Build_STM32G474_Slcan_CoreMotionDual/led.o
                0x2000082c                led_inst
 .bss.dfu_delay_start
                0x2000086c        0x4 Build_STM32G474_Slcan_CoreMotionDual/dfu.o
 .bss.dfu_require_reset
                0x20000870        0x1 Build_STM32G474_Slcan_CoreMotionDual/dfu.o
 *fill*         0x20000871        0x3 
 .bss.dfu_sys_memory_base
                0x20000874        0x4 Build_STM32G474_Slcan_CoreMotionDual/dfu.o
 .bss.limits_data
                0x20000878       0x10 Build_STM32G474_Slcan_CoreMotionDual/utils.o
                0x20000878                limits_data
 .bss.limits_nom
                0x20000888       0x10 Build_STM32G474_Slcan_CoreMotionDual/utils.o
                0x20000888                limits_nom
 .bss.USBD_StrDesc
                0x20000898      0x200 Build_STM32G474_Slcan_CoreMotionDual/usb_ctrlreq.o
                0x20000898                USBD_StrDesc
 .bss.cfgidx.0  0x20000a98        0x1 Build_STM32G474_Slcan_CoreMotionDual/usb_ctrlreq.o
 *fill*         0x20000a99        0x3 
 .bss.USB_Handle
                0x20000a9c      0x2ac Build_STM32G474_Slcan_CoreMotionDual/usb_core.o
                0x20000a9c                USB_Handle
 .bss.PCD_Handle
                0x20000d48      0x2dc Build_STM32G474_Slcan_CoreMotionDual/usb_lowlevel.o
                0x20000d48                PCD_Handle
 .bss.bSuspended
                0x20001024        0x1 Build_STM32G474_Slcan_CoreMotionDual/usb_lowlevel.o
                0x20001024                bSuspended
 *fill*         0x20001025        0x3 
 .bss.CanMode   0x20001028        0x8 Build_STM32G474_Slcan_CoreMotionDual/Slcan/control.o
                0x20001028                CanMode
 .bss.slcan_str_index
                0x20001030        0x1 Build_STM32G474_Slcan_CoreMotionDual/Slcan/buffer.o
                0x20001030                slcan_str_index
 *fill*         0x20001031        0x3 
 .bss.slcan_str
                0x20001034       0xa5 Build_STM32G474_Slcan_CoreMotionDual/Slcan/buffer.o
                0x20001034                slcan_str
 *fill*         0x200010d9        0x3 
 .bss.buf_can_tx
                0x200010dc     0x3210 Build_STM32G474_Slcan_CoreMotionDual/Slcan/buffer.o
                0x200010dc                buf_can_tx
 .bss.buf_cdc_rx
                0x200042ec      0x228 Build_STM32G474_Slcan_CoreMotionDual/Slcan/buffer.o
                0x200042ec                buf_cdc_rx
 .bss.buf_cdc_tx
                0x20004514     0x3014 Build_STM32G474_Slcan_CoreMotionDual/Slcan/buffer.o
                0x20004514                buf_cdc_tx
 .bss.Class_InitDone
                0x20007528        0x1 Build_STM32G474_Slcan_CoreMotionDual/Slcan/usb_class.o
                0x20007528                Class_InitDone
 *fill*         0x20007529        0x3 
 .bss.CDC_Handle
                0x2000752c       0x5c Build_STM32G474_Slcan_CoreMotionDual/Slcan/usb_class.o
                0x2000752c                CDC_Handle
 .bss.uwTick    0x20007588        0x4 Build_STM32G474_Slcan_CoreMotionDual/STM32Cube/libstm32cube.a(stm32g4xx_hal.o)
                0x20007588                uwTick
 *(COMMON)
                0x2000758c                        . = ALIGN (0x4)
                0x2000758c                        _ebss = .
                0x2000758c                        __bss_end__ = _ebss

._user_heap_stack
                0x2000758c      0x604 load address 0x0800a7a0
                0x20007590                        . = ALIGN (0x8)
 *fill*         0x2000758c        0x4 
                0x20007590                        PROVIDE (end = .)
                [!provide]                        PROVIDE (_end = .)
                0x20007790                        . = (. + _Min_Heap_Size)
 *fill*         0x20007590      0x200 
                0x20007b90                        . = (. + _Min_Stack_Size)
 *fill*         0x20007790      0x400 
                0x20007b90                        . = ALIGN (0x8)

/DISCARD/
 libc.a(*)
 libm.a(*)
 libgcc.a(*)

.ARM.attributes
                0x00000000       0x2a
 *(.ARM.attributes)
 .ARM.attributes
                0x00000000       0x1e /usr/lib/gcc/arm-none-eabi/13.2.1/thumb/v7e-m/nofp/crti.o
 .ARM.attributes
                0x0000001e       0x2e /usr/lib/gcc/arm-none-eabi/13.2.1/thumb/v7e-m/nofp/crtbegin.o
 .ARM.attributes
                0x0000004c       0x2e Build_STM32G474_Slcan_CoreMotionDual/main.o
 .ARM.attributes
                0x0000007a       0x2e Build_STM32G474_Slcan_CoreMotionDual/system_STM32G4xx.o
 .ARM.attributes
                0x000000a8       0x2e Build_STM32G474_Slcan_CoreMotionDual/system.o
 .ARM.attributes
                0x000000d6       0x2e Build_STM32G474_Slcan_CoreMotionDual/interrupts.o
 .ARM.attributes
                0x00000104       0x2e Build_STM32G474_Slcan_CoreMotionDual/can.o
 .ARM.attributes
                0x00000132       0x2e Build_STM32G474_Slcan_CoreMotionDual/error.o
 .ARM.attributes
                0x00000160       0x2e Build_STM32G474_Slcan_CoreMotionDual/led.o
 .ARM.attributes
                0x0000018e       0x2e Build_STM32G474_Slcan_CoreMotionDual/dfu.o
 .ARM.attributes
                0x000001bc       0x2e Build_STM32G474_Slcan_CoreMotionDual/utils.o
 .ARM.attributes
                0x000001ea       0x2e Build_STM32G474_Slcan_CoreMotionDual/usb_ctrlreq.o
 .ARM.attributes
                0x00000218       0x2e Build_STM32G474_Slcan_CoreMotionDual/usb_ioreq.o
 .ARM.attributes
                0x00000246       0x2e Build_STM32G474_Slcan_CoreMotionDual/usb_core.o
 .ARM.attributes
                0x00000274       0x2e Build_STM32G474_Slcan_CoreMotionDual/usb_lowlevel.o
 .ARM.attributes
                0x000002a2       0x21 Build_STM32G474_Slcan_CoreMotionDual/startup_STM32G474.o
 .ARM.attributes
                0x000002c3       0x2e Build_STM32G474_Slcan_CoreMotionDual/Slcan/control.o
 .ARM.attributes
                0x000002f1       0x2e Build_STM32G474_Slcan_CoreMotionDual/Slcan/buffer.o
 .ARM.attributes
                0x0000031f       0x2e Build_STM32G474_Slcan_CoreMotionDual/Slcan/usb_class.o
 .ARM.attributes
                0x0000034d       0x2e Build_STM32G474_Slcan_CoreMotionDual/Slcan/usb_interface.o
 .ARM.attributes
                0x0000037b       0x2e Build_STM32G474_Slcan_CoreMotionDual/STM32Cube/libstm32cube.a(stm32g4xx_hal.o)
 .ARM.attributes
                0x000003a9       0x2e Build_STM32G474_Slcan_CoreMotionDual/STM32Cube/libstm32cube.a(stm32g4xx_hal_cortex.o)
 .ARM.attributes
                0x000003d7       0x2e Build_STM32G474_Slcan_CoreMotionDual/STM32Cube/libstm32cube.a(stm32g4xx_hal_fdcan.o)
 .ARM.attributes
                0x00000405       0x2e Build_STM32G474_Slcan_CoreMotionDual/STM32Cube/libstm32cube.a(stm32g4xx_hal_flash.o)
 .ARM.attributes
                0x00000433       0x2e Build_STM32G474_Slcan_CoreMotionDual/STM32Cube/libstm32cube.a(stm32g4xx_hal_flash_ex.o)
 .ARM.attributes
                0x00000461       0x2e Build_STM32G474_Slcan_CoreMotionDual/STM32Cube/libstm32cube.a(stm32g4xx_hal_gpio.o)
 .ARM.attributes
                0x0000048f       0x2e Build_STM32G474_Slcan_CoreMotionDual/STM32Cube/libstm32cube.a(stm32g4xx_hal_pcd.o)
 .ARM.attributes
                0x000004bd       0x2e Build_STM32G474_Slcan_CoreMotionDual/STM32Cube/libstm32cube.a(stm32g4xx_hal_pcd_ex.o)
 .ARM.attributes
                0x000004eb       0x2e Build_STM32G474_Slcan_CoreMotionDual/STM32Cube/libstm32cube.a(stm32g4xx_hal_pwr_ex.o)
 .ARM.attributes
                0x00000519       0x2e Build_STM32G474_Slcan_CoreMotionDual/STM32Cube/libstm32cube.a(stm32g4xx_hal_rcc.o)
 .ARM.attributes
                0x00000547       0x2e Build_STM32G474_Slcan_CoreMotionDual/STM32Cube/libstm32cube.a(stm32g4xx_hal_rcc_ex.o)
 .ARM.attributes
                0x00000575       0x2e Build_STM32G474_Slcan_CoreMotionDual/STM32Cube/libstm32cube.a(stm32g4xx_hal_tim.o)
 .ARM.attributes
                0x000005a3       0x2e Build_STM32G474_Slcan_CoreMotionDual/STM32Cube/libstm32cube.a(stm32g4xx_ll_usb.o)
 .ARM.attributes
                0x000005d1       0x2e /usr/lib/gcc/arm-none-eabi/13.2.1/../../../arm-none-eabi/lib/thumb/v7e-m/nofp/libc_nano.a(libc_a-sprintf.o)
 .ARM.attributes
                0x000005ff       0x2e /usr/lib/gcc/arm-none-eabi/13.2.1/../../../arm-none-eabi/lib/thumb/v7e-m/nofp/libc_nano.a(libc_a-strcpy.o)
 .ARM.attributes
                0x0000062d       0x2e /usr/lib/gcc/arm-none-eabi/13.2.1/../../../arm-none-eabi/lib/thumb/v7e-m/nofp/libc_nano.a(libc_a-impure.o)
 .ARM.attributes
                0x0000065b       0x2e /usr/lib/gcc/arm-none-eabi/13.2.1/../../../arm-none-eabi/lib/thumb/v7e-m/nofp/libc_nano.a(libc_a-nano-svfprintf.o)
 .ARM.attributes
                0x00000689       0x2e /usr/lib/gcc/arm-none-eabi/13.2.1/../../../arm-none-eabi/lib/thumb/v7e-m/nofp/libc_nano.a(libc_a-init.o)
 .ARM.attributes
                0x000006b7       0x1c /usr/lib/gcc/arm-none-eabi/13.2.1/../../../arm-none-eabi/lib/thumb/v7e-m/nofp/libc_nano.a(libc_a-strlen.o)
 .ARM.attributes
                0x000006d3       0x2e /usr/lib/gcc/arm-none-eabi/13.2.1/../../../arm-none-eabi/lib/thumb/v7e-m/nofp/libc_nano.a(libc_a-memset.o)
 .ARM.attributes
                0x00000701       0x2e /usr/lib/gcc/arm-none-eabi/13.2.1/../../../arm-none-eabi/lib/thumb/v7e-m/nofp/libc_nano.a(libc_a-mallocr.o)
 .ARM.attributes
                0x0000072f       0x2e /usr/lib/gcc/arm-none-eabi/13.2.1/../../../arm-none-eabi/lib/thumb/v7e-m/nofp/libc_nano.a(libc_a-freer.o)
 .ARM.attributes
                0x0000075d       0x2e /usr/lib/gcc/arm-none-eabi/13.2.1/../../../arm-none-eabi/lib/thumb/v7e-m/nofp/libc_nano.a(libc_a-memmove.o)
 .ARM.attributes
                0x0000078b       0x1c /usr/lib/gcc/arm-none-eabi/13.2.1/../../../arm-none-eabi/lib/thumb/v7e-m/nofp/libc_nano.a(libc_a-memchr.o)
 .ARM.attributes
                0x000007a7       0x1c /usr/lib/gcc/arm-none-eabi/13.2.1/../../../arm-none-eabi/lib/thumb/v7e-m/nofp/libc_nano.a(libc_a-memcpy.o)
 .ARM.attributes
                0x000007c3       0x2e /usr/lib/gcc/arm-none-eabi/13.2.1/../../../arm-none-eabi/lib/thumb/v7e-m/nofp/libc_nano.a(libc_a-reallocr.o)
 .ARM.attributes
                0x000007f1       0x2e /usr/lib/gcc/arm-none-eabi/13.2.1/../../../arm-none-eabi/lib/thumb/v7e-m/nofp/libc_nano.a(libc_a-nano-vfprintf_i.o)
 .ARM.attributes
                0x0000081f       0x2e /usr/lib/gcc/arm-none-eabi/13.2.1/../../../arm-none-eabi/lib/thumb/v7e-m/nofp/libc_nano.a(libc_a-mlock.o)
 .ARM.attributes
                0x0000084d       0x2e /usr/lib/gcc/arm-none-eabi/13.2.1/../../../arm-none-eabi/lib/thumb/v7e-m/nofp/libc_nano.a(libc_a-strncmp.o)
 .ARM.attributes
                0x0000087b       0x1c /usr/lib/gcc/arm-none-eabi/13.2.1/../../../arm-none-eabi/lib/thumb/v7e-m/nofp/libc_nano.a(libc_a-strcmp.o)
 .ARM.attributes
                0x00000897       0x2e /usr/lib/gcc/arm-none-eabi/13.2.1/../../../arm-none-eabi/lib/thumb/v7e-m/nofp/libc_nano.a(libc_a-memcmp.o)
 .ARM.attributes
                0x000008c5       0x2e /usr/lib/gcc/arm-none-eabi/13.2.1/../../../arm-none-eabi/lib/thumb/v7e-m/nofp/libc_nano.a(libc_a-sbrkr.o)
 .ARM.attributes
                0x000008f3       0x2e /usr/lib/gcc/arm-none-eabi/13.2.1/../../../arm-none-eabi/lib/thumb/v7e-m/nofp/libc_nano.a(libc_a-msizer.o)
 .ARM.attributes
                0x00000921       0x2e /usr/lib/gcc/arm-none-eabi/13.2.1/../../../arm-none-eabi/lib/thumb/v7e-m/nofp/libc_nano.a(libc_a-findfp.o)
 .ARM.attributes
                0x0000094f       0x2e /usr/lib/gcc/arm-none-eabi/13.2.1/../../../arm-none-eabi/lib/thumb/v7e-m/nofp/libc_nano.a(libc_a-reent.o)
 .ARM.attributes
                0x0000097d       0x2e /usr/lib/gcc/arm-none-eabi/13.2.1/../../../arm-none-eabi/lib/thumb/v7e-m/nofp/libnosys.a(sbrk.o)
 .ARM.attributes
                0x000009ab       0x2e /usr/lib/gcc/arm-none-eabi/13.2.1/thumb/v7e-m/nofp/crtend.o
 .ARM.attributes
                0x000009d9       0x1e /usr/lib/gcc/arm-none-eabi/13.2.1/thumb/v7e-m/nofp/crtn.o
OUTPUT(Build_STM32G474_Slcan_CoreMotionDual/STM32G474_Slcan2.5_CoreMotionDual_0x260618.elf elf32-littlearm)
LOAD linker stubs
LOAD /usr/lib/gcc/arm-none-eabi/13.2.1/../../../arm-none-eabi/lib/thumb/v7e-m/nofp/libc.a
LOAD /usr/lib/gcc/arm-none-eabi/13.2.1/../../../arm-none-eabi/lib/thumb/v7e-m/nofp/libm.a
LOAD /usr/lib/gcc/arm-none-eabi/13.2.1/thumb/v7e-m/nofp/libgcc.a

.comment        0x00000000       0x76
 .comment       0x00000000       0x76 /usr/lib/gcc/arm-none-eabi/13.2.1/thumb/v7e-m/nofp/crtbegin.o
                                 0x27 (size before relaxing)
 .comment       0x00000076       0x51 Build_STM32G474_Slcan_CoreMotionDual/main.o
 .comment       0x00000076       0x51 Build_STM32G474_Slcan_CoreMotionDual/system_STM32G4xx.o
 .comment       0x00000076       0x51 Build_STM32G474_Slcan_CoreMotionDual/system.o
 .comment       0x00000076       0x51 Build_STM32G474_Slcan_CoreMotionDual/interrupts.o
 .comment       0x00000076       0x51 Build_STM32G474_Slcan_CoreMotionDual/can.o
 .comment       0x00000076       0x51 Build_STM32G474_Slcan_CoreMotionDual/error.o
 .comment       0x00000076       0x51 Build_STM32G474_Slcan_CoreMotionDual/led.o
 .comment       0x00000076       0x51 Build_STM32G474_Slcan_CoreMotionDual/dfu.o
 .comment       0x00000076       0x51 Build_STM32G474_Slcan_CoreMotionDual/utils.o
 .comment       0x00000076       0x51 Build_STM32G474_Slcan_CoreMotionDual/usb_ctrlreq.o
 .comment       0x00000076       0x51 Build_STM32G474_Slcan_CoreMotionDual/usb_ioreq.o
 .comment       0x00000076       0x51 Build_STM32G474_Slcan_CoreMotionDual/usb_core.o
 .comment       0x00000076       0x51 Build_STM32G474_Slcan_CoreMotionDual/usb_lowlevel.o
 .comment       0x00000076       0x27 Build_STM32G474_Slcan_CoreMotionDual/Slcan/control.o
 .comment       0x00000076       0x27 Build_STM32G474_Slcan_CoreMotionDual/Slcan/buffer.o
 .comment       0x00000076       0x27 Build_STM32G474_Slcan_CoreMotionDual/Slcan/usb_class.o
 .comment       0x00000076       0x27 Build_STM32G474_Slcan_CoreMotionDual/Slcan/usb_interface.o
 .comment       0x00000076       0x27 Build_STM32G474_Slcan_CoreMotionDual/STM32Cube/libstm32cube.a(stm32g4xx_hal.o)
 .comment       0x00000076       0x27 Build_STM32G474_Slcan_CoreMotionDual/STM32Cube/libstm32cube.a(stm32g4xx_hal_cortex.o)
 .comment       0x00000076       0x27 Build_STM32G474_Slcan_CoreMotionDual/STM32Cube/libstm32cube.a(stm32g4xx_hal_fdcan.o)
 .comment       0x00000076       0x27 Build_STM32G474_Slcan_CoreMotionDual/STM32Cube/libstm32cube.a(stm32g4xx_hal_flash.o)
 .comment       0x00000076       0x27 Build_STM32G474_Slcan_CoreMotionDual/STM32Cube/libstm32cube.a(stm32g4xx_hal_flash_ex.o)
 .comment       0x00000076       0x27 Build_STM32G474_Slcan_CoreMotionDual/STM32Cube/libstm32cube.a(stm32g4xx_hal_gpio.o)
 .comment       0x00000076       0x27 Build_STM32G474_Slcan_CoreMotionDual/STM32Cube/libstm32cube.a(stm32g4xx_hal_pcd.o)
 .comment       0x00000076       0x27 Build_STM32G474_Slcan_CoreMotionDual/STM32Cube/libstm32cube.a(stm32g4xx_hal_pcd_ex.o)
 .comment       0x00000076       0x27 Build_STM32G474_Slcan_CoreMotionDual/STM32Cube/libstm32cube.a(stm32g4xx_hal_pwr_ex.o)
 .comment       0x00000076       0x27 Build_STM32G474_Slcan_CoreMotionDual/STM32Cube/libstm32cube.a(stm32g4xx_hal_rcc.o)
 .comment       0x00000076       0x27 Build_STM32G474_Slcan_CoreMotionDual/STM32Cube/libstm32cube.a(stm32g4xx_hal_rcc_ex.o)
 .comment       0x00000076       0x27 Build_STM32G474_Slcan_CoreMotionDual/STM32Cube/libstm32cube.a(stm32g4xx_hal_tim.o)
 .comment       0x00000076       0x27 Build_STM32G474_Slcan_CoreMotionDual/STM32Cube/libstm32cube.a(stm32g4xx_ll_usb.o)
 .comment       0x00000076       0x27 /usr/lib/gcc/arm-none-eabi/13.2.1/../../../arm-none-eabi/lib/thumb/v7e-m/nofp/libc_nano.a(libc_a-sprintf.o)
 .comment       0x00000076       0x27 /usr/lib/gcc/arm-none-eabi/13.2.1/../../../arm-none-eabi/lib/thumb/v7e-m/nofp/libc_nano.a(libc_a-strcpy.o)
 .comment       0x00000076       0x27 /usr/lib/gcc/arm-none-eabi/13.2.1/../../../arm-none-eabi/lib/thumb/v7e-m/nofp/libc_nano.a(libc_a-impure.o)
 .comment       0x00000076       0x27 /usr/lib/gcc/arm-none-eabi/13.2.1/../../../arm-none-eabi/lib/thumb/v7e-m/nofp/libc_nano.a(libc_a-nano-svfprintf.o)
 .comment       0x00000076       0x27 /usr/lib/gcc/arm-none-eabi/13.2.1/../../../arm-none-eabi/lib/thumb/v7e-m/nofp/libc_nano.a(libc_a-init.o)
 .comment       0x00000076       0x27 /usr/lib/gcc/arm-none-eabi/13.2.1/../../../arm-none-eabi/lib/thumb/v7e-m/nofp/libc_nano.a(libc_a-memset.o)
 .comment       0x00000076       0x27 /usr/lib/gcc/arm-none-eabi/13.2.1/../../../arm-none-eabi/lib/thumb/v7e-m/nofp/libc_nano.a(libc_a-mallocr.o)
 .comment       0x00000076       0x27 /usr/lib/gcc/arm-none-eabi/13.2.1/../../../arm-none-eabi/lib/thumb/v7e-m/nofp/libc_nano.a(libc_a-freer.o)
 .comment       0x00000076       0x27 /usr/lib/gcc/arm-none-eabi/13.2.1/../../../arm-none-eabi/lib/thumb/v7e-m/nofp/libc_nano.a(libc_a-memmove.o)
 .comment       0x00000076       0x27 /usr/lib/gcc/arm-none-eabi/13.2.1/../../../arm-none-eabi/lib/thumb/v7e-m/nofp/libc_nano.a(libc_a-reallocr.o)
 .comment       0x00000076       0x27 /usr/lib/gcc/arm-none-eabi/13.2.1/../../../arm-none-eabi/lib/thumb/v7e-m/nofp/libc_nano.a(libc_a-nano-vfprintf_i.o)
 .comment       0x00000076       0x27 /usr/lib/gcc/arm-none-eabi/13.2.1/../../../arm-none-eabi/lib/thumb/v7e-m/nofp/libc_nano.a(libc_a-mlock.o)
 .comment       0x00000076       0x27 /usr/lib/gcc/arm-none-eabi/13.2.1/../../../arm-none-eabi/lib/thumb/v7e-m/nofp/libc_nano.a(libc_a-strncmp.o)
 .comment       0x00000076       0x27 /usr/lib/gcc/arm-none-eabi/13.2.1/../../../arm-none-eabi/lib/thumb/v7e-m/nofp/libc_nano.a(libc_a-memcmp.o)
 .comment       0x00000076       0x27 /usr/lib/gcc/arm-none-eabi/13.2.1/../../../arm-none-eabi/lib/thumb/v7e-m/nofp/libc_nano.a(libc_a-sbrkr.o)
 .comment       0x00000076       0x27 /usr/lib/gcc/arm-none-eabi/13.2.1/../../../arm-none-eabi/lib/thumb/v7e-m/nofp/libc_nano.a(libc_a-msizer.o)
 .comment       0x00000076       0x27 /usr/lib/gcc/arm-none-eabi/13.2.1/../../../arm-none-eabi/lib/thumb/v7e-m/nofp/libc_nano.a(libc_a-findfp.o)
 .comment       0x00000076       0x27 /usr/lib/gcc/arm-none-eabi/13.2.1/../../../arm-none-eabi/lib/thumb/v7e-m/nofp/libc_nano.a(libc_a-reent.o)
 .comment       0x00000076       0x27 /usr/lib/gcc/arm-none-eabi/13.2.1/../../../arm-none-eabi/lib/thumb/v7e-m/nofp/libnosys.a(sbrk.o)
 .comment       0x00000076       0x27 /usr/lib/gcc/arm-none-eabi/13.2.1/thumb/v7e-m/nofp/crtend.o

.debug_info     0x00000000    0x2a3de
 .debug_info    0x00000000      0x376 Build_STM32G474_Slcan_CoreMotionDual/main.o
 .debug_info    0x00000376      0x5ad Build_STM32G474_Slcan_CoreMotionDual/system_STM32G4xx.o
 .debug_info    0x00000923     0x23c9 Build_STM32G474_Slcan_CoreMotionDual/system.o
 .debug_info    0x00002cec      0xc32 Build_STM32G474_Slcan_CoreMotionDual/interrupts.o
 .debug_info    0x0000391e     0x3766 Build_STM32G474_Slcan_CoreMotionDual/can.o
 .debug_info    0x00007084      0xba9 Build_STM32G474_Slcan_CoreMotionDual/error.o
 .debug_info    0x00007c2d      0xe86 Build_STM32G474_Slcan_CoreMotionDual/led.o
 .debug_info    0x00008ab3      0x7ca Build_STM32G474_Slcan_CoreMotionDual/dfu.o
 .debug_info    0x0000927d      0x73e Build_STM32G474_Slcan_CoreMotionDual/utils.o
 .debug_info    0x000099bb      0xf25 Build_STM32G474_Slcan_CoreMotionDual/usb_ctrlreq.o
 .debug_info    0x0000a8e0      0x528 Build_STM32G474_Slcan_CoreMotionDual/usb_ioreq.o
 .debug_info    0x0000ae08      0x972 Build_STM32G474_Slcan_CoreMotionDual/usb_core.o
 .debug_info    0x0000b77a     0x1a96 Build_STM32G474_Slcan_CoreMotionDual/usb_lowlevel.o