Archive member included to satisfy reference by file (symbol)

Build_STM32G474_Candlelight_CoreMotionDual/STM32Cube/libstm32cube.a(stm32g4xx_hal.o)
                              Build_STM32G474_Candlelight_CoreMotionDual/dfu.o (HAL_DeInit)
Build_STM32G474_Candlelight_CoreMotionDual/STM32Cube/libstm32cube.a(stm32g4xx_hal_cortex.o)
                              Build_STM32G474_Candlelight_CoreMotionDual/STM32Cube/libstm32cube.a(stm32g4xx_hal.o) (HAL_NVIC_SetPriorityGrouping)
Build_STM32G474_Candlelight_CoreMotionDual/STM32Cube/libstm32cube.a(stm32g4xx_hal_fdcan.o)
                              Build_STM32G474_Candlelight_CoreMotionDual/can.o (HAL_FDCAN_Init)
Build_STM32G474_Candlelight_CoreMotionDual/STM32Cube/libstm32cube.a(stm32g4xx_hal_flash.o)
                              Build_STM32G474_Candlelight_CoreMotionDual/system.o (HAL_FLASH_Program)
Build_STM32G474_Candlelight_CoreMotionDual/STM32Cube/libstm32cube.a(stm32g4xx_hal_flash_ex.o)
                              Build_STM32G474_Candlelight_CoreMotionDual/system.o (HAL_FLASHEx_Erase)
Build_STM32G474_Candlelight_CoreMotionDual/STM32Cube/libstm32cube.a(stm32g4xx_hal_gpio.o)
                              Build_STM32G474_Candlelight_CoreMotionDual/can.o (HAL_GPIO_Init)
Build_STM32G474_Candlelight_CoreMotionDual/STM32Cube/libstm32cube.a(stm32g4xx_hal_pcd.o)
                              Build_STM32G474_Candlelight_CoreMotionDual/usb_lowlevel.o (HAL_PCD_Init)
Build_STM32G474_Candlelight_CoreMotionDual/STM32Cube/libstm32cube.a(stm32g4xx_hal_pcd_ex.o)
                              Build_STM32G474_Candlelight_CoreMotionDual/usb_lowlevel.o (HAL_PCDEx_PMAConfig)
Build_STM32G474_Candlelight_CoreMotionDual/STM32Cube/libstm32cube.a(stm32g4xx_hal_pwr_ex.o)
                              Build_STM32G474_Candlelight_CoreMotionDual/system.o (HAL_PWREx_ControlVoltageScaling)
Build_STM32G474_Candlelight_CoreMotionDual/STM32Cube/libstm32cube.a(stm32g4xx_hal_rcc.o)
                              Build_STM32G474_Candlelight_CoreMotionDual/dfu.o (HAL_RCC_DeInit)
Build_STM32G474_Candlelight_CoreMotionDual/STM32Cube/libstm32cube.a(stm32g4xx_hal_rcc_ex.o)
                              Build_STM32G474_Candlelight_CoreMotionDual/system.o (HAL_RCCEx_PeriphCLKConfig)
Build_STM32G474_Candlelight_CoreMotionDual/STM32Cube/libstm32cube.a(stm32g4xx_hal_tim.o)
                              Build_STM32G474_Candlelight_CoreMotionDual/system.o (HAL_TIM_Base_Init)
Build_STM32G474_Candlelight_CoreMotionDual/STM32Cube/libstm32cube.a(stm32g4xx_hal_tim_ex.o)
                              Build_STM32G474_Candlelight_CoreMotionDual/STM32Cube/libstm32cube.a(stm32g4xx_hal_tim.o) (TIMEx_DMACommutationCplt)
Build_STM32G474_Candlelight_CoreMotionDual/STM32Cube/libstm32cube.a(stm32g4xx_ll_usb.o)
                              Build_STM32G474_Candlelight_CoreMotionDual/STM32Cube/libstm32cube.a(stm32g4xx_hal_pcd.o) (USB_EnableGlobalInt)
Build_STM32G474_Candlelight_CoreMotionDual/STM32Cube/libstm32cube.a(stm32g4xx_hal_dma.o)
                              Build_STM32G474_Candlelight_CoreMotionDual/STM32Cube/libstm32cube.a(stm32g4xx_hal_tim.o) (HAL_DMA_Start_IT)
Build_STM32G474_Candlelight_CoreMotionDual/STM32Cube/libstm32cube.a(stm32g4xx_hal_pwr.o)
                              Build_STM32G474_Candlelight_CoreMotionDual/STM32Cube/libstm32cube.a(stm32g4xx_hal_rcc_ex.o) (HAL_PWR_EnableBkUpAccess)
/usr/lib/gcc/arm-none-eabi/13.2.1/../../../arm-none-eabi/lib/thumb/v7e-m/nofp/libc_nano.a(libc_a-sprintf.o)
                              Build_STM32G474_Candlelight_CoreMotionDual/can.o (sprintf)
/usr/lib/gcc/arm-none-eabi/13.2.1/../../../arm-none-eabi/lib/thumb/v7e-m/nofp/libc_nano.a(libc_a-strcpy.o)
                              Build_STM32G474_Candlelight_CoreMotionDual/can.o (strcpy)
/usr/lib/gcc/arm-none-eabi/13.2.1/../../../arm-none-eabi/lib/thumb/v7e-m/nofp/libc_nano.a(libc_a-impure.o)
                              /usr/lib/gcc/arm-none-eabi/13.2.1/../../../arm-none-eabi/lib/thumb/v7e-m/nofp/libc_nano.a(libc_a-sprintf.o) (_impure_ptr)
/usr/lib/gcc/arm-none-eabi/13.2.1/../../../arm-none-eabi/lib/thumb/v7e-m/nofp/libc_nano.a(libc_a-nano-svfprintf.o)
                              /usr/lib/gcc/arm-none-eabi/13.2.1/../../../arm-none-eabi/lib/thumb/v7e-m/nofp/libc_nano.a(libc_a-sprintf.o) (_svfprintf_r)
/usr/lib/gcc/arm-none-eabi/13.2.1/../../../arm-none-eabi/lib/thumb/v7e-m/nofp/libc_nano.a(libc_a-init.o)
                              /usr/lib/gcc/arm-none-eabi/13.2.1/../../../arm-none-eabi/lib/thumb/v7e-m/nofp/crt0.o (__libc_init_array)
/usr/lib/gcc/arm-none-eabi/13.2.1/../../../arm-none-eabi/lib/thumb/v7e-m/nofp/libc_nano.a(libc_a-strlen.o)
                              Build_STM32G474_Candlelight_CoreMotionDual/can.o (strlen)
/usr/lib/gcc/arm-none-eabi/13.2.1/../../../arm-none-eabi/lib/thumb/v7e-m/nofp/libc_nano.a(libc_a-memset.o)
                              /usr/lib/gcc/arm-none-eabi/13.2.1/../../../arm-none-eabi/lib/thumb/v7e-m/nofp/crt0.o (memset)
[...]
Memory Configuration

Name             Origin             Length             Attributes
RAM              0x20000000         0x00020000         xrw
FLASH            0x08000000         0x0001f800         xr
DATA             0x0801f800         0x00000800         xr
*default*        0x00000000         0xffffffff

Linker script and memory map

LOAD /usr/lib/gcc/arm-none-eabi/13.2.1/thumb/v7e-m/nofp/crti.o
LOAD /usr/lib/gcc/arm-none-eabi/13.2.1/thumb/v7e-m/nofp/crtbegin.o
LOAD /usr/lib/gcc/arm-none-eabi/13.2.1/../../../arm-none-eabi/lib/thumb/v7e-m/nofp/crt0.o
LOAD Build_STM32G474_Candlelight_CoreMotionDual/main.o
LOAD Build_STM32G474_Candlelight_CoreMotionDual/system_STM32G4xx.o
LOAD Build_STM32G474_Candlelight_CoreMotionDual/system.o
LOAD Build_STM32G474_Candlelight_CoreMotionDual/interrupts.o
LOAD Build_STM32G474_Candlelight_CoreMotionDual/can.o
LOAD Build_STM32G474_Candlelight_CoreMotionDual/error.o
LOAD Build_STM32G474_Candlelight_CoreMotionDual/led.o
LOAD Build_STM32G474_Candlelight_CoreMotionDual/dfu.o
LOAD Build_STM32G474_Candlelight_CoreMotionDual/utils.o
LOAD Build_STM32G474_Candlelight_CoreMotionDual/usb_ctrlreq.o
LOAD Build_STM32G474_Candlelight_CoreMotionDual/usb_ioreq.o
LOAD Build_STM32G474_Candlelight_CoreMotionDual/usb_core.o
LOAD Build_STM32G474_Candlelight_CoreMotionDual/usb_lowlevel.o
LOAD Build_STM32G474_Candlelight_CoreMotionDual/startup_STM32G474.o
LOAD Build_STM32G474_Candlelight_CoreMotionDual/Candlelight/control.o
LOAD Build_STM32G474_Candlelight_CoreMotionDual/Candlelight/buffer.o
LOAD Build_STM32G474_Candlelight_CoreMotionDual/Candlelight/usb_class.o
LOAD Build_STM32G474_Candlelight_CoreMotionDual/Candlelight/usb_interface.o
LOAD Build_STM32G474_Candlelight_CoreMotionDual/STM32Cube/libstm32cube.a
LOAD /usr/lib/gcc/arm-none-eabi/13.2.1/../../../arm-none-eabi/lib/thumb/v7e-m/nofp/libc_nano.a
LOAD /usr/lib/gcc/arm-none-eabi/13.2.1/../../../arm-none-eabi/lib/thumb/v7e-m/nofp/libm.a
LOAD /usr/lib/gcc/arm-none-eabi/13.2.1/../../../arm-none-eabi/lib/thumb/v7e-m/nofp/libnosys.a
START GROUP
LOAD /usr/lib/gcc/arm-none-eabi/13.2.1/thumb/v7e-m/nofp/libgcc.a
LOAD /usr/lib/gcc/arm-none-eabi/13.2.1/../../../arm-none-eabi/lib/thumb/v7e-m/nofp/libg_nano.a
LOAD /usr/lib/gcc/arm-none-eabi/13.2.1/../../../arm-none-eabi/lib/thumb/v7e-m/nofp/libc_nano.a
END GROUP
START GROUP
LOAD /usr/lib/gcc/arm-none-eabi/13.2.1/thumb/v7e-m/nofp/libgcc.a
LOAD /usr/lib/gcc/arm-none-eabi/13.2.1/../../../arm-none-eabi/lib/thumb/v7e-m/nofp/libc_nano.a
LOAD /usr/lib/gcc/arm-none-eabi/13.2.1/../../../arm-none-eabi/lib/thumb/v7e-m/nofp/libnosys.a
END GROUP
START GROUP
LOAD /usr/lib/gcc/arm-none-eabi/13.2.1/thumb/v7e-m/nofp/libgcc.a
LOAD /usr/lib/gcc/arm-none-eabi/13.2.1/../../../arm-none-eabi/lib/thumb/v7e-m/nofp/libc_nano.a
LOAD /usr/lib/gcc/arm-none-eabi/13.2.1/../../../arm-none-eabi/lib/thumb/v7e-m/nofp/libnosys.a
END GROUP
LOAD /usr/lib/gcc/arm-none-eabi/13.2.1/thumb/v7e-m/nofp/crtend.o
LOAD /usr/lib/gcc/arm-none-eabi/13.2.1/thumb/v7e-m/nofp/crtn.o
                0x20020000                        _estack = (ORIGIN (RAM) + LENGTH (RAM))
                0x00000200                        _Min_Heap_Size = 0x200
                0x00000400                        _Min_Stack_Size = 0x400

.isr_vector     0x08000000      0x1d8
                0x08000000                        . = ALIGN (0x4)
 *(.isr_vector)
 .isr_vector    0x08000000      0x1d8 Build_STM32G474_Candlelight_CoreMotionDual/startup_STM32G474.o
                0x08000000                g_pfnVectors
                0x080001d8                        . = ALIGN (0x4)

.text           0x08000200     0x9ed4
                0x08000200                        . = ALIGN (0x4)
 *(.text)
 .text          0x08000200       0x88 /usr/lib/gcc/arm-none-eabi/13.2.1/thumb/v7e-m/nofp/crtbegin.o
 .text          0x08000288       0x80 /usr/lib/gcc/arm-none-eabi/13.2.1/../../../arm-none-eabi/lib/thumb/v7e-m/nofp/libc_nano.a(libc_a-sprintf.o)
                0x08000288                _siprintf_r
                0x08000288                _sprintf_r
                0x080002c4                sprintf
                0x080002c4                siprintf
 .text          0x08000308       0xbc /usr/lib/gcc/arm-none-eabi/13.2.1/../../../arm-none-eabi/lib/thumb/v7e-m/nofp/libc_nano.a(libc_a-strcpy.o)
                0x08000308                strcpy
 .text          0x080003c4      0x400 /usr/lib/gcc/arm-none-eabi/13.2.1/../../../arm-none-eabi/lib/thumb/v7e-m/nofp/libc_nano.a(libc_a-nano-svfprintf.o)
                0x080003c4                __ssputs_r
                0x08000484                __ssprint_r
                0x0800058c                _svfprintf_r
                0x0800058c                _svfiprintf_r
 .text          0x080007c4       0x50 /usr/lib/gcc/arm-none-eabi/13.2.1/../../../arm-none-eabi/lib/thumb/v7e-m/nofp/libc_nano.a(libc_a-init.o)
                0x080007c4                __libc_init_array
 *fill*         0x08000814       0x2c 
 .text          0x08000840       0xd8 /usr/lib/gcc/arm-none-eabi/13.2.1/../../../arm-none-eabi/lib/thumb/v7e-m/nofp/libc_nano.a(libc_a-strlen.o)
                0x08000840                strlen
 .text          0x08000918       0xa4 /usr/lib/gcc/arm-none-eabi/13.2.1/../../../arm-none-eabi/lib/thumb/v7e-m/nofp/libc_nano.a(libc_a-memset.o)
                0x08000918                memset
 .text          0x080009bc      0x148 /usr/lib/gcc/arm-none-eabi/13.2.1/../../../arm-none-eabi/lib/thumb/v7e-m/nofp/libc_nano.a(libc_a-mallocr.o)
                0x08000a04                _malloc_r
 .text          0x08000b04       0xbc /usr/lib/gcc/arm-none-eabi/13.2.1/../../../arm-none-eabi/lib/thumb/v7e-m/nofp/libc_nano.a(libc_a-freer.o)
                0x08000b04                _free_r
 .text          0x08000bc0      0x100 /usr/lib/gcc/arm-none-eabi/13.2.1/../../../arm-none-eabi/lib/thumb/v7e-m/nofp/libc_nano.a(libc_a-memmove.o)
                0x08000bc0                memmove
 .text          0x08000cc0       0xa0 /usr/lib/gcc/arm-none-eabi/13.2.1/../../../arm-none-eabi/lib/thumb/v7e-m/nofp/libc_nano.a(libc_a-memchr.o)
                0x08000cc0                memchr
 .text          0x08000d60      0x134 /usr/lib/gcc/arm-none-eabi/13.2.1/../../../arm-none-eabi/lib/thumb/v7e-m/nofp/libc_nano.a(libc_a-memcpy.o)
                0x08000d60                memcpy
 .text          0x08000e94       0x64 /usr/lib/gcc/arm-none-eabi/13.2.1/../../../arm-none-eabi/lib/thumb/v7e-m/nofp/libc_nano.a(libc_a-reallocr.o)
                0x08000e94                _realloc_r
 .text          0x08000ef8      0x3a8 /usr/lib/gcc/arm-none-eabi/13.2.1/../../../arm-none-eabi/lib/thumb/v7e-m/nofp/libc_nano.a(libc_a-nano-vfprintf_i.o)
                0x08000ef8                _printf_common
                0x0800101c                _printf_i
 .text          0x080012a0        0x8 /usr/lib/gcc/arm-none-eabi/13.2.1/../../../arm-none-eabi/lib/thumb/v7e-m/nofp/libc_nano.a(libc_a-mlock.o)
                0x080012a0                __malloc_lock
                0x080012a4                __malloc_unlock
 .text          0x080012a8       0x5c /usr/lib/gcc/arm-none-eabi/13.2.1/../../../arm-none-eabi/lib/thumb/v7e-m/nofp/libc_nano.a(libc_a-memcmp.o)
                0x080012a8                memcmp
 .text          0x08001304       0x24 /usr/lib/gcc/arm-none-eabi/13.2.1/../../../arm-none-eabi/lib/thumb/v7e-m/nofp/libc_nano.a(libc_a-sbrkr.o)
                0x08001304                _sbrk_r
 .text          0x08001328       0x10 /usr/lib/gcc/arm-none-eabi/13.2.1/../../../arm-none-eabi/lib/thumb/v7e-m/nofp/libc_nano.a(libc_a-msizer.o)
                0x08001328                _malloc_usable_size_r
 .text          0x08001338       0x1c /usr/lib/gcc/arm-none-eabi/13.2.1/../../../arm-none-eabi/lib/thumb/v7e-m/nofp/libnosys.a(sbrk.o)
                0x08001338                _sbrk
 *(.text*)
 .text.startup.main
                0x08001354       0xb8 Build_STM32G474_Candlelight_CoreMotionDual/main.o
                0x08001354                main
 .text.SystemInit
                0x0800140c       0x10 Build_STM32G474_Candlelight_CoreMotionDual/system_STM32G4xx.o
                0x0800140c                SystemInit
 .text.system_init_timestamp
                0x0800141c       0x80 Build_STM32G474_Candlelight_CoreMotionDual/system.o
                0x0800141c                system_init_timestamp
 .text.HAL_FDCAN_TimestampWraparoundCallback
                0x0800149c       0x10 Build_STM32G474_Candlelight_CoreMotionDual/system.o
                0x0800149c                HAL_FDCAN_TimestampWraparoundCallback
 .text.system_reset_timestamps
                0x080014ac       0x14 Build_STM32G474_Candlelight_CoreMotionDual/system.o
                0x080014ac                system_reset_timestamps
 .text.system_get_mcu_serie
                0x080014c0       0x2c Build_STM32G474_Candlelight_CoreMotionDual/system.o
                0x080014c0                system_get_mcu_serie
 .text.system_get_can_clock
                0x080014ec        0xc Build_STM32G474_Candlelight_CoreMotionDual/system.o
                0x080014ec                system_get_can_clock
 .text.system_get_timestamp
                0x080014f8       0x18 Build_STM32G474_Candlelight_CoreMotionDual/system.o
                0x080014f8                system_get_timestamp
 .text.system_get_timewrap
                0x08001510        0xc Build_STM32G474_Candlelight_CoreMotionDual/system.o
                0x08001510                system_get_timewrap
 .text.system_is_option_enabled
                0x0800151c       0x5c Build_STM32G474_Candlelight_CoreMotionDual/system.o
                0x0800151c                system_is_option_enabled
 .text.system_set_option_bytes
                0x08001578       0xd4 Build_STM32G474_Candlelight_CoreMotionDual/system.o
                0x08001578                system_set_option_bytes
 .text.system_init
                0x0800164c      0x144 Build_STM32G474_Candlelight_CoreMotionDual/system.o
                0x0800164c                system_init
 .text.system_get_flash_addr
                0x08001790       0x50 Build_STM32G474_Candlelight_CoreMotionDual/system.o
                0x08001790                system_get_flash_addr
 .text.system_write_flash
                0x080017e0      0x110 Build_STM32G474_Candlelight_CoreMotionDual/system.o
                0x080017e0                system_write_flash
 .text.NMI_Handler
                0x080018f0        0x4 Build_STM32G474_Candlelight_CoreMotionDual/interrupts.o
                0x080018f0                NMI_Handler
 .text.HardFault_Handler
                0x080018f4        0x4 Build_STM32G474_Candlelight_CoreMotionDual/interrupts.o
                0x080018f4                HardFault_Handler
 .text.MemManage_Handler
                0x080018f8        0x4 Build_STM32G474_Candlelight_CoreMotionDual/interrupts.o
                0x080018f8                MemManage_Handler
 .text.BusFault_Handler
                0x080018fc        0x4 Build_STM32G474_Candlelight_CoreMotionDual/interrupts.o
                0x080018fc                BusFault_Handler
 .text.UsageFault_Handler
                0x08001900        0x4 Build_STM32G474_Candlelight_CoreMotionDual/interrupts.o
                0x08001900                UsageFault_Handler
 .text.SVC_Handler
                0x08001904        0x4 Build_STM32G474_Candlelight_CoreMotionDual/interrupts.o
                0x08001904                SVC_Handler
 .text.DebugMon_Handler
                0x08001908        0x4 Build_STM32G474_Candlelight_CoreMotionDual/interrupts.o
                0x08001908                DebugMon_Handler
 .text.PendSV_Handler
                0x0800190c        0x4 Build_STM32G474_Candlelight_CoreMotionDual/interrupts.o
                0x0800190c                PendSV_Handler
 .text.SysTick_Handler
                0x08001910       0x10 Build_STM32G474_Candlelight_CoreMotionDual/interrupts.o
                0x08001910                SysTick_Handler
 .text.USB_LP_IRQHandler
                0x08001920        0xc Build_STM32G474_Candlelight_CoreMotionDual/interrupts.o
                0x08001920                USB_LP_IRQHandler
 .text.USB_HP_IRQHandler
                0x0800192c        0xc Build_STM32G474_Candlelight_CoreMotionDual/interrupts.o
                0x0800192c                USB_HP_IRQHandler
 .text.FDCAN1_IT0_IRQHandler
                0x08001938       0x10 Build_STM32G474_Candlelight_CoreMotionDual/interrupts.o
                0x08001938                FDCAN1_IT0_IRQHandler
 .text.can_calc_bit_count_in_frame.part.0
                0x08001948       0xa8 Build_STM32G474_Candlelight_CoreMotionDual/can.o
 .text.can_init
                0x080019f0       0xd8 Build_STM32G474_Candlelight_CoreMotionDual/can.o
                0x080019f0                can_init
 .text.can_open
                0x08001ac8      0x2b4 Build_STM32G474_Candlelight_CoreMotionDual/can.o
                0x08001ac8                can_open
 .text.can_close_all
                0x08001d7c       0xb0 Build_STM32G474_Candlelight_CoreMotionDual/can.o
                0x08001d7c                can_close_all
 .text.can_close
                0x08001e2c       0x6c Build_STM32G474_Candlelight_CoreMotionDual/can.o
                0x08001e2c                can_close
 .text.can_send_packet
                0x08001e98       0xb4 Build_STM32G474_Candlelight_CoreMotionDual/can.o
                0x08001e98                can_send_packet
 .text.can_recover_bus_off
                0x08001f4c       0x6c Build_STM32G474_Candlelight_CoreMotionDual/can.o
                0x08001f4c                can_recover_bus_off
 .text.can_timer_100ms
                0x08001fb8       0xa0 Build_STM32G474_Candlelight_CoreMotionDual/can.o
                0x08001fb8                can_timer_100ms
 .text.can_set_bit_timing
                0x08002058       0xb0 Build_STM32G474_Candlelight_CoreMotionDual/can.o
                0x08002058                can_set_bit_timing
 .text.can_print_info
                0x08002108      0x100 Build_STM32G474_Candlelight_CoreMotionDual/can.o
                0x08002108                can_print_info
 .text.can_add_host_filter
                0x08002208      0x114 Build_STM32G474_Candlelight_CoreMotionDual/can.o
                0x08002208                can_add_host_filter
 .text.can_clear_host_filters
                0x0800231c       0x28 Build_STM32G474_Candlelight_CoreMotionDual/can.o
                0x0800231c                can_clear_host_filters
 .text.can_set_bridge_filter
                0x08002344       0xc0 Build_STM32G474_Candlelight_CoreMotionDual/can.o
                0x08002344                can_set_bridge_filter
 .text.can_forward_bridge_packet
                0x08002404       0xd8 Build_STM32G474_Candlelight_CoreMotionDual/can.o
                0x08002404                can_forward_bridge_packet
 .text.can_process
                0x080024dc      0x310 Build_STM32G474_Candlelight_CoreMotionDual/can.o
                0x080024dc                can_process
 .text.can_set_termination
                0x080027ec       0x40 Build_STM32G474_Candlelight_CoreMotionDual/can.o
                0x080027ec                can_set_termination
 .text.can_get_termination
                0x0800282c       0x2c Build_STM32G474_Candlelight_CoreMotionDual/can.o
                0x0800282c                can_get_termination
 .text.can_enable_busload
                0x08002858       0x20 Build_STM32G474_Candlelight_CoreMotionDual/can.o
                0x08002858                can_enable_busload
 .text.can_is_any_open
                0x08002878       0x14 Build_STM32G474_Candlelight_CoreMotionDual/can.o
                0x08002878                can_is_any_open
 .text.can_is_open
                0x0800288c       0x14 Build_STM32G474_Candlelight_CoreMotionDual/can.o
                0x0800288c                can_is_open
 .text.can_is_passive
                0x080028a0       0x1c Build_STM32G474_Candlelight_CoreMotionDual/can.o
                0x080028a0                can_is_passive
 .text.can_using_FD
                0x080028bc       0x1c Build_STM32G474_Candlelight_CoreMotionDual/can.o
                0x080028bc                can_using_FD
 .text.can_is_tx_allowed
                0x080028d8       0x30 Build_STM32G474_Candlelight_CoreMotionDual/can.o
                0x080028d8                can_is_tx_allowed
 .text.can_is_tx_fifo_free
                0x08002908       0x1c Build_STM32G474_Candlelight_CoreMotionDual/can.o
                0x08002908                can_is_tx_fifo_free
 .text.can_get_handle
                0x08002924       0x10 Build_STM32G474_Candlelight_CoreMotionDual/can.o
                0x08002924                can_get_handle
 .text.error_init
                0x08002934       0x20 Build_STM32G474_Candlelight_CoreMotionDual/error.o
                0x08002934                error_init
 .text.error_assert
                0x08002954       0x2c Build_STM32G474_Candlelight_CoreMotionDual/error.o
                0x08002954                error_assert
 .text.error_get_state
                0x08002980       0x14 Build_STM32G474_Candlelight_CoreMotionDual/error.o
                0x08002980                error_get_state
 .text.error_is_report_due
                0x08002994      0x184 Build_STM32G474_Candlelight_CoreMotionDual/error.o
                0x08002994                error_is_report_due
 .text.error_clear
                0x08002b18       0x18 Build_STM32G474_Candlelight_CoreMotionDual/error.o
                0x08002b18                error_clear
 .text.led_init
                0x08002b30       0x80 Build_STM32G474_Candlelight_CoreMotionDual/led.o
                0x08002b30                led_init
 .text.led_sleep
                0x08002bb0       0x48 Build_STM32G474_Candlelight_CoreMotionDual/led.o
                0x08002bb0                led_sleep
 .text.led_blink_power_on
                0x08002bf8       0x90 Build_STM32G474_Candlelight_CoreMotionDual/led.o
                0x08002bf8                led_blink_power_on
 .text.led_blink_identify
                0x08002c88       0x5c Build_STM32G474_Candlelight_CoreMotionDual/led.o
                0x08002c88                led_blink_identify
 .text.led_turn_TX
                0x08002ce4       0x2c Build_STM32G474_Candlelight_CoreMotionDual/led.o
                0x08002ce4                led_turn_TX
 .text.led_flash_TX
                0x08002d10       0x48 Build_STM32G474_Candlelight_CoreMotionDual/led.o
                0x08002d10                led_flash_TX
 .text.led_flash_RX
                0x08002d58       0x48 Build_STM32G474_Candlelight_CoreMotionDual/led.o
                0x08002d58                led_flash_RX
 .text.led_process
                0x08002da0      0x178 Build_STM32G474_Candlelight_CoreMotionDual/led.o
                0x08002da0                led_process
 .text.dfu_switch_to_bootloader
                0x08002f18       0x64 Build_STM32G474_Candlelight_CoreMotionDual/dfu.o
                0x08002f18                dfu_switch_to_bootloader
 .text.dfu_timer_100ms
                0x08002f7c       0x78 Build_STM32G474_Candlelight_CoreMotionDual/dfu.o
                0x08002f7c                dfu_timer_100ms
 .text.utils_init
                0x08002ff4       0x38 Build_STM32G474_Candlelight_CoreMotionDual/utils.o
                0x08002ff4                utils_init
 .text.utils_get_bit_limits
                0x0800302c       0x18 Build_STM32G474_Candlelight_CoreMotionDual/utils.o
                0x0800302c                utils_get_bit_limits
 .text.utils_mem_is_empty
                0x08003044       0x20 Build_STM32G474_Candlelight_CoreMotionDual/utils.o
                0x08003044                utils_mem_is_empty
 .text.utils_dlc_to_byte_count
                0x08003064       0x1c Build_STM32G474_Candlelight_CoreMotionDual/utils.o
                0x08003064                utils_dlc_to_byte_count
 .text.utils_byte_count_to_dlc
                0x08003080       0x3c Build_STM32G474_Candlelight_CoreMotionDual/utils.o
                0x08003080                utils_byte_count_to_dlc
 .text.utils_format_bitrate
                0x080030bc       0xe8 Build_STM32G474_Candlelight_CoreMotionDual/utils.o
                0x080030bc                utils_format_bitrate
 .text.USBD_StdDevReq
                0x080031a4      0x310 Build_STM32G474_Candlelight_CoreMotionDual/usb_ctrlreq.o
                0x080031a4                USBD_StdDevReq
 .text.USBD_StdItfReq
                0x080034b4       0x54 Build_STM32G474_Candlelight_CoreMotionDual/usb_ctrlreq.o
                0x080034b4                USBD_StdItfReq
 .text.USBD_StdEPReq
                0x08003508      0x130 Build_STM32G474_Candlelight_CoreMotionDual/usb_ctrlreq.o
                0x08003508                USBD_StdEPReq
 .text.USBD_ParseSetupRequest
                0x08003638       0x18 Build_STM32G474_Candlelight_CoreMotionDual/usb_ctrlreq.o
                0x08003638                USBD_ParseSetupRequest
 .text.USBD_CtlError
                0x08003650       0x14 Build_STM32G474_Candlelight_CoreMotionDual/usb_ctrlreq.o
                0x08003650                USBD_CtlError
 .text.USBD_GetStringDescr
                0x08003664       0x48 Build_STM32G474_Candlelight_CoreMotionDual/usb_ctrlreq.o
                0x08003664                USBD_GetStringDescr
 .text.USBD_CtlSendData
                0x080036ac       0x20 Build_STM32G474_Candlelight_CoreMotionDual/usb_ioreq.o
                0x080036ac                USBD_CtlSendData
 .text.USBD_CtlContinueSendData
                0x080036cc       0x10 Build_STM32G474_Candlelight_CoreMotionDual/usb_ioreq.o
                0x080036cc                USBD_CtlContinueSendData
 .text.USBD_CtlPrepareRx
                0x080036dc       0x20 Build_STM32G474_Candlelight_CoreMotionDual/usb_ioreq.o
                0x080036dc                USBD_CtlPrepareRx
 .text.USBD_CtlContinueRx
                0x080036fc       0x10 Build_STM32G474_Candlelight_CoreMotionDual/usb_ioreq.o
                0x080036fc                USBD_CtlContinueRx
 .text.USBD_CtlSendStatus
                0x0800370c       0x1c Build_STM32G474_Candlelight_CoreMotionDual/usb_ioreq.o
                0x0800370c                USBD_CtlSendStatus
 .text.USBD_CtlReceiveStatus
                0x08003728       0x1c Build_STM32G474_Candlelight_CoreMotionDual/usb_ioreq.o
                0x08003728                USBD_CtlReceiveStatus
 .text.USBD_Init
                0x08003744       0x28 Build_STM32G474_Candlelight_CoreMotionDual/usb_core.o
                0x08003744                USBD_Init
 .text.USBD_SetClassConfig
                0x0800376c       0x18 Build_STM32G474_Candlelight_CoreMotionDual/usb_core.o
                0x0800376c                USBD_SetClassConfig
 .text.USBD_ClrClassConfig
                0x08003784       0x10 Build_STM32G474_Candlelight_CoreMotionDual/usb_core.o
                0x08003784                USBD_ClrClassConfig
 .text.USBD_LL_SetupStage
                0x08003794       0x60 Build_STM32G474_Candlelight_CoreMotionDual/usb_core.o
                0x08003794                USBD_LL_SetupStage
 .text.USBD_LL_DataOutStage
                0x080037f4       0x78 Build_STM32G474_Candlelight_CoreMotionDual/usb_core.o
                0x080037f4                USBD_LL_DataOutStage
 .text.USBD_LL_DataInStage
                0x0800386c       0xc0 Build_STM32G474_Candlelight_CoreMotionDual/usb_core.o
                0x0800386c                USBD_LL_DataInStage
 .text.USBD_LL_Reset
                0x0800392c       0x4c Build_STM32G474_Candlelight_CoreMotionDual/usb_core.o
                0x0800392c                USBD_LL_Reset
 .text.USBD_LL_SetSpeed
                0x08003978        0xc Build_STM32G474_Candlelight_CoreMotionDual/usb_core.o
                0x08003978                USBD_LL_SetSpeed
 .text.USBD_LL_Suspend
                0x08003984       0x18 Build_STM32G474_Candlelight_CoreMotionDual/usb_core.o
                0x08003984                USBD_LL_Suspend
 .text.USBD_LL_Resume
                0x0800399c       0x1c Build_STM32G474_Candlelight_CoreMotionDual/usb_core.o
                0x0800399c                USBD_LL_Resume
 .text.USBD_LL_SOF
                0x080039b8       0x28 Build_STM32G474_Candlelight_CoreMotionDual/usb_core.o
                0x080039b8                USBD_LL_SOF
 .text.HAL_PCD_MspInit
                0x080039e0       0x44 Build_STM32G474_Candlelight_CoreMotionDual/usb_lowlevel.o
                0x080039e0                HAL_PCD_MspInit
 .text.HAL_PCD_SetupStageCallback
                0x08003a24       0x18 Build_STM32G474_Candlelight_CoreMotionDual/usb_lowlevel.o
                0x08003a24                HAL_PCD_SetupStageCallback
 .text.HAL_PCD_DataOutStageCallback
                0x08003a3c       0x18 Build_STM32G474_Candlelight_CoreMotionDual/usb_lowlevel.o
                0x08003a3c                HAL_PCD_DataOutStageCallback
 .text.HAL_PCD_DataInStageCallback
                0x08003a54       0x18 Build_STM32G474_Candlelight_CoreMotionDual/usb_lowlevel.o
                0x08003a54                HAL_PCD_DataInStageCallback
 .text.HAL_PCD_SOFCallback
                0x08003a6c        0x4 Build_STM32G474_Candlelight_CoreMotionDual/usb_lowlevel.o
                0x08003a6c                HAL_PCD_SOFCallback
 .text.HAL_PCD_ResetCallback
                0x08003a70       0x10 Build_STM32G474_Candlelight_CoreMotionDual/usb_lowlevel.o
                0x08003a70                HAL_PCD_ResetCallback
 .text.HAL_PCD_SuspendCallback
                0x08003a80       0x30 Build_STM32G474_Candlelight_CoreMotionDual/usb_lowlevel.o
                0x08003a80                HAL_PCD_SuspendCallback
 .text.HAL_PCD_ResumeCallback
                0x08003ab0       0x2c Build_STM32G474_Candlelight_CoreMotionDual/usb_lowlevel.o
                0x08003ab0                HAL_PCD_ResumeCallback
 .text.HAL_PCD_Is_Suspended
                0x08003adc        0xc Build_STM32G474_Candlelight_CoreMotionDual/usb_lowlevel.o
                0x08003adc                HAL_PCD_Is_Suspended
 .text.USBD_LL_Init
                0x08003ae8       0x28 Build_STM32G474_Candlelight_CoreMotionDual/usb_lowlevel.o
                0x08003ae8                USBD_LL_Init
 .text.USBD_LL_ConfigurePMA
                0x08003b10       0x44 Build_STM32G474_Candlelight_CoreMotionDual/usb_lowlevel.o
                0x08003b10                USBD_LL_ConfigurePMA
 .text.USBD_LL_Start
                0x08003b54       0x18 Build_STM32G474_Candlelight_CoreMotionDual/usb_lowlevel.o
                0x08003b54                USBD_LL_Start
 .text.USBD_LL_OpenEP
                0x08003b6c       0x20 Build_STM32G474_Candlelight_CoreMotionDual/usb_lowlevel.o
                0x08003b6c                USBD_LL_OpenEP
 .text.USBD_LL_CloseEP
                0x08003b8c       0x1c Build_STM32G474_Candlelight_CoreMotionDual/usb_lowlevel.o
                0x08003b8c                USBD_LL_CloseEP
 .text.USBD_LL_StallEP
                0x08003ba8       0x1c Build_STM32G474_Candlelight_CoreMotionDual/usb_lowlevel.o
                0x08003ba8                USBD_LL_StallEP
 .text.USBD_LL_ClearStallEP
                0x08003bc4       0x1c Build_STM32G474_Candlelight_CoreMotionDual/usb_lowlevel.o
                0x08003bc4                USBD_LL_ClearStallEP
 .text.USBD_LL_IsStallEP
                0x08003be0       0x28 Build_STM32G474_Candlelight_CoreMotionDual/usb_lowlevel.o
                0x08003be0                USBD_LL_IsStallEP
 .text.USBD_LL_SetUSBAddress
                0x08003c08       0x1c Build_STM32G474_Candlelight_CoreMotionDual/usb_lowlevel.o
                0x08003c08                USBD_LL_SetUSBAddress
 .text.USBD_LL_Transmit
                0x08003c24       0x20 Build_STM32G474_Candlelight_CoreMotionDual/usb_lowlevel.o
                0x08003c24                USBD_LL_Transmit
 .text.USBD_LL_PrepareReceive
                0x08003c44       0x20 Build_STM32G474_Candlelight_CoreMotionDual/usb_lowlevel.o
                0x08003c44                USBD_LL_PrepareReceive
 .text.Reset_Handler
                0x08003c64       0x50 Build_STM32G474_Candlelight_CoreMotionDual/startup_STM32G474.o
                0x08003c64                Reset_Handler
 .text.Default_Handler
                0x08003cb4        0x2 Build_STM32G474_Candlelight_CoreMotionDual/startup_STM32G474.o
                0x08003cb4                RTC_Alarm_IRQHandler
                0x08003cb4                EXTI2_IRQHandler
                0x08003cb4                TIM8_TRG_COM_IRQHandler
                0x08003cb4                TIM8_CC_IRQHandler
                0x08003cb4                HRTIM1_Master_IRQHandler
                0x08003cb4                SPI4_IRQHandler
                0x08003cb4                FDCAN3_IT0_IRQHandler
                0x08003cb4                TIM1_CC_IRQHandler
                0x08003cb4                HRTIM1_FLT_IRQHandler
                0x08003cb4                HRTIM1_TIMF_IRQHandler
                0x08003cb4                CORDIC_IRQHandler
                0x08003cb4                HRTIM1_TIMD_IRQHandler
                0x08003cb4                DMA2_Channel8_IRQHandler
                0x08003cb4                EXTI3_IRQHandler
                0x08003cb4                I2C3_ER_IRQHandler
                0x08003cb4                EXTI0_IRQHandler
                0x08003cb4                I2C2_EV_IRQHandler
                0x08003cb4                FPU_IRQHandler
                0x08003cb4                FDCAN1_IT1_IRQHandler
                0x08003cb4                TIM1_UP_TIM16_IRQHandler
                0x08003cb4                ADC1_2_IRQHandler
                0x08003cb4                HRTIM1_TIME_IRQHandler
                0x08003cb4                SPI1_IRQHandler
                0x08003cb4                TIM6_DAC_IRQHandler
                0x08003cb4                HRTIM1_TIMC_IRQHandler
                0x08003cb4                TIM8_UP_IRQHandler
                0x08003cb4                DMA2_Channel2_IRQHandler
                0x08003cb4                DMA1_Channel4_IRQHandler
                0x08003cb4                TIM20_TRG_COM_IRQHandler
                0x08003cb4                USART3_IRQHandler
                0x08003cb4                DMA1_Channel7_IRQHandler
                0x08003cb4                UART5_IRQHandler
                0x08003cb4                ADC3_IRQHandler
                0x08003cb4                TIM4_IRQHandler
                0x08003cb4                DMA2_Channel1_IRQHandler
                0x08003cb4                QUADSPI_IRQHandler
                0x08003cb4                I2C1_EV_IRQHandler
                0x08003cb4                DMA1_Channel6_IRQHandler
                0x08003cb4                UART4_IRQHandler
                0x08003cb4                DMA2_Channel4_IRQHandler
                0x08003cb4                TIM3_IRQHandler
                0x08003cb4                RCC_IRQHandler
                0x08003cb4                TIM20_UP_IRQHandler
                0x08003cb4                DMA1_Channel1_IRQHandler
                0x08003cb4                Default_Handler
                0x08003cb4                DMA2_Channel7_IRQHandler
                0x08003cb4                RTC_TAMP_LSECSS_IRQHandler
                0x08003cb4                FMAC_IRQHandler
                0x08003cb4                EXTI15_10_IRQHandler
                0x08003cb4                DMA1_Channel8_IRQHandler
                0x08003cb4                HRTIM1_TIMA_IRQHandler
                0x08003cb4                TIM7_DAC_IRQHandler
                0x08003cb4                FDCAN3_IT1_IRQHandler
                0x08003cb4                TIM5_IRQHandler
                0x08003cb4                UCPD1_IRQHandler
                0x08003cb4                I2C3_EV_IRQHandler
                0x08003cb4                EXTI9_5_IRQHandler
                0x08003cb4                RTC_WKUP_IRQHandler
                0x08003cb4                PVD_PVM_IRQHandler
                0x08003cb4                SPI2_IRQHandler
                0x08003cb4                ADC5_IRQHandler
                0x08003cb4                DMA2_Channel5_IRQHandler
                0x08003cb4                CRS_IRQHandler
                0x08003cb4                DMA1_Channel5_IRQHandler
                0x08003cb4                EXTI4_IRQHandler
                0x08003cb4                RNG_IRQHandler
                0x08003cb4                HRTIM1_TIMB_IRQHandler
                0x08003cb4                TIM1_TRG_COM_TIM17_IRQHandler
                0x08003cb4                FDCAN2_IT1_IRQHandler
                0x08003cb4                DMA1_Channel3_IRQHandler
                0x08003cb4                ADC4_IRQHandler
                0x08003cb4                WWDG_IRQHandler
                0x08003cb4                I2C4_EV_IRQHandler
                0x08003cb4                FDCAN2_IT0_IRQHandler
                0x08003cb4                LPUART1_IRQHandler
                0x08003cb4                DMA2_Channel6_IRQHandler
                0x08003cb4                TIM2_IRQHandler
                0x08003cb4                COMP7_IRQHandler
                0x08003cb4                COMP1_2_3_IRQHandler
                0x08003cb4                EXTI1_IRQHandler
                0x08003cb4                USART2_IRQHandler
                0x08003cb4                COMP4_5_6_IRQHandler
                0x08003cb4                TIM20_BRK_IRQHandler
                0x08003cb4                I2C2_ER_IRQHandler
                0x08003cb4                DMA1_Channel2_IRQHandler
                0x08003cb4                TIM8_BRK_IRQHandler
                0x08003cb4                FLASH_IRQHandler
                0x08003cb4                TIM20_CC_IRQHandler
                0x08003cb4                USART1_IRQHandler
                0x08003cb4                SPI3_IRQHandler
                0x08003cb4                I2C1_ER_IRQHandler
                0x08003cb4                FMC_IRQHandler
                0x08003cb4                LPTIM1_IRQHandler
                0x08003cb4                DMAMUX_OVR_IRQHandler
                0x08003cb4                I2C4_ER_IRQHandler
                0x08003cb4                USBWakeUp_IRQHandler
                0x08003cb4                SAI1_IRQHandler
                0x08003cb4                DMA2_Channel3_IRQHandler
                0x08003cb4                TIM1_BRK_TIM15_IRQHandler
 *fill*         0x08003cb6        0x2 
 .text.control_init
                0x08003cb8      0x10c Build_STM32G474_Candlelight_CoreMotionDual/Candlelight/control.o
                0x08003cb8                control_init
 .text.control_setup_request
                0x08003dc4      0x2a8 Build_STM32G474_Candlelight_CoreMotionDual/Candlelight/control.o
                0x08003dc4                control_setup_request
 .text.control_setup_OUT_data
                0x0800406c      0x2f0 Build_STM32G474_Candlelight_CoreMotionDual/Candlelight/control.o
                0x0800406c                control_setup_OUT_data
 .text.control_process
                0x0800435c       0x24 Build_STM32G474_Candlelight_CoreMotionDual/Candlelight/control.o
                0x0800435c                control_process
 .text.control_report_busload
                0x08004380       0x48 Build_STM32G474_Candlelight_CoreMotionDual/Candlelight/control.o
                0x08004380                control_report_busload
 .text.control_send_debug_mesg
                0x080043c8       0x84 Build_STM32G474_Candlelight_CoreMotionDual/Candlelight/control.o
                0x080043c8                control_send_debug_mesg
 .text.buf_process_host.part.0
                0x0800444c      0x1e4 Build_STM32G474_Candlelight_CoreMotionDual/Candlelight/buffer.o
 .text.buf_clear_can_buffer
                0x08004630       0x7c Build_STM32G474_Candlelight_CoreMotionDual/Candlelight/buffer.o
                0x08004630                buf_clear_can_buffer
 .text.buf_clear_buffers
                0x080046ac      0x104 Build_STM32G474_Candlelight_CoreMotionDual/Candlelight/buffer.o
                0x080046ac                buf_clear_buffers
 .text.buf_init
                0x080047b0       0x1c Build_STM32G474_Candlelight_CoreMotionDual/Candlelight/buffer.o
                0x080047b0                buf_init
 .text.buf_store_tx_packet
                0x080047cc       0xe4 Build_STM32G474_Candlelight_CoreMotionDual/Candlelight/buffer.o
                0x080047cc                buf_store_tx_packet
 .text.buf_store_can_frame
                0x080048b0      0x104 Build_STM32G474_Candlelight_CoreMotionDual/Candlelight/buffer.o
                0x080048b0                buf_store_can_frame
 .text.buf_store_can_frame_blob
                0x080049b4      0x194 Build_STM32G474_Candlelight_CoreMotionDual/Candlelight/buffer.o
                0x080049b4                buf_store_can_frame_blob
 .text.buf_store_rx_packet
                0x08004b48      0x184 Build_STM32G474_Candlelight_CoreMotionDual/Candlelight/buffer.o
                0x08004b48                buf_store_rx_packet
 .text.buf_store_rx_packet_echo
                0x08004ccc      0x184 Build_STM32G474_Candlelight_CoreMotionDual/Candlelight/buffer.o
                0x08004ccc                buf_store_rx_packet_echo
 .text.buf_process
                0x08004e50      0x150 Build_STM32G474_Candlelight_CoreMotionDual/Candlelight/buffer.o
                0x08004e50                buf_process
 .text.buf_store_tx_echo
                0x08004fa0       0x9c Build_STM32G474_Candlelight_CoreMotionDual/Candlelight/buffer.o
                0x08004fa0                buf_store_tx_echo
 .text.buf_store_error
                0x0800503c      0x210 Build_STM32G474_Candlelight_CoreMotionDual/Candlelight/buffer.o
                0x0800503c                buf_store_error
 .text.buf_get_host_frame_locked
                0x0800524c       0x30 Build_STM32G474_Candlelight_CoreMotionDual/Candlelight/buffer.o
                0x0800524c                buf_get_host_frame_locked
 .text.buf_get_instance
                0x0800527c       0x10 Build_STM32G474_Candlelight_CoreMotionDual/Candlelight/buffer.o
                0x0800527c                buf_get_instance
 .text.USB_IRQ_Init
                0x0800528c       0x94 Build_STM32G474_Candlelight_CoreMotionDual/Candlelight/usb_class.o
                0x0800528c                USB_IRQ_Init
 .text.USB_IRQ_EP0_RxReady
                0x08005320        0xc Build_STM32G474_Candlelight_CoreMotionDual/Candlelight/usb_class.o
                0x08005320                USB_IRQ_EP0_RxReady
 .text.USB_IRQ_DataOut
                0x0800532c       0x44 Build_STM32G474_Candlelight_CoreMotionDual/Candlelight/usb_class.o
                0x0800532c                USB_IRQ_DataOut
 .text.USB_IRQ_DataIn
                0x08005370       0x34 Build_STM32G474_Candlelight_CoreMotionDual/Candlelight/usb_class.o
                0x08005370                USB_IRQ_DataIn
 .text.USB_IRQ_DeInit
                0x080053a4       0x38 Build_STM32G474_Candlelight_CoreMotionDual/Candlelight/usb_class.o
                0x080053a4                USB_IRQ_DeInit
 .text.USB_IRQ_Setup
                0x080053dc       0x94 Build_STM32G474_Candlelight_CoreMotionDual/Candlelight/usb_class.o
                0x080053dc                USB_IRQ_Setup
 .text.USBD_ConfigureEndpoints
                0x08005470       0x64 Build_STM32G474_Candlelight_CoreMotionDual/Candlelight/usb_class.o
                0x08005470                USBD_ConfigureEndpoints
 .text.USBD_GetUserStringDescr
                0x080054d4       0x48 Build_STM32G474_Candlelight_CoreMotionDual/Candlelight/usb_class.o
                0x080054d4                USBD_GetUserStringDescr
 .text.USBD_SetupStageRequest
                0x0800551c       0x90 Build_STM32G474_Candlelight_CoreMotionDual/Candlelight/usb_class.o
                0x0800551c                USBD_SetupStageRequest
 .text.USBD_SendInDataToHost
                0x080055ac       0x4c Build_STM32G474_Candlelight_CoreMotionDual/Candlelight/usb_class.o
                0x080055ac                USBD_SendInDataToHost
 .text.HAL_MspInit
                0x080055f8        0x4 Build_STM32G474_Candlelight_CoreMotionDual/STM32Cube/libstm32cube.a(stm32g4xx_hal.o)
                0x080055f8                HAL_MspInit
 .text.HAL_MspDeInit
                0x080055fc        0x4 Build_STM32G474_Candlelight_CoreMotionDual/STM32Cube/libstm32cube.a(stm32g4xx_hal.o)
                0x080055fc                HAL_MspDeInit
 .text.HAL_DeInit
                0x08005600       0x2c Build_STM32G474_Candlelight_CoreMotionDual/STM32Cube/libstm32cube.a(stm32g4xx_hal.o)
                0x08005600                HAL_DeInit
 .text.HAL_InitTick
                0x0800562c       0x4c Build_STM32G474_Candlelight_CoreMotionDual/STM32Cube/libstm32cube.a(stm32g4xx_hal.o)
                0x0800562c                HAL_InitTick
 .text.HAL_Init
                0x08005678       0x30 Build_STM32G474_Candlelight_CoreMotionDual/STM32Cube/libstm32cube.a(stm32g4xx_hal.o)
                0x08005678                HAL_Init
 .text.HAL_IncTick
                0x080056a8       0x18 Build_STM32G474_Candlelight_CoreMotionDual/STM32Cube/libstm32cube.a(stm32g4xx_hal.o)
                0x080056a8                HAL_IncTick
 .text.HAL_GetTick
                0x080056c0        0xc Build_STM32G474_Candlelight_CoreMotionDual/STM32Cube/libstm32cube.a(stm32g4xx_hal.o)
                0x080056c0                HAL_GetTick
 .text.HAL_Delay
                0x080056cc       0x24 Build_STM32G474_Candlelight_CoreMotionDual/STM32Cube/libstm32cube.a(stm32g4xx_hal.o)
                0x080056cc                HAL_Delay
 .text.HAL_GetHalVersion
                0x080056f0        0x8 Build_STM32G474_Candlelight_CoreMotionDual/STM32Cube/libstm32cube.a(stm32g4xx_hal.o)
                0x080056f0                HAL_GetHalVersion
 .text.HAL_GetDEVID
                0x080056f8       0x10 Build_STM32G474_Candlelight_CoreMotionDual/STM32Cube/libstm32cube.a(stm32g4xx_hal.o)
                0x080056f8                HAL_GetDEVID
 .text.HAL_NVIC_SetPriorityGrouping
                0x08005708       0x24 Build_STM32G474_Candlelight_CoreMotionDual/STM32Cube/libstm32cube.a(stm32g4xx_hal_cortex.o)
                0x08005708                HAL_NVIC_SetPriorityGrouping
 .text.HAL_NVIC_SetPriority
                0x0800572c       0x78 Build_STM32G474_Candlelight_CoreMotionDual/STM32Cube/libstm32cube.a(stm32g4xx_hal_cortex.o)
                0x0800572c                HAL_NVIC_SetPriority
 .text.HAL_NVIC_EnableIRQ
                0x080057a4       0x1c Build_STM32G474_Candlelight_CoreMotionDual/STM32Cube/libstm32cube.a(stm32g4xx_hal_cortex.o)
                0x080057a4                HAL_NVIC_EnableIRQ
 .text.HAL_SYSTICK_Config
                0x080057c0       0x30 Build_STM32G474_Candlelight_CoreMotionDual/STM32Cube/libstm32cube.a(stm32g4xx_hal_cortex.o)
                0x080057c0                HAL_SYSTICK_Config
 .text.HAL_SYSTICK_Callback
                0x080057f0        0x4 Build_STM32G474_Candlelight_CoreMotionDual/STM32Cube/libstm32cube.a(stm32g4xx_hal_cortex.o)
                0x080057f0                HAL_SYSTICK_Callback
 .text.HAL_SYSTICK_IRQHandler
                0x080057f4        0x8 Build_STM32G474_Candlelight_CoreMotionDual/STM32Cube/libstm32cube.a(stm32g4xx_hal_cortex.o)
                0x080057f4                HAL_SYSTICK_IRQHandler
 .text.HAL_FDCAN_MspInit
                0x080057fc        0x4 Build_STM32G474_Candlelight_CoreMotionDual/STM32Cube/libstm32cube.a(stm32g4xx_hal_fdcan.o)
                0x080057fc                HAL_FDCAN_MspInit
 .text.HAL_FDCAN_Init
                0x08005800      0x298 Build_STM32G474_Candlelight_CoreMotionDual/STM32Cube/libstm32cube.a(stm32g4xx_hal_fdcan.o)
                0x08005800                HAL_FDCAN_Init
 .text.HAL_FDCAN_MspDeInit
                0x08005a98        0x4 Build_STM32G474_Candlelight_CoreMotionDual/STM32Cube/libstm32cube.a(stm32g4xx_hal_fdcan.o)
                0x08005a98                HAL_FDCAN_MspDeInit
 .text.HAL_FDCAN_DeInit
                0x08005a9c       0xfc Build_STM32G474_Candlelight_CoreMotionDual/STM32Cube/libstm32cube.a(stm32g4xx_hal_fdcan.o)
                0x08005a9c                HAL_FDCAN_DeInit
 .text.HAL_FDCAN_ConfigFilter
                0x08005b98       0x58 Build_STM32G474_Candlelight_CoreMotionDual/STM32Cube/libstm32cube.a(stm32g4xx_hal_fdcan.o)
                0x08005b98                HAL_FDCAN_ConfigFilter
 .text.HAL_FDCAN_ConfigGlobalFilter
                0x08005bf0       0x44 Build_STM32G474_Candlelight_CoreMotionDual/STM32Cube/libstm32cube.a(stm32g4xx_hal_fdcan.o)
                0x08005bf0                HAL_FDCAN_ConfigGlobalFilter
 .text.HAL_FDCAN_ConfigTimestampCounter
                0x08005c34       0x28 Build_STM32G474_Candlelight_CoreMotionDual/STM32Cube/libstm32cube.a(stm32g4xx_hal_fdcan.o)
                0x08005c34                HAL_FDCAN_ConfigTimestampCounter
 .text.HAL_FDCAN_EnableTimestampCounter
                0x08005c5c       0x28 Build_STM32G474_Candlelight_CoreMotionDual/STM32Cube/libstm32cube.a(stm32g4xx_hal_fdcan.o)
                0x08005c5c                HAL_FDCAN_EnableTimestampCounter
 .text.HAL_FDCAN_ConfigTxDelayCompensation
                0x08005c84       0x24 Build_STM32G474_Candlelight_CoreMotionDual/STM32Cube/libstm32cube.a(stm32g4xx_hal_fdcan.o)
                0x08005c84                HAL_FDCAN_ConfigTxDelayCompensation
 .text.HAL_FDCAN_EnableTxDelayCompensation
                0x08005ca8       0x24 Build_STM32G474_Candlelight_CoreMotionDual/STM32Cube/libstm32cube.a(stm32g4xx_hal_fdcan.o)
                0x08005ca8                HAL_FDCAN_EnableTxDelayCompensation
 .text.HAL_FDCAN_DisableTxDelayCompensation
                0x08005ccc       0x24 Build_STM32G474_Candlelight_CoreMotionDual/STM32Cube/libstm32cube.a(stm32g4xx_hal_fdcan.o)
                0x08005ccc                HAL_FDCAN_DisableTxDelayCompensation
 .text.HAL_FDCAN_Start
                0x08005cf0       0x30 Build_STM32G474_Candlelight_CoreMotionDual/STM32Cube/libstm32cube.a(stm32g4xx_hal_fdcan.o)
                0x08005cf0                HAL_FDCAN_Start
 .text.HAL_FDCAN_Stop
                0x08005d20       0xe0 Build_STM32G474_Candlelight_CoreMotionDual/STM32Cube/libstm32cube.a(stm32g4xx_hal_fdcan.o)
                0x08005d20                HAL_FDCAN_Stop
 .text.HAL_FDCAN_AddMessageToTxFifoQ
                0x08005e00       0xc4 Build_STM32G474_Candlelight_CoreMotionDual/STM32Cube/libstm32cube.a(stm32g4xx_hal_fdcan.o)
                0x08005e00                HAL_FDCAN_AddMessageToTxFifoQ
 .text.HAL_FDCAN_AbortTxRequest
                0x08005ec4       0x20 Build_STM32G474_Candlelight_CoreMotionDual/STM32Cube/libstm32cube.a(stm32g4xx_hal_fdcan.o)
                0x08005ec4                HAL_FDCAN_AbortTxRequest
 .text.HAL_FDCAN_GetRxMessage
                0x08005ee4      0x138 Build_STM32G474_Candlelight_CoreMotionDual/STM32Cube/libstm32cube.a(stm32g4xx_hal_fdcan.o)
                0x08005ee4                HAL_FDCAN_GetRxMessage
 .text.HAL_FDCAN_GetTxEvent
                0x0800601c       0xa4 Build_STM32G474_Candlelight_CoreMotionDual/STM32Cube/libstm32cube.a(stm32g4xx_hal_fdcan.o)
                0x0800601c                HAL_FDCAN_GetTxEvent
 .text.HAL_FDCAN_GetProtocolStatus
                0x080060c0       0x50 Build_STM32G474_Candlelight_CoreMotionDual/STM32Cube/libstm32cube.a(stm32g4xx_hal_fdcan.o)
                0x080060c0                HAL_FDCAN_GetProtocolStatus
 .text.HAL_FDCAN_GetErrorCounters
                0x08006110       0x24 Build_STM32G474_Candlelight_CoreMotionDual/STM32Cube/libstm32cube.a(stm32g4xx_hal_fdcan.o)
                0x08006110                HAL_FDCAN_GetErrorCounters
 .text.HAL_FDCAN_GetTxFifoFreeLevel
                0x08006134        0xc Build_STM32G474_Candlelight_CoreMotionDual/STM32Cube/libstm32cube.a(stm32g4xx_hal_fdcan.o)
                0x08006134                HAL_FDCAN_GetTxFifoFreeLevel
 .text.HAL_FDCAN_ConfigInterruptLines
                0x08006140       0x2c Build_STM32G474_Candlelight_CoreMotionDual/STM32Cube/libstm32cube.a(stm32g4xx_hal_fdcan.o)
                0x08006140                HAL_FDCAN_ConfigInterruptLines
 .text.HAL_FDCAN_ActivateNotification
                0x0800616c       0xf8 Build_STM32G474_Candlelight_CoreMotionDual/STM32Cube/libstm32cube.a(stm32g4xx_hal_fdcan.o)
                0x0800616c                HAL_FDCAN_ActivateNotification
 .text.HAL_FDCAN_TxEventFifoCallback
                0x08006264        0x4 Build_STM32G474_Candlelight_CoreMotionDual/STM32Cube/libstm32cube.a(stm32g4xx_hal_fdcan.o)
                0x08006264                HAL_FDCAN_TxEventFifoCallback
 .text.HAL_FDCAN_RxFifo0Callback
                0x08006268        0x4 Build_STM32G474_Candlelight_CoreMotionDual/STM32Cube/libstm32cube.a(stm32g4xx_hal_fdcan.o)
                0x08006268                HAL_FDCAN_RxFifo0Callback
 .text.HAL_FDCAN_RxFifo1Callback
                0x0800626c        0x4 Build_STM32G474_Candlelight_CoreMotionDual/STM32Cube/libstm32cube.a(stm32g4xx_hal_fdcan.o)
                0x0800626c                HAL_FDCAN_RxFifo1Callback
 .text.HAL_FDCAN_TxFifoEmptyCallback
                0x08006270        0x4 Build_STM32G474_Candlelight_CoreMotionDual/STM32Cube/libstm32cube.a(stm32g4xx_hal_fdcan.o)
                0x08006270                HAL_FDCAN_TxFifoEmptyCallback
 .text.HAL_FDCAN_TxBufferCompleteCallback
                0x08006274        0x4 Build_STM32G474_Candlelight_CoreMotionDual/STM32Cube/libstm32cube.a(stm32g4xx_hal_fdcan.o)
                0x08006274                HAL_FDCAN_TxBufferCompleteCallback
 .text.HAL_FDCAN_TxBufferAbortCallback
                0x08006278        0x4 Build_STM32G474_Candlelight_CoreMotionDual/STM32Cube/libstm32cube.a(stm32g4xx_hal_fdcan.o)
                0x08006278                HAL_FDCAN_TxBufferAbortCallback
 .text.HAL_FDCAN_TimeoutOccurredCallback
                0x0800627c        0x4 Build_STM32G474_Candlelight_CoreMotionDual/STM32Cube/libstm32cube.a(stm32g4xx_hal_fdcan.o)
                0x0800627c                HAL_FDCAN_TimeoutOccurredCallback
 .text.HAL_FDCAN_HighPriorityMessageCallback
                0x08006280        0x4 Build_STM32G474_Candlelight_CoreMotionDual/STM32Cube/libstm32cube.a(stm32g4xx_hal_fdcan.o)
                0x08006280                HAL_FDCAN_HighPriorityMessageCallback
 .text.HAL_FDCAN_ErrorCallback
                0x08006284        0x4 Build_STM32G474_Candlelight_CoreMotionDual/STM32Cube/libstm32cube.a(stm32g4xx_hal_fdcan.o)
                0x08006284                HAL_FDCAN_ErrorCallback
 .text.HAL_FDCAN_ErrorStatusCallback
                0x08006288        0x4 Build_STM32G474_Candlelight_CoreMotionDual/STM32Cube/libstm32cube.a(stm32g4xx_hal_fdcan.o)
                0x08006288                HAL_FDCAN_ErrorStatusCallback
 .text.HAL_FDCAN_IRQHandler
                0x0800628c      0x188 Build_STM32G474_Candlelight_CoreMotionDual/STM32Cube/libstm32cube.a(stm32g4xx_hal_fdcan.o)
                0x0800628c                HAL_FDCAN_IRQHandler
 .text.HAL_FLASH_Program
                0x08006414      0x170 Build_STM32G474_Candlelight_CoreMotionDual/STM32Cube/libstm32cube.a(stm32g4xx_hal_flash.o)
                0x08006414                HAL_FLASH_Program
 .text.HAL_FLASH_Unlock
                0x08006584       0x28 Build_STM32G474_Candlelight_CoreMotionDual/STM32Cube/libstm32cube.a(stm32g4xx_hal_flash.o)
                0x08006584                HAL_FLASH_Unlock
 .text.HAL_FLASH_Lock
                0x080065ac       0x18 Build_STM32G474_Candlelight_CoreMotionDual/STM32Cube/libstm32cube.a(stm32g4xx_hal_flash.o)
                0x080065ac                HAL_FLASH_Lock
 .text.HAL_FLASH_OB_Unlock
                0x080065c4       0x28 Build_STM32G474_Candlelight_CoreMotionDual/STM32Cube/libstm32cube.a(stm32g4xx_hal_flash.o)
                0x080065c4                HAL_FLASH_OB_Unlock
 .text.HAL_FLASH_OB_Lock
                0x080065ec       0x1c Build_STM32G474_Candlelight_CoreMotionDual/STM32Cube/libstm32cube.a(stm32g4xx_hal_flash.o)
                0x080065ec                HAL_FLASH_OB_Lock
 .text.FLASH_WaitForLastOperation
                0x08006608       0x50 Build_STM32G474_Candlelight_CoreMotionDual/STM32Cube/libstm32cube.a(stm32g4xx_hal_flash.o)
                0x08006608                FLASH_WaitForLastOperation
 .text.HAL_FLASHEx_Erase
                0x08006658      0x1a8 Build_STM32G474_Candlelight_CoreMotionDual/STM32Cube/libstm32cube.a(stm32g4xx_hal_flash_ex.o)
                0x08006658                HAL_FLASHEx_Erase
 .text.HAL_FLASHEx_OBProgram
                0x08006800      0x420 Build_STM32G474_Candlelight_CoreMotionDual/STM32Cube/libstm32cube.a(stm32g4xx_hal_flash_ex.o)
                0x08006800                HAL_FLASHEx_OBProgram
 .text.HAL_FLASHEx_OBGetConfig
                0x08006c20      0x1b8 Build_STM32G474_Candlelight_CoreMotionDual/STM32Cube/libstm32cube.a(stm32g4xx_hal_flash_ex.o)
                0x08006c20                HAL_FLASHEx_OBGetConfig
 .text.FLASH_FlushCaches
                0x08006dd8       0x60 Build_STM32G474_Candlelight_CoreMotionDual/STM32Cube/libstm32cube.a(stm32g4xx_hal_flash_ex.o)
                0x08006dd8                FLASH_FlushCaches
 .text.HAL_GPIO_Init
                0x08006e38      0x3b8 Build_STM32G474_Candlelight_CoreMotionDual/STM32Cube/libstm32cube.a(stm32g4xx_hal_gpio.o)
                0x08006e38                HAL_GPIO_Init
 .text.HAL_GPIO_WritePin
                0x080071f0        0xc Build_STM32G474_Candlelight_CoreMotionDual/STM32Cube/libstm32cube.a(stm32g4xx_hal_gpio.o)
                0x080071f0                HAL_GPIO_WritePin
 .text.HAL_PCD_Init
                0x080071fc      0x1d4 Build_STM32G474_Candlelight_CoreMotionDual/STM32Cube/libstm32cube.a(stm32g4xx_hal_pcd.o)
                0x080071fc                HAL_PCD_Init
 .text.HAL_PCD_Start
                0x080073d0       0x2c Build_STM32G474_Candlelight_CoreMotionDual/STM32Cube/libstm32cube.a(stm32g4xx_hal_pcd.o)
                0x080073d0                HAL_PCD_Start
 .text.HAL_PCD_IRQHandler
                0x080073fc      0xb38 Build_STM32G474_Candlelight_CoreMotionDual/STM32Cube/libstm32cube.a(stm32g4xx_hal_pcd.o)
                0x080073fc                HAL_PCD_IRQHandler
 .text.HAL_PCD_SetAddress
                0x08007f34       0x28 Build_STM32G474_Candlelight_CoreMotionDual/STM32Cube/libstm32cube.a(stm32g4xx_hal_pcd.o)
                0x08007f34                HAL_PCD_SetAddress
 .text.HAL_PCD_EP_Open
                0x08007f5c       0x78 Build_STM32G474_Candlelight_CoreMotionDual/STM32Cube/libstm32cube.a(stm32g4xx_hal_pcd.o)
                0x08007f5c                HAL_PCD_EP_Open
 .text.HAL_PCD_EP_Close
                0x08007fd4       0x68 Build_STM32G474_Candlelight_CoreMotionDual/STM32Cube/libstm32cube.a(stm32g4xx_hal_pcd.o)
                0x08007fd4                HAL_PCD_EP_Close
 .text.HAL_PCD_EP_Receive
                0x0800803c       0x34 Build_STM32G474_Candlelight_CoreMotionDual/STM32Cube/libstm32cube.a(stm32g4xx_hal_pcd.o)
                0x0800803c                HAL_PCD_EP_Receive
 .text.HAL_PCD_EP_Transmit
                0x08008070       0x3c Build_STM32G474_Candlelight_CoreMotionDual/STM32Cube/libstm32cube.a(stm32g4xx_hal_pcd.o)
                0x08008070                HAL_PCD_EP_Transmit
 .text.HAL_PCD_EP_SetStall
                0x080080ac       0x78 Build_STM32G474_Candlelight_CoreMotionDual/STM32Cube/libstm32cube.a(stm32g4xx_hal_pcd.o)
                0x080080ac                HAL_PCD_EP_SetStall
 .text.HAL_PCD_EP_ClrStall
                0x08008124       0x78 Build_STM32G474_Candlelight_CoreMotionDual/STM32Cube/libstm32cube.a(stm32g4xx_hal_pcd.o)
                0x08008124                HAL_PCD_EP_ClrStall
 .text.HAL_PCDEx_PMAConfig
                0x0800819c       0x3c Build_STM32G474_Candlelight_CoreMotionDual/STM32Cube/libstm32cube.a(stm32g4xx_hal_pcd_ex.o)
                0x0800819c                HAL_PCDEx_PMAConfig
 .text.HAL_PCDEx_ActivateLPM
                0x080081d8       0x30 Build_STM32G474_Candlelight_CoreMotionDual/STM32Cube/libstm32cube.a(stm32g4xx_hal_pcd_ex.o)
                0x080081d8                HAL_PCDEx_ActivateLPM
 .text.HAL_PCDEx_LPM_Callback
                0x08008208        0x4 Build_STM32G474_Candlelight_CoreMotionDual/STM32Cube/libstm32cube.a(stm32g4xx_hal_pcd_ex.o)
                0x08008208                HAL_PCDEx_LPM_Callback
 .text.HAL_PWREx_ControlVoltageScaling
                0x0800820c       0xe4 Build_STM32G474_Candlelight_CoreMotionDual/STM32Cube/libstm32cube.a(stm32g4xx_hal_pwr_ex.o)
                0x0800820c                HAL_PWREx_ControlVoltageScaling
 .text.HAL_RCC_DeInit
                0x080082f0       0xc0 Build_STM32G474_Candlelight_CoreMotionDual/STM32Cube/libstm32cube.a(stm32g4xx_hal_rcc.o)
                0x080082f0                HAL_RCC_DeInit
 .text.HAL_RCC_OscConfig
                0x080083b0      0x48c Build_STM32G474_Candlelight_CoreMotionDual/STM32Cube/libstm32cube.a(stm32g4xx_hal_rcc.o)
                0x080083b0                HAL_RCC_OscConfig
 .text.HAL_RCC_GetSysClockFreq
                0x0800883c       0x70 Build_STM32G474_Candlelight_CoreMotionDual/STM32Cube/libstm32cube.a(stm32g4xx_hal_rcc.o)
                0x0800883c                HAL_RCC_GetSysClockFreq
 .text.HAL_RCC_ClockConfig
                0x080088ac      0x208 Build_STM32G474_Candlelight_CoreMotionDual/STM32Cube/libstm32cube.a(stm32g4xx_hal_rcc.o)
                0x080088ac                HAL_RCC_ClockConfig
 .text.HAL_RCC_GetPCLK1Freq
                0x08008ab4       0x24 Build_STM32G474_Candlelight_CoreMotionDual/STM32Cube/libstm32cube.a(stm32g4xx_hal_rcc.o)
                0x08008ab4                HAL_RCC_GetPCLK1Freq
 .text.HAL_RCC_GetPCLK2Freq
                0x08008ad8       0x24 Build_STM32G474_Candlelight_CoreMotionDual/STM32Cube/libstm32cube.a(stm32g4xx_hal_rcc.o)
                0x08008ad8                HAL_RCC_GetPCLK2Freq
 .text.HAL_RCCEx_PeriphCLKConfig
                0x08008afc      0x318 Build_STM32G474_Candlelight_CoreMotionDual/STM32Cube/libstm32cube.a(stm32g4xx_hal_rcc_ex.o)
                0x08008afc                HAL_RCCEx_PeriphCLKConfig
 .text.HAL_RCCEx_GetPeriphCLKFreq
                0x08008e14      0x564 Build_STM32G474_Candlelight_CoreMotionDual/STM32Cube/libstm32cube.a(stm32g4xx_hal_rcc_ex.o)
                0x08008e14                HAL_RCCEx_GetPeriphCLKFreq
 .text.HAL_RCCEx_CRSConfig
                0x08009378       0x50 Build_STM32G474_Candlelight_CoreMotionDual/STM32Cube/libstm32cube.a(stm32g4xx_hal_rcc_ex.o)
                0x08009378                HAL_RCCEx_CRSConfig
 .text.HAL_TIM_Base_MspInit
                0x080093c8        0x4 Build_STM32G474_Candlelight_CoreMotionDual/STM32Cube/libstm32cube.a(stm32g4xx_hal_tim.o)
                0x080093c8                HAL_TIM_Base_MspInit
 .text.HAL_TIM_Base_Init
                0x080093cc      0x140 Build_STM32G474_Candlelight_CoreMotionDual/STM32Cube/libstm32cube.a(stm32g4xx_hal_tim.o)
                0x080093cc                HAL_TIM_Base_Init
 .text.HAL_TIM_Base_Start_IT
                0x0800950c       0x80 Build_STM32G474_Candlelight_CoreMotionDual/STM32Cube/libstm32cube.a(stm32g4xx_hal_tim.o)
                0x0800950c                HAL_TIM_Base_Start_IT
 .text.USB_EnableGlobalInt
                0x0800958c       0x14 Build_STM32G474_Candlelight_CoreMotionDual/STM32Cube/libstm32cube.a(stm32g4xx_ll_usb.o)
                0x0800958c                USB_EnableGlobalInt
 .text.USB_DisableGlobalInt
                0x080095a0       0x14 Build_STM32G474_Candlelight_CoreMotionDual/STM32Cube/libstm32cube.a(stm32g4xx_ll_usb.o)
                0x080095a0                USB_DisableGlobalInt
 .text.USB_DevInit
                0x080095b4       0x28 Build_STM32G474_Candlelight_CoreMotionDual/STM32Cube/libstm32cube.a(stm32g4xx_ll_usb.o)
                0x080095b4                USB_DevInit
 .text.USB_ActivateEndpoint
                0x080095dc      0x43c Build_STM32G474_Candlelight_CoreMotionDual/STM32Cube/libstm32cube.a(stm32g4xx_ll_usb.o)
                0x080095dc                USB_ActivateEndpoint
 .text.USB_DeactivateEndpoint
                0x08009a18      0x1c4 Build_STM32G474_Candlelight_CoreMotionDual/STM32Cube/libstm32cube.a(stm32g4xx_ll_usb.o)
                0x08009a18                USB_DeactivateEndpoint
 .text.USB_EPStartXfer
                0x08009bdc      0x354 Build_STM32G474_Candlelight_CoreMotionDual/STM32Cube/libstm32cube.a(stm32g4xx_ll_usb.o)
                0x08009bdc                USB_EPStartXfer
 .text.USB_EPSetStall
                0x08009f30       0x50 Build_STM32G474_Candlelight_CoreMotionDual/STM32Cube/libstm32cube.a(stm32g4xx_ll_usb.o)
                0x08009f30                USB_EPSetStall
 .text.USB_EPClearStall
                0x08009f80       0x9c Build_STM32G474_Candlelight_CoreMotionDual/STM32Cube/libstm32cube.a(stm32g4xx_ll_usb.o)
                0x08009f80                USB_EPClearStall
 .text.USB_SetDevAddress
                0x0800a01c        0xc Build_STM32G474_Candlelight_CoreMotionDual/STM32Cube/libstm32cube.a(stm32g4xx_ll_usb.o)
                0x0800a01c                USB_SetDevAddress
 .text.USB_DevConnect
                0x0800a028       0x18 Build_STM32G474_Candlelight_CoreMotionDual/STM32Cube/libstm32cube.a(stm32g4xx_ll_usb.o)
                0x0800a028                USB_DevConnect
 .text.USB_ReadInterrupts
                0x0800a040        0x8 Build_STM32G474_Candlelight_CoreMotionDual/STM32Cube/libstm32cube.a(stm32g4xx_ll_usb.o)
                0x0800a040                USB_ReadInterrupts
 .text.USB_WritePMA
                0x0800a048       0x20 Build_STM32G474_Candlelight_CoreMotionDual/STM32Cube/libstm32cube.a(stm32g4xx_ll_usb.o)
                0x0800a048                USB_WritePMA
 .text.USB_ReadPMA
                0x0800a068       0x54 Build_STM32G474_Candlelight_CoreMotionDual/STM32Cube/libstm32cube.a(stm32g4xx_ll_usb.o)
                0x0800a068                USB_ReadPMA
 *(.glue_7)
 .glue_7        0x0800a0bc        0x0 linker stubs
 *(.glue_7t)
 .glue_7t       0x0800a0bc        0x0 linker stubs
 *(.eh_frame)
 .eh_frame      0x0800a0bc        0x0 /usr/lib/gcc/arm-none-eabi/13.2.1/thumb/v7e-m/nofp/crtbegin.o
 *(.init)
 .init          0x0800a0bc        0x4 /usr/lib/gcc/arm-none-eabi/13.2.1/thumb/v7e-m/nofp/crti.o
                0x0800a0bc                _init
 .init          0x0800a0c0        0x8 /usr/lib/gcc/arm-none-eabi/13.2.1/thumb/v7e-m/nofp/crtn.o
 *(.fini)
 .fini          0x0800a0c8        0x4 /usr/lib/gcc/arm-none-eabi/13.2.1/thumb/v7e-m/nofp/crti.o
                0x0800a0c8                _fini
 .fini          0x0800a0cc        0x8 /usr/lib/gcc/arm-none-eabi/13.2.1/thumb/v7e-m/nofp/crtn.o
                0x0800a0d4                        . = ALIGN (0x4)
                0x0800a0d4                        _etext = .

.vfp11_veneer   0x0800a0d4        0x0
 .vfp11_veneer  0x0800a0d4        0x0 linker stubs

.v4_bx          0x0800a0d4        0x0
 .v4_bx         0x0800a0d4        0x0 linker stubs

.iplt           0x0800a0d4        0x0
 .iplt          0x0800a0d4        0x0 /usr/lib/gcc/arm-none-eabi/13.2.1/thumb/v7e-m/nofp/crtbegin.o

.rodata         0x0800a0d4      0x26c
                0x0800a0d4                        . = ALIGN (0x4)
 *(.rodata)
 *(.rodata*)
 .rodata.APBPrescTable
                0x0800a0d4        0x8 Build_STM32G474_Candlelight_CoreMotionDual/system_STM32G4xx.o
                0x0800a0d4                APBPrescTable
 .rodata.AHBPrescTable
                0x0800a0dc       0x10 Build_STM32G474_Candlelight_CoreMotionDual/system_STM32G4xx.o
                0x0800a0dc                AHBPrescTable
 .rodata.can_recover_bus_off.str1.4
                0x0800a0ec      0x229 Build_STM32G474_Candlelight_CoreMotionDual/can.o
                                 0x47 (size before relaxing)
 .rodata.can_print_info.str1.4
                0x0800a315       0x46 Build_STM32G474_Candlelight_CoreMotionDual/can.o
 .rodata.can_process.str1.4
                0x0800a315       0x28 Build_STM32G474_Candlelight_CoreMotionDual/can.o
 .rodata.str1.4
                0x0800a315       0x3e Build_STM32G474_Candlelight_CoreMotionDual/can.o
 *fill*         0x0800a315        0x3 
 .rodata.CSWTCH.35
                0x0800a318       0x10 Build_STM32G474_Candlelight_CoreMotionDual/can.o
 .rodata.utils_format_bitrate.str1.4
                0x0800a328       0x3a Build_STM32G474_Candlelight_CoreMotionDual/utils.o
 .rodata.CSWTCH.18
                0x0800a328        0x7 Build_STM32G474_Candlelight_CoreMotionDual/utils.o
 .rodata.USBD_StdDevReq.str1.4
                0x0800a32f       0x51 Build_STM32G474_Candlelight_CoreMotionDual/usb_ctrlreq.o
 .rodata.control_init.str1.4
                0x0800a32f       0x1b Build_STM32G474_Candlelight_CoreMotionDual/Candlelight/control.o
 .rodata.control_send_debug_mesg.str1.4
                0x0800a32f       0x15 Build_STM32G474_Candlelight_CoreMotionDual/Candlelight/control.o
 .rodata.USBD_GetUserStringDescr.str1.4
                0x0800a32f       0x39 Build_STM32G474_Candlelight_CoreMotionDual/Candlelight/usb_class.o
 *fill*         0x0800a32f        0x1 
 .rodata.DLCtoBytes
                0x0800a330       0x10 Build_STM32G474_Candlelight_CoreMotionDual/STM32Cube/libstm32cube.a(stm32g4xx_hal_fdcan.o)
 .rodata.str1.4
                0x0800a340       0x13 /usr/lib/gcc/arm-none-eabi/13.2.1/../../../arm-none-eabi/lib/thumb/v7e-m/nofp/libc_nano.a(libc_a-nano-svfprintf.o)
 .rodata.str1.4
                0x0800a340       0x25 /usr/lib/gcc/arm-none-eabi/13.2.1/../../../arm-none-eabi/lib/thumb/v7e-m/nofp/libc_nano.a(libc_a-nano-vfprintf_i.o)
                0x0800a368                        . = ALIGN (0x4)

.ARM.extab      0x0800a340        0x0
                0x0800a340                        . = ALIGN (0x4)
 *(.ARM.extab* .gnu.linkonce.armextab.*)
                0x0800a340                        . = ALIGN (0x4)

.ARM            0x0800a340        0x8
                0x0800a340                        . = ALIGN (0x4)
                0x0800a340                        __exidx_start = .
 *(.ARM.exidx*)
 .ARM.exidx     0x0800a340        0x8 /usr/lib/gcc/arm-none-eabi/13.2.1/../../../arm-none-eabi/lib/thumb/v7e-m/nofp/libc_nano.a(libc_a-strlen.o)
 .ARM.exidx     0x0800a348        0x0 /usr/lib/gcc/arm-none-eabi/13.2.1/../../../arm-none-eabi/lib/thumb/v7e-m/nofp/libc_nano.a(libc_a-memchr.o)
                                  0x8 (size before relaxing)
 .ARM.exidx     0x0800a348        0x0 /usr/lib/gcc/arm-none-eabi/13.2.1/../../../arm-none-eabi/lib/thumb/v7e-m/nofp/libc_nano.a(libc_a-memcpy.o)
                                  0x8 (size before relaxing)
                0x0800a348                        __exidx_end = .
                0x0800a348                        . = ALIGN (0x4)

.rel.dyn        0x0800a348        0x0
 .rel.iplt      0x0800a348        0x0 /usr/lib/gcc/arm-none-eabi/13.2.1/thumb/v7e-m/nofp/crtbegin.o

.preinit_array  0x0800a348        0x0
                0x0800a348                        . = ALIGN (0x4)
                0x0800a348                        PROVIDE (__preinit_array_start = .)
 *(.preinit_array*)
                0x0800a348                        PROVIDE (__preinit_array_end = .)
                0x0800a348                        . = ALIGN (0x4)

.init_array     0x0800a348        0x4
                0x0800a348                        . = ALIGN (0x4)
                0x0800a348                        PROVIDE (__init_array_start = .)
 *(SORT_BY_NAME(.init_array.*))
 *(.init_array*)
 .init_array    0x0800a348        0x4 /usr/lib/gcc/arm-none-eabi/13.2.1/thumb/v7e-m/nofp/crtbegin.o
                0x0800a34c                        PROVIDE (__init_array_end = .)
                0x0800a34c                        . = ALIGN (0x4)

.fini_array     0x0800a34c        0x4
                0x0800a34c                        . = ALIGN (0x4)
                0x0800a34c                        PROVIDE (__fini_array_start = .)
 *(SORT_BY_NAME(.fini_array.*))
 *(.fini_array*)
 .fini_array    0x0800a34c        0x4 /usr/lib/gcc/arm-none-eabi/13.2.1/thumb/v7e-m/nofp/crtbegin.o
                0x0800a350                        PROVIDE (__fini_array_end = .)
                0x0800a350                        . = ALIGN (0x4)
                0x0800a350                        _sidata = LOADADDR (.data)

.data           0x20000000      0x250 load address 0x0800a350
                0x20000000                        . = ALIGN (0x4)
                0x20000000                        _sdata = .
 *(.data)
 .data          0x20000000       0x50 /usr/lib/gcc/arm-none-eabi/13.2.1/../../../arm-none-eabi/lib/thumb/v7e-m/nofp/libc_nano.a(libc_a-impure.o)
                0x20000000                _impure_ptr
                0x20000004                _impure_data
 *(.data*)
 .data.blink_leds
                0x20000050        0x1 Build_STM32G474_Candlelight_CoreMotionDual/main.o
                0x20000050                blink_leds
 *fill*         0x20000051        0x3 
 .data.SystemCoreClock
                0x20000054        0x4 Build_STM32G474_Candlelight_CoreMotionDual/system_STM32G4xx.o
                0x20000054                SystemCoreClock
 .data.SET_TermPins
                0x20000058        0x8 Build_STM32G474_Candlelight_CoreMotionDual/can.o
                0x20000058                SET_TermPins
 .data.SET_TermPorts
                0x20000060        0x8 Build_STM32G474_Candlelight_CoreMotionDual/can.o
                0x20000060                SET_TermPorts
 .data.SET_CanAlternates
                0x20000068        0x2 Build_STM32G474_Candlelight_CoreMotionDual/can.o
                0x20000068                SET_CanAlternates
 *fill*         0x2000006a        0x2 
 .data.SET_CanPins
                0x2000006c        0x8 Build_STM32G474_Candlelight_CoreMotionDual/can.o
                0x2000006c                SET_CanPins
 .data.SET_CanPorts
                0x20000074        0x8 Build_STM32G474_Candlelight_CoreMotionDual/can.o
                0x20000074                SET_CanPorts
 .data.SET_CanInterfaces
                0x2000007c        0x8 Build_STM32G474_Candlelight_CoreMotionDual/can.o
                0x2000007c                SET_CanInterfaces
 .data.SET_LedRxPins
                0x20000084        0x8 Build_STM32G474_Candlelight_CoreMotionDual/led.o
                0x20000084                SET_LedRxPins
 .data.SET_LedRxPorts
                0x2000008c        0x8 Build_STM32G474_Candlelight_CoreMotionDual/led.o
                0x2000008c                SET_LedRxPorts
 .data.SET_LedTxPins
                0x20000094        0x8 Build_STM32G474_Candlelight_CoreMotionDual/led.o
                0x20000094                SET_LedTxPins
 .data.SET_LedTxPorts
                0x2000009c        0x8 Build_STM32G474_Candlelight_CoreMotionDual/led.o
                0x2000009c                SET_LedTxPorts
 .data.USBD_LangIDDesc
                0x200000a4        0x4 Build_STM32G474_Candlelight_CoreMotionDual/usb_ctrlreq.o
                0x200000a4                USBD_LangIDDesc
 .data.ELM_LastError
                0x200000a8        0x1 Build_STM32G474_Candlelight_CoreMotionDual/Candlelight/control.o
                0x200000a8                ELM_LastError
 *fill*         0x200000a9        0x3 
 .data.USBD_MicrosoftExtPropertyDescr
                0x200000ac       0x92 Build_STM32G474_Candlelight_CoreMotionDual/Candlelight/usb_class.o
                0x200000ac                USBD_MicrosoftExtPropertyDescr
 *fill*         0x2000013e        0x2 
 .data.USBD_MicrosoftFeatureDescr
                0x20000140       0x58 Build_STM32G474_Candlelight_CoreMotionDual/Candlelight/usb_class.o
                0x20000140                USBD_MicrosoftFeatureDescr
 .data.USBD_ConfigDescFS
                0x20000198       0x49 Build_STM32G474_Candlelight_CoreMotionDual/Candlelight/usb_class.o
                0x20000198                USBD_ConfigDescFS
 *fill*         0x200001e1        0x3 
 .data.USBD_DeviceDesc
                0x200001e4       0x12 Build_STM32G474_Candlelight_CoreMotionDual/Candlelight/usb_class.o
                0x200001e4                USBD_DeviceDesc
 *fill*         0x200001f6        0x2 
 .data.USBD_ClassCallbacks
                0x200001f8       0x28 Build_STM32G474_Candlelight_CoreMotionDual/Candlelight/usb_class.o
                0x200001f8                USBD_ClassCallbacks
 .data.EndpointsOUT
                0x20000220        0x3 Build_STM32G474_Candlelight_CoreMotionDual/Candlelight/usb_class.o
                0x20000220                EndpointsOUT
 *fill*         0x20000223        0x1 
 .data.EndpointsIN
                0x20000224        0x3 Build_STM32G474_Candlelight_CoreMotionDual/Candlelight/usb_class.o
                0x20000224                EndpointsIN
 *fill*         0x20000227        0x1 
 .data.uwTickFreq
                0x20000228        0x4 Build_STM32G474_Candlelight_CoreMotionDual/STM32Cube/libstm32cube.a(stm32g4xx_hal.o)
                0x20000228                uwTickFreq
 .data.uwTickPrio
                0x2000022c        0x4 Build_STM32G474_Candlelight_CoreMotionDual/STM32Cube/libstm32cube.a(stm32g4xx_hal.o)
                0x2000022c                uwTickPrio
 .data.pFlash   0x20000230       0x20 Build_STM32G474_Candlelight_CoreMotionDual/STM32Cube/libstm32cube.a(stm32g4xx_hal_flash.o)
                0x20000230                pFlash
 *(.RamFunc)
 *(.RamFunc*)
                0x20000250                        . = ALIGN (0x4)
                0x20000250                        _edata = .

.tm_clone_table
                0x20000250        0x0 load address 0x0800a5a0
 .tm_clone_table
                0x20000250        0x0 /usr/lib/gcc/arm-none-eabi/13.2.1/thumb/v7e-m/nofp/crtbegin.o
 .tm_clone_table
                0x20000250        0x0 /usr/lib/gcc/arm-none-eabi/13.2.1/thumb/v7e-m/nofp/crtend.o

.igot.plt       0x20000250        0x0 load address 0x0800a5a0
 .igot.plt      0x20000250        0x0 /usr/lib/gcc/arm-none-eabi/13.2.1/thumb/v7e-m/nofp/crtbegin.o
                0x20000250                        . = ALIGN (0x4)

.bss            0x20000250     0x9de4 load address 0x0800a5a0
                0x20000250                        _sbss = .
                0x20000250                        __bss_start__ = _sbss
 *(.bss)
 .bss           0x20000250       0x1c /usr/lib/gcc/arm-none-eabi/13.2.1/thumb/v7e-m/nofp/crtbegin.o
 .bss           0x2000026c        0x8 /usr/lib/gcc/arm-none-eabi/13.2.1/../../../arm-none-eabi/lib/thumb/v7e-m/nofp/libc_nano.a(libc_a-mallocr.o)
                0x2000026c                __malloc_sbrk_start
                0x20000270                __malloc_free_list
 .bss           0x20000274      0x13c /usr/lib/gcc/arm-none-eabi/13.2.1/../../../arm-none-eabi/lib/thumb/v7e-m/nofp/libc_nano.a(libc_a-findfp.o)
                0x20000274                __sf
                0x200003ac                __stdio_exit_handler
 .bss           0x200003b0        0x4 /usr/lib/gcc/arm-none-eabi/13.2.1/../../../arm-none-eabi/lib/thumb/v7e-m/nofp/libc_nano.a(libc_a-reent.o)
                0x200003b0                errno
 .bss           0x200003b4        0x4 /usr/lib/gcc/arm-none-eabi/13.2.1/../../../arm-none-eabi/lib/thumb/v7e-m/nofp/libnosys.a(sbrk.o)
 *(.bss*)
 .bss.usb_suspend
                0x200003b8        0x1 Build_STM32G474_Candlelight_CoreMotionDual/main.o
                0x200003b8                usb_suspend
 *fill*         0x200003b9        0x3 
 .bss.tick_last
                0x200003bc        0x4 Build_STM32G474_Candlelight_CoreMotionDual/main.o
                0x200003bc                tick_last
 .bss.timestamp_wrap
                0x200003c0        0x4 Build_STM32G474_Candlelight_CoreMotionDual/system.o
                0x200003c0                timestamp_wrap
 .bss.canfd_clock
                0x200003c4        0x4 Build_STM32G474_Candlelight_CoreMotionDual/system.o
                0x200003c4                canfd_clock
 .bss.can_inst  0x200003c8      0x528 Build_STM32G474_Candlelight_CoreMotionDual/can.o
                0x200003c8                can_inst
 .bss.GLB_UserFlags
                0x200008f0        0x2 Build_STM32G474_Candlelight_CoreMotionDual/can.o
                0x200008f0                GLB_UserFlags
 *fill*         0x200008f2        0x2 
 .bss.err_inst  0x200008f4       0x28 Build_STM32G474_Candlelight_CoreMotionDual/error.o
                0x200008f4                err_inst
 .bss.led_inst  0x2000091c       0x40 Build_STM32G474_Candlelight_CoreMotionDual/led.o
                0x2000091c                led_inst
 .bss.dfu_require_reset
                0x2000095c        0x1 Build_STM32G474_Candlelight_CoreMotionDual/dfu.o
 *fill*         0x2000095d        0x3 
 .bss.dfu_delay_start
                0x20000960        0x4 Build_STM32G474_Candlelight_CoreMotionDual/dfu.o
 .bss.dfu_sys_memory_base
                0x20000964        0x4 Build_STM32G474_Candlelight_CoreMotionDual/dfu.o
 .bss.limits_data
                0x20000968       0x10 Build_STM32G474_Candlelight_CoreMotionDual/utils.o
                0x20000968                limits_data
 .bss.limits_nom
                0x20000978       0x10 Build_STM32G474_Candlelight_CoreMotionDual/utils.o
                0x20000978                limits_nom
 .bss.cfgidx.0  0x20000988        0x1 Build_STM32G474_Candlelight_CoreMotionDual/usb_ctrlreq.o
 *fill*         0x20000989        0x3 
 .bss.USBD_StrDesc
                0x2000098c      0x200 Build_STM32G474_Candlelight_CoreMotionDual/usb_ctrlreq.o
                0x2000098c                USBD_StrDesc
 .bss.USB_Handle
                0x20000b8c      0x2ac Build_STM32G474_Candlelight_CoreMotionDual/usb_core.o
                0x20000b8c                USB_Handle
 .bss.bSuspended
                0x20000e38        0x1 Build_STM32G474_Candlelight_CoreMotionDual/usb_lowlevel.o
                0x20000e38                bSuspended
 *fill*         0x20000e39        0x3 
 .bss.PCD_Handle
                0x20000e3c      0x2dc Build_STM32G474_Candlelight_CoreMotionDual/usb_lowlevel.o
                0x20000e3c                PCD_Handle
 .bss.last_setup
                0x20001118        0x8 Build_STM32G474_Candlelight_CoreMotionDual/Candlelight/control.o
                0x20001118                last_setup
 .bss.ep0_buf   0x20001120      0x7d8 Build_STM32G474_Candlelight_CoreMotionDual/Candlelight/control.o
                0x20001120                ep0_buf
 .bss.ELM_BoardInfo
                0x200018f8       0x38 Build_STM32G474_Candlelight_CoreMotionDual/Candlelight/control.o
                0x200018f8                ELM_BoardInfo
 .bss.GS_DeviceVersion
                0x20001930        0xc Build_STM32G474_Candlelight_CoreMotionDual/Candlelight/control.o
                0x20001930                GS_DeviceVersion
 .bss.GS_CapabilityFD
                0x2000193c       0x48 Build_STM32G474_Candlelight_CoreMotionDual/Candlelight/control.o
                0x2000193c                GS_CapabilityFD
 .bss.GS_CapabilityClassic
                0x20001984       0x28 Build_STM32G474_Candlelight_CoreMotionDual/Candlelight/control.o
                0x20001984                GS_CapabilityClassic
 .bss.buf_inst  0x200019ac     0x8668 Build_STM32G474_Candlelight_CoreMotionDual/Candlelight/buffer.o
                0x200019ac                buf_inst
 .bss.GLB_ProtoElmue
                0x2000a014        0x1 Build_STM32G474_Candlelight_CoreMotionDual/Candlelight/buffer.o
                0x2000a014                GLB_ProtoElmue
 .bss.ifalt.0   0x2000a015        0x1 Build_STM32G474_Candlelight_CoreMotionDual/Candlelight/usb_class.o
 .bss.Class_InitDone
                0x2000a016        0x1 Build_STM32G474_Candlelight_CoreMotionDual/Candlelight/usb_class.o
                0x2000a016                Class_InitDone
 *fill*         0x2000a017        0x1 
 .bss.DFU_Status
                0x2000a018        0x6 Build_STM32G474_Candlelight_CoreMotionDual/Candlelight/usb_class.o
                0x2000a018                DFU_Status
 *fill*         0x2000a01e        0x2 
 .bss.EpToChannel
                0x2000a020       0x10 Build_STM32G474_Candlelight_CoreMotionDual/Candlelight/usb_class.o
                0x2000a020                EpToChannel
 .bss.uwTick    0x2000a030        0x4 Build_STM32G474_Candlelight_CoreMotionDual/STM32Cube/libstm32cube.a(stm32g4xx_hal.o)
                0x2000a030                uwTick
 *(COMMON)
                0x2000a034                        . = ALIGN (0x4)
                0x2000a034                        _ebss = .
                0x2000a034                        __bss_end__ = _ebss

._user_heap_stack
                0x2000a034      0x604 load address 0x0800a5a0
                0x2000a038                        . = ALIGN (0x8)
 *fill*         0x2000a034        0x4 
                0x2000a038                        PROVIDE (end = .)
                [!provide]                        PROVIDE (_end = .)
                0x2000a238                        . = (. + _Min_Heap_Size)
 *fill*         0x2000a038      0x200 
                0x2000a638                        . = (. + _Min_Stack_Size)
 *fill*         0x2000a238      0x400 
                0x2000a638                        . = ALIGN (0x8)

/DISCARD/
 libc.a(*)
 libm.a(*)
 libgcc.a(*)

.ARM.attributes
                0x00000000       0x2a
 *(.ARM.attributes)
 .ARM.attributes
                0x00000000       0x1e /usr/lib/gcc/arm-none-eabi/13.2.1/thumb/v7e-m/nofp/crti.o
 .ARM.attributes
                0x0000001e       0x2e /usr/lib/gcc/arm-none-eabi/13.2.1/thumb/v7e-m/nofp/crtbegin.o
 .ARM.attributes
                0x0000004c       0x2e Build_STM32G474_Candlelight_CoreMotionDual/main.o
 .ARM.attributes
                0x0000007a       0x2e Build_STM32G474_Candlelight_CoreMotionDual/system_STM32G4xx.o
 .ARM.attributes
                0x000000a8       0x2e Build_STM32G474_Candlelight_CoreMotionDual/system.o
 .ARM.attributes
                0x000000d6       0x2e Build_STM32G474_Candlelight_CoreMotionDual/interrupts.o
 .ARM.attributes
                0x00000104       0x2e Build_STM32G474_Candlelight_CoreMotionDual/can.o
 .ARM.attributes
                0x00000132       0x2e Build_STM32G474_Candlelight_CoreMotionDual/error.o
 .ARM.attributes
                0x00000160       0x2e Build_STM32G474_Candlelight_CoreMotionDual/led.o
 .ARM.attributes
                0x0000018e       0x2e Build_STM32G474_Candlelight_CoreMotionDual/dfu.o
 .ARM.attributes
                0x000001bc       0x2e Build_STM32G474_Candlelight_CoreMotionDual/utils.o
 .ARM.attributes
                0x000001ea       0x2e Build_STM32G474_Candlelight_CoreMotionDual/usb_ctrlreq.o
 .ARM.attributes
                0x00000218       0x2e Build_STM32G474_Candlelight_CoreMotionDual/usb_ioreq.o
 .ARM.attributes
                0x00000246       0x2e Build_STM32G474_Candlelight_CoreMotionDual/usb_core.o
 .ARM.attributes
                0x00000274       0x2e Build_STM32G474_Candlelight_CoreMotionDual/usb_lowlevel.o
 .ARM.attributes
                0x000002a2       0x21 Build_STM32G474_Candlelight_CoreMotionDual/startup_STM32G474.o
 .ARM.attributes
                0x000002c3       0x2e Build_STM32G474_Candlelight_CoreMotionDual/Candlelight/control.o
 .ARM.attributes
                0x000002f1       0x2e Build_STM32G474_Candlelight_CoreMotionDual/Candlelight/buffer.o
 .ARM.attributes
                0x0000031f       0x2e Build_STM32G474_Candlelight_CoreMotionDual/Candlelight/usb_class.o
 .ARM.attributes
                0x0000034d       0x2e Build_STM32G474_Candlelight_CoreMotionDual/STM32Cube/libstm32cube.a(stm32g4xx_hal.o)
 .ARM.attributes
                0x0000037b       0x2e Build_STM32G474_Candlelight_CoreMotionDual/STM32Cube/libstm32cube.a(stm32g4xx_hal_cortex.o)
 .ARM.attributes
                0x000003a9       0x2e Build_STM32G474_Candlelight_CoreMotionDual/STM32Cube/libstm32cube.a(stm32g4xx_hal_fdcan.o)
 .ARM.attributes
                0x000003d7       0x2e Build_STM32G474_Candlelight_CoreMotionDual/STM32Cube/libstm32cube.a(stm32g4xx_hal_flash.o)
 .ARM.attributes
                0x00000405       0x2e Build_STM32G474_Candlelight_CoreMotionDual/STM32Cube/libstm32cube.a(stm32g4xx_hal_flash_ex.o)
 .ARM.attributes
                0x00000433       0x2e Build_STM32G474_Candlelight_CoreMotionDual/STM32Cube/libstm32cube.a(stm32g4xx_hal_gpio.o)
 .ARM.attributes
                0x00000461       0x2e Build_STM32G474_Candlelight_CoreMotionDual/STM32Cube/libstm32cube.a(stm32g4xx_hal_pcd.o)
 .ARM.attributes
                0x0000048f       0x2e Build_STM32G474_Candlelight_CoreMotionDual/STM32Cube/libstm32cube.a(stm32g4xx_hal_pcd_ex.o)
 .ARM.attributes
                0x000004bd       0x2e Build_STM32G474_Candlelight_CoreMotionDual/STM32Cube/libstm32cube.a(stm32g4xx_hal_pwr_ex.o)
 .ARM.attributes
                0x000004eb       0x2e Build_STM32G474_Candlelight_CoreMotionDual/STM32Cube/libstm32cube.a(stm32g4xx_hal_rcc.o)
 .ARM.attributes
                0x00000519       0x2e Build_STM32G474_Candlelight_CoreMotionDual/STM32Cube/libstm32cube.a(stm32g4xx_hal_rcc_ex.o)
 .ARM.attributes
                0x00000547       0x2e Build_STM32G474_Candlelight_CoreMotionDual/STM32Cube/libstm32cube.a(stm32g4xx_hal_tim.o)
 .ARM.attributes
                0x00000575       0x2e Build_STM32G474_Candlelight_CoreMotionDual/STM32Cube/libstm32cube.a(stm32g4xx_ll_usb.o)
 .ARM.attributes
                0x000005a3       0x2e /usr/lib/gcc/arm-none-eabi/13.2.1/../../../arm-none-eabi/lib/thumb/v7e-m/nofp/libc_nano.a(libc_a-sprintf.o)
 .ARM.attributes
                0x000005d1       0x2e /usr/lib/gcc/arm-none-eabi/13.2.1/../../../arm-none-eabi/lib/thumb/v7e-m/nofp/libc_nano.a(libc_a-strcpy.o)
 .ARM.attributes
                0x000005ff       0x2e /usr/lib/gcc/arm-none-eabi/13.2.1/../../../arm-none-eabi/lib/thumb/v7e-m/nofp/libc_nano.a(libc_a-impure.o)
 .ARM.attributes
                0x0000062d       0x2e /usr/lib/gcc/arm-none-eabi/13.2.1/../../../arm-none-eabi/lib/thumb/v7e-m/nofp/libc_nano.a(libc_a-nano-svfprintf.o)
 .ARM.attributes
                0x0000065b       0x2e /usr/lib/gcc/arm-none-eabi/13.2.1/../../../arm-none-eabi/lib/thumb/v7e-m/nofp/libc_nano.a(libc_a-init.o)
 .ARM.attributes
                0x00000689       0x1c /usr/lib/gcc/arm-none-eabi/13.2.1/../../../arm-none-eabi/lib/thumb/v7e-m/nofp/libc_nano.a(libc_a-strlen.o)
 .ARM.attributes
                0x000006a5       0x2e /usr/lib/gcc/arm-none-eabi/13.2.1/../../../arm-none-eabi/lib/thumb/v7e-m/nofp/libc_nano.a(libc_a-memset.o)
 .ARM.attributes
                0x000006d3       0x2e /usr/lib/gcc/arm-none-eabi/13.2.1/../../../arm-none-eabi/lib/thumb/v7e-m/nofp/libc_nano.a(libc_a-mallocr.o)
 .ARM.attributes
                0x00000701       0x2e /usr/lib/gcc/arm-none-eabi/13.2.1/../../../arm-none-eabi/lib/thumb/v7e-m/nofp/libc_nano.a(libc_a-freer.o)
 .ARM.attributes
                0x0000072f       0x2e /usr/lib/gcc/arm-none-eabi/13.2.1/../../../arm-none-eabi/lib/thumb/v7e-m/nofp/libc_nano.a(libc_a-memmove.o)
 .ARM.attributes
                0x0000075d       0x1c /usr/lib/gcc/arm-none-eabi/13.2.1/../../../arm-none-eabi/lib/thumb/v7e-m/nofp/libc_nano.a(libc_a-memchr.o)
 .ARM.attributes
                0x00000779       0x1c /usr/lib/gcc/arm-none-eabi/13.2.1/../../../arm-none-eabi/lib/thumb/v7e-m/nofp/libc_nano.a(libc_a-memcpy.o)
 .ARM.attributes
                0x00000795       0x2e /usr/lib/gcc/arm-none-eabi/13.2.1/../../../arm-none-eabi/lib/thumb/v7e-m/nofp/libc_nano.a(libc_a-reallocr.o)
 .ARM.attributes
                0x000007c3       0x2e /usr/lib/gcc/arm-none-eabi/13.2.1/../../../arm-none-eabi/lib/thumb/v7e-m/nofp/libc_nano.a(libc_a-nano-vfprintf_i.o)
 .ARM.attributes
                0x000007f1       0x2e /usr/lib/gcc/arm-none-eabi/13.2.1/../../../arm-none-eabi/lib/thumb/v7e-m/nofp/libc_nano.a(libc_a-mlock.o)
 .ARM.attributes
                0x0000081f       0x2e /usr/lib/gcc/arm-none-eabi/13.2.1/../../../arm-none-eabi/lib/thumb/v7e-m/nofp/libc_nano.a(libc_a-memcmp.o)
 .ARM.attributes
                0x0000084d       0x2e /usr/lib/gcc/arm-none-eabi/13.2.1/../../../arm-none-eabi/lib/thumb/v7e-m/nofp/libc_nano.a(libc_a-sbrkr.o)
 .ARM.attributes
                0x0000087b       0x2e /usr/lib/gcc/arm-none-eabi/13.2.1/../../../arm-none-eabi/lib/thumb/v7e-m/nofp/libc_nano.a(libc_a-msizer.o)
 .ARM.attributes
                0x000008a9       0x2e /usr/lib/gcc/arm-none-eabi/13.2.1/../../../arm-none-eabi/lib/thumb/v7e-m/nofp/libc_nano.a(libc_a-findfp.o)
 .ARM.attributes
                0x000008d7       0x2e /usr/lib/gcc/arm-none-eabi/13.2.1/../../../arm-none-eabi/lib/thumb/v7e-m/nofp/libc_nano.a(libc_a-reent.o)
 .ARM.attributes
                0x00000905       0x2e /usr/lib/gcc/arm-none-eabi/13.2.1/../../../arm-none-eabi/lib/thumb/v7e-m/nofp/libnosys.a(sbrk.o)
 .ARM.attributes
                0x00000933       0x2e /usr/lib/gcc/arm-none-eabi/13.2.1/thumb/v7e-m/nofp/crtend.o
 .ARM.attributes
                0x00000961       0x1e /usr/lib/gcc/arm-none-eabi/13.2.1/thumb/v7e-m/nofp/crtn.o
OUTPUT(Build_STM32G474_Candlelight_CoreMotionDual/STM32G474_Candlelight2.5_CoreMotionDual_0x260618.elf elf32-littlearm)
LOAD linker stubs
LOAD /usr/lib/gcc/arm-none-eabi/13.2.1/../../../arm-none-eabi/lib/thumb/v7e-m/nofp/libc.a
LOAD /usr/lib/gcc/arm-none-eabi/13.2.1/../../../arm-none-eabi/lib/thumb/v7e-m/nofp/libm.a
LOAD /usr/lib/gcc/arm-none-eabi/13.2.1/thumb/v7e-m/nofp/libgcc.a

.comment        0x00000000       0x26
 .comment       0x00000000       0x26 /usr/lib/gcc/arm-none-eabi/13.2.1/thumb/v7e-m/nofp/crtbegin.o
                                 0x27 (size before relaxing)
 .comment       0x00000026       0x27 Build_STM32G474_Candlelight_CoreMotionDual/main.o
 .comment       0x00000026       0x27 Build_STM32G474_Candlelight_CoreMotionDual/system_STM32G4xx.o
 .comment       0x00000026       0x27 Build_STM32G474_Candlelight_CoreMotionDual/system.o
 .comment       0x00000026       0x27 Build_STM32G474_Candlelight_CoreMotionDual/interrupts.o
 .comment       0x00000026       0x27 Build_STM32G474_Candlelight_CoreMotionDual/can.o
 .comment       0x00000026       0x27 Build_STM32G474_Candlelight_CoreMotionDual/error.o
 .comment       0x00000026       0x27 Build_STM32G474_Candlelight_CoreMotionDual/led.o
 .comment       0x00000026       0x27 Build_STM32G474_Candlelight_CoreMotionDual/dfu.o
 .comment       0x00000026       0x27 Build_STM32G474_Candlelight_CoreMotionDual/utils.o
 .comment       0x00000026       0x27 Build_STM32G474_Candlelight_CoreMotionDual/usb_ctrlreq.o
 .comment       0x00000026       0x27 Build_STM32G474_Candlelight_CoreMotionDual/usb_ioreq.o
 .comment       0x00000026       0x27 Build_STM32G474_Candlelight_CoreMotionDual/usb_core.o
 .comment       0x00000026       0x27 Build_STM32G474_Candlelight_CoreMotionDual/usb_lowlevel.o
 .comment       0x00000026       0x27 Build_STM32G474_Candlelight_CoreMotionDual/Candlelight/control.o
 .comment       0x00000026       0x27 Build_STM32G474_Candlelight_CoreMotionDual/Candlelight/buffer.o
 .comment       0x00000026       0x27 Build_STM32G474_Candlelight_CoreMotionDual/Candlelight/usb_class.o
 .comment       0x00000026       0x27 Build_STM32G474_Candlelight_CoreMotionDual/STM32Cube/libstm32cube.a(stm32g4xx_hal.o)
 .comment       0x00000026       0x27 Build_STM32G474_Candlelight_CoreMotionDual/STM32Cube/libstm32cube.a(stm32g4xx_hal_cortex.o)
 .comment       0x00000026       0x27 Build_STM32G474_Candlelight_CoreMotionDual/STM32Cube/libstm32cube.a(stm32g4xx_hal_fdcan.o)
 .comment       0x00000026       0x27 Build_STM32G474_Candlelight_CoreMotionDual/STM32Cube/libstm32cube.a(stm32g4xx_hal_flash.o)
 .comment       0x00000026       0x27 Build_STM32G474_Candlelight_CoreMotionDual/STM32Cube/libstm32cube.a(stm32g4xx_hal_flash_ex.o)
 .comment       0x00000026       0x27 Build_STM32G474_Candlelight_CoreMotionDual/STM32Cube/libstm32cube.a(stm32g4xx_hal_gpio.o)
 .comment       0x00000026       0x27 Build_STM32G474_Candlelight_CoreMotionDual/STM32Cube/libstm32cube.a(stm32g4xx_hal_pcd.o)
 .comment       0x00000026       0x27 Build_STM32G474_Candlelight_CoreMotionDual/STM32Cube/libstm32cube.a(stm32g4xx_hal_pcd_ex.o)
 .comment       0x00000026       0x27 Build_STM32G474_Candlelight_CoreMotionDual/STM32Cube/libstm32cube.a(stm32g4xx_hal_pwr_ex.o)
 .comment       0x00000026       0x27 Build_STM32G474_Candlelight_CoreMotionDual/STM32Cube/libstm32cube.a(stm32g4xx_hal_rcc.o)
 .comment       0x00000026       0x27 Build_STM32G474_Candlelight_CoreMotionDual/STM32Cube/libstm32cube.a(stm32g4xx_hal_rcc_ex.o)
 .comment       0x00000026       0x27 Build_STM32G474_Candlelight_CoreMotionDual/STM32Cube/libstm32cube.a(stm32g4xx_hal_tim.o)
 .comment       0x00000026       0x27 Build_STM32G474_Candlelight_CoreMotionDual/STM32Cube/libstm32cube.a(stm32g4xx_ll_usb.o)
 .comment       0x00000026       0x27 /usr/lib/gcc/arm-none-eabi/13.2.1/../../../arm-none-eabi/lib/thumb/v7e-m/nofp/libc_nano.a(libc_a-sprintf.o)
 .comment       0x00000026       0x27 /usr/lib/gcc/arm-none-eabi/13.2.1/../../../arm-none-eabi/lib/thumb/v7e-m/nofp/libc_nano.a(libc_a-strcpy.o)
 .comment       0x00000026       0x27 /usr/lib/gcc/arm-none-eabi/13.2.1/../../../arm-none-eabi/lib/thumb/v7e-m/nofp/libc_nano.a(libc_a-impure.o)
 .comment       0x00000026       0x27 /usr/lib/gcc/arm-none-eabi/13.2.1/../../../arm-none-eabi/lib/thumb/v7e-m/nofp/libc_nano.a(libc_a-nano-svfprintf.o)
 .comment       0x00000026       0x27 /usr/lib/gcc/arm-none-eabi/13.2.1/../../../arm-none-eabi/lib/thumb/v7e-m/nofp/libc_nano.a(libc_a-init.o)
 .comment       0x00000026       0x27 /usr/lib/gcc/arm-none-eabi/13.2.1/../../../arm-none-eabi/lib/thumb/v7e-m/nofp/libc_nano.a(libc_a-memset.o)
 .comment       0x00000026       0x27 /usr/lib/gcc/arm-none-eabi/13.2.1/../../../arm-none-eabi/lib/thumb/v7e-m/nofp/libc_nano.a(libc_a-mallocr.o)
 .comment       0x00000026       0x27 /usr/lib/gcc/arm-none-eabi/13.2.1/../../../arm-none-eabi/lib/thumb/v7e-m/nofp/libc_nano.a(libc_a-freer.o)
 .comment       0x00000026       0x27 /usr/lib/gcc/arm-none-eabi/13.2.1/../../../arm-none-eabi/lib/thumb/v7e-m/nofp/libc_nano.a(libc_a-memmove.o)
 .comment       0x00000026       0x27 /usr/lib/gcc/arm-none-eabi/13.2.1/../../../arm-none-eabi/lib/thumb/v7e-m/nofp/libc_nano.a(libc_a-reallocr.o)
 .comment       0x00000026       0x27 /usr/lib/gcc/arm-none-eabi/13.2.1/../../../arm-none-eabi/lib/thumb/v7e-m/nofp/libc_nano.a(libc_a-nano-vfprintf_i.o)
 .comment       0x00000026       0x27 /usr/lib/gcc/arm-none-eabi/13.2.1/../../../arm-none-eabi/lib/thumb/v7e-m/nofp/libc_nano.a(libc_a-mlock.o)
 .comment       0x00000026       0x27 /usr/lib/gcc/arm-none-eabi/13.2.1/../../../arm-none-eabi/lib/thumb/v7e-m/nofp/libc_nano.a(libc_a-memcmp.o)
 .comment       0x00000026       0x27 /usr/lib/gcc/arm-none-eabi/13.2.1/../../../arm-none-eabi/lib/thumb/v7e-m/nofp/libc_nano.a(libc_a-sbrkr.o)