Archive member included to satisfy reference by file (symbol)

Build_STM32G474_Candlelight_PowerHubDual/STM32Cube\libstm32cube.a(stm32g4xx_hal.o)
                              Build_STM32G474_Candlelight_PowerHubDual/dfu.o (HAL_DeInit)
Build_STM32G474_Candlelight_PowerHubDual/STM32Cube\libstm32cube.a(stm32g4xx_hal_adc.o)
                              Build_STM32G474_Candlelight_PowerHubDual/adc.o (HAL_ADC_Init)
Build_STM32G474_Candlelight_PowerHubDual/STM32Cube\libstm32cube.a(stm32g4xx_hal_adc_ex.o)
                              Build_STM32G474_Candlelight_PowerHubDual/STM32Cube\libstm32cube.a(stm32g4xx_hal_adc.o) (HAL_ADCEx_InjectedConvCpltCallback)
Build_STM32G474_Candlelight_PowerHubDual/STM32Cube\libstm32cube.a(stm32g4xx_hal_cortex.o)
                              Build_STM32G474_Candlelight_PowerHubDual/STM32Cube\libstm32cube.a(stm32g4xx_hal.o) (HAL_NVIC_SetPriorityGrouping)
Build_STM32G474_Candlelight_PowerHubDual/STM32Cube\libstm32cube.a(stm32g4xx_hal_dma.o)
                              Build_STM32G474_Candlelight_PowerHubDual/ws2815.o (HAL_DMA_Init)
Build_STM32G474_Candlelight_PowerHubDual/STM32Cube\libstm32cube.a(stm32g4xx_hal_fdcan.o)
                              Build_STM32G474_Candlelight_PowerHubDual/can.o (HAL_FDCAN_Init)
Build_STM32G474_Candlelight_PowerHubDual/STM32Cube\libstm32cube.a(stm32g4xx_hal_flash.o)
                              Build_STM32G474_Candlelight_PowerHubDual/system.o (HAL_FLASH_Program)
Build_STM32G474_Candlelight_PowerHubDual/STM32Cube\libstm32cube.a(stm32g4xx_hal_flash_ex.o)
                              Build_STM32G474_Candlelight_PowerHubDual/system.o (HAL_FLASHEx_Erase)
Build_STM32G474_Candlelight_PowerHubDual/STM32Cube\libstm32cube.a(stm32g4xx_hal_gpio.o)
                              Build_STM32G474_Candlelight_PowerHubDual/can.o (HAL_GPIO_Init)
Build_STM32G474_Candlelight_PowerHubDual/STM32Cube\libstm32cube.a(stm32g4xx_hal_pcd.o)
                              Build_STM32G474_Candlelight_PowerHubDual/usb_lowlevel.o (HAL_PCD_Init)
Build_STM32G474_Candlelight_PowerHubDual/STM32Cube\libstm32cube.a(stm32g4xx_hal_pcd_ex.o)
                              Build_STM32G474_Candlelight_PowerHubDual/usb_lowlevel.o (HAL_PCDEx_PMAConfig)
Build_STM32G474_Candlelight_PowerHubDual/STM32Cube\libstm32cube.a(stm32g4xx_hal_pwr_ex.o)
                              Build_STM32G474_Candlelight_PowerHubDual/system.o (HAL_PWREx_ControlVoltageScaling)
Build_STM32G474_Candlelight_PowerHubDual/STM32Cube\libstm32cube.a(stm32g4xx_hal_rcc.o)
                              Build_STM32G474_Candlelight_PowerHubDual/dfu.o (HAL_RCC_DeInit)
Build_STM32G474_Candlelight_PowerHubDual/STM32Cube\libstm32cube.a(stm32g4xx_hal_rcc_ex.o)
                              Build_STM32G474_Candlelight_PowerHubDual/system.o (HAL_RCCEx_PeriphCLKConfig)
Build_STM32G474_Candlelight_PowerHubDual/STM32Cube\libstm32cube.a(stm32g4xx_hal_tim.o)
                              Build_STM32G474_Candlelight_PowerHubDual/system.o (HAL_TIM_Base_Init)
Build_STM32G474_Candlelight_PowerHubDual/STM32Cube\libstm32cube.a(stm32g4xx_hal_tim_ex.o)
                              Build_STM32G474_Candlelight_PowerHubDual/STM32Cube\libstm32cube.a(stm32g4xx_hal_tim.o) (TIMEx_DMACommutationCplt)
Build_STM32G474_Candlelight_PowerHubDual/STM32Cube\libstm32cube.a(stm32g4xx_ll_usb.o)
                              Build_STM32G474_Candlelight_PowerHubDual/STM32Cube\libstm32cube.a(stm32g4xx_hal_pcd.o) (USB_EnableGlobalInt)
Build_STM32G474_Candlelight_PowerHubDual/STM32Cube\libstm32cube.a(stm32g4xx_hal_pwr.o)
                              Build_STM32G474_Candlelight_PowerHubDual/STM32Cube\libstm32cube.a(stm32g4xx_hal_rcc_ex.o) (HAL_PWR_EnableBkUpAccess)
c:/program files (x86)/gnu arm embedded toolchain/10 2021.10/bin/../lib/gcc/arm-none-eabi/10.3.1/../../../../arm-none-eabi/lib/thumb/v7e-m/nofp\libc_nano.a(lib_a-exit.o)
                              c:/program files (x86)/gnu arm embedded toolchain/10 2021.10/bin/../lib/gcc/arm-none-eabi/10.3.1/../../../../arm-none-eabi/lib/thumb/v7e-m/nofp/crt0.o (exit)
c:/program files (x86)/gnu arm embedded toolchain/10 2021.10/bin/../lib/gcc/arm-none-eabi/10.3.1/../../../../arm-none-eabi/lib/thumb/v7e-m/nofp\libc_nano.a(lib_a-impure.o)
                              c:/program files (x86)/gnu arm embedded toolchain/10 2021.10/bin/../lib/gcc/arm-none-eabi/10.3.1/../../../../arm-none-eabi/lib/thumb/v7e-m/nofp\libc_nano.a(lib_a-exit.o) (_global_impure_ptr)
c:/program files (x86)/gnu arm embedded toolchain/10 2021.10/bin/../lib/gcc/arm-none-eabi/10.3.1/../../../../arm-none-eabi/lib/thumb/v7e-m/nofp\libc_nano.a(lib_a-init.o)
                              c:/program files (x86)/gnu arm embedded toolchain/10 2021.10/bin/../lib/gcc/arm-none-eabi/10.3.1/../../../../arm-none-eabi/lib/thumb/v7e-m/nofp/crt0.o (__libc_init_array)
[...]
Memory Configuration

Name             Origin             Length             Attributes
RAM              0x20000000         0x00020000         xrw
FLASH            0x08000000         0x0001f800         xr
DATA             0x0801f800         0x00000800         xr
*default*        0x00000000         0xffffffff

Linker script and memory map

LOAD c:/program files (x86)/gnu arm embedded toolchain/10 2021.10/bin/../lib/gcc/arm-none-eabi/10.3.1/thumb/v7e-m/nofp/crti.o
LOAD c:/program files (x86)/gnu arm embedded toolchain/10 2021.10/bin/../lib/gcc/arm-none-eabi/10.3.1/thumb/v7e-m/nofp/crtbegin.o
LOAD c:/program files (x86)/gnu arm embedded toolchain/10 2021.10/bin/../lib/gcc/arm-none-eabi/10.3.1/../../../../arm-none-eabi/lib/thumb/v7e-m/nofp/crt0.o
LOAD Build_STM32G474_Candlelight_PowerHubDual/main.o
LOAD Build_STM32G474_Candlelight_PowerHubDual/system_STM32G4xx.o
LOAD Build_STM32G474_Candlelight_PowerHubDual/system.o
LOAD Build_STM32G474_Candlelight_PowerHubDual/interrupts.o
LOAD Build_STM32G474_Candlelight_PowerHubDual/can.o
LOAD Build_STM32G474_Candlelight_PowerHubDual/error.o
LOAD Build_STM32G474_Candlelight_PowerHubDual/led.o
LOAD Build_STM32G474_Candlelight_PowerHubDual/ws2815.o
LOAD Build_STM32G474_Candlelight_PowerHubDual/adc.o
LOAD Build_STM32G474_Candlelight_PowerHubDual/dfu.o
LOAD Build_STM32G474_Candlelight_PowerHubDual/utils.o
LOAD Build_STM32G474_Candlelight_PowerHubDual/usb_ctrlreq.o
LOAD Build_STM32G474_Candlelight_PowerHubDual/usb_ioreq.o
LOAD Build_STM32G474_Candlelight_PowerHubDual/usb_core.o
LOAD Build_STM32G474_Candlelight_PowerHubDual/usb_lowlevel.o
LOAD Build_STM32G474_Candlelight_PowerHubDual/startup_STM32G474.o
LOAD Build_STM32G474_Candlelight_PowerHubDual/Candlelight/control.o
LOAD Build_STM32G474_Candlelight_PowerHubDual/Candlelight/buffer.o
LOAD Build_STM32G474_Candlelight_PowerHubDual/Candlelight/usb_class.o
LOAD Build_STM32G474_Candlelight_PowerHubDual/Candlelight/usb_interface.o
LOAD Build_STM32G474_Candlelight_PowerHubDual/STM32Cube\libstm32cube.a
LOAD c:/program files (x86)/gnu arm embedded toolchain/10 2021.10/bin/../lib/gcc/arm-none-eabi/10.3.1/../../../../arm-none-eabi/lib/thumb/v7e-m/nofp\libc_nano.a
LOAD c:/program files (x86)/gnu arm embedded toolchain/10 2021.10/bin/../lib/gcc/arm-none-eabi/10.3.1/../../../../arm-none-eabi/lib/thumb/v7e-m/nofp\libm.a
LOAD c:/program files (x86)/gnu arm embedded toolchain/10 2021.10/bin/../lib/gcc/arm-none-eabi/10.3.1/../../../../arm-none-eabi/lib/thumb/v7e-m/nofp\libnosys.a
START GROUP
LOAD c:/program files (x86)/gnu arm embedded toolchain/10 2021.10/bin/../lib/gcc/arm-none-eabi/10.3.1/thumb/v7e-m/nofp\libgcc.a
LOAD c:/program files (x86)/gnu arm embedded toolchain/10 2021.10/bin/../lib/gcc/arm-none-eabi/10.3.1/../../../../arm-none-eabi/lib/thumb/v7e-m/nofp\libg_nano.a
LOAD c:/program files (x86)/gnu arm embedded toolchain/10 2021.10/bin/../lib/gcc/arm-none-eabi/10.3.1/../../../../arm-none-eabi/lib/thumb/v7e-m/nofp\libc_nano.a
END GROUP
START GROUP
LOAD c:/program files (x86)/gnu arm embedded toolchain/10 2021.10/bin/../lib/gcc/arm-none-eabi/10.3.1/thumb/v7e-m/nofp\libgcc.a
LOAD c:/program files (x86)/gnu arm embedded toolchain/10 2021.10/bin/../lib/gcc/arm-none-eabi/10.3.1/../../../../arm-none-eabi/lib/thumb/v7e-m/nofp\libc_nano.a
LOAD c:/program files (x86)/gnu arm embedded toolchain/10 2021.10/bin/../lib/gcc/arm-none-eabi/10.3.1/../../../../arm-none-eabi/lib/thumb/v7e-m/nofp\libnosys.a
END GROUP
START GROUP
LOAD c:/program files (x86)/gnu arm embedded toolchain/10 2021.10/bin/../lib/gcc/arm-none-eabi/10.3.1/thumb/v7e-m/nofp\libgcc.a
LOAD c:/program files (x86)/gnu arm embedded toolchain/10 2021.10/bin/../lib/gcc/arm-none-eabi/10.3.1/../../../../arm-none-eabi/lib/thumb/v7e-m/nofp\libc_nano.a
LOAD c:/program files (x86)/gnu arm embedded toolchain/10 2021.10/bin/../lib/gcc/arm-none-eabi/10.3.1/../../../../arm-none-eabi/lib/thumb/v7e-m/nofp\libnosys.a
END GROUP
LOAD c:/program files (x86)/gnu arm embedded toolchain/10 2021.10/bin/../lib/gcc/arm-none-eabi/10.3.1/thumb/v7e-m/nofp/crtend.o
LOAD c:/program files (x86)/gnu arm embedded toolchain/10 2021.10/bin/../lib/gcc/arm-none-eabi/10.3.1/thumb/v7e-m/nofp/crtn.o
                0x20020000                _estack = (ORIGIN (RAM) + LENGTH (RAM))
                0x00000200                _Min_Heap_Size = 0x200
                0x00000400                _Min_Stack_Size = 0x400

.isr_vector     0x08000000      0x1d8
                0x08000000                . = ALIGN (0x4)
 *(.isr_vector)
 .isr_vector    0x08000000      0x1d8 Build_STM32G474_Candlelight_PowerHubDual/startup_STM32G474.o
                0x08000000                g_pfnVectors
                0x080001d8                . = ALIGN (0x4)

.text           0x080001e0     0xbdac
                0x080001e0                . = ALIGN (0x4)
 *(.text)
 .text          0x080001e0       0x40 c:/program files (x86)/gnu arm embedded toolchain/10 2021.10/bin/../lib/gcc/arm-none-eabi/10.3.1/thumb/v7e-m/nofp/crtbegin.o
 .text          0x08000220       0x10 c:/program files (x86)/gnu arm embedded toolchain/10 2021.10/bin/../lib/gcc/arm-none-eabi/10.3.1/../../../../arm-none-eabi/lib/thumb/v7e-m/nofp\libc_nano.a(lib_a-strlen.o)
                0x08000220                strlen
 .text          0x08000230       0xa0 c:/program files (x86)/gnu arm embedded toolchain/10 2021.10/bin/../lib/gcc/arm-none-eabi/10.3.1/../../../../arm-none-eabi/lib/thumb/v7e-m/nofp\libc_nano.a(lib_a-memchr.o)
                0x08000230                memchr
 .text          0x080002d0      0x21c c:/program files (x86)/gnu arm embedded toolchain/10 2021.10/bin/../lib/gcc/arm-none-eabi/10.3.1/thumb/v7e-m/nofp\libgcc.a(_arm_addsubsf3.o)
                0x080002d0                __aeabi_frsub
                0x080002d8                __subsf3
                0x080002d8                __aeabi_fsub
                0x080002dc                __aeabi_fadd
                0x080002dc                __addsf3
                0x0800043c                __aeabi_ui2f
                0x0800043c                __floatunsisf
                0x08000444                __aeabi_i2f
                0x08000444                __floatsisf
                0x08000460                __aeabi_ul2f
                0x08000460                __floatundisf
                0x08000470                __aeabi_l2f
                0x08000470                __floatdisf
 .text          0x080004ec      0x2a0 c:/program files (x86)/gnu arm embedded toolchain/10 2021.10/bin/../lib/gcc/arm-none-eabi/10.3.1/thumb/v7e-m/nofp\libgcc.a(_arm_muldivsf3.o)
                0x080004ec                __mulsf3
                0x080004ec                __aeabi_fmul
                0x08000654                __aeabi_fdiv
                0x08000654                __divsf3
 .text          0x0800078c       0xec c:/program files (x86)/gnu arm embedded toolchain/10 2021.10/bin/../lib/gcc/arm-none-eabi/10.3.1/thumb/v7e-m/nofp\libgcc.a(_arm_cmpsf2.o)
                0x0800078c                __gesf2
                0x0800078c                __gtsf2
                0x08000794                __lesf2
                0x08000794                __ltsf2
                0x0800079c                __nesf2
                0x0800079c                __eqsf2
                0x0800079c                __cmpsf2
                0x080007fc                __aeabi_cfrcmple
                0x08000804                __aeabi_cfcmpeq
                0x08000804                __aeabi_cfcmple
                0x08000814                __aeabi_fcmpeq
                0x08000828                __aeabi_fcmplt
                0x0800083c                __aeabi_fcmple
                0x08000850                __aeabi_fcmpge
                0x08000864                __aeabi_fcmpgt
 *(.text*)
 .text.startup.main
                0x08000878       0xc0 Build_STM32G474_Candlelight_PowerHubDual/main.o
                0x08000878                main
 .text.SystemInit
                0x08000938       0x10 Build_STM32G474_Candlelight_PowerHubDual/system_STM32G4xx.o
                0x08000938                SystemInit
 .text.system_init_timestamp
                0x08000948       0x80 Build_STM32G474_Candlelight_PowerHubDual/system.o
                0x08000948                system_init_timestamp
 .text.HAL_FDCAN_TimestampWraparoundCallback
                0x080009c8       0x10 Build_STM32G474_Candlelight_PowerHubDual/system.o
                0x080009c8                HAL_FDCAN_TimestampWraparoundCallback
 .text.system_reset_timestamps
                0x080009d8       0x14 Build_STM32G474_Candlelight_PowerHubDual/system.o
                0x080009d8                system_reset_timestamps
 .text.system_get_mcu_serie
                0x080009ec       0x28 Build_STM32G474_Candlelight_PowerHubDual/system.o
                0x080009ec                system_get_mcu_serie
 .text.system_get_can_clock
                0x08000a14        0xc Build_STM32G474_Candlelight_PowerHubDual/system.o
                0x08000a14                system_get_can_clock
 .text.system_get_timestamp
                0x08000a20       0x18 Build_STM32G474_Candlelight_PowerHubDual/system.o
                0x08000a20                system_get_timestamp
 .text.system_get_timewrap
                0x08000a38        0xc Build_STM32G474_Candlelight_PowerHubDual/system.o
                0x08000a38                system_get_timewrap
 .text.system_is_option_enabled
                0x08000a44       0x5c Build_STM32G474_Candlelight_PowerHubDual/system.o
                0x08000a44                system_is_option_enabled
 .text.system_set_option_bytes
                0x08000aa0       0xf8 Build_STM32G474_Candlelight_PowerHubDual/system.o
                0x08000aa0                system_set_option_bytes
 .text.system_init
                0x08000b98      0x144 Build_STM32G474_Candlelight_PowerHubDual/system.o
                0x08000b98                system_init
 .text.system_get_flash_addr
                0x08000cdc       0x50 Build_STM32G474_Candlelight_PowerHubDual/system.o
                0x08000cdc                system_get_flash_addr
 .text.system_write_flash
                0x08000d2c      0x10c Build_STM32G474_Candlelight_PowerHubDual/system.o
                0x08000d2c                system_write_flash
 .text.NMI_Handler
                0x08000e38        0x4 Build_STM32G474_Candlelight_PowerHubDual/interrupts.o
                0x08000e38                NMI_Handler
 .text.HardFault_Handler
                0x08000e3c        0x4 Build_STM32G474_Candlelight_PowerHubDual/interrupts.o
                0x08000e3c                HardFault_Handler
 .text.MemManage_Handler
                0x08000e40        0x4 Build_STM32G474_Candlelight_PowerHubDual/interrupts.o
                0x08000e40                MemManage_Handler
 .text.BusFault_Handler
                0x08000e44        0x4 Build_STM32G474_Candlelight_PowerHubDual/interrupts.o
                0x08000e44                BusFault_Handler
 .text.UsageFault_Handler
                0x08000e48        0x4 Build_STM32G474_Candlelight_PowerHubDual/interrupts.o
                0x08000e48                UsageFault_Handler
 .text.SVC_Handler
                0x08000e4c        0x4 Build_STM32G474_Candlelight_PowerHubDual/interrupts.o
                0x08000e4c                SVC_Handler
 .text.DebugMon_Handler
                0x08000e50        0x4 Build_STM32G474_Candlelight_PowerHubDual/interrupts.o
                0x08000e50                DebugMon_Handler
 .text.PendSV_Handler
                0x08000e54        0x4 Build_STM32G474_Candlelight_PowerHubDual/interrupts.o
                0x08000e54                PendSV_Handler
 .text.SysTick_Handler
                0x08000e58       0x10 Build_STM32G474_Candlelight_PowerHubDual/interrupts.o
                0x08000e58                SysTick_Handler
 .text.USB_LP_IRQHandler
                0x08000e68        0xc Build_STM32G474_Candlelight_PowerHubDual/interrupts.o
                0x08000e68                USB_LP_IRQHandler
 .text.USB_HP_IRQHandler
                0x08000e74        0xc Build_STM32G474_Candlelight_PowerHubDual/interrupts.o
                0x08000e74                USB_HP_IRQHandler
 .text.FDCAN1_IT0_IRQHandler
                0x08000e80       0x10 Build_STM32G474_Candlelight_PowerHubDual/interrupts.o
                0x08000e80                FDCAN1_IT0_IRQHandler
 .text.DMA1_Channel1_IRQHandler
                0x08000e90        0xc Build_STM32G474_Candlelight_PowerHubDual/interrupts.o
                0x08000e90                DMA1_Channel1_IRQHandler
 .text.can_calc_bit_count_in_frame.part.0
                0x08000e9c       0xac Build_STM32G474_Candlelight_PowerHubDual/can.o
 .text.can_init
                0x08000f48       0xd8 Build_STM32G474_Candlelight_PowerHubDual/can.o
                0x08000f48                can_init
 .text.can_open
                0x08001020      0x2a0 Build_STM32G474_Candlelight_PowerHubDual/can.o
                0x08001020                can_open
 .text.can_close_all
                0x080012c0       0xac Build_STM32G474_Candlelight_PowerHubDual/can.o
                0x080012c0                can_close_all
 .text.can_close
                0x0800136c       0x64 Build_STM32G474_Candlelight_PowerHubDual/can.o
                0x0800136c                can_close
 .text.can_send_packet
                0x080013d0       0xb4 Build_STM32G474_Candlelight_PowerHubDual/can.o
                0x080013d0                can_send_packet
 .text.can_recover_bus_off
                0x08001484       0x70 Build_STM32G474_Candlelight_PowerHubDual/can.o
                0x08001484                can_recover_bus_off
 .text.can_timer_100ms
                0x080014f4       0xa8 Build_STM32G474_Candlelight_PowerHubDual/can.o
                0x080014f4                can_timer_100ms
 .text.can_set_bit_timing
                0x0800159c       0x9c Build_STM32G474_Candlelight_PowerHubDual/can.o
                0x0800159c                can_set_bit_timing
 .text.can_print_info
                0x08001638      0x100 Build_STM32G474_Candlelight_PowerHubDual/can.o
                0x08001638                can_print_info
 .text.can_add_host_filter
                0x08001738      0x104 Build_STM32G474_Candlelight_PowerHubDual/can.o
                0x08001738                can_add_host_filter
 .text.can_clear_host_filters
                0x0800183c       0x20 Build_STM32G474_Candlelight_PowerHubDual/can.o
                0x0800183c                can_clear_host_filters
 .text.can_set_bridge_filter
                0x0800185c       0xc8 Build_STM32G474_Candlelight_PowerHubDual/can.o
                0x0800185c                can_set_bridge_filter
 .text.can_forward_bridge_packet
                0x08001924       0xdc Build_STM32G474_Candlelight_PowerHubDual/can.o
                0x08001924                can_forward_bridge_packet
 .text.can_process
                0x08001a00      0x310 Build_STM32G474_Candlelight_PowerHubDual/can.o
                0x08001a00                can_process
 .text.can_set_termination
                0x08001d10       0x40 Build_STM32G474_Candlelight_PowerHubDual/can.o
                0x08001d10                can_set_termination
 .text.can_get_termination
                0x08001d50       0x2c Build_STM32G474_Candlelight_PowerHubDual/can.o
                0x08001d50                can_get_termination
 .text.can_enable_busload
                0x08001d7c       0x20 Build_STM32G474_Candlelight_PowerHubDual/can.o
                0x08001d7c                can_enable_busload
 .text.can_is_any_open
                0x08001d9c       0x14 Build_STM32G474_Candlelight_PowerHubDual/can.o
                0x08001d9c                can_is_any_open
 .text.can_is_open
                0x08001db0       0x14 Build_STM32G474_Candlelight_PowerHubDual/can.o
                0x08001db0                can_is_open
 .text.can_is_passive
                0x08001dc4       0x1c Build_STM32G474_Candlelight_PowerHubDual/can.o
                0x08001dc4                can_is_passive
 .text.can_using_FD
                0x08001de0       0x1c Build_STM32G474_Candlelight_PowerHubDual/can.o
                0x08001de0                can_using_FD
 .text.can_is_tx_allowed
                0x08001dfc       0x30 Build_STM32G474_Candlelight_PowerHubDual/can.o
                0x08001dfc                can_is_tx_allowed
 .text.can_is_tx_fifo_free
                0x08001e2c       0x1c Build_STM32G474_Candlelight_PowerHubDual/can.o
                0x08001e2c                can_is_tx_fifo_free
 .text.can_get_handle
                0x08001e48       0x10 Build_STM32G474_Candlelight_PowerHubDual/can.o
                0x08001e48                can_get_handle
 .text.error_init
                0x08001e58       0x20 Build_STM32G474_Candlelight_PowerHubDual/error.o
                0x08001e58                error_init
 .text.error_assert
                0x08001e78       0x2c Build_STM32G474_Candlelight_PowerHubDual/error.o
                0x08001e78                error_assert
 .text.error_get_state
                0x08001ea4       0x10 Build_STM32G474_Candlelight_PowerHubDual/error.o
                0x08001ea4                error_get_state
 .text.error_is_report_due
                0x08001eb4      0x184 Build_STM32G474_Candlelight_PowerHubDual/error.o
                0x08001eb4                error_is_report_due
 .text.error_clear
                0x08002038       0x18 Build_STM32G474_Candlelight_PowerHubDual/error.o
                0x08002038                error_clear
 .text.led_init
                0x08002050       0xa4 Build_STM32G474_Candlelight_PowerHubDual/led.o
                0x08002050                led_init
 .text.led_sleep
                0x080020f4       0x28 Build_STM32G474_Candlelight_PowerHubDual/led.o
                0x080020f4                led_sleep
 .text.led_blink_power_on
                0x0800211c       0x5c Build_STM32G474_Candlelight_PowerHubDual/led.o
                0x0800211c                led_blink_power_on
 .text.led_blink_identify
                0x08002178       0x38 Build_STM32G474_Candlelight_PowerHubDual/led.o
                0x08002178                led_blink_identify
 .text.led_turn_TX
                0x080021b0       0x14 Build_STM32G474_Candlelight_PowerHubDual/led.o
                0x080021b0                led_turn_TX
 .text.led_flash_TX
                0x080021c4       0x34 Build_STM32G474_Candlelight_PowerHubDual/led.o
                0x080021c4                led_flash_TX
 .text.led_flash_RX
                0x080021f8       0x38 Build_STM32G474_Candlelight_PowerHubDual/led.o
                0x080021f8                led_flash_RX
 .text.led_process
                0x08002230      0x10c Build_STM32G474_Candlelight_PowerHubDual/led.o
                0x08002230                led_process
 .text.ws2815_set_pixel_timer
                0x0800233c      0x28c Build_STM32G474_Candlelight_PowerHubDual/ws2815.o
 .text.HAL_TIM_PWM_MspInit
                0x080025c8       0x74 Build_STM32G474_Candlelight_PowerHubDual/ws2815.o
                0x080025c8                HAL_TIM_PWM_MspInit
 .text.ws2815_init
                0x0800263c      0x138 Build_STM32G474_Candlelight_PowerHubDual/ws2815.o
                0x0800263c                ws2815_init
 .text.ws2815_set_rx
                0x08002774       0x54 Build_STM32G474_Candlelight_PowerHubDual/ws2815.o
                0x08002774                ws2815_set_rx
 .text.ws2815_set_tx
                0x080027c8       0x50 Build_STM32G474_Candlelight_PowerHubDual/ws2815.o
                0x080027c8                ws2815_set_tx
 .text.ws2815_set_pwr
                0x08002818       0x48 Build_STM32G474_Candlelight_PowerHubDual/ws2815.o
                0x08002818                ws2815_set_pwr
 .text.adc_init
                0x08002860       0x98 Build_STM32G474_Candlelight_PowerHubDual/adc.o
                0x08002860                adc_init
 .text.HAL_ADC_MspInit
                0x080028f8       0x80 Build_STM32G474_Candlelight_PowerHubDual/adc.o
                0x080028f8                HAL_ADC_MspInit
 .text.adc_timer_100ms
                0x08002978       0x68 Build_STM32G474_Candlelight_PowerHubDual/adc.o
                0x08002978                adc_timer_100ms
 .text.dfu_switch_to_bootloader
                0x080029e0       0x64 Build_STM32G474_Candlelight_PowerHubDual/dfu.o
                0x080029e0                dfu_switch_to_bootloader
 .text.dfu_timer_100ms
                0x08002a44       0x78 Build_STM32G474_Candlelight_PowerHubDual/dfu.o
                0x08002a44                dfu_timer_100ms
 .text.utils_init
                0x08002abc       0x38 Build_STM32G474_Candlelight_PowerHubDual/utils.o
                0x08002abc                utils_init
 .text.utils_get_bit_limits
                0x08002af4       0x18 Build_STM32G474_Candlelight_PowerHubDual/utils.o
                0x08002af4                utils_get_bit_limits
 .text.utils_mem_is_empty
                0x08002b0c       0x20 Build_STM32G474_Candlelight_PowerHubDual/utils.o
                0x08002b0c                utils_mem_is_empty
 .text.utils_dlc_to_byte_count
                0x08002b2c       0x1c Build_STM32G474_Candlelight_PowerHubDual/utils.o
                0x08002b2c                utils_dlc_to_byte_count
 .text.utils_byte_count_to_dlc
                0x08002b48       0x3c Build_STM32G474_Candlelight_PowerHubDual/utils.o
                0x08002b48                utils_byte_count_to_dlc
 .text.utils_format_bitrate
                0x08002b84       0xe0 Build_STM32G474_Candlelight_PowerHubDual/utils.o
                0x08002b84                utils_format_bitrate
 .text.USBD_StdDevReq
                0x08002c64      0x318 Build_STM32G474_Candlelight_PowerHubDual/usb_ctrlreq.o
                0x08002c64                USBD_StdDevReq
 .text.USBD_StdItfReq
                0x08002f7c       0x54 Build_STM32G474_Candlelight_PowerHubDual/usb_ctrlreq.o
                0x08002f7c                USBD_StdItfReq
 .text.USBD_StdEPReq
                0x08002fd0      0x13c Build_STM32G474_Candlelight_PowerHubDual/usb_ctrlreq.o
                0x08002fd0                USBD_StdEPReq
 .text.USBD_ParseSetupRequest
                0x0800310c       0x28 Build_STM32G474_Candlelight_PowerHubDual/usb_ctrlreq.o
                0x0800310c                USBD_ParseSetupRequest
 .text.USBD_CtlError
                0x08003134       0x14 Build_STM32G474_Candlelight_PowerHubDual/usb_ctrlreq.o
                0x08003134                USBD_CtlError
 .text.USBD_GetStringDescr
                0x08003148       0x48 Build_STM32G474_Candlelight_PowerHubDual/usb_ctrlreq.o
                0x08003148                USBD_GetStringDescr
 .text.USBD_CtlSendData
                0x08003190       0x20 Build_STM32G474_Candlelight_PowerHubDual/usb_ioreq.o
                0x08003190                USBD_CtlSendData
 .text.USBD_CtlContinueSendData
                0x080031b0       0x10 Build_STM32G474_Candlelight_PowerHubDual/usb_ioreq.o
                0x080031b0                USBD_CtlContinueSendData
 .text.USBD_CtlPrepareRx
                0x080031c0       0x20 Build_STM32G474_Candlelight_PowerHubDual/usb_ioreq.o
                0x080031c0                USBD_CtlPrepareRx
 .text.USBD_CtlContinueRx
                0x080031e0       0x10 Build_STM32G474_Candlelight_PowerHubDual/usb_ioreq.o
                0x080031e0                USBD_CtlContinueRx
 .text.USBD_CtlSendStatus
                0x080031f0       0x1c Build_STM32G474_Candlelight_PowerHubDual/usb_ioreq.o
                0x080031f0                USBD_CtlSendStatus
 .text.USBD_CtlReceiveStatus
                0x0800320c       0x1c Build_STM32G474_Candlelight_PowerHubDual/usb_ioreq.o
                0x0800320c                USBD_CtlReceiveStatus
 .text.USBD_Init
                0x08003228       0x28 Build_STM32G474_Candlelight_PowerHubDual/usb_core.o
                0x08003228                USBD_Init
 .text.USBD_SetClassConfig
                0x08003250       0x14 Build_STM32G474_Candlelight_PowerHubDual/usb_core.o
                0x08003250                USBD_SetClassConfig
 .text.USBD_ClrClassConfig
                0x08003264       0x10 Build_STM32G474_Candlelight_PowerHubDual/usb_core.o
                0x08003264                USBD_ClrClassConfig
 .text.USBD_LL_SetupStage
                0x08003274       0x60 Build_STM32G474_Candlelight_PowerHubDual/usb_core.o
                0x08003274                USBD_LL_SetupStage
 .text.USBD_LL_DataOutStage
                0x080032d4       0x80 Build_STM32G474_Candlelight_PowerHubDual/usb_core.o
                0x080032d4                USBD_LL_DataOutStage
 .text.USBD_LL_DataInStage
                0x08003354       0xcc Build_STM32G474_Candlelight_PowerHubDual/usb_core.o
                0x08003354                USBD_LL_DataInStage
 .text.USBD_LL_Reset
                0x08003420       0x4c Build_STM32G474_Candlelight_PowerHubDual/usb_core.o
                0x08003420                USBD_LL_Reset
 .text.USBD_LL_SetSpeed
                0x0800346c        0xc Build_STM32G474_Candlelight_PowerHubDual/usb_core.o
                0x0800346c                USBD_LL_SetSpeed
 .text.USBD_LL_Suspend
                0x08003478       0x18 Build_STM32G474_Candlelight_PowerHubDual/usb_core.o
                0x08003478                USBD_LL_Suspend
 .text.USBD_LL_Resume
                0x08003490       0x1c Build_STM32G474_Candlelight_PowerHubDual/usb_core.o
                0x08003490                USBD_LL_Resume
 .text.USBD_LL_SOF
                0x080034ac       0x28 Build_STM32G474_Candlelight_PowerHubDual/usb_core.o
                0x080034ac                USBD_LL_SOF
 .text.HAL_PCD_MspInit
                0x080034d4       0x44 Build_STM32G474_Candlelight_PowerHubDual/usb_lowlevel.o
                0x080034d4                HAL_PCD_MspInit
 .text.HAL_PCD_SetupStageCallback
                0x08003518       0x18 Build_STM32G474_Candlelight_PowerHubDual/usb_lowlevel.o
                0x08003518                HAL_PCD_SetupStageCallback
 .text.HAL_PCD_DataOutStageCallback
                0x08003530       0x18 Build_STM32G474_Candlelight_PowerHubDual/usb_lowlevel.o
                0x08003530                HAL_PCD_DataOutStageCallback
 .text.HAL_PCD_DataInStageCallback
                0x08003548       0x18 Build_STM32G474_Candlelight_PowerHubDual/usb_lowlevel.o
                0x08003548                HAL_PCD_DataInStageCallback
 .text.HAL_PCD_SOFCallback
                0x08003560        0x4 Build_STM32G474_Candlelight_PowerHubDual/usb_lowlevel.o
                0x08003560                HAL_PCD_SOFCallback
 .text.HAL_PCD_ResetCallback
                0x08003564       0x10 Build_STM32G474_Candlelight_PowerHubDual/usb_lowlevel.o
                0x08003564                HAL_PCD_ResetCallback
 .text.HAL_PCD_SuspendCallback
                0x08003574       0x30 Build_STM32G474_Candlelight_PowerHubDual/usb_lowlevel.o
                0x08003574                HAL_PCD_SuspendCallback
 .text.HAL_PCD_ResumeCallback
                0x080035a4       0x2c Build_STM32G474_Candlelight_PowerHubDual/usb_lowlevel.o
                0x080035a4                HAL_PCD_ResumeCallback
 .text.HAL_PCD_Is_Suspended
                0x080035d0        0xc Build_STM32G474_Candlelight_PowerHubDual/usb_lowlevel.o
                0x080035d0                HAL_PCD_Is_Suspended
 .text.USBD_LL_Init
                0x080035dc       0x28 Build_STM32G474_Candlelight_PowerHubDual/usb_lowlevel.o
                0x080035dc                USBD_LL_Init
 .text.USBD_LL_ConfigurePMA
                0x08003604       0x48 Build_STM32G474_Candlelight_PowerHubDual/usb_lowlevel.o
                0x08003604                USBD_LL_ConfigurePMA
 .text.USBD_LL_Start
                0x0800364c       0x18 Build_STM32G474_Candlelight_PowerHubDual/usb_lowlevel.o
                0x0800364c                USBD_LL_Start
 .text.USBD_LL_OpenEP
                0x08003664       0x20 Build_STM32G474_Candlelight_PowerHubDual/usb_lowlevel.o
                0x08003664                USBD_LL_OpenEP
 .text.USBD_LL_CloseEP
                0x08003684       0x1c Build_STM32G474_Candlelight_PowerHubDual/usb_lowlevel.o
                0x08003684                USBD_LL_CloseEP
 .text.USBD_LL_StallEP
                0x080036a0       0x1c Build_STM32G474_Candlelight_PowerHubDual/usb_lowlevel.o
                0x080036a0                USBD_LL_StallEP
 .text.USBD_LL_ClearStallEP
                0x080036bc       0x1c Build_STM32G474_Candlelight_PowerHubDual/usb_lowlevel.o
                0x080036bc                USBD_LL_ClearStallEP
 .text.USBD_LL_IsStallEP
                0x080036d8       0x28 Build_STM32G474_Candlelight_PowerHubDual/usb_lowlevel.o
                0x080036d8                USBD_LL_IsStallEP
 .text.USBD_LL_SetUSBAddress
                0x08003700       0x1c Build_STM32G474_Candlelight_PowerHubDual/usb_lowlevel.o
                0x08003700                USBD_LL_SetUSBAddress
 .text.USBD_LL_Transmit
                0x0800371c       0x20 Build_STM32G474_Candlelight_PowerHubDual/usb_lowlevel.o
                0x0800371c                USBD_LL_Transmit
 .text.USBD_LL_PrepareReceive
                0x0800373c       0x20 Build_STM32G474_Candlelight_PowerHubDual/usb_lowlevel.o
                0x0800373c                USBD_LL_PrepareReceive
 .text.Reset_Handler
                0x0800375c       0x50 Build_STM32G474_Candlelight_PowerHubDual/startup_STM32G474.o
                0x0800375c                Reset_Handler
 .text.Default_Handler
                0x080037ac        0x2 Build_STM32G474_Candlelight_PowerHubDual/startup_STM32G474.o
                0x080037ac                RTC_Alarm_IRQHandler
                0x080037ac                EXTI2_IRQHandler
                0x080037ac                TIM8_TRG_COM_IRQHandler
                0x080037ac                TIM8_CC_IRQHandler
                0x080037ac                HRTIM1_Master_IRQHandler
                0x080037ac                SPI4_IRQHandler
                0x080037ac                FDCAN3_IT0_IRQHandler
                0x080037ac                TIM1_CC_IRQHandler
                0x080037ac                HRTIM1_FLT_IRQHandler
                0x080037ac                HRTIM1_TIMF_IRQHandler
                0x080037ac                CORDIC_IRQHandler
                0x080037ac                HRTIM1_TIMD_IRQHandler
                0x080037ac                DMA2_Channel8_IRQHandler
                0x080037ac                EXTI3_IRQHandler
                0x080037ac                I2C3_ER_IRQHandler
                0x080037ac                EXTI0_IRQHandler
                0x080037ac                I2C2_EV_IRQHandler
                0x080037ac                FPU_IRQHandler
                0x080037ac                FDCAN1_IT1_IRQHandler
                0x080037ac                TIM1_UP_TIM16_IRQHandler
                0x080037ac                ADC1_2_IRQHandler
                0x080037ac                HRTIM1_TIME_IRQHandler
                0x080037ac                SPI1_IRQHandler
                0x080037ac                TIM6_DAC_IRQHandler
                0x080037ac                HRTIM1_TIMC_IRQHandler
                0x080037ac                TIM8_UP_IRQHandler
                0x080037ac                DMA2_Channel2_IRQHandler
                0x080037ac                DMA1_Channel4_IRQHandler
                0x080037ac                TIM20_TRG_COM_IRQHandler
                0x080037ac                USART3_IRQHandler
                0x080037ac                DMA1_Channel7_IRQHandler
                0x080037ac                UART5_IRQHandler
                0x080037ac                ADC3_IRQHandler
                0x080037ac                TIM4_IRQHandler
                0x080037ac                DMA2_Channel1_IRQHandler
                0x080037ac                QUADSPI_IRQHandler
                0x080037ac                I2C1_EV_IRQHandler
                0x080037ac                DMA1_Channel6_IRQHandler
                0x080037ac                UART4_IRQHandler
                0x080037ac                DMA2_Channel4_IRQHandler
                0x080037ac                TIM3_IRQHandler
                0x080037ac                RCC_IRQHandler
                0x080037ac                TIM20_UP_IRQHandler
                0x080037ac                Default_Handler
                0x080037ac                DMA2_Channel7_IRQHandler
                0x080037ac                RTC_TAMP_LSECSS_IRQHandler
                0x080037ac                FMAC_IRQHandler
                0x080037ac                EXTI15_10_IRQHandler
                0x080037ac                DMA1_Channel8_IRQHandler
                0x080037ac                HRTIM1_TIMA_IRQHandler
                0x080037ac                TIM7_DAC_IRQHandler
                0x080037ac                FDCAN3_IT1_IRQHandler
                0x080037ac                TIM5_IRQHandler
                0x080037ac                UCPD1_IRQHandler
                0x080037ac                I2C3_EV_IRQHandler
                0x080037ac                EXTI9_5_IRQHandler
                0x080037ac                RTC_WKUP_IRQHandler
                0x080037ac                PVD_PVM_IRQHandler
                0x080037ac                SPI2_IRQHandler
                0x080037ac                ADC5_IRQHandler
                0x080037ac                DMA2_Channel5_IRQHandler
                0x080037ac                CRS_IRQHandler
                0x080037ac                DMA1_Channel5_IRQHandler
                0x080037ac                EXTI4_IRQHandler
                0x080037ac                RNG_IRQHandler
                0x080037ac                HRTIM1_TIMB_IRQHandler
                0x080037ac                TIM1_TRG_COM_TIM17_IRQHandler
                0x080037ac                FDCAN2_IT1_IRQHandler
                0x080037ac                DMA1_Channel3_IRQHandler
                0x080037ac                ADC4_IRQHandler
                0x080037ac                WWDG_IRQHandler
                0x080037ac                I2C4_EV_IRQHandler
                0x080037ac                FDCAN2_IT0_IRQHandler
                0x080037ac                LPUART1_IRQHandler
                0x080037ac                DMA2_Channel6_IRQHandler
                0x080037ac                TIM2_IRQHandler
                0x080037ac                COMP7_IRQHandler
                0x080037ac                COMP1_2_3_IRQHandler
                0x080037ac                EXTI1_IRQHandler
                0x080037ac                USART2_IRQHandler
                0x080037ac                COMP4_5_6_IRQHandler
                0x080037ac                TIM20_BRK_IRQHandler
                0x080037ac                I2C2_ER_IRQHandler
                0x080037ac                DMA1_Channel2_IRQHandler
                0x080037ac                TIM8_BRK_IRQHandler
                0x080037ac                FLASH_IRQHandler
                0x080037ac                TIM20_CC_IRQHandler
                0x080037ac                USART1_IRQHandler
                0x080037ac                SPI3_IRQHandler
                0x080037ac                I2C1_ER_IRQHandler
                0x080037ac                FMC_IRQHandler
                0x080037ac                LPTIM1_IRQHandler
                0x080037ac                DMAMUX_OVR_IRQHandler
                0x080037ac                I2C4_ER_IRQHandler
                0x080037ac                USBWakeUp_IRQHandler
                0x080037ac                SAI1_IRQHandler
                0x080037ac                DMA2_Channel3_IRQHandler
                0x080037ac                TIM1_BRK_TIM15_IRQHandler
 *fill*         0x080037ae        0x2 
 .text.control_init
                0x080037b0      0x110 Build_STM32G474_Candlelight_PowerHubDual/Candlelight/control.o
                0x080037b0                control_init
 .text.control_setup_request
                0x080038c0      0x2bc Build_STM32G474_Candlelight_PowerHubDual/Candlelight/control.o
                0x080038c0                control_setup_request
 .text.control_setup_OUT_data
                0x08003b7c      0x2e4 Build_STM32G474_Candlelight_PowerHubDual/Candlelight/control.o
                0x08003b7c                control_setup_OUT_data
 .text.control_process
                0x08003e60       0x24 Build_STM32G474_Candlelight_PowerHubDual/Candlelight/control.o
                0x08003e60                control_process
 .text.control_report_busload
                0x08003e84       0x4c Build_STM32G474_Candlelight_PowerHubDual/Candlelight/control.o
                0x08003e84                control_report_busload
 .text.control_send_debug_mesg
                0x08003ed0       0x84 Build_STM32G474_Candlelight_PowerHubDual/Candlelight/control.o
                0x08003ed0                control_send_debug_mesg
 .text.buf_process_host.part.0
                0x08003f54      0x1d4 Build_STM32G474_Candlelight_PowerHubDual/Candlelight/buffer.o
 .text.buf_clear_can_buffer
                0x08004128       0x6c Build_STM32G474_Candlelight_PowerHubDual/Candlelight/buffer.o
                0x08004128                buf_clear_can_buffer
 .text.buf_clear_buffers
                0x08004194       0xd4 Build_STM32G474_Candlelight_PowerHubDual/Candlelight/buffer.o
                0x08004194                buf_clear_buffers
 .text.buf_init
                0x08004268       0x1c Build_STM32G474_Candlelight_PowerHubDual/Candlelight/buffer.o
                0x08004268                buf_init
 .text.buf_store_tx_packet
                0x08004284       0xe8 Build_STM32G474_Candlelight_PowerHubDual/Candlelight/buffer.o
                0x08004284                buf_store_tx_packet
 .text.buf_store_can_frame
                0x0800436c      0x110 Build_STM32G474_Candlelight_PowerHubDual/Candlelight/buffer.o
                0x0800436c                buf_store_can_frame
 .text.buf_store_can_frame_blob
                0x0800447c      0x194 Build_STM32G474_Candlelight_PowerHubDual/Candlelight/buffer.o
                0x0800447c                buf_store_can_frame_blob
 .text.buf_store_rx_packet
                0x08004610      0x184 Build_STM32G474_Candlelight_PowerHubDual/Candlelight/buffer.o
                0x08004610                buf_store_rx_packet
 .text.buf_store_rx_packet_echo
                0x08004794      0x184 Build_STM32G474_Candlelight_PowerHubDual/Candlelight/buffer.o
                0x08004794                buf_store_rx_packet_echo
 .text.buf_process
                0x08004918      0x170 Build_STM32G474_Candlelight_PowerHubDual/Candlelight/buffer.o
                0x08004918                buf_process
 .text.buf_store_tx_echo
                0x08004a88       0x9c Build_STM32G474_Candlelight_PowerHubDual/Candlelight/buffer.o
                0x08004a88                buf_store_tx_echo
 .text.buf_store_error
                0x08004b24      0x218 Build_STM32G474_Candlelight_PowerHubDual/Candlelight/buffer.o
                0x08004b24                buf_store_error
 .text.buf_get_host_frame_locked
                0x08004d3c       0x30 Build_STM32G474_Candlelight_PowerHubDual/Candlelight/buffer.o
                0x08004d3c                buf_get_host_frame_locked
 .text.buf_get_instance
                0x08004d6c       0x10 Build_STM32G474_Candlelight_PowerHubDual/Candlelight/buffer.o
                0x08004d6c                buf_get_instance
 .text.USB_IRQ_Init
                0x08004d7c       0x94 Build_STM32G474_Candlelight_PowerHubDual/Candlelight/usb_class.o
                0x08004d7c                USB_IRQ_Init
 .text.USB_IRQ_EP0_RxReady
                0x08004e10        0xc Build_STM32G474_Candlelight_PowerHubDual/Candlelight/usb_class.o
                0x08004e10                USB_IRQ_EP0_RxReady
 .text.USB_IRQ_DataOut
                0x08004e1c       0x44 Build_STM32G474_Candlelight_PowerHubDual/Candlelight/usb_class.o
                0x08004e1c                USB_IRQ_DataOut
 .text.USB_IRQ_DataIn
                0x08004e60       0x34 Build_STM32G474_Candlelight_PowerHubDual/Candlelight/usb_class.o
                0x08004e60                USB_IRQ_DataIn
 .text.USB_IRQ_DeInit
                0x08004e94       0x38 Build_STM32G474_Candlelight_PowerHubDual/Candlelight/usb_class.o
                0x08004e94                USB_IRQ_DeInit
 .text.USB_IRQ_Setup
                0x08004ecc       0x94 Build_STM32G474_Candlelight_PowerHubDual/Candlelight/usb_class.o
                0x08004ecc                USB_IRQ_Setup
 .text.USBD_ConfigureEndpoints
                0x08004f60       0x64 Build_STM32G474_Candlelight_PowerHubDual/Candlelight/usb_class.o
                0x08004f60                USBD_ConfigureEndpoints
 .text.USBD_GetUserStringDescr
                0x08004fc4       0x48 Build_STM32G474_Candlelight_PowerHubDual/Candlelight/usb_class.o
                0x08004fc4                USBD_GetUserStringDescr
 .text.USBD_SetupStageRequest
                0x0800500c       0x90 Build_STM32G474_Candlelight_PowerHubDual/Candlelight/usb_class.o
                0x0800500c                USBD_SetupStageRequest
 .text.USBD_SendInDataToHost
                0x0800509c       0x4c Build_STM32G474_Candlelight_PowerHubDual/Candlelight/usb_class.o
                0x0800509c                USBD_SendInDataToHost
 .text.HAL_MspInit
                0x080050e8        0x4 Build_STM32G474_Candlelight_PowerHubDual/STM32Cube\libstm32cube.a(stm32g4xx_hal.o)
                0x080050e8                HAL_MspInit
 .text.HAL_MspDeInit
                0x080050ec        0x4 Build_STM32G474_Candlelight_PowerHubDual/STM32Cube\libstm32cube.a(stm32g4xx_hal.o)
                0x080050ec                HAL_MspDeInit
 .text.HAL_DeInit
                0x080050f0       0x2c Build_STM32G474_Candlelight_PowerHubDual/STM32Cube\libstm32cube.a(stm32g4xx_hal.o)
                0x080050f0                HAL_DeInit
 .text.HAL_InitTick
                0x0800511c       0x4c Build_STM32G474_Candlelight_PowerHubDual/STM32Cube\libstm32cube.a(stm32g4xx_hal.o)
                0x0800511c                HAL_InitTick
 .text.HAL_Init
                0x08005168       0x30 Build_STM32G474_Candlelight_PowerHubDual/STM32Cube\libstm32cube.a(stm32g4xx_hal.o)
                0x08005168                HAL_Init
 .text.HAL_IncTick
                0x08005198       0x18 Build_STM32G474_Candlelight_PowerHubDual/STM32Cube\libstm32cube.a(stm32g4xx_hal.o)
                0x08005198                HAL_IncTick
 .text.HAL_GetTick
                0x080051b0        0xc Build_STM32G474_Candlelight_PowerHubDual/STM32Cube\libstm32cube.a(stm32g4xx_hal.o)
                0x080051b0                HAL_GetTick
 .text.HAL_Delay
                0x080051bc       0x24 Build_STM32G474_Candlelight_PowerHubDual/STM32Cube\libstm32cube.a(stm32g4xx_hal.o)
                0x080051bc                HAL_Delay
 .text.HAL_GetHalVersion
                0x080051e0        0x8 Build_STM32G474_Candlelight_PowerHubDual/STM32Cube\libstm32cube.a(stm32g4xx_hal.o)
                0x080051e0                HAL_GetHalVersion
 .text.HAL_GetDEVID
                0x080051e8       0x10 Build_STM32G474_Candlelight_PowerHubDual/STM32Cube\libstm32cube.a(stm32g4xx_hal.o)
                0x080051e8                HAL_GetDEVID
 .text.HAL_ADC_Init
                0x080051f8      0x24c Build_STM32G474_Candlelight_PowerHubDual/STM32Cube\libstm32cube.a(stm32g4xx_hal_adc.o)
                0x080051f8                HAL_ADC_Init
 .text.HAL_ADC_PollForConversion
                0x08005444      0x144 Build_STM32G474_Candlelight_PowerHubDual/STM32Cube\libstm32cube.a(stm32g4xx_hal_adc.o)
                0x08005444                HAL_ADC_PollForConversion
 .text.HAL_ADC_GetValue
                0x08005588        0x8 Build_STM32G474_Candlelight_PowerHubDual/STM32Cube\libstm32cube.a(stm32g4xx_hal_adc.o)
                0x08005588                HAL_ADC_GetValue
 .text.HAL_ADC_ConfigChannel
                0x08005590      0x530 Build_STM32G474_Candlelight_PowerHubDual/STM32Cube\libstm32cube.a(stm32g4xx_hal_adc.o)
                0x08005590                HAL_ADC_ConfigChannel
 .text.ADC_Enable
                0x08005ac0       0xe0 Build_STM32G474_Candlelight_PowerHubDual/STM32Cube\libstm32cube.a(stm32g4xx_hal_adc.o)
                0x08005ac0                ADC_Enable
 .text.HAL_ADC_Start
                0x08005ba0      0x108 Build_STM32G474_Candlelight_PowerHubDual/STM32Cube\libstm32cube.a(stm32g4xx_hal_adc.o)
                0x08005ba0                HAL_ADC_Start
 .text.HAL_ADCEx_MultiModeConfigChannel
                0x08005ca8      0x160 Build_STM32G474_Candlelight_PowerHubDual/STM32Cube\libstm32cube.a(stm32g4xx_hal_adc_ex.o)
                0x08005ca8                HAL_ADCEx_MultiModeConfigChannel
 .text.HAL_NVIC_SetPriorityGrouping
                0x08005e08       0x24 Build_STM32G474_Candlelight_PowerHubDual/STM32Cube\libstm32cube.a(stm32g4xx_hal_cortex.o)
                0x08005e08                HAL_NVIC_SetPriorityGrouping
 .text.HAL_NVIC_SetPriority
                0x08005e2c       0x7c Build_STM32G474_Candlelight_PowerHubDual/STM32Cube\libstm32cube.a(stm32g4xx_hal_cortex.o)
                0x08005e2c                HAL_NVIC_SetPriority
 .text.HAL_NVIC_EnableIRQ
                0x08005ea8       0x1c Build_STM32G474_Candlelight_PowerHubDual/STM32Cube\libstm32cube.a(stm32g4xx_hal_cortex.o)
                0x08005ea8                HAL_NVIC_EnableIRQ
 .text.HAL_SYSTICK_Config
                0x08005ec4       0x30 Build_STM32G474_Candlelight_PowerHubDual/STM32Cube\libstm32cube.a(stm32g4xx_hal_cortex.o)
                0x08005ec4                HAL_SYSTICK_Config
 .text.HAL_SYSTICK_Callback
                0x08005ef4        0x4 Build_STM32G474_Candlelight_PowerHubDual/STM32Cube\libstm32cube.a(stm32g4xx_hal_cortex.o)
                0x08005ef4                HAL_SYSTICK_Callback
 .text.HAL_SYSTICK_IRQHandler
                0x08005ef8        0x8 Build_STM32G474_Candlelight_PowerHubDual/STM32Cube\libstm32cube.a(stm32g4xx_hal_cortex.o)
                0x08005ef8                HAL_SYSTICK_IRQHandler
 .text.HAL_DMA_Init
                0x08005f00      0x12c Build_STM32G474_Candlelight_PowerHubDual/STM32Cube\libstm32cube.a(stm32g4xx_hal_dma.o)
                0x08005f00                HAL_DMA_Init
 .text.HAL_DMA_Start_IT
                0x0800602c       0xbc Build_STM32G474_Candlelight_PowerHubDual/STM32Cube\libstm32cube.a(stm32g4xx_hal_dma.o)
                0x0800602c                HAL_DMA_Start_IT
 .text.HAL_DMA_Abort_IT
                0x080060e8       0x7c Build_STM32G474_Candlelight_PowerHubDual/STM32Cube\libstm32cube.a(stm32g4xx_hal_dma.o)
                0x080060e8                HAL_DMA_Abort_IT
 .text.HAL_DMA_IRQHandler
                0x08006164       0x9c Build_STM32G474_Candlelight_PowerHubDual/STM32Cube\libstm32cube.a(stm32g4xx_hal_dma.o)
                0x08006164                HAL_DMA_IRQHandler
 .text.HAL_FDCAN_MspInit
                0x08006200        0x4 Build_STM32G474_Candlelight_PowerHubDual/STM32Cube\libstm32cube.a(stm32g4xx_hal_fdcan.o)
                0x08006200                HAL_FDCAN_MspInit
 .text.HAL_FDCAN_Init
                0x08006204      0x2f4 Build_STM32G474_Candlelight_PowerHubDual/STM32Cube\libstm32cube.a(stm32g4xx_hal_fdcan.o)
                0x08006204                HAL_FDCAN_Init
 .text.HAL_FDCAN_MspDeInit
                0x080064f8        0x4 Build_STM32G474_Candlelight_PowerHubDual/STM32Cube\libstm32cube.a(stm32g4xx_hal_fdcan.o)
                0x080064f8                HAL_FDCAN_MspDeInit
 .text.HAL_FDCAN_DeInit
                0x080064fc      0x100 Build_STM32G474_Candlelight_PowerHubDual/STM32Cube\libstm32cube.a(stm32g4xx_hal_fdcan.o)
                0x080064fc                HAL_FDCAN_DeInit
 .text.HAL_FDCAN_ConfigFilter
                0x080065fc       0x64 Build_STM32G474_Candlelight_PowerHubDual/STM32Cube\libstm32cube.a(stm32g4xx_hal_fdcan.o)
                0x080065fc                HAL_FDCAN_ConfigFilter
 .text.HAL_FDCAN_ConfigGlobalFilter
                0x08006660       0x44 Build_STM32G474_Candlelight_PowerHubDual/STM32Cube\libstm32cube.a(stm32g4xx_hal_fdcan.o)
                0x08006660                HAL_FDCAN_ConfigGlobalFilter
 .text.HAL_FDCAN_ConfigTimestampCounter
                0x080066a4       0x28 Build_STM32G474_Candlelight_PowerHubDual/STM32Cube\libstm32cube.a(stm32g4xx_hal_fdcan.o)
                0x080066a4                HAL_FDCAN_ConfigTimestampCounter
 .text.HAL_FDCAN_EnableTimestampCounter
                0x080066cc       0x28 Build_STM32G474_Candlelight_PowerHubDual/STM32Cube\libstm32cube.a(stm32g4xx_hal_fdcan.o)
                0x080066cc                HAL_FDCAN_EnableTimestampCounter
 .text.HAL_FDCAN_ConfigTxDelayCompensation
                0x080066f4       0x24 Build_STM32G474_Candlelight_PowerHubDual/STM32Cube\libstm32cube.a(stm32g4xx_hal_fdcan.o)
                0x080066f4                HAL_FDCAN_ConfigTxDelayCompensation
 .text.HAL_FDCAN_EnableTxDelayCompensation
                0x08006718       0x24 Build_STM32G474_Candlelight_PowerHubDual/STM32Cube\libstm32cube.a(stm32g4xx_hal_fdcan.o)
                0x08006718                HAL_FDCAN_EnableTxDelayCompensation
 .text.HAL_FDCAN_DisableTxDelayCompensation
                0x0800673c       0x24 Build_STM32G474_Candlelight_PowerHubDual/STM32Cube\libstm32cube.a(stm32g4xx_hal_fdcan.o)
                0x0800673c                HAL_FDCAN_DisableTxDelayCompensation
 .text.HAL_FDCAN_Start
                0x08006760       0x30 Build_STM32G474_Candlelight_PowerHubDual/STM32Cube\libstm32cube.a(stm32g4xx_hal_fdcan.o)
                0x08006760                HAL_FDCAN_Start
 .text.HAL_FDCAN_Stop
                0x08006790       0xe0 Build_STM32G474_Candlelight_PowerHubDual/STM32Cube\libstm32cube.a(stm32g4xx_hal_fdcan.o)
                0x08006790                HAL_FDCAN_Stop
 .text.HAL_FDCAN_AddMessageToTxFifoQ
                0x08006870       0xd0 Build_STM32G474_Candlelight_PowerHubDual/STM32Cube\libstm32cube.a(stm32g4xx_hal_fdcan.o)
                0x08006870                HAL_FDCAN_AddMessageToTxFifoQ
 .text.HAL_FDCAN_AbortTxRequest
                0x08006940       0x20 Build_STM32G474_Candlelight_PowerHubDual/STM32Cube\libstm32cube.a(stm32g4xx_hal_fdcan.o)
                0x08006940                HAL_FDCAN_AbortTxRequest
 .text.HAL_FDCAN_GetRxMessage
                0x08006960      0x13c Build_STM32G474_Candlelight_PowerHubDual/STM32Cube\libstm32cube.a(stm32g4xx_hal_fdcan.o)
                0x08006960                HAL_FDCAN_GetRxMessage
 .text.HAL_FDCAN_GetTxEvent
                0x08006a9c       0xa4 Build_STM32G474_Candlelight_PowerHubDual/STM32Cube\libstm32cube.a(stm32g4xx_hal_fdcan.o)
                0x08006a9c                HAL_FDCAN_GetTxEvent
 .text.HAL_FDCAN_GetProtocolStatus
                0x08006b40       0x50 Build_STM32G474_Candlelight_PowerHubDual/STM32Cube\libstm32cube.a(stm32g4xx_hal_fdcan.o)
                0x08006b40                HAL_FDCAN_GetProtocolStatus
 .text.HAL_FDCAN_GetErrorCounters
                0x08006b90       0x24 Build_STM32G474_Candlelight_PowerHubDual/STM32Cube\libstm32cube.a(stm32g4xx_hal_fdcan.o)
                0x08006b90                HAL_FDCAN_GetErrorCounters
 .text.HAL_FDCAN_GetTxFifoFreeLevel
                0x08006bb4        0xc Build_STM32G474_Candlelight_PowerHubDual/STM32Cube\libstm32cube.a(stm32g4xx_hal_fdcan.o)
                0x08006bb4                HAL_FDCAN_GetTxFifoFreeLevel
 .text.HAL_FDCAN_ConfigInterruptLines
                0x08006bc0       0x2c Build_STM32G474_Candlelight_PowerHubDual/STM32Cube\libstm32cube.a(stm32g4xx_hal_fdcan.o)
                0x08006bc0                HAL_FDCAN_ConfigInterruptLines
 .text.HAL_FDCAN_ActivateNotification
                0x08006bec       0xe8 Build_STM32G474_Candlelight_PowerHubDual/STM32Cube\libstm32cube.a(stm32g4xx_hal_fdcan.o)
                0x08006bec                HAL_FDCAN_ActivateNotification
 .text.HAL_FDCAN_TxEventFifoCallback
                0x08006cd4        0x4 Build_STM32G474_Candlelight_PowerHubDual/STM32Cube\libstm32cube.a(stm32g4xx_hal_fdcan.o)
                0x08006cd4                HAL_FDCAN_TxEventFifoCallback
 .text.HAL_FDCAN_RxFifo0Callback
                0x08006cd8        0x4 Build_STM32G474_Candlelight_PowerHubDual/STM32Cube\libstm32cube.a(stm32g4xx_hal_fdcan.o)
                0x08006cd8                HAL_FDCAN_RxFifo0Callback
 .text.HAL_FDCAN_RxFifo1Callback
                0x08006cdc        0x4 Build_STM32G474_Candlelight_PowerHubDual/STM32Cube\libstm32cube.a(stm32g4xx_hal_fdcan.o)
                0x08006cdc                HAL_FDCAN_RxFifo1Callback
 .text.HAL_FDCAN_TxFifoEmptyCallback
                0x08006ce0        0x4 Build_STM32G474_Candlelight_PowerHubDual/STM32Cube\libstm32cube.a(stm32g4xx_hal_fdcan.o)
                0x08006ce0                HAL_FDCAN_TxFifoEmptyCallback
 .text.HAL_FDCAN_TxBufferCompleteCallback
                0x08006ce4        0x4 Build_STM32G474_Candlelight_PowerHubDual/STM32Cube\libstm32cube.a(stm32g4xx_hal_fdcan.o)
                0x08006ce4                HAL_FDCAN_TxBufferCompleteCallback
 .text.HAL_FDCAN_TxBufferAbortCallback
                0x08006ce8        0x4 Build_STM32G474_Candlelight_PowerHubDual/STM32Cube\libstm32cube.a(stm32g4xx_hal_fdcan.o)
                0x08006ce8                HAL_FDCAN_TxBufferAbortCallback
 .text.HAL_FDCAN_TimeoutOccurredCallback
                0x08006cec        0x4 Build_STM32G474_Candlelight_PowerHubDual/STM32Cube\libstm32cube.a(stm32g4xx_hal_fdcan.o)
                0x08006cec                HAL_FDCAN_TimeoutOccurredCallback
 .text.HAL_FDCAN_HighPriorityMessageCallback
                0x08006cf0        0x4 Build_STM32G474_Candlelight_PowerHubDual/STM32Cube\libstm32cube.a(stm32g4xx_hal_fdcan.o)
                0x08006cf0                HAL_FDCAN_HighPriorityMessageCallback
 .text.HAL_FDCAN_ErrorCallback
                0x08006cf4        0x4 Build_STM32G474_Candlelight_PowerHubDual/STM32Cube\libstm32cube.a(stm32g4xx_hal_fdcan.o)
                0x08006cf4                HAL_FDCAN_ErrorCallback
 .text.HAL_FDCAN_ErrorStatusCallback
                0x08006cf8        0x4 Build_STM32G474_Candlelight_PowerHubDual/STM32Cube\libstm32cube.a(stm32g4xx_hal_fdcan.o)
                0x08006cf8                HAL_FDCAN_ErrorStatusCallback
 .text.HAL_FDCAN_IRQHandler
                0x08006cfc      0x188 Build_STM32G474_Candlelight_PowerHubDual/STM32Cube\libstm32cube.a(stm32g4xx_hal_fdcan.o)
                0x08006cfc                HAL_FDCAN_IRQHandler
 .text.HAL_FLASH_Program
                0x08006e84      0x174 Build_STM32G474_Candlelight_PowerHubDual/STM32Cube\libstm32cube.a(stm32g4xx_hal_flash.o)
                0x08006e84                HAL_FLASH_Program
 .text.HAL_FLASH_Unlock
                0x08006ff8       0x28 Build_STM32G474_Candlelight_PowerHubDual/STM32Cube\libstm32cube.a(stm32g4xx_hal_flash.o)
                0x08006ff8                HAL_FLASH_Unlock
 .text.HAL_FLASH_Lock
                0x08007020       0x18 Build_STM32G474_Candlelight_PowerHubDual/STM32Cube\libstm32cube.a(stm32g4xx_hal_flash.o)
                0x08007020                HAL_FLASH_Lock
 .text.HAL_FLASH_OB_Unlock
                0x08007038       0x28 Build_STM32G474_Candlelight_PowerHubDual/STM32Cube\libstm32cube.a(stm32g4xx_hal_flash.o)
                0x08007038                HAL_FLASH_OB_Unlock
 .text.HAL_FLASH_OB_Lock
                0x08007060       0x1c Build_STM32G474_Candlelight_PowerHubDual/STM32Cube\libstm32cube.a(stm32g4xx_hal_flash.o)
                0x08007060                HAL_FLASH_OB_Lock
 .text.FLASH_WaitForLastOperation
                0x0800707c       0x54 Build_STM32G474_Candlelight_PowerHubDual/STM32Cube\libstm32cube.a(stm32g4xx_hal_flash.o)
                0x0800707c                FLASH_WaitForLastOperation
 .text.HAL_FLASHEx_Erase
                0x080070d0      0x1b0 Build_STM32G474_Candlelight_PowerHubDual/STM32Cube\libstm32cube.a(stm32g4xx_hal_flash_ex.o)
                0x080070d0                HAL_FLASHEx_Erase
 .text.HAL_FLASHEx_OBProgram
                0x08007280      0x438 Build_STM32G474_Candlelight_PowerHubDual/STM32Cube\libstm32cube.a(stm32g4xx_hal_flash_ex.o)
                0x08007280                HAL_FLASHEx_OBProgram
 .text.HAL_FLASHEx_OBGetConfig
                0x080076b8      0x1bc Build_STM32G474_Candlelight_PowerHubDual/STM32Cube\libstm32cube.a(stm32g4xx_hal_flash_ex.o)
                0x080076b8                HAL_FLASHEx_OBGetConfig
 .text.FLASH_FlushCaches
                0x08007874       0x60 Build_STM32G474_Candlelight_PowerHubDual/STM32Cube\libstm32cube.a(stm32g4xx_hal_flash_ex.o)
                0x08007874                FLASH_FlushCaches
 .text.HAL_GPIO_Init
                0x080078d4      0x1f0 Build_STM32G474_Candlelight_PowerHubDual/STM32Cube\libstm32cube.a(stm32g4xx_hal_gpio.o)
                0x080078d4                HAL_GPIO_Init
 .text.HAL_GPIO_WritePin
                0x08007ac4        0xc Build_STM32G474_Candlelight_PowerHubDual/STM32Cube\libstm32cube.a(stm32g4xx_hal_gpio.o)
                0x08007ac4                HAL_GPIO_WritePin
 .text.HAL_PCD_Init
                0x08007ad0      0x1d4 Build_STM32G474_Candlelight_PowerHubDual/STM32Cube\libstm32cube.a(stm32g4xx_hal_pcd.o)
                0x08007ad0                HAL_PCD_Init
 .text.HAL_PCD_Start
                0x08007ca4       0x2c Build_STM32G474_Candlelight_PowerHubDual/STM32Cube\libstm32cube.a(stm32g4xx_hal_pcd.o)
                0x08007ca4                HAL_PCD_Start
 .text.HAL_PCD_IRQHandler
                0x08007cd0      0xb48 Build_STM32G474_Candlelight_PowerHubDual/STM32Cube\libstm32cube.a(stm32g4xx_hal_pcd.o)
                0x08007cd0                HAL_PCD_IRQHandler
 .text.HAL_PCD_SetAddress
                0x08008818       0x28 Build_STM32G474_Candlelight_PowerHubDual/STM32Cube\libstm32cube.a(stm32g4xx_hal_pcd.o)
                0x08008818                HAL_PCD_SetAddress
 .text.HAL_PCD_EP_Open
                0x08008840       0x70 Build_STM32G474_Candlelight_PowerHubDual/STM32Cube\libstm32cube.a(stm32g4xx_hal_pcd.o)
                0x08008840                HAL_PCD_EP_Open
 .text.HAL_PCD_EP_Close
                0x080088b0       0x5c Build_STM32G474_Candlelight_PowerHubDual/STM32Cube\libstm32cube.a(stm32g4xx_hal_pcd.o)
                0x080088b0                HAL_PCD_EP_Close
 .text.HAL_PCD_EP_Receive
                0x0800890c       0x34 Build_STM32G474_Candlelight_PowerHubDual/STM32Cube\libstm32cube.a(stm32g4xx_hal_pcd.o)
                0x0800890c                HAL_PCD_EP_Receive
 .text.HAL_PCD_EP_Transmit
                0x08008940       0x3c Build_STM32G474_Candlelight_PowerHubDual/STM32Cube\libstm32cube.a(stm32g4xx_hal_pcd.o)
                0x08008940                HAL_PCD_EP_Transmit
 .text.HAL_PCD_EP_SetStall
                0x0800897c       0x74 Build_STM32G474_Candlelight_PowerHubDual/STM32Cube\libstm32cube.a(stm32g4xx_hal_pcd.o)
                0x0800897c                HAL_PCD_EP_SetStall
 .text.HAL_PCD_EP_ClrStall
                0x080089f0       0x70 Build_STM32G474_Candlelight_PowerHubDual/STM32Cube\libstm32cube.a(stm32g4xx_hal_pcd.o)
                0x080089f0                HAL_PCD_EP_ClrStall
 .text.HAL_PCDEx_PMAConfig
                0x08008a60       0x38 Build_STM32G474_Candlelight_PowerHubDual/STM32Cube\libstm32cube.a(stm32g4xx_hal_pcd_ex.o)
                0x08008a60                HAL_PCDEx_PMAConfig
 .text.HAL_PCDEx_ActivateLPM
                0x08008a98       0x30 Build_STM32G474_Candlelight_PowerHubDual/STM32Cube\libstm32cube.a(stm32g4xx_hal_pcd_ex.o)
                0x08008a98                HAL_PCDEx_ActivateLPM
 .text.HAL_PCDEx_LPM_Callback
                0x08008ac8        0x4 Build_STM32G474_Candlelight_PowerHubDual/STM32Cube\libstm32cube.a(stm32g4xx_hal_pcd_ex.o)
                0x08008ac8                HAL_PCDEx_LPM_Callback
 .text.HAL_PWREx_ControlVoltageScaling
                0x08008acc       0xf4 Build_STM32G474_Candlelight_PowerHubDual/STM32Cube\libstm32cube.a(stm32g4xx_hal_pwr_ex.o)
                0x08008acc                HAL_PWREx_ControlVoltageScaling
 .text.HAL_RCC_DeInit
                0x08008bc0       0xc0 Build_STM32G474_Candlelight_PowerHubDual/STM32Cube\libstm32cube.a(stm32g4xx_hal_rcc.o)
                0x08008bc0                HAL_RCC_DeInit
 .text.HAL_RCC_OscConfig
                0x08008c80      0x494 Build_STM32G474_Candlelight_PowerHubDual/STM32Cube\libstm32cube.a(stm32g4xx_hal_rcc.o)
                0x08008c80                HAL_RCC_OscConfig
 .text.HAL_RCC_GetSysClockFreq
                0x08009114       0x5c Build_STM32G474_Candlelight_PowerHubDual/STM32Cube\libstm32cube.a(stm32g4xx_hal_rcc.o)
                0x08009114                HAL_RCC_GetSysClockFreq
 .text.HAL_RCC_ClockConfig
                0x08009170      0x214 Build_STM32G474_Candlelight_PowerHubDual/STM32Cube\libstm32cube.a(stm32g4xx_hal_rcc.o)
                0x08009170                HAL_RCC_ClockConfig
 .text.HAL_RCC_GetPCLK1Freq
                0x08009384       0x24 Build_STM32G474_Candlelight_PowerHubDual/STM32Cube\libstm32cube.a(stm32g4xx_hal_rcc.o)
                0x08009384                HAL_RCC_GetPCLK1Freq
 .text.HAL_RCC_GetPCLK2Freq
                0x080093a8       0x24 Build_STM32G474_Candlelight_PowerHubDual/STM32Cube\libstm32cube.a(stm32g4xx_hal_rcc.o)
                0x080093a8                HAL_RCC_GetPCLK2Freq
 .text.HAL_RCCEx_PeriphCLKConfig
                0x080093cc      0x310 Build_STM32G474_Candlelight_PowerHubDual/STM32Cube\libstm32cube.a(stm32g4xx_hal_rcc_ex.o)
                0x080093cc                HAL_RCCEx_PeriphCLKConfig
 .text.HAL_RCCEx_GetPeriphCLKFreq
                0x080096dc      0x560 Build_STM32G474_Candlelight_PowerHubDual/STM32Cube\libstm32cube.a(stm32g4xx_hal_rcc_ex.o)
                0x080096dc                HAL_RCCEx_GetPeriphCLKFreq
 .text.HAL_RCCEx_CRSConfig
                0x08009c3c       0x50 Build_STM32G474_Candlelight_PowerHubDual/STM32Cube\libstm32cube.a(stm32g4xx_hal_rcc_ex.o)
                0x08009c3c                HAL_RCCEx_CRSConfig
 .text.TIM_OC1_SetConfig
                0x08009c8c       0x80 Build_STM32G474_Candlelight_PowerHubDual/STM32Cube\libstm32cube.a(stm32g4xx_hal_tim.o)
 .text.TIM_OC3_SetConfig
                0x08009d0c       0xa0 Build_STM32G474_Candlelight_PowerHubDual/STM32Cube\libstm32cube.a(stm32g4xx_hal_tim.o)
 .text.TIM_OC4_SetConfig
                0x08009dac       0xa4 Build_STM32G474_Candlelight_PowerHubDual/STM32Cube\libstm32cube.a(stm32g4xx_hal_tim.o)
 .text.HAL_TIM_Base_MspInit
                0x08009e50        0x4 Build_STM32G474_Candlelight_PowerHubDual/STM32Cube\libstm32cube.a(stm32g4xx_hal_tim.o)
                0x08009e50                HAL_TIM_Base_MspInit
 .text.HAL_TIM_Base_Init
                0x08009e54      0x148 Build_STM32G474_Candlelight_PowerHubDual/STM32Cube\libstm32cube.a(stm32g4xx_hal_tim.o)
                0x08009e54                HAL_TIM_Base_Init
 .text.HAL_TIM_Base_Start_IT
                0x08009f9c       0x84 Build_STM32G474_Candlelight_PowerHubDual/STM32Cube\libstm32cube.a(stm32g4xx_hal_tim.o)
                0x08009f9c                HAL_TIM_Base_Start_IT
 .text.HAL_TIM_PWM_Init
                0x0800a020      0x148 Build_STM32G474_Candlelight_PowerHubDual/STM32Cube\libstm32cube.a(stm32g4xx_hal_tim.o)
                0x0800a020                HAL_TIM_PWM_Init
 .text.HAL_TIM_PWM_Start_DMA
                0x0800a168      0x2d4 Build_STM32G474_Candlelight_PowerHubDual/STM32Cube\libstm32cube.a(stm32g4xx_hal_tim.o)
                0x0800a168                HAL_TIM_PWM_Start_DMA
 .text.HAL_TIM_PWM_Stop_DMA
                0x0800a43c      0x128 Build_STM32G474_Candlelight_PowerHubDual/STM32Cube\libstm32cube.a(stm32g4xx_hal_tim.o)
                0x0800a43c                HAL_TIM_PWM_Stop_DMA
 .text.HAL_TIM_PWM_PulseFinishedCallback
                0x0800a564        0x4 Build_STM32G474_Candlelight_PowerHubDual/STM32Cube\libstm32cube.a(stm32g4xx_hal_tim.o)
                0x0800a564                HAL_TIM_PWM_PulseFinishedCallback
 .text.TIM_DMADelayPulseCplt
                0x0800a568       0x84 Build_STM32G474_Candlelight_PowerHubDual/STM32Cube\libstm32cube.a(stm32g4xx_hal_tim.o)
 .text.HAL_TIM_PWM_PulseFinishedHalfCpltCallback
                0x0800a5ec        0x4 Build_STM32G474_Candlelight_PowerHubDual/STM32Cube\libstm32cube.a(stm32g4xx_hal_tim.o)
                0x0800a5ec                HAL_TIM_PWM_PulseFinishedHalfCpltCallback
 .text.TIM_DMADelayPulseHalfCplt
                0x0800a5f0       0x60 Build_STM32G474_Candlelight_PowerHubDual/STM32Cube\libstm32cube.a(stm32g4xx_hal_tim.o)
                0x0800a5f0                TIM_DMADelayPulseHalfCplt
 .text.HAL_TIM_ErrorCallback
                0x0800a650        0x4 Build_STM32G474_Candlelight_PowerHubDual/STM32Cube\libstm32cube.a(stm32g4xx_hal_tim.o)
                0x0800a650                HAL_TIM_ErrorCallback
 .text.TIM_DMAError
                0x0800a654       0x84 Build_STM32G474_Candlelight_PowerHubDual/STM32Cube\libstm32cube.a(stm32g4xx_hal_tim.o)
                0x0800a654                TIM_DMAError
 .text.TIM_OC2_SetConfig
                0x0800a6d8       0xa4 Build_STM32G474_Candlelight_PowerHubDual/STM32Cube\libstm32cube.a(stm32g4xx_hal_tim.o)
                0x0800a6d8                TIM_OC2_SetConfig
 .text.HAL_TIM_PWM_ConfigChannel
                0x0800a77c      0x20c Build_STM32G474_Candlelight_PowerHubDual/STM32Cube\libstm32cube.a(stm32g4xx_hal_tim.o)
                0x0800a77c                HAL_TIM_PWM_ConfigChannel
 .text.HAL_TIMEx_MasterConfigSynchronization
                0x0800a988       0xb8 Build_STM32G474_Candlelight_PowerHubDual/STM32Cube\libstm32cube.a(stm32g4xx_hal_tim_ex.o)
                0x0800a988                HAL_TIMEx_MasterConfigSynchronization
 .text.USB_EnableGlobalInt
                0x0800aa40       0x14 Build_STM32G474_Candlelight_PowerHubDual/STM32Cube\libstm32cube.a(stm32g4xx_ll_usb.o)
                0x0800aa40                USB_EnableGlobalInt
 .text.USB_DisableGlobalInt
                0x0800aa54       0x14 Build_STM32G474_Candlelight_PowerHubDual/STM32Cube\libstm32cube.a(stm32g4xx_ll_usb.o)
                0x0800aa54                USB_DisableGlobalInt
 .text.USB_DevInit
                0x0800aa68       0x28 Build_STM32G474_Candlelight_PowerHubDual/STM32Cube\libstm32cube.a(stm32g4xx_ll_usb.o)
                0x0800aa68                USB_DevInit
 .text.USB_ActivateEndpoint
                0x0800aa90      0x460 Build_STM32G474_Candlelight_PowerHubDual/STM32Cube\libstm32cube.a(stm32g4xx_ll_usb.o)
                0x0800aa90                USB_ActivateEndpoint
 .text.USB_DeactivateEndpoint
                0x0800aef0      0x1c0 Build_STM32G474_Candlelight_PowerHubDual/STM32Cube\libstm32cube.a(stm32g4xx_ll_usb.o)
                0x0800aef0                USB_DeactivateEndpoint
 .text.USB_EPStartXfer
                0x0800b0b0      0x3bc Build_STM32G474_Candlelight_PowerHubDual/STM32Cube\libstm32cube.a(stm32g4xx_ll_usb.o)
                0x0800b0b0                USB_EPStartXfer
 .text.USB_EPSetStall
                0x0800b46c       0x50 Build_STM32G474_Candlelight_PowerHubDual/STM32Cube\libstm32cube.a(stm32g4xx_ll_usb.o)
                0x0800b46c                USB_EPSetStall
 .text.USB_EPClearStall
                0x0800b4bc       0x9c Build_STM32G474_Candlelight_PowerHubDual/STM32Cube\libstm32cube.a(stm32g4xx_ll_usb.o)
                0x0800b4bc                USB_EPClearStall
 .text.USB_SetDevAddress
                0x0800b558        0xc Build_STM32G474_Candlelight_PowerHubDual/STM32Cube\libstm32cube.a(stm32g4xx_ll_usb.o)
                0x0800b558                USB_SetDevAddress
 .text.USB_DevConnect
                0x0800b564       0x18 Build_STM32G474_Candlelight_PowerHubDual/STM32Cube\libstm32cube.a(stm32g4xx_ll_usb.o)
                0x0800b564                USB_DevConnect
 .text.USB_ReadInterrupts
                0x0800b57c        0x8 Build_STM32G474_Candlelight_PowerHubDual/STM32Cube\libstm32cube.a(stm32g4xx_ll_usb.o)
                0x0800b57c                USB_ReadInterrupts
 .text.USB_WritePMA
                0x0800b584       0x20 Build_STM32G474_Candlelight_PowerHubDual/STM32Cube\libstm32cube.a(stm32g4xx_ll_usb.o)
                0x0800b584                USB_WritePMA
 .text.USB_ReadPMA
                0x0800b5a4       0x54 Build_STM32G474_Candlelight_PowerHubDual/STM32Cube\libstm32cube.a(stm32g4xx_ll_usb.o)
                0x0800b5a4                USB_ReadPMA
 .text.__libc_init_array
                0x0800b5f8       0x48 c:/program files (x86)/gnu arm embedded toolchain/10 2021.10/bin/../lib/gcc/arm-none-eabi/10.3.1/../../../../arm-none-eabi/lib/thumb/v7e-m/nofp\libc_nano.a(lib_a-init.o)
                0x0800b5f8                __libc_init_array
 .text.memcmp   0x0800b640       0x20 c:/program files (x86)/gnu arm embedded toolchain/10 2021.10/bin/../lib/gcc/arm-none-eabi/10.3.1/../../../../arm-none-eabi/lib/thumb/v7e-m/nofp\libc_nano.a(lib_a-memcmp.o)
                0x0800b640                memcmp
 .text.memcpy   0x0800b660       0x1c c:/program files (x86)/gnu arm embedded toolchain/10 2021.10/bin/../lib/gcc/arm-none-eabi/10.3.1/../../../../arm-none-eabi/lib/thumb/v7e-m/nofp\libc_nano.a(lib_a-memcpy-stub.o)
                0x0800b660                memcpy
 .text.memmove  0x0800b67c       0x34 c:/program files (x86)/gnu arm embedded toolchain/10 2021.10/bin/../lib/gcc/arm-none-eabi/10.3.1/../../../../arm-none-eabi/lib/thumb/v7e-m/nofp\libc_nano.a(lib_a-memmove.o)
                0x0800b67c                memmove
 .text.memset   0x0800b6b0       0x10 c:/program files (x86)/gnu arm embedded toolchain/10 2021.10/bin/../lib/gcc/arm-none-eabi/10.3.1/../../../../arm-none-eabi/lib/thumb/v7e-m/nofp\libc_nano.a(lib_a-memset.o)
                0x0800b6b0                memset
 .text.sprintf  0x0800b6c0       0x40 c:/program files (x86)/gnu arm embedded toolchain/10 2021.10/bin/../lib/gcc/arm-none-eabi/10.3.1/../../../../arm-none-eabi/lib/thumb/v7e-m/nofp\libc_nano.a(lib_a-sprintf.o)
                0x0800b6c0                siprintf
                0x0800b6c0                sprintf
 .text.strcpy   0x0800b700       0x10 c:/program files (x86)/gnu arm embedded toolchain/10 2021.10/bin/../lib/gcc/arm-none-eabi/10.3.1/../../../../arm-none-eabi/lib/thumb/v7e-m/nofp\libc_nano.a(lib_a-strcpy.o)
                0x0800b700                strcpy
 .text.__ssputs_r
                0x0800b710       0xb6 c:/program files (x86)/gnu arm embedded toolchain/10 2021.10/bin/../lib/gcc/arm-none-eabi/10.3.1/../../../../arm-none-eabi/lib/thumb/v7e-m/nofp\libc_nano.a(lib_a-nano-svfprintf.o)
                0x0800b710                __ssputs_r
 *fill*         0x0800b7c6        0x2 
 .text._svfprintf_r
                0x0800b7c8      0x200 c:/program files (x86)/gnu arm embedded toolchain/10 2021.10/bin/../lib/gcc/arm-none-eabi/10.3.1/../../../../arm-none-eabi/lib/thumb/v7e-m/nofp\libc_nano.a(lib_a-nano-svfprintf.o)
                0x0800b7c8                _svfiprintf_r
                0x0800b7c8                _svfprintf_r
 .text._printf_common
                0x0800b9c8       0xda c:/program files (x86)/gnu arm embedded toolchain/10 2021.10/bin/../lib/gcc/arm-none-eabi/10.3.1/../../../../arm-none-eabi/lib/thumb/v7e-m/nofp\libc_nano.a(lib_a-nano-vfprintf_i.o)
                0x0800b9c8                _printf_common
 *fill*         0x0800baa2        0x2 
 .text._printf_i
                0x0800baa4      0x24c c:/program files (x86)/gnu arm embedded toolchain/10 2021.10/bin/../lib/gcc/arm-none-eabi/10.3.1/../../../../arm-none-eabi/lib/thumb/v7e-m/nofp\libc_nano.a(lib_a-nano-vfprintf_i.o)
                0x0800baa4                _printf_i
 .text._free_r  0x0800bcf0       0x94 c:/program files (x86)/gnu arm embedded toolchain/10 2021.10/bin/../lib/gcc/arm-none-eabi/10.3.1/../../../../arm-none-eabi/lib/thumb/v7e-m/nofp\libc_nano.a(lib_a-nano-freer.o)
                0x0800bcf0                _free_r
 .text.sbrk_aligned
                0x0800bd84       0x40 c:/program files (x86)/gnu arm embedded toolchain/10 2021.10/bin/../lib/gcc/arm-none-eabi/10.3.1/../../../../arm-none-eabi/lib/thumb/v7e-m/nofp\libc_nano.a(lib_a-nano-mallocr.o)
 .text._malloc_r
                0x0800bdc4       0xe8 c:/program files (x86)/gnu arm embedded toolchain/10 2021.10/bin/../lib/gcc/arm-none-eabi/10.3.1/../../../../arm-none-eabi/lib/thumb/v7e-m/nofp\libc_nano.a(lib_a-nano-mallocr.o)
                0x0800bdc4                _malloc_r
 .text._realloc_r
                0x0800beac       0x5e c:/program files (x86)/gnu arm embedded toolchain/10 2021.10/bin/../lib/gcc/arm-none-eabi/10.3.1/../../../../arm-none-eabi/lib/thumb/v7e-m/nofp\libc_nano.a(lib_a-nano-reallocr.o)
                0x0800beac                _realloc_r
 *fill*         0x0800bf0a        0x2 
 .text._sbrk_r  0x0800bf0c       0x20 c:/program files (x86)/gnu arm embedded toolchain/10 2021.10/bin/../lib/gcc/arm-none-eabi/10.3.1/../../../../arm-none-eabi/lib/thumb/v7e-m/nofp\libc_nano.a(lib_a-sbrkr.o)
                0x0800bf0c                _sbrk_r
 .text.__malloc_lock
                0x0800bf2c        0xc c:/program files (x86)/gnu arm embedded toolchain/10 2021.10/bin/../lib/gcc/arm-none-eabi/10.3.1/../../../../arm-none-eabi/lib/thumb/v7e-m/nofp\libc_nano.a(lib_a-mlock.o)
                0x0800bf2c                __malloc_lock
 .text.__malloc_unlock
                0x0800bf38        0xc c:/program files (x86)/gnu arm embedded toolchain/10 2021.10/bin/../lib/gcc/arm-none-eabi/10.3.1/../../../../arm-none-eabi/lib/thumb/v7e-m/nofp\libc_nano.a(lib_a-mlock.o)
                0x0800bf38                __malloc_unlock
 .text._malloc_usable_size_r
                0x0800bf44       0x10 c:/program files (x86)/gnu arm embedded toolchain/10 2021.10/bin/../lib/gcc/arm-none-eabi/10.3.1/../../../../arm-none-eabi/lib/thumb/v7e-m/nofp\libc_nano.a(lib_a-nano-msizer.o)
                0x0800bf44                _malloc_usable_size_r
 .text.__retarget_lock_acquire_recursive
                0x0800bf54        0x2 c:/program files (x86)/gnu arm embedded toolchain/10 2021.10/bin/../lib/gcc/arm-none-eabi/10.3.1/../../../../arm-none-eabi/lib/thumb/v7e-m/nofp\libc_nano.a(lib_a-lock.o)
                0x0800bf54                __retarget_lock_acquire_recursive
 .text.__retarget_lock_release_recursive
                0x0800bf56        0x2 c:/program files (x86)/gnu arm embedded toolchain/10 2021.10/bin/../lib/gcc/arm-none-eabi/10.3.1/../../../../arm-none-eabi/lib/thumb/v7e-m/nofp\libc_nano.a(lib_a-lock.o)
                0x0800bf56                __retarget_lock_release_recursive
 .text._sbrk    0x0800bf58       0x1c c:/program files (x86)/gnu arm embedded toolchain/10 2021.10/bin/../lib/gcc/arm-none-eabi/10.3.1/../../../../arm-none-eabi/lib/thumb/v7e-m/nofp\libnosys.a(sbrk.o)
                0x0800bf58                _sbrk
 *(.glue_7)
 .glue_7        0x0800bf74        0x0 linker stubs
 *(.glue_7t)
 .glue_7t       0x0800bf74        0x0 linker stubs
 *(.eh_frame)
 .eh_frame      0x0800bf74        0x0 c:/program files (x86)/gnu arm embedded toolchain/10 2021.10/bin/../lib/gcc/arm-none-eabi/10.3.1/thumb/v7e-m/nofp/crtbegin.o
 *(.init)
 .init          0x0800bf74        0x4 c:/program files (x86)/gnu arm embedded toolchain/10 2021.10/bin/../lib/gcc/arm-none-eabi/10.3.1/thumb/v7e-m/nofp/crti.o
                0x0800bf74                _init
 .init          0x0800bf78        0x8 c:/program files (x86)/gnu arm embedded toolchain/10 2021.10/bin/../lib/gcc/arm-none-eabi/10.3.1/thumb/v7e-m/nofp/crtn.o
 *(.fini)
 .fini          0x0800bf80        0x4 c:/program files (x86)/gnu arm embedded toolchain/10 2021.10/bin/../lib/gcc/arm-none-eabi/10.3.1/thumb/v7e-m/nofp/crti.o
                0x0800bf80                _fini
 .fini          0x0800bf84        0x8 c:/program files (x86)/gnu arm embedded toolchain/10 2021.10/bin/../lib/gcc/arm-none-eabi/10.3.1/thumb/v7e-m/nofp/crtn.o
                0x0800bf8c                . = ALIGN (0x4)
                0x0800bf8c                _etext = .

.vfp11_veneer   0x0800bf8c        0x0
 .vfp11_veneer  0x0800bf8c        0x0 linker stubs

.v4_bx          0x0800bf8c        0x0
 .v4_bx         0x0800bf8c        0x0 linker stubs

.iplt           0x0800bf8c        0x0
 .iplt          0x0800bf8c        0x0 c:/program files (x86)/gnu arm embedded toolchain/10 2021.10/bin/../lib/gcc/arm-none-eabi/10.3.1/thumb/v7e-m/nofp/crtbegin.o

.rodata         0x0800bf8c      0x260
                0x0800bf8c                . = ALIGN (0x4)
 *(.rodata)
 *(.rodata*)
 .rodata.AHBPrescTable
                0x0800bf8c       0x10 Build_STM32G474_Candlelight_PowerHubDual/system_STM32G4xx.o
                0x0800bf8c                AHBPrescTable
 .rodata.APBPrescTable
                0x0800bf9c        0x8 Build_STM32G474_Candlelight_PowerHubDual/system_STM32G4xx.o
                0x0800bf9c                APBPrescTable
 .rodata.can_recover_bus_off.str1.4
                0x0800bfa4       0x47 Build_STM32G474_Candlelight_PowerHubDual/can.o
 *fill*         0x0800bfeb        0x1 
 .rodata.can_print_info.str1.4
                0x0800bfec       0x46 Build_STM32G474_Candlelight_PowerHubDual/can.o
 *fill*         0x0800c032        0x2 
 .rodata.can_process.str1.4
                0x0800c034       0x28 Build_STM32G474_Candlelight_PowerHubDual/can.o
 .rodata.str1.4
                0x0800c05c       0x3e Build_STM32G474_Candlelight_PowerHubDual/can.o
 *fill*         0x0800c09a        0x2 
 .rodata.CSWTCH.35
                0x0800c09c       0x10 Build_STM32G474_Candlelight_PowerHubDual/can.o
 .rodata.utils_format_bitrate.str1.4
                0x0800c0ac       0x32 Build_STM32G474_Candlelight_PowerHubDual/utils.o
                                 0x3a (size before relaxing)
 *fill*         0x0800c0de        0x2 
 .rodata.CSWTCH.18
                0x0800c0e0        0x7 Build_STM32G474_Candlelight_PowerHubDual/utils.o
 *fill*         0x0800c0e7        0x1 
 .rodata.USBD_StdDevReq.str1.4
                0x0800c0e8       0x4d Build_STM32G474_Candlelight_PowerHubDual/usb_ctrlreq.o
 *fill*         0x0800c135        0x3 
 .rodata.control_init.str1.4
                0x0800c138       0x19 Build_STM32G474_Candlelight_PowerHubDual/Candlelight/control.o
 *fill*         0x0800c151        0x3 
 .rodata.control_send_debug_mesg.str1.4
                0x0800c154       0x15 Build_STM32G474_Candlelight_PowerHubDual/Candlelight/control.o
 *fill*         0x0800c169        0x3 
 .rodata.USBD_GetUserStringDescr.str1.4
                0x0800c16c       0x39 Build_STM32G474_Candlelight_PowerHubDual/Candlelight/usb_class.o
 *fill*         0x0800c1a5        0x3 
 .rodata.DLCtoBytes
                0x0800c1a8       0x10 Build_STM32G474_Candlelight_PowerHubDual/STM32Cube\libstm32cube.a(stm32g4xx_hal_fdcan.o)
 .rodata._svfprintf_r.str1.1
                0x0800c1b8       0x11 c:/program files (x86)/gnu arm embedded toolchain/10 2021.10/bin/../lib/gcc/arm-none-eabi/10.3.1/../../../../arm-none-eabi/lib/thumb/v7e-m/nofp\libc_nano.a(lib_a-nano-svfprintf.o)
 .rodata._printf_i.str1.1
                0x0800c1c9       0x22 c:/program files (x86)/gnu arm embedded toolchain/10 2021.10/bin/../lib/gcc/arm-none-eabi/10.3.1/../../../../arm-none-eabi/lib/thumb/v7e-m/nofp\libc_nano.a(lib_a-nano-vfprintf_i.o)
                0x0800c1ec                . = ALIGN (0x4)
 *fill*         0x0800c1eb        0x1 

.rel.dyn        0x0800c1ec        0x0
 .rel.iplt      0x0800c1ec        0x0 c:/program files (x86)/gnu arm embedded toolchain/10 2021.10/bin/../lib/gcc/arm-none-eabi/10.3.1/thumb/v7e-m/nofp/crtbegin.o

.ARM.extab      0x0800c1ec        0x0
                0x0800c1ec                . = ALIGN (0x4)
 *(.ARM.extab* .gnu.linkonce.armextab.*)
                0x0800c1ec                . = ALIGN (0x4)

.ARM            0x0800c1ec        0x0
                0x0800c1ec                . = ALIGN (0x4)
                0x0800c1ec                __exidx_start = .
 *(.ARM.exidx*)
                0x0800c1ec                __exidx_end = .
                0x0800c1ec                . = ALIGN (0x4)

.preinit_array  0x0800c1ec        0x0
                0x0800c1ec                . = ALIGN (0x4)
                0x0800c1ec                PROVIDE (__preinit_array_start = .)
 *(.preinit_array*)
                0x0800c1ec                PROVIDE (__preinit_array_end = .)
                0x0800c1ec                . = ALIGN (0x4)

.init_array     0x0800c1ec        0x4
                0x0800c1ec                . = ALIGN (0x4)
                0x0800c1ec                PROVIDE (__init_array_start = .)
 *(SORT_BY_NAME(.init_array.*))
 *(.init_array*)
 .init_array    0x0800c1ec        0x4 c:/program files (x86)/gnu arm embedded toolchain/10 2021.10/bin/../lib/gcc/arm-none-eabi/10.3.1/thumb/v7e-m/nofp/crtbegin.o
                0x0800c1f0                PROVIDE (__init_array_end = .)
                0x0800c1f0                . = ALIGN (0x4)

.fini_array     0x0800c1f0        0x4
                0x0800c1f0                . = ALIGN (0x4)
                [!provide]                PROVIDE (__fini_array_start = .)
 *(SORT_BY_NAME(.fini_array.*))
 *(.fini_array*)
 .fini_array    0x0800c1f0        0x4 c:/program files (x86)/gnu arm embedded toolchain/10 2021.10/bin/../lib/gcc/arm-none-eabi/10.3.1/thumb/v7e-m/nofp/crtbegin.o
                [!provide]                PROVIDE (__fini_array_end = .)
                0x0800c1f4                . = ALIGN (0x4)
                0x0800c1f4                _sidata = LOADADDR (.data)

.data           0x20000000      0x268 load address 0x0800c1f4
                0x20000000                . = ALIGN (0x4)
                0x20000000                _sdata = .
 *(.data)
 *(.data*)
 .data.blink_leds
                0x20000000        0x1 Build_STM32G474_Candlelight_PowerHubDual/main.o
                0x20000000                blink_leds
 *fill*         0x20000001        0x3 
 .data.SystemCoreClock
                0x20000004        0x4 Build_STM32G474_Candlelight_PowerHubDual/system_STM32G4xx.o
                0x20000004                SystemCoreClock
 .data.SET_CanAlternates
                0x20000008        0x2 Build_STM32G474_Candlelight_PowerHubDual/can.o
                0x20000008                SET_CanAlternates
 *fill*         0x2000000a        0x2 
 .data.SET_CanInterfaces
                0x2000000c        0x8 Build_STM32G474_Candlelight_PowerHubDual/can.o
                0x2000000c                SET_CanInterfaces
 .data.SET_CanPins
                0x20000014        0x8 Build_STM32G474_Candlelight_PowerHubDual/can.o
                0x20000014                SET_CanPins
 .data.SET_CanPorts
                0x2000001c        0x8 Build_STM32G474_Candlelight_PowerHubDual/can.o
                0x2000001c                SET_CanPorts
 .data.SET_TermPins
                0x20000024        0x8 Build_STM32G474_Candlelight_PowerHubDual/can.o
                0x20000024                SET_TermPins
 .data.SET_TermPorts
                0x2000002c        0x8 Build_STM32G474_Candlelight_PowerHubDual/can.o
                0x2000002c                SET_TermPorts
 .data.SET_LedRxPins
                0x20000034        0x8 Build_STM32G474_Candlelight_PowerHubDual/led.o
                0x20000034                SET_LedRxPins
 .data.SET_LedRxPorts
                0x2000003c        0x8 Build_STM32G474_Candlelight_PowerHubDual/led.o
                0x2000003c                SET_LedRxPorts
 .data.SET_LedTxPins
                0x20000044        0x8 Build_STM32G474_Candlelight_PowerHubDual/led.o
                0x20000044                SET_LedTxPins
 .data.SET_LedTxPorts
                0x2000004c        0x8 Build_STM32G474_Candlelight_PowerHubDual/led.o
                0x2000004c                SET_LedTxPorts
 .data.ws2815_inst_changed
                0x20000054        0x1 Build_STM32G474_Candlelight_PowerHubDual/ws2815.o
 *fill*         0x20000055        0x3 
 .data.USBD_LangIDDesc
                0x20000058        0x4 Build_STM32G474_Candlelight_PowerHubDual/usb_ctrlreq.o
                0x20000058                USBD_LangIDDesc
 .data.ELM_LastError
                0x2000005c        0x1 Build_STM32G474_Candlelight_PowerHubDual/Candlelight/control.o
                0x2000005c                ELM_LastError
 *fill*         0x2000005d        0x3 
 .data.EndpointsIN
                0x20000060        0x3 Build_STM32G474_Candlelight_PowerHubDual/Candlelight/usb_class.o
                0x20000060                EndpointsIN
 *fill*         0x20000063        0x1 
 .data.EndpointsOUT
                0x20000064        0x3 Build_STM32G474_Candlelight_PowerHubDual/Candlelight/usb_class.o
                0x20000064                EndpointsOUT
 *fill*         0x20000067        0x1 
 .data.USBD_ClassCallbacks
                0x20000068       0x28 Build_STM32G474_Candlelight_PowerHubDual/Candlelight/usb_class.o
                0x20000068                USBD_ClassCallbacks
 .data.USBD_ConfigDescFS
                0x20000090       0x49 Build_STM32G474_Candlelight_PowerHubDual/Candlelight/usb_class.o
                0x20000090                USBD_ConfigDescFS
 *fill*         0x200000d9        0x3 
 .data.USBD_DeviceDesc
                0x200000dc       0x12 Build_STM32G474_Candlelight_PowerHubDual/Candlelight/usb_class.o
                0x200000dc                USBD_DeviceDesc
 *fill*         0x200000ee        0x2 
 .data.USBD_MicrosoftExtPropertyDescr
                0x200000f0       0x92 Build_STM32G474_Candlelight_PowerHubDual/Candlelight/usb_class.o
                0x200000f0                USBD_MicrosoftExtPropertyDescr
 *fill*         0x20000182        0x2 
 .data.USBD_MicrosoftFeatureDescr
                0x20000184       0x58 Build_STM32G474_Candlelight_PowerHubDual/Candlelight/usb_class.o
                0x20000184                USBD_MicrosoftFeatureDescr
 .data.uwTickFreq
                0x200001dc        0x4 Build_STM32G474_Candlelight_PowerHubDual/STM32Cube\libstm32cube.a(stm32g4xx_hal.o)
                0x200001dc                uwTickFreq
 .data.uwTickPrio
                0x200001e0        0x4 Build_STM32G474_Candlelight_PowerHubDual/STM32Cube\libstm32cube.a(stm32g4xx_hal.o)
                0x200001e0                uwTickPrio
 .data.pFlash   0x200001e4       0x20 Build_STM32G474_Candlelight_PowerHubDual/STM32Cube\libstm32cube.a(stm32g4xx_hal_flash.o)
                0x200001e4                pFlash
 .data._impure_ptr
                0x20000204        0x4 c:/program files (x86)/gnu arm embedded toolchain/10 2021.10/bin/../lib/gcc/arm-none-eabi/10.3.1/../../../../arm-none-eabi/lib/thumb/v7e-m/nofp\libc_nano.a(lib_a-impure.o)
                0x20000204                _impure_ptr
 .data.impure_data
                0x20000208       0x60 c:/program files (x86)/gnu arm embedded toolchain/10 2021.10/bin/../lib/gcc/arm-none-eabi/10.3.1/../../../../arm-none-eabi/lib/thumb/v7e-m/nofp\libc_nano.a(lib_a-impure.o)
 *(.RamFunc)
 *(.RamFunc*)
                0x20000268                . = ALIGN (0x4)
                0x20000268                _edata = .

.igot.plt       0x20000268        0x0 load address 0x0800c45c
 .igot.plt      0x20000268        0x0 c:/program files (x86)/gnu arm embedded toolchain/10 2021.10/bin/../lib/gcc/arm-none-eabi/10.3.1/thumb/v7e-m/nofp/crtbegin.o
                0x20000268                . = ALIGN (0x4)

.bss            0x20000268     0x9ee8 load address 0x0800c45c
                0x20000268                _sbss = .
                0x20000268                __bss_start__ = _sbss
 *(.bss)
 .bss           0x20000268       0x1c c:/program files (x86)/gnu arm embedded toolchain/10 2021.10/bin/../lib/gcc/arm-none-eabi/10.3.1/thumb/v7e-m/nofp/crtbegin.o
 *(.bss*)
 .bss.tick_last
                0x20000284        0x4 Build_STM32G474_Candlelight_PowerHubDual/main.o
                0x20000284                tick_last
 .bss.usb_suspend
                0x20000288        0x1 Build_STM32G474_Candlelight_PowerHubDual/main.o
                0x20000288                usb_suspend
 *fill*         0x20000289        0x3 
 .bss.canfd_clock
                0x2000028c        0x4 Build_STM32G474_Candlelight_PowerHubDual/system.o
                0x2000028c                canfd_clock
 .bss.timestamp_wrap
                0x20000290        0x4 Build_STM32G474_Candlelight_PowerHubDual/system.o
                0x20000290                timestamp_wrap
 .bss.GLB_UserFlags
                0x20000294        0x2 Build_STM32G474_Candlelight_PowerHubDual/can.o
                0x20000294                GLB_UserFlags
 *fill*         0x20000296        0x2 
 .bss.can_inst  0x20000298      0x528 Build_STM32G474_Candlelight_PowerHubDual/can.o
                0x20000298                can_inst
 .bss.err_inst  0x200007c0       0x28 Build_STM32G474_Candlelight_PowerHubDual/error.o
                0x200007c0                err_inst
 .bss.led_inst  0x200007e8       0x40 Build_STM32G474_Candlelight_PowerHubDual/led.o
                0x200007e8                led_inst
 .bss.hdma_tim3_ch2
                0x20000828       0x60 Build_STM32G474_Candlelight_PowerHubDual/ws2815.o
                0x20000828                hdma_tim3_ch2
 .bss.ws2815_dma_buffer
                0x20000888      0x100 Build_STM32G474_Candlelight_PowerHubDual/ws2815.o
 .bss.ws2815_initialized
                0x20000988        0x1 Build_STM32G474_Candlelight_PowerHubDual/ws2815.o
 *fill*         0x20000989        0x3 
 .bss.ws2815_inst
                0x2000098c        0x6 Build_STM32G474_Candlelight_PowerHubDual/ws2815.o
 *fill*         0x20000992        0x2 
 .bss.ws2815_inst_last
                0x20000994        0x6 Build_STM32G474_Candlelight_PowerHubDual/ws2815.o
 *fill*         0x2000099a        0x2 
 .bss.ws2815_tim
                0x2000099c       0x4c Build_STM32G474_Candlelight_PowerHubDual/ws2815.o
 .bss.Vbus      0x200009e8        0x4 Build_STM32G474_Candlelight_PowerHubDual/adc.o
                0x200009e8                Vbus
 .bss.hadc1     0x200009ec       0x6c Build_STM32G474_Candlelight_PowerHubDual/adc.o
                0x200009ec                hadc1
 .bss.dfu_delay_start
                0x20000a58        0x4 Build_STM32G474_Candlelight_PowerHubDual/dfu.o
 .bss.dfu_require_reset
                0x20000a5c        0x1 Build_STM32G474_Candlelight_PowerHubDual/dfu.o
 *fill*         0x20000a5d        0x3 
 .bss.dfu_sys_memory_base
                0x20000a60        0x4 Build_STM32G474_Candlelight_PowerHubDual/dfu.o
 *fill*         0x20000a64        0x4 
 .bss.limits_data
                0x20000a68       0x10 Build_STM32G474_Candlelight_PowerHubDual/utils.o
                0x20000a68                limits_data
 .bss.limits_nom
                0x20000a78       0x10 Build_STM32G474_Candlelight_PowerHubDual/utils.o
                0x20000a78                limits_nom
 .bss.USBD_StrDesc
                0x20000a88      0x200 Build_STM32G474_Candlelight_PowerHubDual/usb_ctrlreq.o
                0x20000a88                USBD_StrDesc
 .bss.cfgidx.0  0x20000c88        0x1 Build_STM32G474_Candlelight_PowerHubDual/usb_ctrlreq.o
 *fill*         0x20000c89        0x3 
 .bss.USB_Handle
                0x20000c8c      0x2ac Build_STM32G474_Candlelight_PowerHubDual/usb_core.o
                0x20000c8c                USB_Handle
 .bss.PCD_Handle
                0x20000f38      0x2dc Build_STM32G474_Candlelight_PowerHubDual/usb_lowlevel.o
                0x20000f38                PCD_Handle
 .bss.bSuspended
                0x20001214        0x1 Build_STM32G474_Candlelight_PowerHubDual/usb_lowlevel.o
                0x20001214                bSuspended
 *fill*         0x20001215        0x3 
 .bss.ELM_BoardInfo
                0x20001218       0x38 Build_STM32G474_Candlelight_PowerHubDual/Candlelight/control.o
                0x20001218                ELM_BoardInfo
 .bss.GS_CapabilityClassic
                0x20001250       0x28 Build_STM32G474_Candlelight_PowerHubDual/Candlelight/control.o
                0x20001250                GS_CapabilityClassic
 .bss.GS_CapabilityFD
                0x20001278       0x48 Build_STM32G474_Candlelight_PowerHubDual/Candlelight/control.o
                0x20001278                GS_CapabilityFD
 .bss.GS_DeviceVersion
                0x200012c0        0xc Build_STM32G474_Candlelight_PowerHubDual/Candlelight/control.o
                0x200012c0                GS_DeviceVersion
 .bss.ep0_buf   0x200012cc      0x7d8 Build_STM32G474_Candlelight_PowerHubDual/Candlelight/control.o
                0x200012cc                ep0_buf
 .bss.last_setup
                0x20001aa4        0x8 Build_STM32G474_Candlelight_PowerHubDual/Candlelight/control.o
                0x20001aa4                last_setup
 .bss.GLB_ProtoElmue
                0x20001aac        0x1 Build_STM32G474_Candlelight_PowerHubDual/Candlelight/buffer.o
                0x20001aac                GLB_ProtoElmue
 *fill*         0x20001aad        0x3 
 .bss.buf_inst  0x20001ab0     0x8668 Build_STM32G474_Candlelight_PowerHubDual/Candlelight/buffer.o
                0x20001ab0                buf_inst
 .bss.Class_InitDone
                0x2000a118        0x1 Build_STM32G474_Candlelight_PowerHubDual/Candlelight/usb_class.o
                0x2000a118                Class_InitDone
 *fill*         0x2000a119        0x3 
 .bss.DFU_Status
                0x2000a11c        0x6 Build_STM32G474_Candlelight_PowerHubDual/Candlelight/usb_class.o
                0x2000a11c                DFU_Status
 *fill*         0x2000a122        0x2 
 .bss.EpToChannel