Archive member included to satisfy reference by file (symbol)

Build_STM32G474_Candlelight_PowerHubDual/STM32Cube\libstm32cube.a(stm32g4xx_hal.o)
                              Build_STM32G474_Candlelight_PowerHubDual/dfu.o (HAL_DeInit)
Build_STM32G474_Candlelight_PowerHubDual/STM32Cube\libstm32cube.a(stm32g4xx_hal_adc.o)
                              Build_STM32G474_Candlelight_PowerHubDual/adc.o (HAL_ADC_Init)
Build_STM32G474_Candlelight_PowerHubDual/STM32Cube\libstm32cube.a(stm32g4xx_hal_adc_ex.o)
                              Build_STM32G474_Candlelight_PowerHubDual/STM32Cube\libstm32cube.a(stm32g4xx_hal_adc.o) (HAL_ADCEx_InjectedConvCpltCallback)
Build_STM32G474_Candlelight_PowerHubDual/STM32Cube\libstm32cube.a(stm32g4xx_hal_cortex.o)
                              Build_STM32G474_Candlelight_PowerHubDual/STM32Cube\libstm32cube.a(stm32g4xx_hal.o) (HAL_NVIC_SetPriorityGrouping)
Build_STM32G474_Candlelight_PowerHubDual/STM32Cube\libstm32cube.a(stm32g4xx_hal_dma.o)
                              Build_STM32G474_Candlelight_PowerHubDual/STM32Cube\libstm32cube.a(stm32g4xx_hal_adc.o) (HAL_DMA_Start_IT)
Build_STM32G474_Candlelight_PowerHubDual/STM32Cube\libstm32cube.a(stm32g4xx_hal_fdcan.o)
                              Build_STM32G474_Candlelight_PowerHubDual/can.o (HAL_FDCAN_Init)
Build_STM32G474_Candlelight_PowerHubDual/STM32Cube\libstm32cube.a(stm32g4xx_hal_flash.o)
                              Build_STM32G474_Candlelight_PowerHubDual/system.o (HAL_FLASH_Program)
Build_STM32G474_Candlelight_PowerHubDual/STM32Cube\libstm32cube.a(stm32g4xx_hal_flash_ex.o)
                              Build_STM32G474_Candlelight_PowerHubDual/system.o (HAL_FLASHEx_Erase)
Build_STM32G474_Candlelight_PowerHubDual/STM32Cube\libstm32cube.a(stm32g4xx_hal_gpio.o)
                              Build_STM32G474_Candlelight_PowerHubDual/can.o (HAL_GPIO_Init)
Build_STM32G474_Candlelight_PowerHubDual/STM32Cube\libstm32cube.a(stm32g4xx_hal_pcd.o)
                              Build_STM32G474_Candlelight_PowerHubDual/usb_lowlevel.o (HAL_PCD_Init)
Build_STM32G474_Candlelight_PowerHubDual/STM32Cube\libstm32cube.a(stm32g4xx_hal_pcd_ex.o)
                              Build_STM32G474_Candlelight_PowerHubDual/usb_lowlevel.o (HAL_PCDEx_PMAConfig)
Build_STM32G474_Candlelight_PowerHubDual/STM32Cube\libstm32cube.a(stm32g4xx_hal_pwr_ex.o)
                              Build_STM32G474_Candlelight_PowerHubDual/system.o (HAL_PWREx_ControlVoltageScaling)
Build_STM32G474_Candlelight_PowerHubDual/STM32Cube\libstm32cube.a(stm32g4xx_hal_rcc.o)
                              Build_STM32G474_Candlelight_PowerHubDual/dfu.o (HAL_RCC_DeInit)
Build_STM32G474_Candlelight_PowerHubDual/STM32Cube\libstm32cube.a(stm32g4xx_hal_rcc_ex.o)
                              Build_STM32G474_Candlelight_PowerHubDual/system.o (HAL_RCCEx_PeriphCLKConfig)
Build_STM32G474_Candlelight_PowerHubDual/STM32Cube\libstm32cube.a(stm32g4xx_hal_tim.o)
                              Build_STM32G474_Candlelight_PowerHubDual/system.o (HAL_TIM_Base_Init)
Build_STM32G474_Candlelight_PowerHubDual/STM32Cube\libstm32cube.a(stm32g4xx_hal_tim_ex.o)
                              Build_STM32G474_Candlelight_PowerHubDual/STM32Cube\libstm32cube.a(stm32g4xx_hal_tim.o) (TIMEx_DMACommutationCplt)
Build_STM32G474_Candlelight_PowerHubDual/STM32Cube\libstm32cube.a(stm32g4xx_ll_usb.o)
                              Build_STM32G474_Candlelight_PowerHubDual/STM32Cube\libstm32cube.a(stm32g4xx_hal_pcd.o) (USB_EnableGlobalInt)
Build_STM32G474_Candlelight_PowerHubDual/STM32Cube\libstm32cube.a(stm32g4xx_hal_pwr.o)
                              Build_STM32G474_Candlelight_PowerHubDual/STM32Cube\libstm32cube.a(stm32g4xx_hal_rcc_ex.o) (HAL_PWR_EnableBkUpAccess)
c:/program files (x86)/gnu arm embedded toolchain/10 2021.10/bin/../lib/gcc/arm-none-eabi/10.3.1/../../../../arm-none-eabi/lib/thumb/v7e-m/nofp\libc_nano.a(lib_a-exit.o)
                              c:/program files (x86)/gnu arm embedded toolchain/10 2021.10/bin/../lib/gcc/arm-none-eabi/10.3.1/../../../../arm-none-eabi/lib/thumb/v7e-m/nofp/crt0.o (exit)
c:/program files (x86)/gnu arm embedded toolchain/10 2021.10/bin/../lib/gcc/arm-none-eabi/10.3.1/../../../../arm-none-eabi/lib/thumb/v7e-m/nofp\libc_nano.a(lib_a-impure.o)
                              c:/program files (x86)/gnu arm embedded toolchain/10 2021.10/bin/../lib/gcc/arm-none-eabi/10.3.1/../../../../arm-none-eabi/lib/thumb/v7e-m/nofp\libc_nano.a(lib_a-exit.o) (_global_impure_ptr)
c:/program files (x86)/gnu arm embedded toolchain/10 2021.10/bin/../lib/gcc/arm-none-eabi/10.3.1/../../../../arm-none-eabi/lib/thumb/v7e-m/nofp\libc_nano.a(lib_a-init.o)
                              c:/program files (x86)/gnu arm embedded toolchain/10 2021.10/bin/../lib/gcc/arm-none-eabi/10.3.1/../../../../arm-none-eabi/lib/thumb/v7e-m/nofp/crt0.o (__libc_init_array)
[...]
Memory Configuration

Name             Origin             Length             Attributes
RAM              0x20000000         0x00020000         xrw
FLASH            0x08000000         0x0001f800         xr
DATA             0x0801f800         0x00000800         xr
*default*        0x00000000         0xffffffff

Linker script and memory map

LOAD c:/program files (x86)/gnu arm embedded toolchain/10 2021.10/bin/../lib/gcc/arm-none-eabi/10.3.1/thumb/v7e-m/nofp/crti.o
LOAD c:/program files (x86)/gnu arm embedded toolchain/10 2021.10/bin/../lib/gcc/arm-none-eabi/10.3.1/thumb/v7e-m/nofp/crtbegin.o
LOAD c:/program files (x86)/gnu arm embedded toolchain/10 2021.10/bin/../lib/gcc/arm-none-eabi/10.3.1/../../../../arm-none-eabi/lib/thumb/v7e-m/nofp/crt0.o
LOAD Build_STM32G474_Candlelight_PowerHubDual/main.o
LOAD Build_STM32G474_Candlelight_PowerHubDual/system_STM32G4xx.o
LOAD Build_STM32G474_Candlelight_PowerHubDual/system.o
LOAD Build_STM32G474_Candlelight_PowerHubDual/interrupts.o
LOAD Build_STM32G474_Candlelight_PowerHubDual/can.o
LOAD Build_STM32G474_Candlelight_PowerHubDual/error.o
LOAD Build_STM32G474_Candlelight_PowerHubDual/led.o
LOAD Build_STM32G474_Candlelight_PowerHubDual/ws2815.o
LOAD Build_STM32G474_Candlelight_PowerHubDual/adc.o
LOAD Build_STM32G474_Candlelight_PowerHubDual/dfu.o
LOAD Build_STM32G474_Candlelight_PowerHubDual/utils.o
LOAD Build_STM32G474_Candlelight_PowerHubDual/usb_ctrlreq.o
LOAD Build_STM32G474_Candlelight_PowerHubDual/usb_ioreq.o
LOAD Build_STM32G474_Candlelight_PowerHubDual/usb_core.o
LOAD Build_STM32G474_Candlelight_PowerHubDual/usb_lowlevel.o
LOAD Build_STM32G474_Candlelight_PowerHubDual/startup_STM32G474.o
LOAD Build_STM32G474_Candlelight_PowerHubDual/Candlelight/control.o
LOAD Build_STM32G474_Candlelight_PowerHubDual/Candlelight/buffer.o
LOAD Build_STM32G474_Candlelight_PowerHubDual/Candlelight/usb_class.o
LOAD Build_STM32G474_Candlelight_PowerHubDual/Candlelight/usb_interface.o
LOAD Build_STM32G474_Candlelight_PowerHubDual/STM32Cube\libstm32cube.a
LOAD c:/program files (x86)/gnu arm embedded toolchain/10 2021.10/bin/../lib/gcc/arm-none-eabi/10.3.1/../../../../arm-none-eabi/lib/thumb/v7e-m/nofp\libc_nano.a
LOAD c:/program files (x86)/gnu arm embedded toolchain/10 2021.10/bin/../lib/gcc/arm-none-eabi/10.3.1/../../../../arm-none-eabi/lib/thumb/v7e-m/nofp\libm.a
LOAD c:/program files (x86)/gnu arm embedded toolchain/10 2021.10/bin/../lib/gcc/arm-none-eabi/10.3.1/../../../../arm-none-eabi/lib/thumb/v7e-m/nofp\libnosys.a
START GROUP
LOAD c:/program files (x86)/gnu arm embedded toolchain/10 2021.10/bin/../lib/gcc/arm-none-eabi/10.3.1/thumb/v7e-m/nofp\libgcc.a
LOAD c:/program files (x86)/gnu arm embedded toolchain/10 2021.10/bin/../lib/gcc/arm-none-eabi/10.3.1/../../../../arm-none-eabi/lib/thumb/v7e-m/nofp\libg_nano.a
LOAD c:/program files (x86)/gnu arm embedded toolchain/10 2021.10/bin/../lib/gcc/arm-none-eabi/10.3.1/../../../../arm-none-eabi/lib/thumb/v7e-m/nofp\libc_nano.a
END GROUP
START GROUP
LOAD c:/program files (x86)/gnu arm embedded toolchain/10 2021.10/bin/../lib/gcc/arm-none-eabi/10.3.1/thumb/v7e-m/nofp\libgcc.a
LOAD c:/program files (x86)/gnu arm embedded toolchain/10 2021.10/bin/../lib/gcc/arm-none-eabi/10.3.1/../../../../arm-none-eabi/lib/thumb/v7e-m/nofp\libc_nano.a
LOAD c:/program files (x86)/gnu arm embedded toolchain/10 2021.10/bin/../lib/gcc/arm-none-eabi/10.3.1/../../../../arm-none-eabi/lib/thumb/v7e-m/nofp\libnosys.a
END GROUP
START GROUP
LOAD c:/program files (x86)/gnu arm embedded toolchain/10 2021.10/bin/../lib/gcc/arm-none-eabi/10.3.1/thumb/v7e-m/nofp\libgcc.a
LOAD c:/program files (x86)/gnu arm embedded toolchain/10 2021.10/bin/../lib/gcc/arm-none-eabi/10.3.1/../../../../arm-none-eabi/lib/thumb/v7e-m/nofp\libc_nano.a
LOAD c:/program files (x86)/gnu arm embedded toolchain/10 2021.10/bin/../lib/gcc/arm-none-eabi/10.3.1/../../../../arm-none-eabi/lib/thumb/v7e-m/nofp\libnosys.a
END GROUP
LOAD c:/program files (x86)/gnu arm embedded toolchain/10 2021.10/bin/../lib/gcc/arm-none-eabi/10.3.1/thumb/v7e-m/nofp/crtend.o
LOAD c:/program files (x86)/gnu arm embedded toolchain/10 2021.10/bin/../lib/gcc/arm-none-eabi/10.3.1/thumb/v7e-m/nofp/crtn.o
                0x20020000                _estack = (ORIGIN (RAM) + LENGTH (RAM))
                0x00000200                _Min_Heap_Size = 0x200
                0x00000400                _Min_Stack_Size = 0x400

.isr_vector     0x08000000      0x1d8
                0x08000000                . = ALIGN (0x4)
 *(.isr_vector)
 .isr_vector    0x08000000      0x1d8 Build_STM32G474_Candlelight_PowerHubDual/startup_STM32G474.o
                0x08000000                g_pfnVectors
                0x080001d8                . = ALIGN (0x4)

.text           0x080001e0     0xa9a8
                0x080001e0                . = ALIGN (0x4)
 *(.text)
 .text          0x080001e0       0x40 c:/program files (x86)/gnu arm embedded toolchain/10 2021.10/bin/../lib/gcc/arm-none-eabi/10.3.1/thumb/v7e-m/nofp/crtbegin.o
 .text          0x08000220       0x10 c:/program files (x86)/gnu arm embedded toolchain/10 2021.10/bin/../lib/gcc/arm-none-eabi/10.3.1/../../../../arm-none-eabi/lib/thumb/v7e-m/nofp\libc_nano.a(lib_a-strlen.o)
                0x08000220                strlen
 .text          0x08000230       0xa0 c:/program files (x86)/gnu arm embedded toolchain/10 2021.10/bin/../lib/gcc/arm-none-eabi/10.3.1/../../../../arm-none-eabi/lib/thumb/v7e-m/nofp\libc_nano.a(lib_a-memchr.o)
                0x08000230                memchr
 .text          0x080002d0      0x21c c:/program files (x86)/gnu arm embedded toolchain/10 2021.10/bin/../lib/gcc/arm-none-eabi/10.3.1/thumb/v7e-m/nofp\libgcc.a(_arm_addsubsf3.o)
                0x080002d0                __aeabi_frsub
                0x080002d8                __subsf3
                0x080002d8                __aeabi_fsub
                0x080002dc                __aeabi_fadd
                0x080002dc                __addsf3
                0x0800043c                __aeabi_ui2f
                0x0800043c                __floatunsisf
                0x08000444                __aeabi_i2f
                0x08000444                __floatsisf
                0x08000460                __aeabi_ul2f
                0x08000460                __floatundisf
                0x08000470                __aeabi_l2f
                0x08000470                __floatdisf
 .text          0x080004ec      0x2a0 c:/program files (x86)/gnu arm embedded toolchain/10 2021.10/bin/../lib/gcc/arm-none-eabi/10.3.1/thumb/v7e-m/nofp\libgcc.a(_arm_muldivsf3.o)
                0x080004ec                __mulsf3
                0x080004ec                __aeabi_fmul
                0x08000654                __aeabi_fdiv
                0x08000654                __divsf3
 *(.text*)
 .text.startup.main
                0x0800078c       0xc0 Build_STM32G474_Candlelight_PowerHubDual/main.o
                0x0800078c                main
 .text.SystemInit
                0x0800084c       0x10 Build_STM32G474_Candlelight_PowerHubDual/system_STM32G4xx.o
                0x0800084c                SystemInit
 .text.system_init_timestamp
                0x0800085c       0x80 Build_STM32G474_Candlelight_PowerHubDual/system.o
                0x0800085c                system_init_timestamp
 .text.HAL_FDCAN_TimestampWraparoundCallback
                0x080008dc       0x10 Build_STM32G474_Candlelight_PowerHubDual/system.o
                0x080008dc                HAL_FDCAN_TimestampWraparoundCallback
 .text.system_reset_timestamps
                0x080008ec       0x14 Build_STM32G474_Candlelight_PowerHubDual/system.o
                0x080008ec                system_reset_timestamps
 .text.system_get_mcu_serie
                0x08000900       0x28 Build_STM32G474_Candlelight_PowerHubDual/system.o
                0x08000900                system_get_mcu_serie
 .text.system_get_can_clock
                0x08000928        0xc Build_STM32G474_Candlelight_PowerHubDual/system.o
                0x08000928                system_get_can_clock
 .text.system_get_timestamp
                0x08000934       0x18 Build_STM32G474_Candlelight_PowerHubDual/system.o
                0x08000934                system_get_timestamp
 .text.system_get_timewrap
                0x0800094c        0xc Build_STM32G474_Candlelight_PowerHubDual/system.o
                0x0800094c                system_get_timewrap
 .text.system_is_option_enabled
                0x08000958       0x5c Build_STM32G474_Candlelight_PowerHubDual/system.o
                0x08000958                system_is_option_enabled
 .text.system_set_option_bytes
                0x080009b4       0xf8 Build_STM32G474_Candlelight_PowerHubDual/system.o
                0x080009b4                system_set_option_bytes
 .text.system_init
                0x08000aac      0x144 Build_STM32G474_Candlelight_PowerHubDual/system.o
                0x08000aac                system_init
 .text.system_get_flash_addr
                0x08000bf0       0x50 Build_STM32G474_Candlelight_PowerHubDual/system.o
                0x08000bf0                system_get_flash_addr
 .text.system_write_flash
                0x08000c40      0x10c Build_STM32G474_Candlelight_PowerHubDual/system.o
                0x08000c40                system_write_flash
 .text.NMI_Handler
                0x08000d4c        0x4 Build_STM32G474_Candlelight_PowerHubDual/interrupts.o
                0x08000d4c                NMI_Handler
 .text.HardFault_Handler
                0x08000d50        0x4 Build_STM32G474_Candlelight_PowerHubDual/interrupts.o
                0x08000d50                HardFault_Handler
 .text.MemManage_Handler
                0x08000d54        0x4 Build_STM32G474_Candlelight_PowerHubDual/interrupts.o
                0x08000d54                MemManage_Handler
 .text.BusFault_Handler
                0x08000d58        0x4 Build_STM32G474_Candlelight_PowerHubDual/interrupts.o
                0x08000d58                BusFault_Handler
 .text.UsageFault_Handler
                0x08000d5c        0x4 Build_STM32G474_Candlelight_PowerHubDual/interrupts.o
                0x08000d5c                UsageFault_Handler
 .text.SVC_Handler
                0x08000d60        0x4 Build_STM32G474_Candlelight_PowerHubDual/interrupts.o
                0x08000d60                SVC_Handler
 .text.DebugMon_Handler
                0x08000d64        0x4 Build_STM32G474_Candlelight_PowerHubDual/interrupts.o
                0x08000d64                DebugMon_Handler
 .text.PendSV_Handler
                0x08000d68        0x4 Build_STM32G474_Candlelight_PowerHubDual/interrupts.o
                0x08000d68                PendSV_Handler
 .text.SysTick_Handler
                0x08000d6c       0x10 Build_STM32G474_Candlelight_PowerHubDual/interrupts.o
                0x08000d6c                SysTick_Handler
 .text.USB_LP_IRQHandler
                0x08000d7c        0xc Build_STM32G474_Candlelight_PowerHubDual/interrupts.o
                0x08000d7c                USB_LP_IRQHandler
 .text.USB_HP_IRQHandler
                0x08000d88        0xc Build_STM32G474_Candlelight_PowerHubDual/interrupts.o
                0x08000d88                USB_HP_IRQHandler
 .text.FDCAN1_IT0_IRQHandler
                0x08000d94       0x10 Build_STM32G474_Candlelight_PowerHubDual/interrupts.o
                0x08000d94                FDCAN1_IT0_IRQHandler
 .text.can_calc_bit_count_in_frame.part.0
                0x08000da4       0xac Build_STM32G474_Candlelight_PowerHubDual/can.o
 .text.can_init
                0x08000e50       0xd8 Build_STM32G474_Candlelight_PowerHubDual/can.o
                0x08000e50                can_init
 .text.can_open
                0x08000f28      0x2a0 Build_STM32G474_Candlelight_PowerHubDual/can.o
                0x08000f28                can_open
 .text.can_close_all
                0x080011c8       0xac Build_STM32G474_Candlelight_PowerHubDual/can.o
                0x080011c8                can_close_all
 .text.can_close
                0x08001274       0x64 Build_STM32G474_Candlelight_PowerHubDual/can.o
                0x08001274                can_close
 .text.can_send_packet
                0x080012d8       0xb4 Build_STM32G474_Candlelight_PowerHubDual/can.o
                0x080012d8                can_send_packet
 .text.can_recover_bus_off
                0x0800138c       0x70 Build_STM32G474_Candlelight_PowerHubDual/can.o
                0x0800138c                can_recover_bus_off
 .text.can_timer_100ms
                0x080013fc       0xa8 Build_STM32G474_Candlelight_PowerHubDual/can.o
                0x080013fc                can_timer_100ms
 .text.can_set_bit_timing
                0x080014a4       0x9c Build_STM32G474_Candlelight_PowerHubDual/can.o
                0x080014a4                can_set_bit_timing
 .text.can_print_info
                0x08001540      0x100 Build_STM32G474_Candlelight_PowerHubDual/can.o
                0x08001540                can_print_info
 .text.can_add_host_filter
                0x08001640      0x104 Build_STM32G474_Candlelight_PowerHubDual/can.o
                0x08001640                can_add_host_filter
 .text.can_clear_host_filters
                0x08001744       0x20 Build_STM32G474_Candlelight_PowerHubDual/can.o
                0x08001744                can_clear_host_filters
 .text.can_set_bridge_filter
                0x08001764       0xc8 Build_STM32G474_Candlelight_PowerHubDual/can.o
                0x08001764                can_set_bridge_filter
 .text.can_forward_bridge_packet
                0x0800182c       0xdc Build_STM32G474_Candlelight_PowerHubDual/can.o
                0x0800182c                can_forward_bridge_packet
 .text.can_process
                0x08001908      0x310 Build_STM32G474_Candlelight_PowerHubDual/can.o
                0x08001908                can_process
 .text.can_set_termination
                0x08001c18       0x40 Build_STM32G474_Candlelight_PowerHubDual/can.o
                0x08001c18                can_set_termination
 .text.can_get_termination
                0x08001c58       0x2c Build_STM32G474_Candlelight_PowerHubDual/can.o
                0x08001c58                can_get_termination
 .text.can_enable_busload
                0x08001c84       0x20 Build_STM32G474_Candlelight_PowerHubDual/can.o
                0x08001c84                can_enable_busload
 .text.can_is_any_open
                0x08001ca4       0x14 Build_STM32G474_Candlelight_PowerHubDual/can.o
                0x08001ca4                can_is_any_open
 .text.can_is_open
                0x08001cb8       0x14 Build_STM32G474_Candlelight_PowerHubDual/can.o
                0x08001cb8                can_is_open
 .text.can_is_passive
                0x08001ccc       0x1c Build_STM32G474_Candlelight_PowerHubDual/can.o
                0x08001ccc                can_is_passive
 .text.can_using_FD
                0x08001ce8       0x1c Build_STM32G474_Candlelight_PowerHubDual/can.o
                0x08001ce8                can_using_FD
 .text.can_is_tx_allowed
                0x08001d04       0x30 Build_STM32G474_Candlelight_PowerHubDual/can.o
                0x08001d04                can_is_tx_allowed
 .text.can_is_tx_fifo_free
                0x08001d34       0x1c Build_STM32G474_Candlelight_PowerHubDual/can.o
                0x08001d34                can_is_tx_fifo_free
 .text.can_get_handle
                0x08001d50       0x10 Build_STM32G474_Candlelight_PowerHubDual/can.o
                0x08001d50                can_get_handle
 .text.error_init
                0x08001d60       0x20 Build_STM32G474_Candlelight_PowerHubDual/error.o
                0x08001d60                error_init
 .text.error_assert
                0x08001d80       0x2c Build_STM32G474_Candlelight_PowerHubDual/error.o
                0x08001d80                error_assert
 .text.error_get_state
                0x08001dac       0x10 Build_STM32G474_Candlelight_PowerHubDual/error.o
                0x08001dac                error_get_state
 .text.error_is_report_due
                0x08001dbc      0x184 Build_STM32G474_Candlelight_PowerHubDual/error.o
                0x08001dbc                error_is_report_due
 .text.error_clear
                0x08001f40       0x18 Build_STM32G474_Candlelight_PowerHubDual/error.o
                0x08001f40                error_clear
 .text.led_init
                0x08001f58       0x9c Build_STM32G474_Candlelight_PowerHubDual/led.o
                0x08001f58                led_init
 .text.led_sleep
                0x08001ff4       0x48 Build_STM32G474_Candlelight_PowerHubDual/led.o
                0x08001ff4                led_sleep
 .text.led_blink_power_on
                0x0800203c       0x90 Build_STM32G474_Candlelight_PowerHubDual/led.o
                0x0800203c                led_blink_power_on
 .text.led_blink_identify
                0x080020cc       0x5c Build_STM32G474_Candlelight_PowerHubDual/led.o
                0x080020cc                led_blink_identify
 .text.led_turn_TX
                0x08002128       0x2c Build_STM32G474_Candlelight_PowerHubDual/led.o
                0x08002128                led_turn_TX
 .text.led_flash_TX
                0x08002154       0x48 Build_STM32G474_Candlelight_PowerHubDual/led.o
                0x08002154                led_flash_TX
 .text.led_flash_RX
                0x0800219c       0x48 Build_STM32G474_Candlelight_PowerHubDual/led.o
                0x0800219c                led_flash_RX
 .text.led_process
                0x080021e4      0x178 Build_STM32G474_Candlelight_PowerHubDual/led.o
                0x080021e4                led_process
 .text.adc_init
                0x0800235c       0x98 Build_STM32G474_Candlelight_PowerHubDual/adc.o
                0x0800235c                adc_init
 .text.HAL_ADC_MspInit
                0x080023f4       0x80 Build_STM32G474_Candlelight_PowerHubDual/adc.o
                0x080023f4                HAL_ADC_MspInit
 .text.adc_timer_100ms
                0x08002474       0x4c Build_STM32G474_Candlelight_PowerHubDual/adc.o
                0x08002474                adc_timer_100ms
 .text.dfu_switch_to_bootloader
                0x080024c0       0x64 Build_STM32G474_Candlelight_PowerHubDual/dfu.o
                0x080024c0                dfu_switch_to_bootloader
 .text.dfu_timer_100ms
                0x08002524       0x78 Build_STM32G474_Candlelight_PowerHubDual/dfu.o
                0x08002524                dfu_timer_100ms
 .text.utils_init
                0x0800259c       0x38 Build_STM32G474_Candlelight_PowerHubDual/utils.o
                0x0800259c                utils_init
 .text.utils_get_bit_limits
                0x080025d4       0x18 Build_STM32G474_Candlelight_PowerHubDual/utils.o
                0x080025d4                utils_get_bit_limits
 .text.utils_mem_is_empty
                0x080025ec       0x20 Build_STM32G474_Candlelight_PowerHubDual/utils.o
                0x080025ec                utils_mem_is_empty
 .text.utils_dlc_to_byte_count
                0x0800260c       0x1c Build_STM32G474_Candlelight_PowerHubDual/utils.o
                0x0800260c                utils_dlc_to_byte_count
 .text.utils_byte_count_to_dlc
                0x08002628       0x3c Build_STM32G474_Candlelight_PowerHubDual/utils.o
                0x08002628                utils_byte_count_to_dlc
 .text.utils_format_bitrate
                0x08002664       0xe0 Build_STM32G474_Candlelight_PowerHubDual/utils.o
                0x08002664                utils_format_bitrate
 .text.USBD_StdDevReq
                0x08002744      0x318 Build_STM32G474_Candlelight_PowerHubDual/usb_ctrlreq.o
                0x08002744                USBD_StdDevReq
 .text.USBD_StdItfReq
                0x08002a5c       0x54 Build_STM32G474_Candlelight_PowerHubDual/usb_ctrlreq.o
                0x08002a5c                USBD_StdItfReq
 .text.USBD_StdEPReq
                0x08002ab0      0x13c Build_STM32G474_Candlelight_PowerHubDual/usb_ctrlreq.o
                0x08002ab0                USBD_StdEPReq
 .text.USBD_ParseSetupRequest
                0x08002bec       0x28 Build_STM32G474_Candlelight_PowerHubDual/usb_ctrlreq.o
                0x08002bec                USBD_ParseSetupRequest
 .text.USBD_CtlError
                0x08002c14       0x14 Build_STM32G474_Candlelight_PowerHubDual/usb_ctrlreq.o
                0x08002c14                USBD_CtlError
 .text.USBD_GetStringDescr
                0x08002c28       0x48 Build_STM32G474_Candlelight_PowerHubDual/usb_ctrlreq.o
                0x08002c28                USBD_GetStringDescr
 .text.USBD_CtlSendData
                0x08002c70       0x20 Build_STM32G474_Candlelight_PowerHubDual/usb_ioreq.o
                0x08002c70                USBD_CtlSendData
 .text.USBD_CtlContinueSendData
                0x08002c90       0x10 Build_STM32G474_Candlelight_PowerHubDual/usb_ioreq.o
                0x08002c90                USBD_CtlContinueSendData
 .text.USBD_CtlPrepareRx
                0x08002ca0       0x20 Build_STM32G474_Candlelight_PowerHubDual/usb_ioreq.o
                0x08002ca0                USBD_CtlPrepareRx
 .text.USBD_CtlContinueRx
                0x08002cc0       0x10 Build_STM32G474_Candlelight_PowerHubDual/usb_ioreq.o
                0x08002cc0                USBD_CtlContinueRx
 .text.USBD_CtlSendStatus
                0x08002cd0       0x1c Build_STM32G474_Candlelight_PowerHubDual/usb_ioreq.o
                0x08002cd0                USBD_CtlSendStatus
 .text.USBD_CtlReceiveStatus
                0x08002cec       0x1c Build_STM32G474_Candlelight_PowerHubDual/usb_ioreq.o
                0x08002cec                USBD_CtlReceiveStatus
 .text.USBD_Init
                0x08002d08       0x28 Build_STM32G474_Candlelight_PowerHubDual/usb_core.o
                0x08002d08                USBD_Init
 .text.USBD_SetClassConfig
                0x08002d30       0x14 Build_STM32G474_Candlelight_PowerHubDual/usb_core.o
                0x08002d30                USBD_SetClassConfig
 .text.USBD_ClrClassConfig
                0x08002d44       0x10 Build_STM32G474_Candlelight_PowerHubDual/usb_core.o
                0x08002d44                USBD_ClrClassConfig
 .text.USBD_LL_SetupStage
                0x08002d54       0x60 Build_STM32G474_Candlelight_PowerHubDual/usb_core.o
                0x08002d54                USBD_LL_SetupStage
 .text.USBD_LL_DataOutStage
                0x08002db4       0x80 Build_STM32G474_Candlelight_PowerHubDual/usb_core.o
                0x08002db4                USBD_LL_DataOutStage
 .text.USBD_LL_DataInStage
                0x08002e34       0xcc Build_STM32G474_Candlelight_PowerHubDual/usb_core.o
                0x08002e34                USBD_LL_DataInStage
 .text.USBD_LL_Reset
                0x08002f00       0x4c Build_STM32G474_Candlelight_PowerHubDual/usb_core.o
                0x08002f00                USBD_LL_Reset
 .text.USBD_LL_SetSpeed
                0x08002f4c        0xc Build_STM32G474_Candlelight_PowerHubDual/usb_core.o
                0x08002f4c                USBD_LL_SetSpeed
 .text.USBD_LL_Suspend
                0x08002f58       0x18 Build_STM32G474_Candlelight_PowerHubDual/usb_core.o
                0x08002f58                USBD_LL_Suspend
 .text.USBD_LL_Resume
                0x08002f70       0x1c Build_STM32G474_Candlelight_PowerHubDual/usb_core.o
                0x08002f70                USBD_LL_Resume
 .text.USBD_LL_SOF
                0x08002f8c       0x28 Build_STM32G474_Candlelight_PowerHubDual/usb_core.o
                0x08002f8c                USBD_LL_SOF
 .text.HAL_PCD_MspInit
                0x08002fb4       0x44 Build_STM32G474_Candlelight_PowerHubDual/usb_lowlevel.o
                0x08002fb4                HAL_PCD_MspInit
 .text.HAL_PCD_SetupStageCallback
                0x08002ff8       0x18 Build_STM32G474_Candlelight_PowerHubDual/usb_lowlevel.o
                0x08002ff8                HAL_PCD_SetupStageCallback
 .text.HAL_PCD_DataOutStageCallback
                0x08003010       0x18 Build_STM32G474_Candlelight_PowerHubDual/usb_lowlevel.o
                0x08003010                HAL_PCD_DataOutStageCallback
 .text.HAL_PCD_DataInStageCallback
                0x08003028       0x18 Build_STM32G474_Candlelight_PowerHubDual/usb_lowlevel.o
                0x08003028                HAL_PCD_DataInStageCallback
 .text.HAL_PCD_SOFCallback
                0x08003040        0x4 Build_STM32G474_Candlelight_PowerHubDual/usb_lowlevel.o
                0x08003040                HAL_PCD_SOFCallback
 .text.HAL_PCD_ResetCallback
                0x08003044       0x10 Build_STM32G474_Candlelight_PowerHubDual/usb_lowlevel.o
                0x08003044                HAL_PCD_ResetCallback
 .text.HAL_PCD_SuspendCallback
                0x08003054       0x30 Build_STM32G474_Candlelight_PowerHubDual/usb_lowlevel.o
                0x08003054                HAL_PCD_SuspendCallback
 .text.HAL_PCD_ResumeCallback
                0x08003084       0x2c Build_STM32G474_Candlelight_PowerHubDual/usb_lowlevel.o
                0x08003084                HAL_PCD_ResumeCallback
 .text.HAL_PCD_Is_Suspended
                0x080030b0        0xc Build_STM32G474_Candlelight_PowerHubDual/usb_lowlevel.o
                0x080030b0                HAL_PCD_Is_Suspended
 .text.USBD_LL_Init
                0x080030bc       0x28 Build_STM32G474_Candlelight_PowerHubDual/usb_lowlevel.o
                0x080030bc                USBD_LL_Init
 .text.USBD_LL_ConfigurePMA
                0x080030e4       0x48 Build_STM32G474_Candlelight_PowerHubDual/usb_lowlevel.o
                0x080030e4                USBD_LL_ConfigurePMA
 .text.USBD_LL_Start
                0x0800312c       0x18 Build_STM32G474_Candlelight_PowerHubDual/usb_lowlevel.o
                0x0800312c                USBD_LL_Start
 .text.USBD_LL_OpenEP
                0x08003144       0x20 Build_STM32G474_Candlelight_PowerHubDual/usb_lowlevel.o
                0x08003144                USBD_LL_OpenEP
 .text.USBD_LL_CloseEP
                0x08003164       0x1c Build_STM32G474_Candlelight_PowerHubDual/usb_lowlevel.o
                0x08003164                USBD_LL_CloseEP
 .text.USBD_LL_StallEP
                0x08003180       0x1c Build_STM32G474_Candlelight_PowerHubDual/usb_lowlevel.o
                0x08003180                USBD_LL_StallEP
 .text.USBD_LL_ClearStallEP
                0x0800319c       0x1c Build_STM32G474_Candlelight_PowerHubDual/usb_lowlevel.o
                0x0800319c                USBD_LL_ClearStallEP
 .text.USBD_LL_IsStallEP
                0x080031b8       0x28 Build_STM32G474_Candlelight_PowerHubDual/usb_lowlevel.o
                0x080031b8                USBD_LL_IsStallEP
 .text.USBD_LL_SetUSBAddress
                0x080031e0       0x1c Build_STM32G474_Candlelight_PowerHubDual/usb_lowlevel.o
                0x080031e0                USBD_LL_SetUSBAddress
 .text.USBD_LL_Transmit
                0x080031fc       0x20 Build_STM32G474_Candlelight_PowerHubDual/usb_lowlevel.o
                0x080031fc                USBD_LL_Transmit
 .text.USBD_LL_PrepareReceive
                0x0800321c       0x20 Build_STM32G474_Candlelight_PowerHubDual/usb_lowlevel.o
                0x0800321c                USBD_LL_PrepareReceive
 .text.Reset_Handler
                0x0800323c       0x50 Build_STM32G474_Candlelight_PowerHubDual/startup_STM32G474.o
                0x0800323c                Reset_Handler
 .text.Default_Handler
                0x0800328c        0x2 Build_STM32G474_Candlelight_PowerHubDual/startup_STM32G474.o
                0x0800328c                RTC_Alarm_IRQHandler
                0x0800328c                EXTI2_IRQHandler
                0x0800328c                TIM8_TRG_COM_IRQHandler
                0x0800328c                TIM8_CC_IRQHandler
                0x0800328c                HRTIM1_Master_IRQHandler
                0x0800328c                SPI4_IRQHandler
                0x0800328c                FDCAN3_IT0_IRQHandler
                0x0800328c                TIM1_CC_IRQHandler
                0x0800328c                HRTIM1_FLT_IRQHandler
                0x0800328c                HRTIM1_TIMF_IRQHandler
                0x0800328c                CORDIC_IRQHandler
                0x0800328c                HRTIM1_TIMD_IRQHandler
                0x0800328c                DMA2_Channel8_IRQHandler
                0x0800328c                EXTI3_IRQHandler
                0x0800328c                I2C3_ER_IRQHandler
                0x0800328c                EXTI0_IRQHandler
                0x0800328c                I2C2_EV_IRQHandler
                0x0800328c                FPU_IRQHandler
                0x0800328c                FDCAN1_IT1_IRQHandler
                0x0800328c                TIM1_UP_TIM16_IRQHandler
                0x0800328c                ADC1_2_IRQHandler
                0x0800328c                HRTIM1_TIME_IRQHandler
                0x0800328c                SPI1_IRQHandler
                0x0800328c                TIM6_DAC_IRQHandler
                0x0800328c                HRTIM1_TIMC_IRQHandler
                0x0800328c                TIM8_UP_IRQHandler
                0x0800328c                DMA2_Channel2_IRQHandler
                0x0800328c                DMA1_Channel4_IRQHandler
                0x0800328c                TIM20_TRG_COM_IRQHandler
                0x0800328c                USART3_IRQHandler
                0x0800328c                DMA1_Channel7_IRQHandler
                0x0800328c                UART5_IRQHandler
                0x0800328c                ADC3_IRQHandler
                0x0800328c                TIM4_IRQHandler
                0x0800328c                DMA2_Channel1_IRQHandler
                0x0800328c                QUADSPI_IRQHandler
                0x0800328c                I2C1_EV_IRQHandler
                0x0800328c                DMA1_Channel6_IRQHandler
                0x0800328c                UART4_IRQHandler
                0x0800328c                DMA2_Channel4_IRQHandler
                0x0800328c                TIM3_IRQHandler
                0x0800328c                RCC_IRQHandler
                0x0800328c                TIM20_UP_IRQHandler
                0x0800328c                DMA1_Channel1_IRQHandler
                0x0800328c                Default_Handler
                0x0800328c                DMA2_Channel7_IRQHandler
                0x0800328c                RTC_TAMP_LSECSS_IRQHandler
                0x0800328c                FMAC_IRQHandler
                0x0800328c                EXTI15_10_IRQHandler
                0x0800328c                DMA1_Channel8_IRQHandler
                0x0800328c                HRTIM1_TIMA_IRQHandler
                0x0800328c                TIM7_DAC_IRQHandler
                0x0800328c                FDCAN3_IT1_IRQHandler
                0x0800328c                TIM5_IRQHandler
                0x0800328c                UCPD1_IRQHandler
                0x0800328c                I2C3_EV_IRQHandler
                0x0800328c                EXTI9_5_IRQHandler
                0x0800328c                RTC_WKUP_IRQHandler
                0x0800328c                PVD_PVM_IRQHandler
                0x0800328c                SPI2_IRQHandler
                0x0800328c                ADC5_IRQHandler
                0x0800328c                DMA2_Channel5_IRQHandler
                0x0800328c                CRS_IRQHandler
                0x0800328c                DMA1_Channel5_IRQHandler
                0x0800328c                EXTI4_IRQHandler
                0x0800328c                RNG_IRQHandler
                0x0800328c                HRTIM1_TIMB_IRQHandler
                0x0800328c                TIM1_TRG_COM_TIM17_IRQHandler
                0x0800328c                FDCAN2_IT1_IRQHandler
                0x0800328c                DMA1_Channel3_IRQHandler
                0x0800328c                ADC4_IRQHandler
                0x0800328c                WWDG_IRQHandler
                0x0800328c                I2C4_EV_IRQHandler
                0x0800328c                FDCAN2_IT0_IRQHandler
                0x0800328c                LPUART1_IRQHandler
                0x0800328c                DMA2_Channel6_IRQHandler
                0x0800328c                TIM2_IRQHandler
                0x0800328c                COMP7_IRQHandler
                0x0800328c                COMP1_2_3_IRQHandler
                0x0800328c                EXTI1_IRQHandler
                0x0800328c                USART2_IRQHandler
                0x0800328c                COMP4_5_6_IRQHandler
                0x0800328c                TIM20_BRK_IRQHandler
                0x0800328c                I2C2_ER_IRQHandler
                0x0800328c                DMA1_Channel2_IRQHandler
                0x0800328c                TIM8_BRK_IRQHandler
                0x0800328c                FLASH_IRQHandler
                0x0800328c                TIM20_CC_IRQHandler
                0x0800328c                USART1_IRQHandler
                0x0800328c                SPI3_IRQHandler
                0x0800328c                I2C1_ER_IRQHandler
                0x0800328c                FMC_IRQHandler
                0x0800328c                LPTIM1_IRQHandler
                0x0800328c                DMAMUX_OVR_IRQHandler
                0x0800328c                I2C4_ER_IRQHandler
                0x0800328c                USBWakeUp_IRQHandler
                0x0800328c                SAI1_IRQHandler
                0x0800328c                DMA2_Channel3_IRQHandler
                0x0800328c                TIM1_BRK_TIM15_IRQHandler
 *fill*         0x0800328e        0x2 
 .text.control_init
                0x08003290      0x110 Build_STM32G474_Candlelight_PowerHubDual/Candlelight/control.o
                0x08003290                control_init
 .text.control_setup_request
                0x080033a0      0x2bc Build_STM32G474_Candlelight_PowerHubDual/Candlelight/control.o
                0x080033a0                control_setup_request
 .text.control_setup_OUT_data
                0x0800365c      0x2e4 Build_STM32G474_Candlelight_PowerHubDual/Candlelight/control.o
                0x0800365c                control_setup_OUT_data
 .text.control_process
                0x08003940       0x24 Build_STM32G474_Candlelight_PowerHubDual/Candlelight/control.o
                0x08003940                control_process
 .text.control_report_busload
                0x08003964       0x4c Build_STM32G474_Candlelight_PowerHubDual/Candlelight/control.o
                0x08003964                control_report_busload
 .text.control_send_debug_mesg
                0x080039b0       0x84 Build_STM32G474_Candlelight_PowerHubDual/Candlelight/control.o
                0x080039b0                control_send_debug_mesg
 .text.buf_process_host.part.0
                0x08003a34      0x1d4 Build_STM32G474_Candlelight_PowerHubDual/Candlelight/buffer.o
 .text.buf_clear_can_buffer
                0x08003c08       0x6c Build_STM32G474_Candlelight_PowerHubDual/Candlelight/buffer.o
                0x08003c08                buf_clear_can_buffer
 .text.buf_clear_buffers
                0x08003c74       0xd4 Build_STM32G474_Candlelight_PowerHubDual/Candlelight/buffer.o
                0x08003c74                buf_clear_buffers
 .text.buf_init
                0x08003d48       0x1c Build_STM32G474_Candlelight_PowerHubDual/Candlelight/buffer.o
                0x08003d48                buf_init
 .text.buf_store_tx_packet
                0x08003d64       0xe8 Build_STM32G474_Candlelight_PowerHubDual/Candlelight/buffer.o
                0x08003d64                buf_store_tx_packet
 .text.buf_store_can_frame
                0x08003e4c      0x110 Build_STM32G474_Candlelight_PowerHubDual/Candlelight/buffer.o
                0x08003e4c                buf_store_can_frame
 .text.buf_store_can_frame_blob
                0x08003f5c      0x194 Build_STM32G474_Candlelight_PowerHubDual/Candlelight/buffer.o
                0x08003f5c                buf_store_can_frame_blob
 .text.buf_store_rx_packet
                0x080040f0      0x184 Build_STM32G474_Candlelight_PowerHubDual/Candlelight/buffer.o
                0x080040f0                buf_store_rx_packet
 .text.buf_store_rx_packet_echo
                0x08004274      0x184 Build_STM32G474_Candlelight_PowerHubDual/Candlelight/buffer.o
                0x08004274                buf_store_rx_packet_echo
 .text.buf_process
                0x080043f8      0x170 Build_STM32G474_Candlelight_PowerHubDual/Candlelight/buffer.o
                0x080043f8                buf_process
 .text.buf_store_tx_echo
                0x08004568       0x9c Build_STM32G474_Candlelight_PowerHubDual/Candlelight/buffer.o
                0x08004568                buf_store_tx_echo
 .text.buf_store_error
                0x08004604      0x218 Build_STM32G474_Candlelight_PowerHubDual/Candlelight/buffer.o
                0x08004604                buf_store_error
 .text.buf_get_host_frame_locked
                0x0800481c       0x30 Build_STM32G474_Candlelight_PowerHubDual/Candlelight/buffer.o
                0x0800481c                buf_get_host_frame_locked
 .text.buf_get_instance
                0x0800484c       0x10 Build_STM32G474_Candlelight_PowerHubDual/Candlelight/buffer.o
                0x0800484c                buf_get_instance
 .text.USB_IRQ_Init
                0x0800485c       0x94 Build_STM32G474_Candlelight_PowerHubDual/Candlelight/usb_class.o
                0x0800485c                USB_IRQ_Init
 .text.USB_IRQ_EP0_RxReady
                0x080048f0        0xc Build_STM32G474_Candlelight_PowerHubDual/Candlelight/usb_class.o
                0x080048f0                USB_IRQ_EP0_RxReady
 .text.USB_IRQ_DataOut
                0x080048fc       0x44 Build_STM32G474_Candlelight_PowerHubDual/Candlelight/usb_class.o
                0x080048fc                USB_IRQ_DataOut
 .text.USB_IRQ_DataIn
                0x08004940       0x34 Build_STM32G474_Candlelight_PowerHubDual/Candlelight/usb_class.o
                0x08004940                USB_IRQ_DataIn
 .text.USB_IRQ_DeInit
                0x08004974       0x38 Build_STM32G474_Candlelight_PowerHubDual/Candlelight/usb_class.o
                0x08004974                USB_IRQ_DeInit
 .text.USB_IRQ_Setup
                0x080049ac       0x94 Build_STM32G474_Candlelight_PowerHubDual/Candlelight/usb_class.o
                0x080049ac                USB_IRQ_Setup
 .text.USBD_ConfigureEndpoints
                0x08004a40       0x64 Build_STM32G474_Candlelight_PowerHubDual/Candlelight/usb_class.o
                0x08004a40                USBD_ConfigureEndpoints
 .text.USBD_GetUserStringDescr
                0x08004aa4       0x48 Build_STM32G474_Candlelight_PowerHubDual/Candlelight/usb_class.o
                0x08004aa4                USBD_GetUserStringDescr
 .text.USBD_SetupStageRequest
                0x08004aec       0x90 Build_STM32G474_Candlelight_PowerHubDual/Candlelight/usb_class.o
                0x08004aec                USBD_SetupStageRequest
 .text.USBD_SendInDataToHost
                0x08004b7c       0x4c Build_STM32G474_Candlelight_PowerHubDual/Candlelight/usb_class.o
                0x08004b7c                USBD_SendInDataToHost
 .text.HAL_MspInit
                0x08004bc8        0x4 Build_STM32G474_Candlelight_PowerHubDual/STM32Cube\libstm32cube.a(stm32g4xx_hal.o)
                0x08004bc8                HAL_MspInit
 .text.HAL_MspDeInit
                0x08004bcc        0x4 Build_STM32G474_Candlelight_PowerHubDual/STM32Cube\libstm32cube.a(stm32g4xx_hal.o)
                0x08004bcc                HAL_MspDeInit
 .text.HAL_DeInit
                0x08004bd0       0x2c Build_STM32G474_Candlelight_PowerHubDual/STM32Cube\libstm32cube.a(stm32g4xx_hal.o)
                0x08004bd0                HAL_DeInit
 .text.HAL_InitTick
                0x08004bfc       0x4c Build_STM32G474_Candlelight_PowerHubDual/STM32Cube\libstm32cube.a(stm32g4xx_hal.o)
                0x08004bfc                HAL_InitTick
 .text.HAL_Init
                0x08004c48       0x30 Build_STM32G474_Candlelight_PowerHubDual/STM32Cube\libstm32cube.a(stm32g4xx_hal.o)
                0x08004c48                HAL_Init
 .text.HAL_IncTick
                0x08004c78       0x18 Build_STM32G474_Candlelight_PowerHubDual/STM32Cube\libstm32cube.a(stm32g4xx_hal.o)
                0x08004c78                HAL_IncTick
 .text.HAL_GetTick
                0x08004c90        0xc Build_STM32G474_Candlelight_PowerHubDual/STM32Cube\libstm32cube.a(stm32g4xx_hal.o)
                0x08004c90                HAL_GetTick
 .text.HAL_Delay
                0x08004c9c       0x24 Build_STM32G474_Candlelight_PowerHubDual/STM32Cube\libstm32cube.a(stm32g4xx_hal.o)
                0x08004c9c                HAL_Delay
 .text.HAL_GetHalVersion
                0x08004cc0        0x8 Build_STM32G474_Candlelight_PowerHubDual/STM32Cube\libstm32cube.a(stm32g4xx_hal.o)
                0x08004cc0                HAL_GetHalVersion
 .text.HAL_GetDEVID
                0x08004cc8       0x10 Build_STM32G474_Candlelight_PowerHubDual/STM32Cube\libstm32cube.a(stm32g4xx_hal.o)
                0x08004cc8                HAL_GetDEVID
 .text.HAL_ADC_Init
                0x08004cd8      0x24c Build_STM32G474_Candlelight_PowerHubDual/STM32Cube\libstm32cube.a(stm32g4xx_hal_adc.o)
                0x08004cd8                HAL_ADC_Init
 .text.HAL_ADC_PollForConversion
                0x08004f24      0x144 Build_STM32G474_Candlelight_PowerHubDual/STM32Cube\libstm32cube.a(stm32g4xx_hal_adc.o)
                0x08004f24                HAL_ADC_PollForConversion
 .text.HAL_ADC_GetValue
                0x08005068        0x8 Build_STM32G474_Candlelight_PowerHubDual/STM32Cube\libstm32cube.a(stm32g4xx_hal_adc.o)
                0x08005068                HAL_ADC_GetValue
 .text.HAL_ADC_ConfigChannel
                0x08005070      0x530 Build_STM32G474_Candlelight_PowerHubDual/STM32Cube\libstm32cube.a(stm32g4xx_hal_adc.o)
                0x08005070                HAL_ADC_ConfigChannel
 .text.ADC_Enable
                0x080055a0       0xe0 Build_STM32G474_Candlelight_PowerHubDual/STM32Cube\libstm32cube.a(stm32g4xx_hal_adc.o)
                0x080055a0                ADC_Enable
 .text.HAL_ADC_Start
                0x08005680      0x108 Build_STM32G474_Candlelight_PowerHubDual/STM32Cube\libstm32cube.a(stm32g4xx_hal_adc.o)
                0x08005680                HAL_ADC_Start
 .text.HAL_ADCEx_MultiModeConfigChannel
                0x08005788      0x160 Build_STM32G474_Candlelight_PowerHubDual/STM32Cube\libstm32cube.a(stm32g4xx_hal_adc_ex.o)
                0x08005788                HAL_ADCEx_MultiModeConfigChannel
 .text.HAL_NVIC_SetPriorityGrouping
                0x080058e8       0x24 Build_STM32G474_Candlelight_PowerHubDual/STM32Cube\libstm32cube.a(stm32g4xx_hal_cortex.o)
                0x080058e8                HAL_NVIC_SetPriorityGrouping
 .text.HAL_NVIC_SetPriority
                0x0800590c       0x7c Build_STM32G474_Candlelight_PowerHubDual/STM32Cube\libstm32cube.a(stm32g4xx_hal_cortex.o)
                0x0800590c                HAL_NVIC_SetPriority
 .text.HAL_NVIC_EnableIRQ
                0x08005988       0x1c Build_STM32G474_Candlelight_PowerHubDual/STM32Cube\libstm32cube.a(stm32g4xx_hal_cortex.o)
                0x08005988                HAL_NVIC_EnableIRQ
 .text.HAL_SYSTICK_Config
                0x080059a4       0x30 Build_STM32G474_Candlelight_PowerHubDual/STM32Cube\libstm32cube.a(stm32g4xx_hal_cortex.o)
                0x080059a4                HAL_SYSTICK_Config
 .text.HAL_SYSTICK_Callback
                0x080059d4        0x4 Build_STM32G474_Candlelight_PowerHubDual/STM32Cube\libstm32cube.a(stm32g4xx_hal_cortex.o)
                0x080059d4                HAL_SYSTICK_Callback
 .text.HAL_SYSTICK_IRQHandler
                0x080059d8        0x8 Build_STM32G474_Candlelight_PowerHubDual/STM32Cube\libstm32cube.a(stm32g4xx_hal_cortex.o)
                0x080059d8                HAL_SYSTICK_IRQHandler
 .text.HAL_FDCAN_MspInit
                0x080059e0        0x4 Build_STM32G474_Candlelight_PowerHubDual/STM32Cube\libstm32cube.a(stm32g4xx_hal_fdcan.o)
                0x080059e0                HAL_FDCAN_MspInit
 .text.HAL_FDCAN_Init
                0x080059e4      0x2f4 Build_STM32G474_Candlelight_PowerHubDual/STM32Cube\libstm32cube.a(stm32g4xx_hal_fdcan.o)
                0x080059e4                HAL_FDCAN_Init
 .text.HAL_FDCAN_MspDeInit
                0x08005cd8        0x4 Build_STM32G474_Candlelight_PowerHubDual/STM32Cube\libstm32cube.a(stm32g4xx_hal_fdcan.o)
                0x08005cd8                HAL_FDCAN_MspDeInit
 .text.HAL_FDCAN_DeInit
                0x08005cdc      0x100 Build_STM32G474_Candlelight_PowerHubDual/STM32Cube\libstm32cube.a(stm32g4xx_hal_fdcan.o)
                0x08005cdc                HAL_FDCAN_DeInit
 .text.HAL_FDCAN_ConfigFilter
                0x08005ddc       0x64 Build_STM32G474_Candlelight_PowerHubDual/STM32Cube\libstm32cube.a(stm32g4xx_hal_fdcan.o)
                0x08005ddc                HAL_FDCAN_ConfigFilter
 .text.HAL_FDCAN_ConfigGlobalFilter
                0x08005e40       0x44 Build_STM32G474_Candlelight_PowerHubDual/STM32Cube\libstm32cube.a(stm32g4xx_hal_fdcan.o)
                0x08005e40                HAL_FDCAN_ConfigGlobalFilter
 .text.HAL_FDCAN_ConfigTimestampCounter
                0x08005e84       0x28 Build_STM32G474_Candlelight_PowerHubDual/STM32Cube\libstm32cube.a(stm32g4xx_hal_fdcan.o)
                0x08005e84                HAL_FDCAN_ConfigTimestampCounter
 .text.HAL_FDCAN_EnableTimestampCounter
                0x08005eac       0x28 Build_STM32G474_Candlelight_PowerHubDual/STM32Cube\libstm32cube.a(stm32g4xx_hal_fdcan.o)
                0x08005eac                HAL_FDCAN_EnableTimestampCounter
 .text.HAL_FDCAN_ConfigTxDelayCompensation
                0x08005ed4       0x24 Build_STM32G474_Candlelight_PowerHubDual/STM32Cube\libstm32cube.a(stm32g4xx_hal_fdcan.o)
                0x08005ed4                HAL_FDCAN_ConfigTxDelayCompensation
 .text.HAL_FDCAN_EnableTxDelayCompensation
                0x08005ef8       0x24 Build_STM32G474_Candlelight_PowerHubDual/STM32Cube\libstm32cube.a(stm32g4xx_hal_fdcan.o)
                0x08005ef8                HAL_FDCAN_EnableTxDelayCompensation
 .text.HAL_FDCAN_DisableTxDelayCompensation
                0x08005f1c       0x24 Build_STM32G474_Candlelight_PowerHubDual/STM32Cube\libstm32cube.a(stm32g4xx_hal_fdcan.o)
                0x08005f1c                HAL_FDCAN_DisableTxDelayCompensation
 .text.HAL_FDCAN_Start
                0x08005f40       0x30 Build_STM32G474_Candlelight_PowerHubDual/STM32Cube\libstm32cube.a(stm32g4xx_hal_fdcan.o)
                0x08005f40                HAL_FDCAN_Start
 .text.HAL_FDCAN_Stop
                0x08005f70       0xe0 Build_STM32G474_Candlelight_PowerHubDual/STM32Cube\libstm32cube.a(stm32g4xx_hal_fdcan.o)
                0x08005f70                HAL_FDCAN_Stop
 .text.HAL_FDCAN_AddMessageToTxFifoQ
                0x08006050       0xd0 Build_STM32G474_Candlelight_PowerHubDual/STM32Cube\libstm32cube.a(stm32g4xx_hal_fdcan.o)
                0x08006050                HAL_FDCAN_AddMessageToTxFifoQ
 .text.HAL_FDCAN_AbortTxRequest
                0x08006120       0x20 Build_STM32G474_Candlelight_PowerHubDual/STM32Cube\libstm32cube.a(stm32g4xx_hal_fdcan.o)
                0x08006120                HAL_FDCAN_AbortTxRequest
 .text.HAL_FDCAN_GetRxMessage
                0x08006140      0x13c Build_STM32G474_Candlelight_PowerHubDual/STM32Cube\libstm32cube.a(stm32g4xx_hal_fdcan.o)
                0x08006140                HAL_FDCAN_GetRxMessage
 .text.HAL_FDCAN_GetTxEvent
                0x0800627c       0xa4 Build_STM32G474_Candlelight_PowerHubDual/STM32Cube\libstm32cube.a(stm32g4xx_hal_fdcan.o)
                0x0800627c                HAL_FDCAN_GetTxEvent
 .text.HAL_FDCAN_GetProtocolStatus
                0x08006320       0x50 Build_STM32G474_Candlelight_PowerHubDual/STM32Cube\libstm32cube.a(stm32g4xx_hal_fdcan.o)
                0x08006320                HAL_FDCAN_GetProtocolStatus
 .text.HAL_FDCAN_GetErrorCounters
                0x08006370       0x24 Build_STM32G474_Candlelight_PowerHubDual/STM32Cube\libstm32cube.a(stm32g4xx_hal_fdcan.o)
                0x08006370                HAL_FDCAN_GetErrorCounters
 .text.HAL_FDCAN_GetTxFifoFreeLevel
                0x08006394        0xc Build_STM32G474_Candlelight_PowerHubDual/STM32Cube\libstm32cube.a(stm32g4xx_hal_fdcan.o)
                0x08006394                HAL_FDCAN_GetTxFifoFreeLevel
 .text.HAL_FDCAN_ConfigInterruptLines
                0x080063a0       0x2c Build_STM32G474_Candlelight_PowerHubDual/STM32Cube\libstm32cube.a(stm32g4xx_hal_fdcan.o)
                0x080063a0                HAL_FDCAN_ConfigInterruptLines
 .text.HAL_FDCAN_ActivateNotification
                0x080063cc       0xe8 Build_STM32G474_Candlelight_PowerHubDual/STM32Cube\libstm32cube.a(stm32g4xx_hal_fdcan.o)
                0x080063cc                HAL_FDCAN_ActivateNotification
 .text.HAL_FDCAN_TxEventFifoCallback
                0x080064b4        0x4 Build_STM32G474_Candlelight_PowerHubDual/STM32Cube\libstm32cube.a(stm32g4xx_hal_fdcan.o)
                0x080064b4                HAL_FDCAN_TxEventFifoCallback
 .text.HAL_FDCAN_RxFifo0Callback
                0x080064b8        0x4 Build_STM32G474_Candlelight_PowerHubDual/STM32Cube\libstm32cube.a(stm32g4xx_hal_fdcan.o)
                0x080064b8                HAL_FDCAN_RxFifo0Callback
 .text.HAL_FDCAN_RxFifo1Callback
                0x080064bc        0x4 Build_STM32G474_Candlelight_PowerHubDual/STM32Cube\libstm32cube.a(stm32g4xx_hal_fdcan.o)
                0x080064bc                HAL_FDCAN_RxFifo1Callback
 .text.HAL_FDCAN_TxFifoEmptyCallback
                0x080064c0        0x4 Build_STM32G474_Candlelight_PowerHubDual/STM32Cube\libstm32cube.a(stm32g4xx_hal_fdcan.o)
                0x080064c0                HAL_FDCAN_TxFifoEmptyCallback
 .text.HAL_FDCAN_TxBufferCompleteCallback
                0x080064c4        0x4 Build_STM32G474_Candlelight_PowerHubDual/STM32Cube\libstm32cube.a(stm32g4xx_hal_fdcan.o)
                0x080064c4                HAL_FDCAN_TxBufferCompleteCallback
 .text.HAL_FDCAN_TxBufferAbortCallback
                0x080064c8        0x4 Build_STM32G474_Candlelight_PowerHubDual/STM32Cube\libstm32cube.a(stm32g4xx_hal_fdcan.o)
                0x080064c8                HAL_FDCAN_TxBufferAbortCallback
 .text.HAL_FDCAN_TimeoutOccurredCallback
                0x080064cc        0x4 Build_STM32G474_Candlelight_PowerHubDual/STM32Cube\libstm32cube.a(stm32g4xx_hal_fdcan.o)
                0x080064cc                HAL_FDCAN_TimeoutOccurredCallback
 .text.HAL_FDCAN_HighPriorityMessageCallback
                0x080064d0        0x4 Build_STM32G474_Candlelight_PowerHubDual/STM32Cube\libstm32cube.a(stm32g4xx_hal_fdcan.o)
                0x080064d0                HAL_FDCAN_HighPriorityMessageCallback
 .text.HAL_FDCAN_ErrorCallback
                0x080064d4        0x4 Build_STM32G474_Candlelight_PowerHubDual/STM32Cube\libstm32cube.a(stm32g4xx_hal_fdcan.o)
                0x080064d4                HAL_FDCAN_ErrorCallback
 .text.HAL_FDCAN_ErrorStatusCallback
                0x080064d8        0x4 Build_STM32G474_Candlelight_PowerHubDual/STM32Cube\libstm32cube.a(stm32g4xx_hal_fdcan.o)
                0x080064d8                HAL_FDCAN_ErrorStatusCallback
 .text.HAL_FDCAN_IRQHandler
                0x080064dc      0x188 Build_STM32G474_Candlelight_PowerHubDual/STM32Cube\libstm32cube.a(stm32g4xx_hal_fdcan.o)
                0x080064dc                HAL_FDCAN_IRQHandler
 .text.HAL_FLASH_Program
                0x08006664      0x174 Build_STM32G474_Candlelight_PowerHubDual/STM32Cube\libstm32cube.a(stm32g4xx_hal_flash.o)
                0x08006664                HAL_FLASH_Program
 .text.HAL_FLASH_Unlock
                0x080067d8       0x28 Build_STM32G474_Candlelight_PowerHubDual/STM32Cube\libstm32cube.a(stm32g4xx_hal_flash.o)
                0x080067d8                HAL_FLASH_Unlock
 .text.HAL_FLASH_Lock
                0x08006800       0x18 Build_STM32G474_Candlelight_PowerHubDual/STM32Cube\libstm32cube.a(stm32g4xx_hal_flash.o)
                0x08006800                HAL_FLASH_Lock
 .text.HAL_FLASH_OB_Unlock
                0x08006818       0x28 Build_STM32G474_Candlelight_PowerHubDual/STM32Cube\libstm32cube.a(stm32g4xx_hal_flash.o)
                0x08006818                HAL_FLASH_OB_Unlock
 .text.HAL_FLASH_OB_Lock
                0x08006840       0x1c Build_STM32G474_Candlelight_PowerHubDual/STM32Cube\libstm32cube.a(stm32g4xx_hal_flash.o)
                0x08006840                HAL_FLASH_OB_Lock
 .text.FLASH_WaitForLastOperation
                0x0800685c       0x54 Build_STM32G474_Candlelight_PowerHubDual/STM32Cube\libstm32cube.a(stm32g4xx_hal_flash.o)
                0x0800685c                FLASH_WaitForLastOperation
 .text.HAL_FLASHEx_Erase
                0x080068b0      0x1b0 Build_STM32G474_Candlelight_PowerHubDual/STM32Cube\libstm32cube.a(stm32g4xx_hal_flash_ex.o)
                0x080068b0                HAL_FLASHEx_Erase
 .text.HAL_FLASHEx_OBProgram
                0x08006a60      0x438 Build_STM32G474_Candlelight_PowerHubDual/STM32Cube\libstm32cube.a(stm32g4xx_hal_flash_ex.o)
                0x08006a60                HAL_FLASHEx_OBProgram
 .text.HAL_FLASHEx_OBGetConfig
                0x08006e98      0x1bc Build_STM32G474_Candlelight_PowerHubDual/STM32Cube\libstm32cube.a(stm32g4xx_hal_flash_ex.o)
                0x08006e98                HAL_FLASHEx_OBGetConfig
 .text.FLASH_FlushCaches
                0x08007054       0x60 Build_STM32G474_Candlelight_PowerHubDual/STM32Cube\libstm32cube.a(stm32g4xx_hal_flash_ex.o)
                0x08007054                FLASH_FlushCaches
 .text.HAL_GPIO_Init
                0x080070b4      0x1f0 Build_STM32G474_Candlelight_PowerHubDual/STM32Cube\libstm32cube.a(stm32g4xx_hal_gpio.o)
                0x080070b4                HAL_GPIO_Init
 .text.HAL_GPIO_WritePin
                0x080072a4        0xc Build_STM32G474_Candlelight_PowerHubDual/STM32Cube\libstm32cube.a(stm32g4xx_hal_gpio.o)
                0x080072a4                HAL_GPIO_WritePin
 .text.HAL_PCD_Init
                0x080072b0      0x1d4 Build_STM32G474_Candlelight_PowerHubDual/STM32Cube\libstm32cube.a(stm32g4xx_hal_pcd.o)
                0x080072b0                HAL_PCD_Init
 .text.HAL_PCD_Start
                0x08007484       0x2c Build_STM32G474_Candlelight_PowerHubDual/STM32Cube\libstm32cube.a(stm32g4xx_hal_pcd.o)
                0x08007484                HAL_PCD_Start
 .text.HAL_PCD_IRQHandler
                0x080074b0      0xb48 Build_STM32G474_Candlelight_PowerHubDual/STM32Cube\libstm32cube.a(stm32g4xx_hal_pcd.o)
                0x080074b0                HAL_PCD_IRQHandler
 .text.HAL_PCD_SetAddress
                0x08007ff8       0x28 Build_STM32G474_Candlelight_PowerHubDual/STM32Cube\libstm32cube.a(stm32g4xx_hal_pcd.o)
                0x08007ff8                HAL_PCD_SetAddress
 .text.HAL_PCD_EP_Open
                0x08008020       0x70 Build_STM32G474_Candlelight_PowerHubDual/STM32Cube\libstm32cube.a(stm32g4xx_hal_pcd.o)
                0x08008020                HAL_PCD_EP_Open
 .text.HAL_PCD_EP_Close
                0x08008090       0x5c Build_STM32G474_Candlelight_PowerHubDual/STM32Cube\libstm32cube.a(stm32g4xx_hal_pcd.o)
                0x08008090                HAL_PCD_EP_Close
 .text.HAL_PCD_EP_Receive
                0x080080ec       0x34 Build_STM32G474_Candlelight_PowerHubDual/STM32Cube\libstm32cube.a(stm32g4xx_hal_pcd.o)
                0x080080ec                HAL_PCD_EP_Receive
 .text.HAL_PCD_EP_Transmit
                0x08008120       0x3c Build_STM32G474_Candlelight_PowerHubDual/STM32Cube\libstm32cube.a(stm32g4xx_hal_pcd.o)
                0x08008120                HAL_PCD_EP_Transmit
 .text.HAL_PCD_EP_SetStall
                0x0800815c       0x74 Build_STM32G474_Candlelight_PowerHubDual/STM32Cube\libstm32cube.a(stm32g4xx_hal_pcd.o)
                0x0800815c                HAL_PCD_EP_SetStall
 .text.HAL_PCD_EP_ClrStall
                0x080081d0       0x70 Build_STM32G474_Candlelight_PowerHubDual/STM32Cube\libstm32cube.a(stm32g4xx_hal_pcd.o)
                0x080081d0                HAL_PCD_EP_ClrStall
 .text.HAL_PCDEx_PMAConfig
                0x08008240       0x38 Build_STM32G474_Candlelight_PowerHubDual/STM32Cube\libstm32cube.a(stm32g4xx_hal_pcd_ex.o)
                0x08008240                HAL_PCDEx_PMAConfig
 .text.HAL_PCDEx_ActivateLPM
                0x08008278       0x30 Build_STM32G474_Candlelight_PowerHubDual/STM32Cube\libstm32cube.a(stm32g4xx_hal_pcd_ex.o)
                0x08008278                HAL_PCDEx_ActivateLPM
 .text.HAL_PCDEx_LPM_Callback
                0x080082a8        0x4 Build_STM32G474_Candlelight_PowerHubDual/STM32Cube\libstm32cube.a(stm32g4xx_hal_pcd_ex.o)
                0x080082a8                HAL_PCDEx_LPM_Callback
 .text.HAL_PWREx_ControlVoltageScaling
                0x080082ac       0xf4 Build_STM32G474_Candlelight_PowerHubDual/STM32Cube\libstm32cube.a(stm32g4xx_hal_pwr_ex.o)
                0x080082ac                HAL_PWREx_ControlVoltageScaling
 .text.HAL_RCC_DeInit
                0x080083a0       0xc0 Build_STM32G474_Candlelight_PowerHubDual/STM32Cube\libstm32cube.a(stm32g4xx_hal_rcc.o)
                0x080083a0                HAL_RCC_DeInit
 .text.HAL_RCC_OscConfig
                0x08008460      0x494 Build_STM32G474_Candlelight_PowerHubDual/STM32Cube\libstm32cube.a(stm32g4xx_hal_rcc.o)
                0x08008460                HAL_RCC_OscConfig
 .text.HAL_RCC_GetSysClockFreq
                0x080088f4       0x5c Build_STM32G474_Candlelight_PowerHubDual/STM32Cube\libstm32cube.a(stm32g4xx_hal_rcc.o)
                0x080088f4                HAL_RCC_GetSysClockFreq
 .text.HAL_RCC_ClockConfig
                0x08008950      0x214 Build_STM32G474_Candlelight_PowerHubDual/STM32Cube\libstm32cube.a(stm32g4xx_hal_rcc.o)
                0x08008950                HAL_RCC_ClockConfig
 .text.HAL_RCC_GetPCLK1Freq
                0x08008b64       0x24 Build_STM32G474_Candlelight_PowerHubDual/STM32Cube\libstm32cube.a(stm32g4xx_hal_rcc.o)
                0x08008b64                HAL_RCC_GetPCLK1Freq
 .text.HAL_RCC_GetPCLK2Freq
                0x08008b88       0x24 Build_STM32G474_Candlelight_PowerHubDual/STM32Cube\libstm32cube.a(stm32g4xx_hal_rcc.o)
                0x08008b88                HAL_RCC_GetPCLK2Freq
 .text.HAL_RCCEx_PeriphCLKConfig
                0x08008bac      0x310 Build_STM32G474_Candlelight_PowerHubDual/STM32Cube\libstm32cube.a(stm32g4xx_hal_rcc_ex.o)
                0x08008bac                HAL_RCCEx_PeriphCLKConfig
 .text.HAL_RCCEx_GetPeriphCLKFreq
                0x08008ebc      0x560 Build_STM32G474_Candlelight_PowerHubDual/STM32Cube\libstm32cube.a(stm32g4xx_hal_rcc_ex.o)
                0x08008ebc                HAL_RCCEx_GetPeriphCLKFreq
 .text.HAL_RCCEx_CRSConfig
                0x0800941c       0x50 Build_STM32G474_Candlelight_PowerHubDual/STM32Cube\libstm32cube.a(stm32g4xx_hal_rcc_ex.o)
                0x0800941c                HAL_RCCEx_CRSConfig
 .text.HAL_TIM_Base_MspInit
                0x0800946c        0x4 Build_STM32G474_Candlelight_PowerHubDual/STM32Cube\libstm32cube.a(stm32g4xx_hal_tim.o)
                0x0800946c                HAL_TIM_Base_MspInit
 .text.HAL_TIM_Base_Init
                0x08009470      0x148 Build_STM32G474_Candlelight_PowerHubDual/STM32Cube\libstm32cube.a(stm32g4xx_hal_tim.o)
                0x08009470                HAL_TIM_Base_Init
 .text.HAL_TIM_Base_Start_IT
                0x080095b8       0x84 Build_STM32G474_Candlelight_PowerHubDual/STM32Cube\libstm32cube.a(stm32g4xx_hal_tim.o)
                0x080095b8                HAL_TIM_Base_Start_IT
 .text.USB_EnableGlobalInt
                0x0800963c       0x14 Build_STM32G474_Candlelight_PowerHubDual/STM32Cube\libstm32cube.a(stm32g4xx_ll_usb.o)
                0x0800963c                USB_EnableGlobalInt
 .text.USB_DisableGlobalInt
                0x08009650       0x14 Build_STM32G474_Candlelight_PowerHubDual/STM32Cube\libstm32cube.a(stm32g4xx_ll_usb.o)
                0x08009650                USB_DisableGlobalInt
 .text.USB_DevInit
                0x08009664       0x28 Build_STM32G474_Candlelight_PowerHubDual/STM32Cube\libstm32cube.a(stm32g4xx_ll_usb.o)
                0x08009664                USB_DevInit
 .text.USB_ActivateEndpoint
                0x0800968c      0x460 Build_STM32G474_Candlelight_PowerHubDual/STM32Cube\libstm32cube.a(stm32g4xx_ll_usb.o)
                0x0800968c                USB_ActivateEndpoint
 .text.USB_DeactivateEndpoint
                0x08009aec      0x1c0 Build_STM32G474_Candlelight_PowerHubDual/STM32Cube\libstm32cube.a(stm32g4xx_ll_usb.o)
                0x08009aec                USB_DeactivateEndpoint
 .text.USB_EPStartXfer
                0x08009cac      0x3bc Build_STM32G474_Candlelight_PowerHubDual/STM32Cube\libstm32cube.a(stm32g4xx_ll_usb.o)
                0x08009cac                USB_EPStartXfer
 .text.USB_EPSetStall
                0x0800a068       0x50 Build_STM32G474_Candlelight_PowerHubDual/STM32Cube\libstm32cube.a(stm32g4xx_ll_usb.o)
                0x0800a068                USB_EPSetStall
 .text.USB_EPClearStall
                0x0800a0b8       0x9c Build_STM32G474_Candlelight_PowerHubDual/STM32Cube\libstm32cube.a(stm32g4xx_ll_usb.o)
                0x0800a0b8                USB_EPClearStall
 .text.USB_SetDevAddress
                0x0800a154        0xc Build_STM32G474_Candlelight_PowerHubDual/STM32Cube\libstm32cube.a(stm32g4xx_ll_usb.o)
                0x0800a154                USB_SetDevAddress
 .text.USB_DevConnect
                0x0800a160       0x18 Build_STM32G474_Candlelight_PowerHubDual/STM32Cube\libstm32cube.a(stm32g4xx_ll_usb.o)
                0x0800a160                USB_DevConnect
 .text.USB_ReadInterrupts
                0x0800a178        0x8 Build_STM32G474_Candlelight_PowerHubDual/STM32Cube\libstm32cube.a(stm32g4xx_ll_usb.o)
                0x0800a178                USB_ReadInterrupts
 .text.USB_WritePMA
                0x0800a180       0x20 Build_STM32G474_Candlelight_PowerHubDual/STM32Cube\libstm32cube.a(stm32g4xx_ll_usb.o)
                0x0800a180                USB_WritePMA
 .text.USB_ReadPMA
                0x0800a1a0       0x54 Build_STM32G474_Candlelight_PowerHubDual/STM32Cube\libstm32cube.a(stm32g4xx_ll_usb.o)
                0x0800a1a0                USB_ReadPMA
 .text.__libc_init_array
                0x0800a1f4       0x48 c:/program files (x86)/gnu arm embedded toolchain/10 2021.10/bin/../lib/gcc/arm-none-eabi/10.3.1/../../../../arm-none-eabi/lib/thumb/v7e-m/nofp\libc_nano.a(lib_a-init.o)
                0x0800a1f4                __libc_init_array
 .text.memcmp   0x0800a23c       0x20 c:/program files (x86)/gnu arm embedded toolchain/10 2021.10/bin/../lib/gcc/arm-none-eabi/10.3.1/../../../../arm-none-eabi/lib/thumb/v7e-m/nofp\libc_nano.a(lib_a-memcmp.o)
                0x0800a23c                memcmp
 .text.memcpy   0x0800a25c       0x1c c:/program files (x86)/gnu arm embedded toolchain/10 2021.10/bin/../lib/gcc/arm-none-eabi/10.3.1/../../../../arm-none-eabi/lib/thumb/v7e-m/nofp\libc_nano.a(lib_a-memcpy-stub.o)
                0x0800a25c                memcpy
 .text.memmove  0x0800a278       0x34 c:/program files (x86)/gnu arm embedded toolchain/10 2021.10/bin/../lib/gcc/arm-none-eabi/10.3.1/../../../../arm-none-eabi/lib/thumb/v7e-m/nofp\libc_nano.a(lib_a-memmove.o)
                0x0800a278                memmove
 .text.memset   0x0800a2ac       0x10 c:/program files (x86)/gnu arm embedded toolchain/10 2021.10/bin/../lib/gcc/arm-none-eabi/10.3.1/../../../../arm-none-eabi/lib/thumb/v7e-m/nofp\libc_nano.a(lib_a-memset.o)
                0x0800a2ac                memset
 .text.sprintf  0x0800a2bc       0x40 c:/program files (x86)/gnu arm embedded toolchain/10 2021.10/bin/../lib/gcc/arm-none-eabi/10.3.1/../../../../arm-none-eabi/lib/thumb/v7e-m/nofp\libc_nano.a(lib_a-sprintf.o)
                0x0800a2bc                siprintf
                0x0800a2bc                sprintf
 .text.strcpy   0x0800a2fc       0x10 c:/program files (x86)/gnu arm embedded toolchain/10 2021.10/bin/../lib/gcc/arm-none-eabi/10.3.1/../../../../arm-none-eabi/lib/thumb/v7e-m/nofp\libc_nano.a(lib_a-strcpy.o)
                0x0800a2fc                strcpy
 .text.__ssputs_r
                0x0800a30c       0xb6 c:/program files (x86)/gnu arm embedded toolchain/10 2021.10/bin/../lib/gcc/arm-none-eabi/10.3.1/../../../../arm-none-eabi/lib/thumb/v7e-m/nofp\libc_nano.a(lib_a-nano-svfprintf.o)
                0x0800a30c                __ssputs_r
 *fill*         0x0800a3c2        0x2 
 .text._svfprintf_r
                0x0800a3c4      0x200 c:/program files (x86)/gnu arm embedded toolchain/10 2021.10/bin/../lib/gcc/arm-none-eabi/10.3.1/../../../../arm-none-eabi/lib/thumb/v7e-m/nofp\libc_nano.a(lib_a-nano-svfprintf.o)
                0x0800a3c4                _svfiprintf_r
                0x0800a3c4                _svfprintf_r
 .text._printf_common
                0x0800a5c4       0xda c:/program files (x86)/gnu arm embedded toolchain/10 2021.10/bin/../lib/gcc/arm-none-eabi/10.3.1/../../../../arm-none-eabi/lib/thumb/v7e-m/nofp\libc_nano.a(lib_a-nano-vfprintf_i.o)
                0x0800a5c4                _printf_common
 *fill*         0x0800a69e        0x2 
 .text._printf_i
                0x0800a6a0      0x24c c:/program files (x86)/gnu arm embedded toolchain/10 2021.10/bin/../lib/gcc/arm-none-eabi/10.3.1/../../../../arm-none-eabi/lib/thumb/v7e-m/nofp\libc_nano.a(lib_a-nano-vfprintf_i.o)
                0x0800a6a0                _printf_i
 .text._free_r  0x0800a8ec       0x94 c:/program files (x86)/gnu arm embedded toolchain/10 2021.10/bin/../lib/gcc/arm-none-eabi/10.3.1/../../../../arm-none-eabi/lib/thumb/v7e-m/nofp\libc_nano.a(lib_a-nano-freer.o)
                0x0800a8ec                _free_r
 .text.sbrk_aligned
                0x0800a980       0x40 c:/program files (x86)/gnu arm embedded toolchain/10 2021.10/bin/../lib/gcc/arm-none-eabi/10.3.1/../../../../arm-none-eabi/lib/thumb/v7e-m/nofp\libc_nano.a(lib_a-nano-mallocr.o)
 .text._malloc_r
                0x0800a9c0       0xe8 c:/program files (x86)/gnu arm embedded toolchain/10 2021.10/bin/../lib/gcc/arm-none-eabi/10.3.1/../../../../arm-none-eabi/lib/thumb/v7e-m/nofp\libc_nano.a(lib_a-nano-mallocr.o)
                0x0800a9c0                _malloc_r
 .text._realloc_r
                0x0800aaa8       0x5e c:/program files (x86)/gnu arm embedded toolchain/10 2021.10/bin/../lib/gcc/arm-none-eabi/10.3.1/../../../../arm-none-eabi/lib/thumb/v7e-m/nofp\libc_nano.a(lib_a-nano-reallocr.o)
                0x0800aaa8                _realloc_r
 *fill*         0x0800ab06        0x2 
 .text._sbrk_r  0x0800ab08       0x20 c:/program files (x86)/gnu arm embedded toolchain/10 2021.10/bin/../lib/gcc/arm-none-eabi/10.3.1/../../../../arm-none-eabi/lib/thumb/v7e-m/nofp\libc_nano.a(lib_a-sbrkr.o)
                0x0800ab08                _sbrk_r
 .text.__malloc_lock
                0x0800ab28        0xc c:/program files (x86)/gnu arm embedded toolchain/10 2021.10/bin/../lib/gcc/arm-none-eabi/10.3.1/../../../../arm-none-eabi/lib/thumb/v7e-m/nofp\libc_nano.a(lib_a-mlock.o)
                0x0800ab28                __malloc_lock
 .text.__malloc_unlock
                0x0800ab34        0xc c:/program files (x86)/gnu arm embedded toolchain/10 2021.10/bin/../lib/gcc/arm-none-eabi/10.3.1/../../../../arm-none-eabi/lib/thumb/v7e-m/nofp\libc_nano.a(lib_a-mlock.o)
                0x0800ab34                __malloc_unlock
 .text._malloc_usable_size_r
                0x0800ab40       0x10 c:/program files (x86)/gnu arm embedded toolchain/10 2021.10/bin/../lib/gcc/arm-none-eabi/10.3.1/../../../../arm-none-eabi/lib/thumb/v7e-m/nofp\libc_nano.a(lib_a-nano-msizer.o)
                0x0800ab40                _malloc_usable_size_r
 .text.__retarget_lock_acquire_recursive
                0x0800ab50        0x2 c:/program files (x86)/gnu arm embedded toolchain/10 2021.10/bin/../lib/gcc/arm-none-eabi/10.3.1/../../../../arm-none-eabi/lib/thumb/v7e-m/nofp\libc_nano.a(lib_a-lock.o)
                0x0800ab50                __retarget_lock_acquire_recursive
 .text.__retarget_lock_release_recursive
                0x0800ab52        0x2 c:/program files (x86)/gnu arm embedded toolchain/10 2021.10/bin/../lib/gcc/arm-none-eabi/10.3.1/../../../../arm-none-eabi/lib/thumb/v7e-m/nofp\libc_nano.a(lib_a-lock.o)
                0x0800ab52                __retarget_lock_release_recursive
 .text._sbrk    0x0800ab54       0x1c c:/program files (x86)/gnu arm embedded toolchain/10 2021.10/bin/../lib/gcc/arm-none-eabi/10.3.1/../../../../arm-none-eabi/lib/thumb/v7e-m/nofp\libnosys.a(sbrk.o)
                0x0800ab54                _sbrk
 *(.glue_7)
 .glue_7        0x0800ab70        0x0 linker stubs
 *(.glue_7t)
 .glue_7t       0x0800ab70        0x0 linker stubs
 *(.eh_frame)
 .eh_frame      0x0800ab70        0x0 c:/program files (x86)/gnu arm embedded toolchain/10 2021.10/bin/../lib/gcc/arm-none-eabi/10.3.1/thumb/v7e-m/nofp/crtbegin.o
 *(.init)
 .init          0x0800ab70        0x4 c:/program files (x86)/gnu arm embedded toolchain/10 2021.10/bin/../lib/gcc/arm-none-eabi/10.3.1/thumb/v7e-m/nofp/crti.o
                0x0800ab70                _init
 .init          0x0800ab74        0x8 c:/program files (x86)/gnu arm embedded toolchain/10 2021.10/bin/../lib/gcc/arm-none-eabi/10.3.1/thumb/v7e-m/nofp/crtn.o
 *(.fini)
 .fini          0x0800ab7c        0x4 c:/program files (x86)/gnu arm embedded toolchain/10 2021.10/bin/../lib/gcc/arm-none-eabi/10.3.1/thumb/v7e-m/nofp/crti.o
                0x0800ab7c                _fini
 .fini          0x0800ab80        0x8 c:/program files (x86)/gnu arm embedded toolchain/10 2021.10/bin/../lib/gcc/arm-none-eabi/10.3.1/thumb/v7e-m/nofp/crtn.o
                0x0800ab88                . = ALIGN (0x4)
                0x0800ab88                _etext = .

.vfp11_veneer   0x0800ab88        0x0
 .vfp11_veneer  0x0800ab88        0x0 linker stubs

.v4_bx          0x0800ab88        0x0
 .v4_bx         0x0800ab88        0x0 linker stubs

.iplt           0x0800ab88        0x0
 .iplt          0x0800ab88        0x0 c:/program files (x86)/gnu arm embedded toolchain/10 2021.10/bin/../lib/gcc/arm-none-eabi/10.3.1/thumb/v7e-m/nofp/crtbegin.o

.rodata         0x0800ab88      0x260
                0x0800ab88                . = ALIGN (0x4)
 *(.rodata)
 *(.rodata*)
 .rodata.AHBPrescTable
                0x0800ab88       0x10 Build_STM32G474_Candlelight_PowerHubDual/system_STM32G4xx.o
                0x0800ab88                AHBPrescTable
 .rodata.APBPrescTable
                0x0800ab98        0x8 Build_STM32G474_Candlelight_PowerHubDual/system_STM32G4xx.o
                0x0800ab98                APBPrescTable
 .rodata.can_recover_bus_off.str1.4
                0x0800aba0       0x47 Build_STM32G474_Candlelight_PowerHubDual/can.o
 *fill*         0x0800abe7        0x1 
 .rodata.can_print_info.str1.4
                0x0800abe8       0x46 Build_STM32G474_Candlelight_PowerHubDual/can.o
 *fill*         0x0800ac2e        0x2 
 .rodata.can_process.str1.4
                0x0800ac30       0x28 Build_STM32G474_Candlelight_PowerHubDual/can.o
 .rodata.str1.4
                0x0800ac58       0x3e Build_STM32G474_Candlelight_PowerHubDual/can.o
 *fill*         0x0800ac96        0x2 
 .rodata.CSWTCH.35
                0x0800ac98       0x10 Build_STM32G474_Candlelight_PowerHubDual/can.o
 .rodata.utils_format_bitrate.str1.4
                0x0800aca8       0x32 Build_STM32G474_Candlelight_PowerHubDual/utils.o
                                 0x3a (size before relaxing)
 *fill*         0x0800acda        0x2 
 .rodata.CSWTCH.18
                0x0800acdc        0x7 Build_STM32G474_Candlelight_PowerHubDual/utils.o
 *fill*         0x0800ace3        0x1 
 .rodata.USBD_StdDevReq.str1.4
                0x0800ace4       0x4d Build_STM32G474_Candlelight_PowerHubDual/usb_ctrlreq.o
 *fill*         0x0800ad31        0x3 
 .rodata.control_init.str1.4
                0x0800ad34       0x19 Build_STM32G474_Candlelight_PowerHubDual/Candlelight/control.o
 *fill*         0x0800ad4d        0x3 
 .rodata.control_send_debug_mesg.str1.4
                0x0800ad50       0x15 Build_STM32G474_Candlelight_PowerHubDual/Candlelight/control.o
 *fill*         0x0800ad65        0x3 
 .rodata.USBD_GetUserStringDescr.str1.4
                0x0800ad68       0x39 Build_STM32G474_Candlelight_PowerHubDual/Candlelight/usb_class.o
 *fill*         0x0800ada1        0x3 
 .rodata.DLCtoBytes
                0x0800ada4       0x10 Build_STM32G474_Candlelight_PowerHubDual/STM32Cube\libstm32cube.a(stm32g4xx_hal_fdcan.o)
 .rodata._svfprintf_r.str1.1
                0x0800adb4       0x11 c:/program files (x86)/gnu arm embedded toolchain/10 2021.10/bin/../lib/gcc/arm-none-eabi/10.3.1/../../../../arm-none-eabi/lib/thumb/v7e-m/nofp\libc_nano.a(lib_a-nano-svfprintf.o)
 .rodata._printf_i.str1.1
                0x0800adc5       0x22 c:/program files (x86)/gnu arm embedded toolchain/10 2021.10/bin/../lib/gcc/arm-none-eabi/10.3.1/../../../../arm-none-eabi/lib/thumb/v7e-m/nofp\libc_nano.a(lib_a-nano-vfprintf_i.o)
                0x0800ade8                . = ALIGN (0x4)
 *fill*         0x0800ade7        0x1 

.rel.dyn        0x0800ade8        0x0
 .rel.iplt      0x0800ade8        0x0 c:/program files (x86)/gnu arm embedded toolchain/10 2021.10/bin/../lib/gcc/arm-none-eabi/10.3.1/thumb/v7e-m/nofp/crtbegin.o

.ARM.extab      0x0800ade8        0x0
                0x0800ade8                . = ALIGN (0x4)
 *(.ARM.extab* .gnu.linkonce.armextab.*)
                0x0800ade8                . = ALIGN (0x4)

.ARM            0x0800ade8        0x0
                0x0800ade8                . = ALIGN (0x4)
                0x0800ade8                __exidx_start = .
 *(.ARM.exidx*)
                0x0800ade8                __exidx_end = .
                0x0800ade8                . = ALIGN (0x4)

.preinit_array  0x0800ade8        0x0
                0x0800ade8                . = ALIGN (0x4)
                0x0800ade8                PROVIDE (__preinit_array_start = .)
 *(.preinit_array*)
                0x0800ade8                PROVIDE (__preinit_array_end = .)
                0x0800ade8                . = ALIGN (0x4)

.init_array     0x0800ade8        0x4
                0x0800ade8                . = ALIGN (0x4)
                0x0800ade8                PROVIDE (__init_array_start = .)
 *(SORT_BY_NAME(.init_array.*))
 *(.init_array*)
 .init_array    0x0800ade8        0x4 c:/program files (x86)/gnu arm embedded toolchain/10 2021.10/bin/../lib/gcc/arm-none-eabi/10.3.1/thumb/v7e-m/nofp/crtbegin.o
                0x0800adec                PROVIDE (__init_array_end = .)
                0x0800adec                . = ALIGN (0x4)

.fini_array     0x0800adec        0x4
                0x0800adec                . = ALIGN (0x4)
                [!provide]                PROVIDE (__fini_array_start = .)
 *(SORT_BY_NAME(.fini_array.*))
 *(.fini_array*)
 .fini_array    0x0800adec        0x4 c:/program files (x86)/gnu arm embedded toolchain/10 2021.10/bin/../lib/gcc/arm-none-eabi/10.3.1/thumb/v7e-m/nofp/crtbegin.o
                [!provide]                PROVIDE (__fini_array_end = .)
                0x0800adf0                . = ALIGN (0x4)
                0x0800adf0                _sidata = LOADADDR (.data)

.data           0x20000000      0x264 load address 0x0800adf0
                0x20000000                . = ALIGN (0x4)
                0x20000000                _sdata = .
 *(.data)
 *(.data*)
 .data.blink_leds
                0x20000000        0x1 Build_STM32G474_Candlelight_PowerHubDual/main.o
                0x20000000                blink_leds
 *fill*         0x20000001        0x3 
 .data.SystemCoreClock
                0x20000004        0x4 Build_STM32G474_Candlelight_PowerHubDual/system_STM32G4xx.o
                0x20000004                SystemCoreClock
 .data.SET_CanAlternates
                0x20000008        0x2 Build_STM32G474_Candlelight_PowerHubDual/can.o
                0x20000008                SET_CanAlternates
 *fill*         0x2000000a        0x2 
 .data.SET_CanInterfaces
                0x2000000c        0x8 Build_STM32G474_Candlelight_PowerHubDual/can.o
                0x2000000c                SET_CanInterfaces
 .data.SET_CanPins
                0x20000014        0x8 Build_STM32G474_Candlelight_PowerHubDual/can.o
                0x20000014                SET_CanPins
 .data.SET_CanPorts
                0x2000001c        0x8 Build_STM32G474_Candlelight_PowerHubDual/can.o
                0x2000001c                SET_CanPorts
 .data.SET_TermPins
                0x20000024        0x8 Build_STM32G474_Candlelight_PowerHubDual/can.o
                0x20000024                SET_TermPins
 .data.SET_TermPorts
                0x2000002c        0x8 Build_STM32G474_Candlelight_PowerHubDual/can.o
                0x2000002c                SET_TermPorts
 .data.SET_LedRxPins
                0x20000034        0x8 Build_STM32G474_Candlelight_PowerHubDual/led.o
                0x20000034                SET_LedRxPins
 .data.SET_LedRxPorts
                0x2000003c        0x8 Build_STM32G474_Candlelight_PowerHubDual/led.o
                0x2000003c                SET_LedRxPorts
 .data.SET_LedTxPins
                0x20000044        0x8 Build_STM32G474_Candlelight_PowerHubDual/led.o
                0x20000044                SET_LedTxPins
 .data.SET_LedTxPorts
                0x2000004c        0x8 Build_STM32G474_Candlelight_PowerHubDual/led.o
                0x2000004c                SET_LedTxPorts
 .data.USBD_LangIDDesc
                0x20000054        0x4 Build_STM32G474_Candlelight_PowerHubDual/usb_ctrlreq.o
                0x20000054                USBD_LangIDDesc
 .data.ELM_LastError
                0x20000058        0x1 Build_STM32G474_Candlelight_PowerHubDual/Candlelight/control.o
                0x20000058                ELM_LastError
 *fill*         0x20000059        0x3 
 .data.EndpointsIN
                0x2000005c        0x3 Build_STM32G474_Candlelight_PowerHubDual/Candlelight/usb_class.o
                0x2000005c                EndpointsIN
 *fill*         0x2000005f        0x1 
 .data.EndpointsOUT
                0x20000060        0x3 Build_STM32G474_Candlelight_PowerHubDual/Candlelight/usb_class.o
                0x20000060                EndpointsOUT
 *fill*         0x20000063        0x1 
 .data.USBD_ClassCallbacks
                0x20000064       0x28 Build_STM32G474_Candlelight_PowerHubDual/Candlelight/usb_class.o
                0x20000064                USBD_ClassCallbacks
 .data.USBD_ConfigDescFS
                0x2000008c       0x49 Build_STM32G474_Candlelight_PowerHubDual/Candlelight/usb_class.o
                0x2000008c                USBD_ConfigDescFS
 *fill*         0x200000d5        0x3 
 .data.USBD_DeviceDesc
                0x200000d8       0x12 Build_STM32G474_Candlelight_PowerHubDual/Candlelight/usb_class.o
                0x200000d8                USBD_DeviceDesc
 *fill*         0x200000ea        0x2 
 .data.USBD_MicrosoftExtPropertyDescr
                0x200000ec       0x92 Build_STM32G474_Candlelight_PowerHubDual/Candlelight/usb_class.o
                0x200000ec                USBD_MicrosoftExtPropertyDescr
 *fill*         0x2000017e        0x2 
 .data.USBD_MicrosoftFeatureDescr
                0x20000180       0x58 Build_STM32G474_Candlelight_PowerHubDual/Candlelight/usb_class.o
                0x20000180                USBD_MicrosoftFeatureDescr
 .data.uwTickFreq
                0x200001d8        0x4 Build_STM32G474_Candlelight_PowerHubDual/STM32Cube\libstm32cube.a(stm32g4xx_hal.o)
                0x200001d8                uwTickFreq
 .data.uwTickPrio
                0x200001dc        0x4 Build_STM32G474_Candlelight_PowerHubDual/STM32Cube\libstm32cube.a(stm32g4xx_hal.o)
                0x200001dc                uwTickPrio
 .data.pFlash   0x200001e0       0x20 Build_STM32G474_Candlelight_PowerHubDual/STM32Cube\libstm32cube.a(stm32g4xx_hal_flash.o)
                0x200001e0                pFlash
 .data._impure_ptr
                0x20000200        0x4 c:/program files (x86)/gnu arm embedded toolchain/10 2021.10/bin/../lib/gcc/arm-none-eabi/10.3.1/../../../../arm-none-eabi/lib/thumb/v7e-m/nofp\libc_nano.a(lib_a-impure.o)
                0x20000200                _impure_ptr
 .data.impure_data
                0x20000204       0x60 c:/program files (x86)/gnu arm embedded toolchain/10 2021.10/bin/../lib/gcc/arm-none-eabi/10.3.1/../../../../arm-none-eabi/lib/thumb/v7e-m/nofp\libc_nano.a(lib_a-impure.o)
 *(.RamFunc)
 *(.RamFunc*)
                0x20000264                . = ALIGN (0x4)
                0x20000264                _edata = .

.igot.plt       0x20000264        0x0 load address 0x0800b054
 .igot.plt      0x20000264        0x0 c:/program files (x86)/gnu arm embedded toolchain/10 2021.10/bin/../lib/gcc/arm-none-eabi/10.3.1/thumb/v7e-m/nofp/crtbegin.o
                0x20000264                . = ALIGN (0x4)

.bss            0x20000268     0x9d28 load address 0x0800b054
                0x20000268                _sbss = .
                0x20000268                __bss_start__ = _sbss
 *(.bss)
 .bss           0x20000268       0x1c c:/program files (x86)/gnu arm embedded toolchain/10 2021.10/bin/../lib/gcc/arm-none-eabi/10.3.1/thumb/v7e-m/nofp/crtbegin.o
 *(.bss*)
 .bss.tick_last
                0x20000284        0x4 Build_STM32G474_Candlelight_PowerHubDual/main.o
                0x20000284                tick_last
 .bss.usb_suspend
                0x20000288        0x1 Build_STM32G474_Candlelight_PowerHubDual/main.o
                0x20000288                usb_suspend
 *fill*         0x20000289        0x3 
 .bss.canfd_clock
                0x2000028c        0x4 Build_STM32G474_Candlelight_PowerHubDual/system.o
                0x2000028c                canfd_clock
 .bss.timestamp_wrap
                0x20000290        0x4 Build_STM32G474_Candlelight_PowerHubDual/system.o
                0x20000290                timestamp_wrap
 .bss.GLB_UserFlags
                0x20000294        0x2 Build_STM32G474_Candlelight_PowerHubDual/can.o
                0x20000294                GLB_UserFlags
 *fill*         0x20000296        0x2 
 .bss.can_inst  0x20000298      0x528 Build_STM32G474_Candlelight_PowerHubDual/can.o
                0x20000298                can_inst
 .bss.err_inst  0x200007c0       0x28 Build_STM32G474_Candlelight_PowerHubDual/error.o
                0x200007c0                err_inst
 .bss.led_inst  0x200007e8       0x40 Build_STM32G474_Candlelight_PowerHubDual/led.o
                0x200007e8                led_inst
 .bss.Vbus      0x20000828        0x4 Build_STM32G474_Candlelight_PowerHubDual/adc.o
                0x20000828                Vbus
 .bss.hadc1     0x2000082c       0x6c Build_STM32G474_Candlelight_PowerHubDual/adc.o
                0x2000082c                hadc1
 .bss.dfu_delay_start
                0x20000898        0x4 Build_STM32G474_Candlelight_PowerHubDual/dfu.o
 .bss.dfu_require_reset
                0x2000089c        0x1 Build_STM32G474_Candlelight_PowerHubDual/dfu.o
 *fill*         0x2000089d        0x3 
 .bss.dfu_sys_memory_base
                0x200008a0        0x4 Build_STM32G474_Candlelight_PowerHubDual/dfu.o
 *fill*         0x200008a4        0x4 
 .bss.limits_data
                0x200008a8       0x10 Build_STM32G474_Candlelight_PowerHubDual/utils.o
                0x200008a8                limits_data
 .bss.limits_nom
                0x200008b8       0x10 Build_STM32G474_Candlelight_PowerHubDual/utils.o
                0x200008b8                limits_nom
 .bss.USBD_StrDesc
                0x200008c8      0x200 Build_STM32G474_Candlelight_PowerHubDual/usb_ctrlreq.o
                0x200008c8                USBD_StrDesc
 .bss.cfgidx.0  0x20000ac8        0x1 Build_STM32G474_Candlelight_PowerHubDual/usb_ctrlreq.o
 *fill*         0x20000ac9        0x3 
 .bss.USB_Handle
                0x20000acc      0x2ac Build_STM32G474_Candlelight_PowerHubDual/usb_core.o
                0x20000acc                USB_Handle
 .bss.PCD_Handle
                0x20000d78      0x2dc Build_STM32G474_Candlelight_PowerHubDual/usb_lowlevel.o
                0x20000d78                PCD_Handle
 .bss.bSuspended
                0x20001054        0x1 Build_STM32G474_Candlelight_PowerHubDual/usb_lowlevel.o
                0x20001054                bSuspended
 *fill*         0x20001055        0x3 
 .bss.ELM_BoardInfo
                0x20001058       0x38 Build_STM32G474_Candlelight_PowerHubDual/Candlelight/control.o
                0x20001058                ELM_BoardInfo
 .bss.GS_CapabilityClassic
                0x20001090       0x28 Build_STM32G474_Candlelight_PowerHubDual/Candlelight/control.o
                0x20001090                GS_CapabilityClassic
 .bss.GS_CapabilityFD
                0x200010b8       0x48 Build_STM32G474_Candlelight_PowerHubDual/Candlelight/control.o
                0x200010b8                GS_CapabilityFD
 .bss.GS_DeviceVersion
                0x20001100        0xc Build_STM32G474_Candlelight_PowerHubDual/Candlelight/control.o
                0x20001100                GS_DeviceVersion
 .bss.ep0_buf   0x2000110c      0x7d8 Build_STM32G474_Candlelight_PowerHubDual/Candlelight/control.o
                0x2000110c                ep0_buf
 .bss.last_setup
                0x200018e4        0x8 Build_STM32G474_Candlelight_PowerHubDual/Candlelight/control.o
                0x200018e4                last_setup
 .bss.GLB_ProtoElmue
                0x200018ec        0x1 Build_STM32G474_Candlelight_PowerHubDual/Candlelight/buffer.o
                0x200018ec                GLB_ProtoElmue
 *fill*         0x200018ed        0x3 
 .bss.buf_inst  0x200018f0     0x8668 Build_STM32G474_Candlelight_PowerHubDual/Candlelight/buffer.o
                0x200018f0                buf_inst
 .bss.Class_InitDone
                0x20009f58        0x1 Build_STM32G474_Candlelight_PowerHubDual/Candlelight/usb_class.o
                0x20009f58                Class_InitDone
 *fill*         0x20009f59        0x3 
 .bss.DFU_Status
                0x20009f5c        0x6 Build_STM32G474_Candlelight_PowerHubDual/Candlelight/usb_class.o
                0x20009f5c                DFU_Status
 *fill*         0x20009f62        0x2 
 .bss.EpToChannel
                0x20009f64       0x10 Build_STM32G474_Candlelight_PowerHubDual/Candlelight/usb_class.o
                0x20009f64                EpToChannel
 .bss.ifalt.0   0x20009f74        0x1 Build_STM32G474_Candlelight_PowerHubDual/Candlelight/usb_class.o
 *fill*         0x20009f75        0x3 
 .bss.uwTick    0x20009f78        0x4 Build_STM32G474_Candlelight_PowerHubDual/STM32Cube\libstm32cube.a(stm32g4xx_hal.o)
                0x20009f78                uwTick
 .bss.__malloc_free_list
                0x20009f7c        0x4 c:/program files (x86)/gnu arm embedded toolchain/10 2021.10/bin/../lib/gcc/arm-none-eabi/10.3.1/../../../../arm-none-eabi/lib/thumb/v7e-m/nofp\libc_nano.a(lib_a-nano-mallocr.o)
                0x20009f7c                __malloc_free_list
 .bss.__malloc_sbrk_start
                0x20009f80        0x4 c:/program files (x86)/gnu arm embedded toolchain/10 2021.10/bin/../lib/gcc/arm-none-eabi/10.3.1/../../../../arm-none-eabi/lib/thumb/v7e-m/nofp\libc_nano.a(lib_a-nano-mallocr.o)
                0x20009f80                __malloc_sbrk_start
 .bss.errno     0x20009f84        0x4 c:/program files (x86)/gnu arm embedded toolchain/10 2021.10/bin/../lib/gcc/arm-none-eabi/10.3.1/../../../../arm-none-eabi/lib/thumb/v7e-m/nofp\libc_nano.a(lib_a-reent.o)
                0x20009f84                errno
 .bss.__lock___malloc_recursive_mutex
                0x20009f88        0x1 c:/program files (x86)/gnu arm embedded toolchain/10 2021.10/bin/../lib/gcc/arm-none-eabi/10.3.1/../../../../arm-none-eabi/lib/thumb/v7e-m/nofp\libc_nano.a(lib_a-lock.o)
                0x20009f88                __lock___malloc_recursive_mutex
 *fill*         0x20009f89        0x3 
 .bss.heap_end.0
                0x20009f8c        0x4 c:/program files (x86)/gnu arm embedded toolchain/10 2021.10/bin/../lib/gcc/arm-none-eabi/10.3.1/../../../../arm-none-eabi/lib/thumb/v7e-m/nofp\libnosys.a(sbrk.o)
 *(COMMON)
                0x20009f90                . = ALIGN (0x4)
                0x20009f90                _ebss = .
                0x20009f90                __bss_end__ = _ebss

._user_heap_stack
                0x20009f90      0x600 load address 0x0800b054
                0x20009f90                . = ALIGN (0x8)
                0x20009f90                PROVIDE (end = .)
                [!provide]                PROVIDE (_end = .)
                0x2000a190                . = (. + _Min_Heap_Size)
 *fill*         0x20009f90      0x200 
                0x2000a590                . = (. + _Min_Stack_Size)
 *fill*         0x2000a190      0x400 
                0x2000a590                . = ALIGN (0x8)

/DISCARD/
 libc.a(*)
 libm.a(*)
 libgcc.a(*)

.ARM.attributes
                0x00000000       0x2a
 *(.ARM.attributes)
 .ARM.attributes
                0x00000000       0x1e c:/program files (x86)/gnu arm embedded toolchain/10 2021.10/bin/../lib/gcc/arm-none-eabi/10.3.1/thumb/v7e-m/nofp/crti.o
 .ARM.attributes
                0x0000001e       0x2e c:/program files (x86)/gnu arm embedded toolchain/10 2021.10/bin/../lib/gcc/arm-none-eabi/10.3.1/thumb/v7e-m/nofp/crtbegin.o
 .ARM.attributes
                0x0000004c       0x2e Build_STM32G474_Candlelight_PowerHubDual/main.o
 .ARM.attributes
                0x0000007a       0x2e Build_STM32G474_Candlelight_PowerHubDual/system_STM32G4xx.o
 .ARM.attributes
                0x000000a8       0x2e Build_STM32G474_Candlelight_PowerHubDual/system.o
 .ARM.attributes
                0x000000d6       0x2e Build_STM32G474_Candlelight_PowerHubDual/interrupts.o
 .ARM.attributes
                0x00000104       0x2e Build_STM32G474_Candlelight_PowerHubDual/can.o
 .ARM.attributes
                0x00000132       0x2e Build_STM32G474_Candlelight_PowerHubDual/error.o
 .ARM.attributes
                0x00000160       0x2e Build_STM32G474_Candlelight_PowerHubDual/led.o
 .ARM.attributes
                0x0000018e       0x2e Build_STM32G474_Candlelight_PowerHubDual/adc.o
 .ARM.attributes
                0x000001bc       0x2e Build_STM32G474_Candlelight_PowerHubDual/dfu.o
 .ARM.attributes
                0x000001ea       0x2e Build_STM32G474_Candlelight_PowerHubDual/utils.o
 .ARM.attributes
                0x00000218       0x2e Build_STM32G474_Candlelight_PowerHubDual/usb_ctrlreq.o
 .ARM.attributes
                0x00000246       0x2e Build_STM32G474_Candlelight_PowerHubDual/usb_ioreq.o
 .ARM.attributes
                0x00000274       0x2e Build_STM32G474_Candlelight_PowerHubDual/usb_core.o
 .ARM.attributes
                0x000002a2       0x2e Build_STM32G474_Candlelight_PowerHubDual/usb_lowlevel.o
 .ARM.attributes
                0x000002d0       0x21 Build_STM32G474_Candlelight_PowerHubDual/startup_STM32G474.o
 .ARM.attributes
                0x000002f1       0x2e Build_STM32G474_Candlelight_PowerHubDual/Candlelight/control.o
 .ARM.attributes
                0x0000031f       0x2e Build_STM32G474_Candlelight_PowerHubDual/Candlelight/buffer.o
 .ARM.attributes
                0x0000034d       0x2e Build_STM32G474_Candlelight_PowerHubDual/Candlelight/usb_class.o
 .ARM.attributes
                0x0000037b       0x2e Build_STM32G474_Candlelight_PowerHubDual/STM32Cube\libstm32cube.a(stm32g4xx_hal.o)
 .ARM.attributes
                0x000003a9       0x2e Build_STM32G474_Candlelight_PowerHubDual/STM32Cube\libstm32cube.a(stm32g4xx_hal_adc.o)
 .ARM.attributes
                0x000003d7       0x2e Build_STM32G474_Candlelight_PowerHubDual/STM32Cube\libstm32cube.a(stm32g4xx_hal_adc_ex.o)
 .ARM.attributes
                0x00000405       0x2e Build_STM32G474_Candlelight_PowerHubDual/STM32Cube\libstm32cube.a(stm32g4xx_hal_cortex.o)
 .ARM.attributes
                0x00000433       0x2e Build_STM32G474_Candlelight_PowerHubDual/STM32Cube\libstm32cube.a(stm32g4xx_hal_fdcan.o)
 .ARM.attributes
                0x00000461       0x2e Build_STM32G474_Candlelight_PowerHubDual/STM32Cube\libstm32cube.a(stm32g4xx_hal_flash.o)
 .ARM.attributes
                0x0000048f       0x2e Build_STM32G474_Candlelight_PowerHubDual/STM32Cube\libstm32cube.a(stm32g4xx_hal_flash_ex.o)
 .ARM.attributes
                0x000004bd       0x2e Build_STM32G474_Candlelight_PowerHubDual/STM32Cube\libstm32cube.a(stm32g4xx_hal_gpio.o)
 .ARM.attributes
                0x000004eb       0x2e Build_STM32G474_Candlelight_PowerHubDual/STM32Cube\libstm32cube.a(stm32g4xx_hal_pcd.o)
 .ARM.attributes
                0x00000519       0x2e Build_STM32G474_Candlelight_PowerHubDual/STM32Cube\libstm32cube.a(stm32g4xx_hal_pcd_ex.o)
 .ARM.attributes
                0x00000547       0x2e Build_STM32G474_Candlelight_PowerHubDual/STM32Cube\libstm32cube.a(stm32g4xx_hal_pwr_ex.o)
 .ARM.attributes
                0x00000575       0x2e Build_STM32G474_Candlelight_PowerHubDual/STM32Cube\libstm32cube.a(stm32g4xx_hal_rcc.o)
 .ARM.attributes
                0x000005a3       0x2e Build_STM32G474_Candlelight_PowerHubDual/STM32Cube\libstm32cube.a(stm32g4xx_hal_rcc_ex.o)
 .ARM.attributes