Archive member included to satisfy reference by file (symbol)

Build_STM32G474_Candlelight_PWR_FDCAN_DUAL/STM32Cube\libstm32cube.a(stm32g4xx_hal.o)
                              Build_STM32G474_Candlelight_PWR_FDCAN_DUAL/dfu.o (HAL_DeInit)
Build_STM32G474_Candlelight_PWR_FDCAN_DUAL/STM32Cube\libstm32cube.a(stm32g4xx_hal_adc.o)
                              Build_STM32G474_Candlelight_PWR_FDCAN_DUAL/adc.o (HAL_ADC_Init)
Build_STM32G474_Candlelight_PWR_FDCAN_DUAL/STM32Cube\libstm32cube.a(stm32g4xx_hal_adc_ex.o)
                              Build_STM32G474_Candlelight_PWR_FDCAN_DUAL/STM32Cube\libstm32cube.a(stm32g4xx_hal_adc.o) (HAL_ADCEx_InjectedConvCpltCallback)
Build_STM32G474_Candlelight_PWR_FDCAN_DUAL/STM32Cube\libstm32cube.a(stm32g4xx_hal_cortex.o)
                              Build_STM32G474_Candlelight_PWR_FDCAN_DUAL/STM32Cube\libstm32cube.a(stm32g4xx_hal.o) (HAL_NVIC_SetPriorityGrouping)
Build_STM32G474_Candlelight_PWR_FDCAN_DUAL/STM32Cube\libstm32cube.a(stm32g4xx_hal_dma.o)
                              Build_STM32G474_Candlelight_PWR_FDCAN_DUAL/STM32Cube\libstm32cube.a(stm32g4xx_hal_adc.o) (HAL_DMA_Start_IT)
Build_STM32G474_Candlelight_PWR_FDCAN_DUAL/STM32Cube\libstm32cube.a(stm32g4xx_hal_fdcan.o)
                              Build_STM32G474_Candlelight_PWR_FDCAN_DUAL/can.o (HAL_FDCAN_Init)
Build_STM32G474_Candlelight_PWR_FDCAN_DUAL/STM32Cube\libstm32cube.a(stm32g4xx_hal_flash.o)
                              Build_STM32G474_Candlelight_PWR_FDCAN_DUAL/system.o (HAL_FLASH_Program)
Build_STM32G474_Candlelight_PWR_FDCAN_DUAL/STM32Cube\libstm32cube.a(stm32g4xx_hal_flash_ex.o)
                              Build_STM32G474_Candlelight_PWR_FDCAN_DUAL/system.o (HAL_FLASHEx_Erase)
Build_STM32G474_Candlelight_PWR_FDCAN_DUAL/STM32Cube\libstm32cube.a(stm32g4xx_hal_gpio.o)
                              Build_STM32G474_Candlelight_PWR_FDCAN_DUAL/can.o (HAL_GPIO_Init)
Build_STM32G474_Candlelight_PWR_FDCAN_DUAL/STM32Cube\libstm32cube.a(stm32g4xx_hal_pcd.o)
                              Build_STM32G474_Candlelight_PWR_FDCAN_DUAL/usb_lowlevel.o (HAL_PCD_Init)
Build_STM32G474_Candlelight_PWR_FDCAN_DUAL/STM32Cube\libstm32cube.a(stm32g4xx_hal_pcd_ex.o)
                              Build_STM32G474_Candlelight_PWR_FDCAN_DUAL/usb_lowlevel.o (HAL_PCDEx_PMAConfig)
Build_STM32G474_Candlelight_PWR_FDCAN_DUAL/STM32Cube\libstm32cube.a(stm32g4xx_hal_pwr_ex.o)
                              Build_STM32G474_Candlelight_PWR_FDCAN_DUAL/system.o (HAL_PWREx_ControlVoltageScaling)
Build_STM32G474_Candlelight_PWR_FDCAN_DUAL/STM32Cube\libstm32cube.a(stm32g4xx_hal_rcc.o)
                              Build_STM32G474_Candlelight_PWR_FDCAN_DUAL/dfu.o (HAL_RCC_DeInit)
Build_STM32G474_Candlelight_PWR_FDCAN_DUAL/STM32Cube\libstm32cube.a(stm32g4xx_hal_rcc_ex.o)
                              Build_STM32G474_Candlelight_PWR_FDCAN_DUAL/system.o (HAL_RCCEx_PeriphCLKConfig)
Build_STM32G474_Candlelight_PWR_FDCAN_DUAL/STM32Cube\libstm32cube.a(stm32g4xx_hal_tim.o)
                              Build_STM32G474_Candlelight_PWR_FDCAN_DUAL/system.o (HAL_TIM_Base_Init)
Build_STM32G474_Candlelight_PWR_FDCAN_DUAL/STM32Cube\libstm32cube.a(stm32g4xx_hal_tim_ex.o)
                              Build_STM32G474_Candlelight_PWR_FDCAN_DUAL/STM32Cube\libstm32cube.a(stm32g4xx_hal_tim.o) (TIMEx_DMACommutationCplt)
Build_STM32G474_Candlelight_PWR_FDCAN_DUAL/STM32Cube\libstm32cube.a(stm32g4xx_ll_usb.o)
                              Build_STM32G474_Candlelight_PWR_FDCAN_DUAL/STM32Cube\libstm32cube.a(stm32g4xx_hal_pcd.o) (USB_EnableGlobalInt)
Build_STM32G474_Candlelight_PWR_FDCAN_DUAL/STM32Cube\libstm32cube.a(stm32g4xx_hal_pwr.o)
                              Build_STM32G474_Candlelight_PWR_FDCAN_DUAL/STM32Cube\libstm32cube.a(stm32g4xx_hal_rcc_ex.o) (HAL_PWR_EnableBkUpAccess)
c:/program files (x86)/gnu arm embedded toolchain/10 2021.10/bin/../lib/gcc/arm-none-eabi/10.3.1/../../../../arm-none-eabi/lib/thumb/v7e-m/nofp\libc_nano.a(lib_a-exit.o)
                              c:/program files (x86)/gnu arm embedded toolchain/10 2021.10/bin/../lib/gcc/arm-none-eabi/10.3.1/../../../../arm-none-eabi/lib/thumb/v7e-m/nofp/crt0.o (exit)
c:/program files (x86)/gnu arm embedded toolchain/10 2021.10/bin/../lib/gcc/arm-none-eabi/10.3.1/../../../../arm-none-eabi/lib/thumb/v7e-m/nofp\libc_nano.a(lib_a-impure.o)
                              c:/program files (x86)/gnu arm embedded toolchain/10 2021.10/bin/../lib/gcc/arm-none-eabi/10.3.1/../../../../arm-none-eabi/lib/thumb/v7e-m/nofp\libc_nano.a(lib_a-exit.o) (_global_impure_ptr)
c:/program files (x86)/gnu arm embedded toolchain/10 2021.10/bin/../lib/gcc/arm-none-eabi/10.3.1/../../../../arm-none-eabi/lib/thumb/v7e-m/nofp\libc_nano.a(lib_a-init.o)
                              c:/program files (x86)/gnu arm embedded toolchain/10 2021.10/bin/../lib/gcc/arm-none-eabi/10.3.1/../../../../arm-none-eabi/lib/thumb/v7e-m/nofp/crt0.o (__libc_init_array)
[...]
Memory Configuration

Name             Origin             Length             Attributes
RAM              0x20000000         0x00020000         xrw
FLASH            0x08000000         0x0001f800         xr
DATA             0x0801f800         0x00000800         xr
*default*        0x00000000         0xffffffff

Linker script and memory map

LOAD c:/program files (x86)/gnu arm embedded toolchain/10 2021.10/bin/../lib/gcc/arm-none-eabi/10.3.1/thumb/v7e-m/nofp/crti.o
LOAD c:/program files (x86)/gnu arm embedded toolchain/10 2021.10/bin/../lib/gcc/arm-none-eabi/10.3.1/thumb/v7e-m/nofp/crtbegin.o
LOAD c:/program files (x86)/gnu arm embedded toolchain/10 2021.10/bin/../lib/gcc/arm-none-eabi/10.3.1/../../../../arm-none-eabi/lib/thumb/v7e-m/nofp/crt0.o
LOAD Build_STM32G474_Candlelight_PWR_FDCAN_DUAL/main.o
LOAD Build_STM32G474_Candlelight_PWR_FDCAN_DUAL/system_STM32G4xx.o
LOAD Build_STM32G474_Candlelight_PWR_FDCAN_DUAL/system.o
LOAD Build_STM32G474_Candlelight_PWR_FDCAN_DUAL/interrupts.o
LOAD Build_STM32G474_Candlelight_PWR_FDCAN_DUAL/can.o
LOAD Build_STM32G474_Candlelight_PWR_FDCAN_DUAL/error.o
LOAD Build_STM32G474_Candlelight_PWR_FDCAN_DUAL/led.o
LOAD Build_STM32G474_Candlelight_PWR_FDCAN_DUAL/ws2815.o
LOAD Build_STM32G474_Candlelight_PWR_FDCAN_DUAL/adc.o
LOAD Build_STM32G474_Candlelight_PWR_FDCAN_DUAL/dfu.o
LOAD Build_STM32G474_Candlelight_PWR_FDCAN_DUAL/utils.o
LOAD Build_STM32G474_Candlelight_PWR_FDCAN_DUAL/usb_ctrlreq.o
LOAD Build_STM32G474_Candlelight_PWR_FDCAN_DUAL/usb_ioreq.o
LOAD Build_STM32G474_Candlelight_PWR_FDCAN_DUAL/usb_core.o
LOAD Build_STM32G474_Candlelight_PWR_FDCAN_DUAL/usb_lowlevel.o
LOAD Build_STM32G474_Candlelight_PWR_FDCAN_DUAL/startup_STM32G474.o
LOAD Build_STM32G474_Candlelight_PWR_FDCAN_DUAL/Candlelight/control.o
LOAD Build_STM32G474_Candlelight_PWR_FDCAN_DUAL/Candlelight/buffer.o
LOAD Build_STM32G474_Candlelight_PWR_FDCAN_DUAL/Candlelight/usb_class.o
LOAD Build_STM32G474_Candlelight_PWR_FDCAN_DUAL/Candlelight/usb_interface.o
LOAD Build_STM32G474_Candlelight_PWR_FDCAN_DUAL/STM32Cube\libstm32cube.a
LOAD c:/program files (x86)/gnu arm embedded toolchain/10 2021.10/bin/../lib/gcc/arm-none-eabi/10.3.1/../../../../arm-none-eabi/lib/thumb/v7e-m/nofp\libc_nano.a
LOAD c:/program files (x86)/gnu arm embedded toolchain/10 2021.10/bin/../lib/gcc/arm-none-eabi/10.3.1/../../../../arm-none-eabi/lib/thumb/v7e-m/nofp\libm.a
LOAD c:/program files (x86)/gnu arm embedded toolchain/10 2021.10/bin/../lib/gcc/arm-none-eabi/10.3.1/../../../../arm-none-eabi/lib/thumb/v7e-m/nofp\libnosys.a
START GROUP
LOAD c:/program files (x86)/gnu arm embedded toolchain/10 2021.10/bin/../lib/gcc/arm-none-eabi/10.3.1/thumb/v7e-m/nofp\libgcc.a
LOAD c:/program files (x86)/gnu arm embedded toolchain/10 2021.10/bin/../lib/gcc/arm-none-eabi/10.3.1/../../../../arm-none-eabi/lib/thumb/v7e-m/nofp\libg_nano.a
LOAD c:/program files (x86)/gnu arm embedded toolchain/10 2021.10/bin/../lib/gcc/arm-none-eabi/10.3.1/../../../../arm-none-eabi/lib/thumb/v7e-m/nofp\libc_nano.a
END GROUP
START GROUP
LOAD c:/program files (x86)/gnu arm embedded toolchain/10 2021.10/bin/../lib/gcc/arm-none-eabi/10.3.1/thumb/v7e-m/nofp\libgcc.a
LOAD c:/program files (x86)/gnu arm embedded toolchain/10 2021.10/bin/../lib/gcc/arm-none-eabi/10.3.1/../../../../arm-none-eabi/lib/thumb/v7e-m/nofp\libc_nano.a
LOAD c:/program files (x86)/gnu arm embedded toolchain/10 2021.10/bin/../lib/gcc/arm-none-eabi/10.3.1/../../../../arm-none-eabi/lib/thumb/v7e-m/nofp\libnosys.a
END GROUP
START GROUP
LOAD c:/program files (x86)/gnu arm embedded toolchain/10 2021.10/bin/../lib/gcc/arm-none-eabi/10.3.1/thumb/v7e-m/nofp\libgcc.a
LOAD c:/program files (x86)/gnu arm embedded toolchain/10 2021.10/bin/../lib/gcc/arm-none-eabi/10.3.1/../../../../arm-none-eabi/lib/thumb/v7e-m/nofp\libc_nano.a
LOAD c:/program files (x86)/gnu arm embedded toolchain/10 2021.10/bin/../lib/gcc/arm-none-eabi/10.3.1/../../../../arm-none-eabi/lib/thumb/v7e-m/nofp\libnosys.a
END GROUP
LOAD c:/program files (x86)/gnu arm embedded toolchain/10 2021.10/bin/../lib/gcc/arm-none-eabi/10.3.1/thumb/v7e-m/nofp/crtend.o
LOAD c:/program files (x86)/gnu arm embedded toolchain/10 2021.10/bin/../lib/gcc/arm-none-eabi/10.3.1/thumb/v7e-m/nofp/crtn.o
                0x20020000                _estack = (ORIGIN (RAM) + LENGTH (RAM))
                0x00000200                _Min_Heap_Size = 0x200
                0x00000400                _Min_Stack_Size = 0x400

.isr_vector     0x08000000      0x1d8
                0x08000000                . = ALIGN (0x4)
 *(.isr_vector)
 .isr_vector    0x08000000      0x1d8 Build_STM32G474_Candlelight_PWR_FDCAN_DUAL/startup_STM32G474.o
                0x08000000                g_pfnVectors
                0x080001d8                . = ALIGN (0x4)

.text           0x080001e0     0xad00
                0x080001e0                . = ALIGN (0x4)
 *(.text)
 .text          0x080001e0       0x40 c:/program files (x86)/gnu arm embedded toolchain/10 2021.10/bin/../lib/gcc/arm-none-eabi/10.3.1/thumb/v7e-m/nofp/crtbegin.o
 .text          0x08000220       0x10 c:/program files (x86)/gnu arm embedded toolchain/10 2021.10/bin/../lib/gcc/arm-none-eabi/10.3.1/../../../../arm-none-eabi/lib/thumb/v7e-m/nofp\libc_nano.a(lib_a-strlen.o)
                0x08000220                strlen
 .text          0x08000230       0xa0 c:/program files (x86)/gnu arm embedded toolchain/10 2021.10/bin/../lib/gcc/arm-none-eabi/10.3.1/../../../../arm-none-eabi/lib/thumb/v7e-m/nofp\libc_nano.a(lib_a-memchr.o)
                0x08000230                memchr
 .text          0x080002d0      0x21c c:/program files (x86)/gnu arm embedded toolchain/10 2021.10/bin/../lib/gcc/arm-none-eabi/10.3.1/thumb/v7e-m/nofp\libgcc.a(_arm_addsubsf3.o)
                0x080002d0                __aeabi_frsub
                0x080002d8                __subsf3
                0x080002d8                __aeabi_fsub
                0x080002dc                __aeabi_fadd
                0x080002dc                __addsf3
                0x0800043c                __aeabi_ui2f
                0x0800043c                __floatunsisf
                0x08000444                __aeabi_i2f
                0x08000444                __floatsisf
                0x08000460                __aeabi_ul2f
                0x08000460                __floatundisf
                0x08000470                __aeabi_l2f
                0x08000470                __floatdisf
 .text          0x080004ec      0x2a0 c:/program files (x86)/gnu arm embedded toolchain/10 2021.10/bin/../lib/gcc/arm-none-eabi/10.3.1/thumb/v7e-m/nofp\libgcc.a(_arm_muldivsf3.o)
                0x080004ec                __mulsf3
                0x080004ec                __aeabi_fmul
                0x08000654                __aeabi_fdiv
                0x08000654                __divsf3
 .text          0x0800078c       0xec c:/program files (x86)/gnu arm embedded toolchain/10 2021.10/bin/../lib/gcc/arm-none-eabi/10.3.1/thumb/v7e-m/nofp\libgcc.a(_arm_cmpsf2.o)
                0x0800078c                __gesf2
                0x0800078c                __gtsf2
                0x08000794                __lesf2
                0x08000794                __ltsf2
                0x0800079c                __nesf2
                0x0800079c                __eqsf2
                0x0800079c                __cmpsf2
                0x080007fc                __aeabi_cfrcmple
                0x08000804                __aeabi_cfcmpeq
                0x08000804                __aeabi_cfcmple
                0x08000814                __aeabi_fcmpeq
                0x08000828                __aeabi_fcmplt
                0x0800083c                __aeabi_fcmple
                0x08000850                __aeabi_fcmpge
                0x08000864                __aeabi_fcmpgt
 *(.text*)
 .text.startup.main
                0x08000878       0xc0 Build_STM32G474_Candlelight_PWR_FDCAN_DUAL/main.o
                0x08000878                main
 .text.SystemInit
                0x08000938       0x10 Build_STM32G474_Candlelight_PWR_FDCAN_DUAL/system_STM32G4xx.o
                0x08000938                SystemInit
 .text.system_init_timestamp
                0x08000948       0x80 Build_STM32G474_Candlelight_PWR_FDCAN_DUAL/system.o
                0x08000948                system_init_timestamp
 .text.HAL_FDCAN_TimestampWraparoundCallback
                0x080009c8       0x10 Build_STM32G474_Candlelight_PWR_FDCAN_DUAL/system.o
                0x080009c8                HAL_FDCAN_TimestampWraparoundCallback
 .text.system_reset_timestamps
                0x080009d8       0x14 Build_STM32G474_Candlelight_PWR_FDCAN_DUAL/system.o
                0x080009d8                system_reset_timestamps
 .text.system_get_mcu_serie
                0x080009ec       0x28 Build_STM32G474_Candlelight_PWR_FDCAN_DUAL/system.o
                0x080009ec                system_get_mcu_serie
 .text.system_get_can_clock
                0x08000a14        0xc Build_STM32G474_Candlelight_PWR_FDCAN_DUAL/system.o
                0x08000a14                system_get_can_clock
 .text.system_get_timestamp
                0x08000a20       0x18 Build_STM32G474_Candlelight_PWR_FDCAN_DUAL/system.o
                0x08000a20                system_get_timestamp
 .text.system_get_timewrap
                0x08000a38        0xc Build_STM32G474_Candlelight_PWR_FDCAN_DUAL/system.o
                0x08000a38                system_get_timewrap
 .text.system_is_option_enabled
                0x08000a44       0x5c Build_STM32G474_Candlelight_PWR_FDCAN_DUAL/system.o
                0x08000a44                system_is_option_enabled
 .text.system_set_option_bytes
                0x08000aa0       0xf8 Build_STM32G474_Candlelight_PWR_FDCAN_DUAL/system.o
                0x08000aa0                system_set_option_bytes
 .text.system_init
                0x08000b98      0x144 Build_STM32G474_Candlelight_PWR_FDCAN_DUAL/system.o
                0x08000b98                system_init
 .text.system_get_flash_addr
                0x08000cdc       0x50 Build_STM32G474_Candlelight_PWR_FDCAN_DUAL/system.o
                0x08000cdc                system_get_flash_addr
 .text.system_write_flash
                0x08000d2c      0x10c Build_STM32G474_Candlelight_PWR_FDCAN_DUAL/system.o
                0x08000d2c                system_write_flash
 .text.NMI_Handler
                0x08000e38        0x4 Build_STM32G474_Candlelight_PWR_FDCAN_DUAL/interrupts.o
                0x08000e38                NMI_Handler
 .text.HardFault_Handler
                0x08000e3c        0x4 Build_STM32G474_Candlelight_PWR_FDCAN_DUAL/interrupts.o
                0x08000e3c                HardFault_Handler
 .text.MemManage_Handler
                0x08000e40        0x4 Build_STM32G474_Candlelight_PWR_FDCAN_DUAL/interrupts.o
                0x08000e40                MemManage_Handler
 .text.BusFault_Handler
                0x08000e44        0x4 Build_STM32G474_Candlelight_PWR_FDCAN_DUAL/interrupts.o
                0x08000e44                BusFault_Handler
 .text.UsageFault_Handler
                0x08000e48        0x4 Build_STM32G474_Candlelight_PWR_FDCAN_DUAL/interrupts.o
                0x08000e48                UsageFault_Handler
 .text.SVC_Handler
                0x08000e4c        0x4 Build_STM32G474_Candlelight_PWR_FDCAN_DUAL/interrupts.o
                0x08000e4c                SVC_Handler
 .text.DebugMon_Handler
                0x08000e50        0x4 Build_STM32G474_Candlelight_PWR_FDCAN_DUAL/interrupts.o
                0x08000e50                DebugMon_Handler
 .text.PendSV_Handler
                0x08000e54        0x4 Build_STM32G474_Candlelight_PWR_FDCAN_DUAL/interrupts.o
                0x08000e54                PendSV_Handler
 .text.SysTick_Handler
                0x08000e58       0x10 Build_STM32G474_Candlelight_PWR_FDCAN_DUAL/interrupts.o
                0x08000e58                SysTick_Handler
 .text.USB_LP_IRQHandler
                0x08000e68        0xc Build_STM32G474_Candlelight_PWR_FDCAN_DUAL/interrupts.o
                0x08000e68                USB_LP_IRQHandler
 .text.USB_HP_IRQHandler
                0x08000e74        0xc Build_STM32G474_Candlelight_PWR_FDCAN_DUAL/interrupts.o
                0x08000e74                USB_HP_IRQHandler
 .text.FDCAN1_IT0_IRQHandler
                0x08000e80       0x10 Build_STM32G474_Candlelight_PWR_FDCAN_DUAL/interrupts.o
                0x08000e80                FDCAN1_IT0_IRQHandler
 .text.can_calc_bit_count_in_frame.part.0
                0x08000e90       0xac Build_STM32G474_Candlelight_PWR_FDCAN_DUAL/can.o
 .text.can_init
                0x08000f3c       0xd8 Build_STM32G474_Candlelight_PWR_FDCAN_DUAL/can.o
                0x08000f3c                can_init
 .text.can_open
                0x08001014      0x2a0 Build_STM32G474_Candlelight_PWR_FDCAN_DUAL/can.o
                0x08001014                can_open
 .text.can_close_all
                0x080012b4       0xac Build_STM32G474_Candlelight_PWR_FDCAN_DUAL/can.o
                0x080012b4                can_close_all
 .text.can_close
                0x08001360       0x64 Build_STM32G474_Candlelight_PWR_FDCAN_DUAL/can.o
                0x08001360                can_close
 .text.can_send_packet
                0x080013c4       0xb4 Build_STM32G474_Candlelight_PWR_FDCAN_DUAL/can.o
                0x080013c4                can_send_packet
 .text.can_recover_bus_off
                0x08001478       0x70 Build_STM32G474_Candlelight_PWR_FDCAN_DUAL/can.o
                0x08001478                can_recover_bus_off
 .text.can_timer_100ms
                0x080014e8       0xa8 Build_STM32G474_Candlelight_PWR_FDCAN_DUAL/can.o
                0x080014e8                can_timer_100ms
 .text.can_set_bit_timing
                0x08001590       0x9c Build_STM32G474_Candlelight_PWR_FDCAN_DUAL/can.o
                0x08001590                can_set_bit_timing
 .text.can_print_info
                0x0800162c      0x100 Build_STM32G474_Candlelight_PWR_FDCAN_DUAL/can.o
                0x0800162c                can_print_info
 .text.can_add_host_filter
                0x0800172c      0x104 Build_STM32G474_Candlelight_PWR_FDCAN_DUAL/can.o
                0x0800172c                can_add_host_filter
 .text.can_clear_host_filters
                0x08001830       0x20 Build_STM32G474_Candlelight_PWR_FDCAN_DUAL/can.o
                0x08001830                can_clear_host_filters
 .text.can_set_bridge_filter
                0x08001850       0xc8 Build_STM32G474_Candlelight_PWR_FDCAN_DUAL/can.o
                0x08001850                can_set_bridge_filter
 .text.can_forward_bridge_packet
                0x08001918       0xdc Build_STM32G474_Candlelight_PWR_FDCAN_DUAL/can.o
                0x08001918                can_forward_bridge_packet
 .text.can_process
                0x080019f4      0x310 Build_STM32G474_Candlelight_PWR_FDCAN_DUAL/can.o
                0x080019f4                can_process
 .text.can_set_termination
                0x08001d04       0x40 Build_STM32G474_Candlelight_PWR_FDCAN_DUAL/can.o
                0x08001d04                can_set_termination
 .text.can_get_termination
                0x08001d44       0x2c Build_STM32G474_Candlelight_PWR_FDCAN_DUAL/can.o
                0x08001d44                can_get_termination
 .text.can_enable_busload
                0x08001d70       0x20 Build_STM32G474_Candlelight_PWR_FDCAN_DUAL/can.o
                0x08001d70                can_enable_busload
 .text.can_is_any_open
                0x08001d90       0x14 Build_STM32G474_Candlelight_PWR_FDCAN_DUAL/can.o
                0x08001d90                can_is_any_open
 .text.can_is_open
                0x08001da4       0x14 Build_STM32G474_Candlelight_PWR_FDCAN_DUAL/can.o
                0x08001da4                can_is_open
 .text.can_is_passive
                0x08001db8       0x1c Build_STM32G474_Candlelight_PWR_FDCAN_DUAL/can.o
                0x08001db8                can_is_passive
 .text.can_using_FD
                0x08001dd4       0x1c Build_STM32G474_Candlelight_PWR_FDCAN_DUAL/can.o
                0x08001dd4                can_using_FD
 .text.can_is_tx_allowed
                0x08001df0       0x30 Build_STM32G474_Candlelight_PWR_FDCAN_DUAL/can.o
                0x08001df0                can_is_tx_allowed
 .text.can_is_tx_fifo_free
                0x08001e20       0x1c Build_STM32G474_Candlelight_PWR_FDCAN_DUAL/can.o
                0x08001e20                can_is_tx_fifo_free
 .text.can_get_handle
                0x08001e3c       0x10 Build_STM32G474_Candlelight_PWR_FDCAN_DUAL/can.o
                0x08001e3c                can_get_handle
 .text.error_init
                0x08001e4c       0x20 Build_STM32G474_Candlelight_PWR_FDCAN_DUAL/error.o
                0x08001e4c                error_init
 .text.error_assert
                0x08001e6c       0x2c Build_STM32G474_Candlelight_PWR_FDCAN_DUAL/error.o
                0x08001e6c                error_assert
 .text.error_get_state
                0x08001e98       0x10 Build_STM32G474_Candlelight_PWR_FDCAN_DUAL/error.o
                0x08001e98                error_get_state
 .text.error_is_report_due
                0x08001ea8      0x184 Build_STM32G474_Candlelight_PWR_FDCAN_DUAL/error.o
                0x08001ea8                error_is_report_due
 .text.error_clear
                0x0800202c       0x18 Build_STM32G474_Candlelight_PWR_FDCAN_DUAL/error.o
                0x0800202c                error_clear
 .text.led_init
                0x08002044       0xa0 Build_STM32G474_Candlelight_PWR_FDCAN_DUAL/led.o
                0x08002044                led_init
 .text.led_sleep
                0x080020e4       0x48 Build_STM32G474_Candlelight_PWR_FDCAN_DUAL/led.o
                0x080020e4                led_sleep
 .text.led_blink_power_on
                0x0800212c       0x90 Build_STM32G474_Candlelight_PWR_FDCAN_DUAL/led.o
                0x0800212c                led_blink_power_on
 .text.led_blink_identify
                0x080021bc       0x5c Build_STM32G474_Candlelight_PWR_FDCAN_DUAL/led.o
                0x080021bc                led_blink_identify
 .text.led_turn_TX
                0x08002218       0x2c Build_STM32G474_Candlelight_PWR_FDCAN_DUAL/led.o
                0x08002218                led_turn_TX
 .text.led_flash_TX
                0x08002244       0x48 Build_STM32G474_Candlelight_PWR_FDCAN_DUAL/led.o
                0x08002244                led_flash_TX
 .text.led_flash_RX
                0x0800228c       0x48 Build_STM32G474_Candlelight_PWR_FDCAN_DUAL/led.o
                0x0800228c                led_flash_RX
 .text.led_process
                0x080022d4      0x178 Build_STM32G474_Candlelight_PWR_FDCAN_DUAL/led.o
                0x080022d4                led_process
 .text.ws2815_send_bit_gpio
                0x0800244c       0x90 Build_STM32G474_Candlelight_PWR_FDCAN_DUAL/ws2815.o
 .text.ws2815_update.part.0
                0x080024dc       0x94 Build_STM32G474_Candlelight_PWR_FDCAN_DUAL/ws2815.o
 .text.ws2815_init
                0x08002570       0x78 Build_STM32G474_Candlelight_PWR_FDCAN_DUAL/ws2815.o
                0x08002570                ws2815_init
 .text.ws2815_set_pwr
                0x080025e8       0x84 Build_STM32G474_Candlelight_PWR_FDCAN_DUAL/ws2815.o
                0x080025e8                ws2815_set_pwr
 .text.adc_init
                0x0800266c       0x98 Build_STM32G474_Candlelight_PWR_FDCAN_DUAL/adc.o
                0x0800266c                adc_init
 .text.HAL_ADC_MspInit
                0x08002704       0x80 Build_STM32G474_Candlelight_PWR_FDCAN_DUAL/adc.o
                0x08002704                HAL_ADC_MspInit
 .text.adc_timer_100ms
                0x08002784       0x84 Build_STM32G474_Candlelight_PWR_FDCAN_DUAL/adc.o
                0x08002784                adc_timer_100ms
 .text.dfu_switch_to_bootloader
                0x08002808       0x64 Build_STM32G474_Candlelight_PWR_FDCAN_DUAL/dfu.o
                0x08002808                dfu_switch_to_bootloader
 .text.dfu_timer_100ms
                0x0800286c       0x78 Build_STM32G474_Candlelight_PWR_FDCAN_DUAL/dfu.o
                0x0800286c                dfu_timer_100ms
 .text.utils_init
                0x080028e4       0x38 Build_STM32G474_Candlelight_PWR_FDCAN_DUAL/utils.o
                0x080028e4                utils_init
 .text.utils_get_bit_limits
                0x0800291c       0x18 Build_STM32G474_Candlelight_PWR_FDCAN_DUAL/utils.o
                0x0800291c                utils_get_bit_limits
 .text.utils_mem_is_empty
                0x08002934       0x20 Build_STM32G474_Candlelight_PWR_FDCAN_DUAL/utils.o
                0x08002934                utils_mem_is_empty
 .text.utils_dlc_to_byte_count
                0x08002954       0x1c Build_STM32G474_Candlelight_PWR_FDCAN_DUAL/utils.o
                0x08002954                utils_dlc_to_byte_count
 .text.utils_byte_count_to_dlc
                0x08002970       0x3c Build_STM32G474_Candlelight_PWR_FDCAN_DUAL/utils.o
                0x08002970                utils_byte_count_to_dlc
 .text.utils_format_bitrate
                0x080029ac       0xe0 Build_STM32G474_Candlelight_PWR_FDCAN_DUAL/utils.o
                0x080029ac                utils_format_bitrate
 .text.USBD_StdDevReq
                0x08002a8c      0x318 Build_STM32G474_Candlelight_PWR_FDCAN_DUAL/usb_ctrlreq.o
                0x08002a8c                USBD_StdDevReq
 .text.USBD_StdItfReq
                0x08002da4       0x54 Build_STM32G474_Candlelight_PWR_FDCAN_DUAL/usb_ctrlreq.o
                0x08002da4                USBD_StdItfReq
 .text.USBD_StdEPReq
                0x08002df8      0x13c Build_STM32G474_Candlelight_PWR_FDCAN_DUAL/usb_ctrlreq.o
                0x08002df8                USBD_StdEPReq
 .text.USBD_ParseSetupRequest
                0x08002f34       0x28 Build_STM32G474_Candlelight_PWR_FDCAN_DUAL/usb_ctrlreq.o
                0x08002f34                USBD_ParseSetupRequest
 .text.USBD_CtlError
                0x08002f5c       0x14 Build_STM32G474_Candlelight_PWR_FDCAN_DUAL/usb_ctrlreq.o
                0x08002f5c                USBD_CtlError
 .text.USBD_GetStringDescr
                0x08002f70       0x48 Build_STM32G474_Candlelight_PWR_FDCAN_DUAL/usb_ctrlreq.o
                0x08002f70                USBD_GetStringDescr
 .text.USBD_CtlSendData
                0x08002fb8       0x20 Build_STM32G474_Candlelight_PWR_FDCAN_DUAL/usb_ioreq.o
                0x08002fb8                USBD_CtlSendData
 .text.USBD_CtlContinueSendData
                0x08002fd8       0x10 Build_STM32G474_Candlelight_PWR_FDCAN_DUAL/usb_ioreq.o
                0x08002fd8                USBD_CtlContinueSendData
 .text.USBD_CtlPrepareRx
                0x08002fe8       0x20 Build_STM32G474_Candlelight_PWR_FDCAN_DUAL/usb_ioreq.o
                0x08002fe8                USBD_CtlPrepareRx
 .text.USBD_CtlContinueRx
                0x08003008       0x10 Build_STM32G474_Candlelight_PWR_FDCAN_DUAL/usb_ioreq.o
                0x08003008                USBD_CtlContinueRx
 .text.USBD_CtlSendStatus
                0x08003018       0x1c Build_STM32G474_Candlelight_PWR_FDCAN_DUAL/usb_ioreq.o
                0x08003018                USBD_CtlSendStatus
 .text.USBD_CtlReceiveStatus
                0x08003034       0x1c Build_STM32G474_Candlelight_PWR_FDCAN_DUAL/usb_ioreq.o
                0x08003034                USBD_CtlReceiveStatus
 .text.USBD_Init
                0x08003050       0x28 Build_STM32G474_Candlelight_PWR_FDCAN_DUAL/usb_core.o
                0x08003050                USBD_Init
 .text.USBD_SetClassConfig
                0x08003078       0x14 Build_STM32G474_Candlelight_PWR_FDCAN_DUAL/usb_core.o
                0x08003078                USBD_SetClassConfig
 .text.USBD_ClrClassConfig
                0x0800308c       0x10 Build_STM32G474_Candlelight_PWR_FDCAN_DUAL/usb_core.o
                0x0800308c                USBD_ClrClassConfig
 .text.USBD_LL_SetupStage
                0x0800309c       0x60 Build_STM32G474_Candlelight_PWR_FDCAN_DUAL/usb_core.o
                0x0800309c                USBD_LL_SetupStage
 .text.USBD_LL_DataOutStage
                0x080030fc       0x80 Build_STM32G474_Candlelight_PWR_FDCAN_DUAL/usb_core.o
                0x080030fc                USBD_LL_DataOutStage
 .text.USBD_LL_DataInStage
                0x0800317c       0xcc Build_STM32G474_Candlelight_PWR_FDCAN_DUAL/usb_core.o
                0x0800317c                USBD_LL_DataInStage
 .text.USBD_LL_Reset
                0x08003248       0x4c Build_STM32G474_Candlelight_PWR_FDCAN_DUAL/usb_core.o
                0x08003248                USBD_LL_Reset
 .text.USBD_LL_SetSpeed
                0x08003294        0xc Build_STM32G474_Candlelight_PWR_FDCAN_DUAL/usb_core.o
                0x08003294                USBD_LL_SetSpeed
 .text.USBD_LL_Suspend
                0x080032a0       0x18 Build_STM32G474_Candlelight_PWR_FDCAN_DUAL/usb_core.o
                0x080032a0                USBD_LL_Suspend
 .text.USBD_LL_Resume
                0x080032b8       0x1c Build_STM32G474_Candlelight_PWR_FDCAN_DUAL/usb_core.o
                0x080032b8                USBD_LL_Resume
 .text.USBD_LL_SOF
                0x080032d4       0x28 Build_STM32G474_Candlelight_PWR_FDCAN_DUAL/usb_core.o
                0x080032d4                USBD_LL_SOF
 .text.HAL_PCD_MspInit
                0x080032fc       0x44 Build_STM32G474_Candlelight_PWR_FDCAN_DUAL/usb_lowlevel.o
                0x080032fc                HAL_PCD_MspInit
 .text.HAL_PCD_SetupStageCallback
                0x08003340       0x18 Build_STM32G474_Candlelight_PWR_FDCAN_DUAL/usb_lowlevel.o
                0x08003340                HAL_PCD_SetupStageCallback
 .text.HAL_PCD_DataOutStageCallback
                0x08003358       0x18 Build_STM32G474_Candlelight_PWR_FDCAN_DUAL/usb_lowlevel.o
                0x08003358                HAL_PCD_DataOutStageCallback
 .text.HAL_PCD_DataInStageCallback
                0x08003370       0x18 Build_STM32G474_Candlelight_PWR_FDCAN_DUAL/usb_lowlevel.o
                0x08003370                HAL_PCD_DataInStageCallback
 .text.HAL_PCD_SOFCallback
                0x08003388        0x4 Build_STM32G474_Candlelight_PWR_FDCAN_DUAL/usb_lowlevel.o
                0x08003388                HAL_PCD_SOFCallback
 .text.HAL_PCD_ResetCallback
                0x0800338c       0x10 Build_STM32G474_Candlelight_PWR_FDCAN_DUAL/usb_lowlevel.o
                0x0800338c                HAL_PCD_ResetCallback
 .text.HAL_PCD_SuspendCallback
                0x0800339c       0x30 Build_STM32G474_Candlelight_PWR_FDCAN_DUAL/usb_lowlevel.o
                0x0800339c                HAL_PCD_SuspendCallback
 .text.HAL_PCD_ResumeCallback
                0x080033cc       0x2c Build_STM32G474_Candlelight_PWR_FDCAN_DUAL/usb_lowlevel.o
                0x080033cc                HAL_PCD_ResumeCallback
 .text.HAL_PCD_Is_Suspended
                0x080033f8        0xc Build_STM32G474_Candlelight_PWR_FDCAN_DUAL/usb_lowlevel.o
                0x080033f8                HAL_PCD_Is_Suspended
 .text.USBD_LL_Init
                0x08003404       0x28 Build_STM32G474_Candlelight_PWR_FDCAN_DUAL/usb_lowlevel.o
                0x08003404                USBD_LL_Init
 .text.USBD_LL_ConfigurePMA
                0x0800342c       0x48 Build_STM32G474_Candlelight_PWR_FDCAN_DUAL/usb_lowlevel.o
                0x0800342c                USBD_LL_ConfigurePMA
 .text.USBD_LL_Start
                0x08003474       0x18 Build_STM32G474_Candlelight_PWR_FDCAN_DUAL/usb_lowlevel.o
                0x08003474                USBD_LL_Start
 .text.USBD_LL_OpenEP
                0x0800348c       0x20 Build_STM32G474_Candlelight_PWR_FDCAN_DUAL/usb_lowlevel.o
                0x0800348c                USBD_LL_OpenEP
 .text.USBD_LL_CloseEP
                0x080034ac       0x1c Build_STM32G474_Candlelight_PWR_FDCAN_DUAL/usb_lowlevel.o
                0x080034ac                USBD_LL_CloseEP
 .text.USBD_LL_StallEP
                0x080034c8       0x1c Build_STM32G474_Candlelight_PWR_FDCAN_DUAL/usb_lowlevel.o
                0x080034c8                USBD_LL_StallEP
 .text.USBD_LL_ClearStallEP
                0x080034e4       0x1c Build_STM32G474_Candlelight_PWR_FDCAN_DUAL/usb_lowlevel.o
                0x080034e4                USBD_LL_ClearStallEP
 .text.USBD_LL_IsStallEP
                0x08003500       0x28 Build_STM32G474_Candlelight_PWR_FDCAN_DUAL/usb_lowlevel.o
                0x08003500                USBD_LL_IsStallEP
 .text.USBD_LL_SetUSBAddress
                0x08003528       0x1c Build_STM32G474_Candlelight_PWR_FDCAN_DUAL/usb_lowlevel.o
                0x08003528                USBD_LL_SetUSBAddress
 .text.USBD_LL_Transmit
                0x08003544       0x20 Build_STM32G474_Candlelight_PWR_FDCAN_DUAL/usb_lowlevel.o
                0x08003544                USBD_LL_Transmit
 .text.USBD_LL_PrepareReceive
                0x08003564       0x20 Build_STM32G474_Candlelight_PWR_FDCAN_DUAL/usb_lowlevel.o
                0x08003564                USBD_LL_PrepareReceive
 .text.Reset_Handler
                0x08003584       0x50 Build_STM32G474_Candlelight_PWR_FDCAN_DUAL/startup_STM32G474.o
                0x08003584                Reset_Handler
 .text.Default_Handler
                0x080035d4        0x2 Build_STM32G474_Candlelight_PWR_FDCAN_DUAL/startup_STM32G474.o
                0x080035d4                RTC_Alarm_IRQHandler
                0x080035d4                EXTI2_IRQHandler
                0x080035d4                TIM8_TRG_COM_IRQHandler
                0x080035d4                TIM8_CC_IRQHandler
                0x080035d4                HRTIM1_Master_IRQHandler
                0x080035d4                SPI4_IRQHandler
                0x080035d4                FDCAN3_IT0_IRQHandler
                0x080035d4                TIM1_CC_IRQHandler
                0x080035d4                HRTIM1_FLT_IRQHandler
                0x080035d4                HRTIM1_TIMF_IRQHandler
                0x080035d4                CORDIC_IRQHandler
                0x080035d4                HRTIM1_TIMD_IRQHandler
                0x080035d4                DMA2_Channel8_IRQHandler
                0x080035d4                EXTI3_IRQHandler
                0x080035d4                I2C3_ER_IRQHandler
                0x080035d4                EXTI0_IRQHandler
                0x080035d4                I2C2_EV_IRQHandler
                0x080035d4                FPU_IRQHandler
                0x080035d4                FDCAN1_IT1_IRQHandler
                0x080035d4                TIM1_UP_TIM16_IRQHandler
                0x080035d4                ADC1_2_IRQHandler
                0x080035d4                HRTIM1_TIME_IRQHandler
                0x080035d4                SPI1_IRQHandler
                0x080035d4                TIM6_DAC_IRQHandler
                0x080035d4                HRTIM1_TIMC_IRQHandler
                0x080035d4                TIM8_UP_IRQHandler
                0x080035d4                DMA2_Channel2_IRQHandler
                0x080035d4                DMA1_Channel4_IRQHandler
                0x080035d4                TIM20_TRG_COM_IRQHandler
                0x080035d4                USART3_IRQHandler
                0x080035d4                DMA1_Channel7_IRQHandler
                0x080035d4                UART5_IRQHandler
                0x080035d4                ADC3_IRQHandler
                0x080035d4                TIM4_IRQHandler
                0x080035d4                DMA2_Channel1_IRQHandler
                0x080035d4                QUADSPI_IRQHandler
                0x080035d4                I2C1_EV_IRQHandler
                0x080035d4                DMA1_Channel6_IRQHandler
                0x080035d4                UART4_IRQHandler
                0x080035d4                DMA2_Channel4_IRQHandler
                0x080035d4                TIM3_IRQHandler
                0x080035d4                RCC_IRQHandler
                0x080035d4                TIM20_UP_IRQHandler
                0x080035d4                DMA1_Channel1_IRQHandler
                0x080035d4                Default_Handler
                0x080035d4                DMA2_Channel7_IRQHandler
                0x080035d4                RTC_TAMP_LSECSS_IRQHandler
                0x080035d4                FMAC_IRQHandler
                0x080035d4                EXTI15_10_IRQHandler
                0x080035d4                DMA1_Channel8_IRQHandler
                0x080035d4                HRTIM1_TIMA_IRQHandler
                0x080035d4                TIM7_DAC_IRQHandler
                0x080035d4                FDCAN3_IT1_IRQHandler
                0x080035d4                TIM5_IRQHandler
                0x080035d4                UCPD1_IRQHandler
                0x080035d4                I2C3_EV_IRQHandler
                0x080035d4                EXTI9_5_IRQHandler
                0x080035d4                RTC_WKUP_IRQHandler
                0x080035d4                PVD_PVM_IRQHandler
                0x080035d4                SPI2_IRQHandler
                0x080035d4                ADC5_IRQHandler
                0x080035d4                DMA2_Channel5_IRQHandler
                0x080035d4                CRS_IRQHandler
                0x080035d4                DMA1_Channel5_IRQHandler
                0x080035d4                EXTI4_IRQHandler
                0x080035d4                RNG_IRQHandler
                0x080035d4                HRTIM1_TIMB_IRQHandler
                0x080035d4                TIM1_TRG_COM_TIM17_IRQHandler
                0x080035d4                FDCAN2_IT1_IRQHandler
                0x080035d4                DMA1_Channel3_IRQHandler
                0x080035d4                ADC4_IRQHandler
                0x080035d4                WWDG_IRQHandler
                0x080035d4                I2C4_EV_IRQHandler
                0x080035d4                FDCAN2_IT0_IRQHandler
                0x080035d4                LPUART1_IRQHandler
                0x080035d4                DMA2_Channel6_IRQHandler
                0x080035d4                TIM2_IRQHandler
                0x080035d4                COMP7_IRQHandler
                0x080035d4                COMP1_2_3_IRQHandler
                0x080035d4                EXTI1_IRQHandler
                0x080035d4                USART2_IRQHandler
                0x080035d4                COMP4_5_6_IRQHandler
                0x080035d4                TIM20_BRK_IRQHandler
                0x080035d4                I2C2_ER_IRQHandler
                0x080035d4                DMA1_Channel2_IRQHandler
                0x080035d4                TIM8_BRK_IRQHandler
                0x080035d4                FLASH_IRQHandler
                0x080035d4                TIM20_CC_IRQHandler
                0x080035d4                USART1_IRQHandler
                0x080035d4                SPI3_IRQHandler
                0x080035d4                I2C1_ER_IRQHandler
                0x080035d4                FMC_IRQHandler
                0x080035d4                LPTIM1_IRQHandler
                0x080035d4                DMAMUX_OVR_IRQHandler
                0x080035d4                I2C4_ER_IRQHandler
                0x080035d4                USBWakeUp_IRQHandler
                0x080035d4                SAI1_IRQHandler
                0x080035d4                DMA2_Channel3_IRQHandler
                0x080035d4                TIM1_BRK_TIM15_IRQHandler
 *fill*         0x080035d6        0x2 
 .text.control_init
                0x080035d8      0x118 Build_STM32G474_Candlelight_PWR_FDCAN_DUAL/Candlelight/control.o
                0x080035d8                control_init
 .text.control_setup_request
                0x080036f0      0x2bc Build_STM32G474_Candlelight_PWR_FDCAN_DUAL/Candlelight/control.o
                0x080036f0                control_setup_request
 .text.control_setup_OUT_data
                0x080039ac      0x2e4 Build_STM32G474_Candlelight_PWR_FDCAN_DUAL/Candlelight/control.o
                0x080039ac                control_setup_OUT_data
 .text.control_process
                0x08003c90       0x24 Build_STM32G474_Candlelight_PWR_FDCAN_DUAL/Candlelight/control.o
                0x08003c90                control_process
 .text.control_report_busload
                0x08003cb4       0x4c Build_STM32G474_Candlelight_PWR_FDCAN_DUAL/Candlelight/control.o
                0x08003cb4                control_report_busload
 .text.control_send_debug_mesg
                0x08003d00       0x84 Build_STM32G474_Candlelight_PWR_FDCAN_DUAL/Candlelight/control.o
                0x08003d00                control_send_debug_mesg
 .text.buf_process_host.part.0
                0x08003d84      0x1d4 Build_STM32G474_Candlelight_PWR_FDCAN_DUAL/Candlelight/buffer.o
 .text.buf_clear_can_buffer
                0x08003f58       0x6c Build_STM32G474_Candlelight_PWR_FDCAN_DUAL/Candlelight/buffer.o
                0x08003f58                buf_clear_can_buffer
 .text.buf_clear_buffers
                0x08003fc4       0xdc Build_STM32G474_Candlelight_PWR_FDCAN_DUAL/Candlelight/buffer.o
                0x08003fc4                buf_clear_buffers
 .text.buf_init
                0x080040a0       0x1c Build_STM32G474_Candlelight_PWR_FDCAN_DUAL/Candlelight/buffer.o
                0x080040a0                buf_init
 .text.buf_store_tx_packet
                0x080040bc       0xe8 Build_STM32G474_Candlelight_PWR_FDCAN_DUAL/Candlelight/buffer.o
                0x080040bc                buf_store_tx_packet
 .text.buf_store_can_frame
                0x080041a4      0x110 Build_STM32G474_Candlelight_PWR_FDCAN_DUAL/Candlelight/buffer.o
                0x080041a4                buf_store_can_frame
 .text.buf_store_can_frame_blob
                0x080042b4      0x194 Build_STM32G474_Candlelight_PWR_FDCAN_DUAL/Candlelight/buffer.o
                0x080042b4                buf_store_can_frame_blob
 .text.buf_store_rx_packet
                0x08004448      0x184 Build_STM32G474_Candlelight_PWR_FDCAN_DUAL/Candlelight/buffer.o
                0x08004448                buf_store_rx_packet
 .text.buf_store_rx_packet_echo
                0x080045cc      0x184 Build_STM32G474_Candlelight_PWR_FDCAN_DUAL/Candlelight/buffer.o
                0x080045cc                buf_store_rx_packet_echo
 .text.buf_process
                0x08004750      0x170 Build_STM32G474_Candlelight_PWR_FDCAN_DUAL/Candlelight/buffer.o
                0x08004750                buf_process
 .text.buf_store_tx_echo
                0x080048c0       0x9c Build_STM32G474_Candlelight_PWR_FDCAN_DUAL/Candlelight/buffer.o
                0x080048c0                buf_store_tx_echo
 .text.buf_store_error
                0x0800495c      0x218 Build_STM32G474_Candlelight_PWR_FDCAN_DUAL/Candlelight/buffer.o
                0x0800495c                buf_store_error
 .text.buf_get_host_frame_locked
                0x08004b74       0x30 Build_STM32G474_Candlelight_PWR_FDCAN_DUAL/Candlelight/buffer.o
                0x08004b74                buf_get_host_frame_locked
 .text.buf_get_instance
                0x08004ba4       0x10 Build_STM32G474_Candlelight_PWR_FDCAN_DUAL/Candlelight/buffer.o
                0x08004ba4                buf_get_instance
 .text.USB_IRQ_Init
                0x08004bb4       0x94 Build_STM32G474_Candlelight_PWR_FDCAN_DUAL/Candlelight/usb_class.o
                0x08004bb4                USB_IRQ_Init
 .text.USB_IRQ_EP0_RxReady
                0x08004c48        0xc Build_STM32G474_Candlelight_PWR_FDCAN_DUAL/Candlelight/usb_class.o
                0x08004c48                USB_IRQ_EP0_RxReady
 .text.USB_IRQ_DataOut
                0x08004c54       0x44 Build_STM32G474_Candlelight_PWR_FDCAN_DUAL/Candlelight/usb_class.o
                0x08004c54                USB_IRQ_DataOut
 .text.USB_IRQ_DataIn
                0x08004c98       0x34 Build_STM32G474_Candlelight_PWR_FDCAN_DUAL/Candlelight/usb_class.o
                0x08004c98                USB_IRQ_DataIn
 .text.USB_IRQ_DeInit
                0x08004ccc       0x38 Build_STM32G474_Candlelight_PWR_FDCAN_DUAL/Candlelight/usb_class.o
                0x08004ccc                USB_IRQ_DeInit
 .text.USB_IRQ_Setup
                0x08004d04       0x94 Build_STM32G474_Candlelight_PWR_FDCAN_DUAL/Candlelight/usb_class.o
                0x08004d04                USB_IRQ_Setup
 .text.USBD_ConfigureEndpoints
                0x08004d98       0x64 Build_STM32G474_Candlelight_PWR_FDCAN_DUAL/Candlelight/usb_class.o
                0x08004d98                USBD_ConfigureEndpoints
 .text.USBD_GetUserStringDescr
                0x08004dfc       0x48 Build_STM32G474_Candlelight_PWR_FDCAN_DUAL/Candlelight/usb_class.o
                0x08004dfc                USBD_GetUserStringDescr
 .text.USBD_SetupStageRequest
                0x08004e44       0x90 Build_STM32G474_Candlelight_PWR_FDCAN_DUAL/Candlelight/usb_class.o
                0x08004e44                USBD_SetupStageRequest
 .text.USBD_SendInDataToHost
                0x08004ed4       0x4c Build_STM32G474_Candlelight_PWR_FDCAN_DUAL/Candlelight/usb_class.o
                0x08004ed4                USBD_SendInDataToHost
 .text.HAL_MspInit
                0x08004f20        0x4 Build_STM32G474_Candlelight_PWR_FDCAN_DUAL/STM32Cube\libstm32cube.a(stm32g4xx_hal.o)
                0x08004f20                HAL_MspInit
 .text.HAL_MspDeInit
                0x08004f24        0x4 Build_STM32G474_Candlelight_PWR_FDCAN_DUAL/STM32Cube\libstm32cube.a(stm32g4xx_hal.o)
                0x08004f24                HAL_MspDeInit
 .text.HAL_DeInit
                0x08004f28       0x2c Build_STM32G474_Candlelight_PWR_FDCAN_DUAL/STM32Cube\libstm32cube.a(stm32g4xx_hal.o)
                0x08004f28                HAL_DeInit
 .text.HAL_InitTick
                0x08004f54       0x4c Build_STM32G474_Candlelight_PWR_FDCAN_DUAL/STM32Cube\libstm32cube.a(stm32g4xx_hal.o)
                0x08004f54                HAL_InitTick
 .text.HAL_Init
                0x08004fa0       0x30 Build_STM32G474_Candlelight_PWR_FDCAN_DUAL/STM32Cube\libstm32cube.a(stm32g4xx_hal.o)
                0x08004fa0                HAL_Init
 .text.HAL_IncTick
                0x08004fd0       0x18 Build_STM32G474_Candlelight_PWR_FDCAN_DUAL/STM32Cube\libstm32cube.a(stm32g4xx_hal.o)
                0x08004fd0                HAL_IncTick
 .text.HAL_GetTick
                0x08004fe8        0xc Build_STM32G474_Candlelight_PWR_FDCAN_DUAL/STM32Cube\libstm32cube.a(stm32g4xx_hal.o)
                0x08004fe8                HAL_GetTick
 .text.HAL_Delay
                0x08004ff4       0x24 Build_STM32G474_Candlelight_PWR_FDCAN_DUAL/STM32Cube\libstm32cube.a(stm32g4xx_hal.o)
                0x08004ff4                HAL_Delay
 .text.HAL_GetHalVersion
                0x08005018        0x8 Build_STM32G474_Candlelight_PWR_FDCAN_DUAL/STM32Cube\libstm32cube.a(stm32g4xx_hal.o)
                0x08005018                HAL_GetHalVersion
 .text.HAL_GetDEVID
                0x08005020       0x10 Build_STM32G474_Candlelight_PWR_FDCAN_DUAL/STM32Cube\libstm32cube.a(stm32g4xx_hal.o)
                0x08005020                HAL_GetDEVID
 .text.HAL_ADC_Init
                0x08005030      0x24c Build_STM32G474_Candlelight_PWR_FDCAN_DUAL/STM32Cube\libstm32cube.a(stm32g4xx_hal_adc.o)
                0x08005030                HAL_ADC_Init
 .text.HAL_ADC_PollForConversion
                0x0800527c      0x144 Build_STM32G474_Candlelight_PWR_FDCAN_DUAL/STM32Cube\libstm32cube.a(stm32g4xx_hal_adc.o)
                0x0800527c                HAL_ADC_PollForConversion
 .text.HAL_ADC_GetValue
                0x080053c0        0x8 Build_STM32G474_Candlelight_PWR_FDCAN_DUAL/STM32Cube\libstm32cube.a(stm32g4xx_hal_adc.o)
                0x080053c0                HAL_ADC_GetValue
 .text.HAL_ADC_ConfigChannel
                0x080053c8      0x530 Build_STM32G474_Candlelight_PWR_FDCAN_DUAL/STM32Cube\libstm32cube.a(stm32g4xx_hal_adc.o)
                0x080053c8                HAL_ADC_ConfigChannel
 .text.ADC_Enable
                0x080058f8       0xe0 Build_STM32G474_Candlelight_PWR_FDCAN_DUAL/STM32Cube\libstm32cube.a(stm32g4xx_hal_adc.o)
                0x080058f8                ADC_Enable
 .text.HAL_ADC_Start
                0x080059d8      0x108 Build_STM32G474_Candlelight_PWR_FDCAN_DUAL/STM32Cube\libstm32cube.a(stm32g4xx_hal_adc.o)
                0x080059d8                HAL_ADC_Start
 .text.HAL_ADCEx_MultiModeConfigChannel
                0x08005ae0      0x160 Build_STM32G474_Candlelight_PWR_FDCAN_DUAL/STM32Cube\libstm32cube.a(stm32g4xx_hal_adc_ex.o)
                0x08005ae0                HAL_ADCEx_MultiModeConfigChannel
 .text.HAL_NVIC_SetPriorityGrouping
                0x08005c40       0x24 Build_STM32G474_Candlelight_PWR_FDCAN_DUAL/STM32Cube\libstm32cube.a(stm32g4xx_hal_cortex.o)
                0x08005c40                HAL_NVIC_SetPriorityGrouping
 .text.HAL_NVIC_SetPriority
                0x08005c64       0x7c Build_STM32G474_Candlelight_PWR_FDCAN_DUAL/STM32Cube\libstm32cube.a(stm32g4xx_hal_cortex.o)
                0x08005c64                HAL_NVIC_SetPriority
 .text.HAL_NVIC_EnableIRQ
                0x08005ce0       0x1c Build_STM32G474_Candlelight_PWR_FDCAN_DUAL/STM32Cube\libstm32cube.a(stm32g4xx_hal_cortex.o)
                0x08005ce0                HAL_NVIC_EnableIRQ
 .text.HAL_SYSTICK_Config
                0x08005cfc       0x30 Build_STM32G474_Candlelight_PWR_FDCAN_DUAL/STM32Cube\libstm32cube.a(stm32g4xx_hal_cortex.o)
                0x08005cfc                HAL_SYSTICK_Config
 .text.HAL_SYSTICK_Callback
                0x08005d2c        0x4 Build_STM32G474_Candlelight_PWR_FDCAN_DUAL/STM32Cube\libstm32cube.a(stm32g4xx_hal_cortex.o)
                0x08005d2c                HAL_SYSTICK_Callback
 .text.HAL_SYSTICK_IRQHandler
                0x08005d30        0x8 Build_STM32G474_Candlelight_PWR_FDCAN_DUAL/STM32Cube\libstm32cube.a(stm32g4xx_hal_cortex.o)
                0x08005d30                HAL_SYSTICK_IRQHandler
 .text.HAL_FDCAN_MspInit
                0x08005d38        0x4 Build_STM32G474_Candlelight_PWR_FDCAN_DUAL/STM32Cube\libstm32cube.a(stm32g4xx_hal_fdcan.o)
                0x08005d38                HAL_FDCAN_MspInit
 .text.HAL_FDCAN_Init
                0x08005d3c      0x2f4 Build_STM32G474_Candlelight_PWR_FDCAN_DUAL/STM32Cube\libstm32cube.a(stm32g4xx_hal_fdcan.o)
                0x08005d3c                HAL_FDCAN_Init
 .text.HAL_FDCAN_MspDeInit
                0x08006030        0x4 Build_STM32G474_Candlelight_PWR_FDCAN_DUAL/STM32Cube\libstm32cube.a(stm32g4xx_hal_fdcan.o)
                0x08006030                HAL_FDCAN_MspDeInit
 .text.HAL_FDCAN_DeInit
                0x08006034      0x100 Build_STM32G474_Candlelight_PWR_FDCAN_DUAL/STM32Cube\libstm32cube.a(stm32g4xx_hal_fdcan.o)
                0x08006034                HAL_FDCAN_DeInit
 .text.HAL_FDCAN_ConfigFilter
                0x08006134       0x64 Build_STM32G474_Candlelight_PWR_FDCAN_DUAL/STM32Cube\libstm32cube.a(stm32g4xx_hal_fdcan.o)
                0x08006134                HAL_FDCAN_ConfigFilter
 .text.HAL_FDCAN_ConfigGlobalFilter
                0x08006198       0x44 Build_STM32G474_Candlelight_PWR_FDCAN_DUAL/STM32Cube\libstm32cube.a(stm32g4xx_hal_fdcan.o)
                0x08006198                HAL_FDCAN_ConfigGlobalFilter
 .text.HAL_FDCAN_ConfigTimestampCounter
                0x080061dc       0x28 Build_STM32G474_Candlelight_PWR_FDCAN_DUAL/STM32Cube\libstm32cube.a(stm32g4xx_hal_fdcan.o)
                0x080061dc                HAL_FDCAN_ConfigTimestampCounter
 .text.HAL_FDCAN_EnableTimestampCounter
                0x08006204       0x28 Build_STM32G474_Candlelight_PWR_FDCAN_DUAL/STM32Cube\libstm32cube.a(stm32g4xx_hal_fdcan.o)
                0x08006204                HAL_FDCAN_EnableTimestampCounter
 .text.HAL_FDCAN_ConfigTxDelayCompensation
                0x0800622c       0x24 Build_STM32G474_Candlelight_PWR_FDCAN_DUAL/STM32Cube\libstm32cube.a(stm32g4xx_hal_fdcan.o)
                0x0800622c                HAL_FDCAN_ConfigTxDelayCompensation
 .text.HAL_FDCAN_EnableTxDelayCompensation
                0x08006250       0x24 Build_STM32G474_Candlelight_PWR_FDCAN_DUAL/STM32Cube\libstm32cube.a(stm32g4xx_hal_fdcan.o)
                0x08006250                HAL_FDCAN_EnableTxDelayCompensation
 .text.HAL_FDCAN_DisableTxDelayCompensation
                0x08006274       0x24 Build_STM32G474_Candlelight_PWR_FDCAN_DUAL/STM32Cube\libstm32cube.a(stm32g4xx_hal_fdcan.o)
                0x08006274                HAL_FDCAN_DisableTxDelayCompensation
 .text.HAL_FDCAN_Start
                0x08006298       0x30 Build_STM32G474_Candlelight_PWR_FDCAN_DUAL/STM32Cube\libstm32cube.a(stm32g4xx_hal_fdcan.o)
                0x08006298                HAL_FDCAN_Start
 .text.HAL_FDCAN_Stop
                0x080062c8       0xe0 Build_STM32G474_Candlelight_PWR_FDCAN_DUAL/STM32Cube\libstm32cube.a(stm32g4xx_hal_fdcan.o)
                0x080062c8                HAL_FDCAN_Stop
 .text.HAL_FDCAN_AddMessageToTxFifoQ
                0x080063a8       0xd0 Build_STM32G474_Candlelight_PWR_FDCAN_DUAL/STM32Cube\libstm32cube.a(stm32g4xx_hal_fdcan.o)
                0x080063a8                HAL_FDCAN_AddMessageToTxFifoQ
 .text.HAL_FDCAN_AbortTxRequest
                0x08006478       0x20 Build_STM32G474_Candlelight_PWR_FDCAN_DUAL/STM32Cube\libstm32cube.a(stm32g4xx_hal_fdcan.o)
                0x08006478                HAL_FDCAN_AbortTxRequest
 .text.HAL_FDCAN_GetRxMessage
                0x08006498      0x13c Build_STM32G474_Candlelight_PWR_FDCAN_DUAL/STM32Cube\libstm32cube.a(stm32g4xx_hal_fdcan.o)
                0x08006498                HAL_FDCAN_GetRxMessage
 .text.HAL_FDCAN_GetTxEvent
                0x080065d4       0xa4 Build_STM32G474_Candlelight_PWR_FDCAN_DUAL/STM32Cube\libstm32cube.a(stm32g4xx_hal_fdcan.o)
                0x080065d4                HAL_FDCAN_GetTxEvent
 .text.HAL_FDCAN_GetProtocolStatus
                0x08006678       0x50 Build_STM32G474_Candlelight_PWR_FDCAN_DUAL/STM32Cube\libstm32cube.a(stm32g4xx_hal_fdcan.o)
                0x08006678                HAL_FDCAN_GetProtocolStatus
 .text.HAL_FDCAN_GetErrorCounters
                0x080066c8       0x24 Build_STM32G474_Candlelight_PWR_FDCAN_DUAL/STM32Cube\libstm32cube.a(stm32g4xx_hal_fdcan.o)
                0x080066c8                HAL_FDCAN_GetErrorCounters
 .text.HAL_FDCAN_GetTxFifoFreeLevel
                0x080066ec        0xc Build_STM32G474_Candlelight_PWR_FDCAN_DUAL/STM32Cube\libstm32cube.a(stm32g4xx_hal_fdcan.o)
                0x080066ec                HAL_FDCAN_GetTxFifoFreeLevel
 .text.HAL_FDCAN_ConfigInterruptLines
                0x080066f8       0x2c Build_STM32G474_Candlelight_PWR_FDCAN_DUAL/STM32Cube\libstm32cube.a(stm32g4xx_hal_fdcan.o)
                0x080066f8                HAL_FDCAN_ConfigInterruptLines
 .text.HAL_FDCAN_ActivateNotification
                0x08006724       0xe8 Build_STM32G474_Candlelight_PWR_FDCAN_DUAL/STM32Cube\libstm32cube.a(stm32g4xx_hal_fdcan.o)
                0x08006724                HAL_FDCAN_ActivateNotification
 .text.HAL_FDCAN_TxEventFifoCallback
                0x0800680c        0x4 Build_STM32G474_Candlelight_PWR_FDCAN_DUAL/STM32Cube\libstm32cube.a(stm32g4xx_hal_fdcan.o)
                0x0800680c                HAL_FDCAN_TxEventFifoCallback
 .text.HAL_FDCAN_RxFifo0Callback
                0x08006810        0x4 Build_STM32G474_Candlelight_PWR_FDCAN_DUAL/STM32Cube\libstm32cube.a(stm32g4xx_hal_fdcan.o)
                0x08006810                HAL_FDCAN_RxFifo0Callback
 .text.HAL_FDCAN_RxFifo1Callback
                0x08006814        0x4 Build_STM32G474_Candlelight_PWR_FDCAN_DUAL/STM32Cube\libstm32cube.a(stm32g4xx_hal_fdcan.o)
                0x08006814                HAL_FDCAN_RxFifo1Callback
 .text.HAL_FDCAN_TxFifoEmptyCallback
                0x08006818        0x4 Build_STM32G474_Candlelight_PWR_FDCAN_DUAL/STM32Cube\libstm32cube.a(stm32g4xx_hal_fdcan.o)
                0x08006818                HAL_FDCAN_TxFifoEmptyCallback
 .text.HAL_FDCAN_TxBufferCompleteCallback
                0x0800681c        0x4 Build_STM32G474_Candlelight_PWR_FDCAN_DUAL/STM32Cube\libstm32cube.a(stm32g4xx_hal_fdcan.o)
                0x0800681c                HAL_FDCAN_TxBufferCompleteCallback
 .text.HAL_FDCAN_TxBufferAbortCallback
                0x08006820        0x4 Build_STM32G474_Candlelight_PWR_FDCAN_DUAL/STM32Cube\libstm32cube.a(stm32g4xx_hal_fdcan.o)
                0x08006820                HAL_FDCAN_TxBufferAbortCallback
 .text.HAL_FDCAN_TimeoutOccurredCallback
                0x08006824        0x4 Build_STM32G474_Candlelight_PWR_FDCAN_DUAL/STM32Cube\libstm32cube.a(stm32g4xx_hal_fdcan.o)
                0x08006824                HAL_FDCAN_TimeoutOccurredCallback
 .text.HAL_FDCAN_HighPriorityMessageCallback
                0x08006828        0x4 Build_STM32G474_Candlelight_PWR_FDCAN_DUAL/STM32Cube\libstm32cube.a(stm32g4xx_hal_fdcan.o)
                0x08006828                HAL_FDCAN_HighPriorityMessageCallback
 .text.HAL_FDCAN_ErrorCallback
                0x0800682c        0x4 Build_STM32G474_Candlelight_PWR_FDCAN_DUAL/STM32Cube\libstm32cube.a(stm32g4xx_hal_fdcan.o)
                0x0800682c                HAL_FDCAN_ErrorCallback
 .text.HAL_FDCAN_ErrorStatusCallback
                0x08006830        0x4 Build_STM32G474_Candlelight_PWR_FDCAN_DUAL/STM32Cube\libstm32cube.a(stm32g4xx_hal_fdcan.o)
                0x08006830                HAL_FDCAN_ErrorStatusCallback
 .text.HAL_FDCAN_IRQHandler
                0x08006834      0x188 Build_STM32G474_Candlelight_PWR_FDCAN_DUAL/STM32Cube\libstm32cube.a(stm32g4xx_hal_fdcan.o)
                0x08006834                HAL_FDCAN_IRQHandler
 .text.HAL_FLASH_Program
                0x080069bc      0x174 Build_STM32G474_Candlelight_PWR_FDCAN_DUAL/STM32Cube\libstm32cube.a(stm32g4xx_hal_flash.o)
                0x080069bc                HAL_FLASH_Program
 .text.HAL_FLASH_Unlock
                0x08006b30       0x28 Build_STM32G474_Candlelight_PWR_FDCAN_DUAL/STM32Cube\libstm32cube.a(stm32g4xx_hal_flash.o)
                0x08006b30                HAL_FLASH_Unlock
 .text.HAL_FLASH_Lock
                0x08006b58       0x18 Build_STM32G474_Candlelight_PWR_FDCAN_DUAL/STM32Cube\libstm32cube.a(stm32g4xx_hal_flash.o)
                0x08006b58                HAL_FLASH_Lock
 .text.HAL_FLASH_OB_Unlock
                0x08006b70       0x28 Build_STM32G474_Candlelight_PWR_FDCAN_DUAL/STM32Cube\libstm32cube.a(stm32g4xx_hal_flash.o)
                0x08006b70                HAL_FLASH_OB_Unlock
 .text.HAL_FLASH_OB_Lock
                0x08006b98       0x1c Build_STM32G474_Candlelight_PWR_FDCAN_DUAL/STM32Cube\libstm32cube.a(stm32g4xx_hal_flash.o)
                0x08006b98                HAL_FLASH_OB_Lock
 .text.FLASH_WaitForLastOperation
                0x08006bb4       0x54 Build_STM32G474_Candlelight_PWR_FDCAN_DUAL/STM32Cube\libstm32cube.a(stm32g4xx_hal_flash.o)
                0x08006bb4                FLASH_WaitForLastOperation
 .text.HAL_FLASHEx_Erase
                0x08006c08      0x1b0 Build_STM32G474_Candlelight_PWR_FDCAN_DUAL/STM32Cube\libstm32cube.a(stm32g4xx_hal_flash_ex.o)
                0x08006c08                HAL_FLASHEx_Erase
 .text.HAL_FLASHEx_OBProgram
                0x08006db8      0x438 Build_STM32G474_Candlelight_PWR_FDCAN_DUAL/STM32Cube\libstm32cube.a(stm32g4xx_hal_flash_ex.o)
                0x08006db8                HAL_FLASHEx_OBProgram
 .text.HAL_FLASHEx_OBGetConfig
                0x080071f0      0x1bc Build_STM32G474_Candlelight_PWR_FDCAN_DUAL/STM32Cube\libstm32cube.a(stm32g4xx_hal_flash_ex.o)
                0x080071f0                HAL_FLASHEx_OBGetConfig
 .text.FLASH_FlushCaches
                0x080073ac       0x60 Build_STM32G474_Candlelight_PWR_FDCAN_DUAL/STM32Cube\libstm32cube.a(stm32g4xx_hal_flash_ex.o)
                0x080073ac                FLASH_FlushCaches
 .text.HAL_GPIO_Init
                0x0800740c      0x1f0 Build_STM32G474_Candlelight_PWR_FDCAN_DUAL/STM32Cube\libstm32cube.a(stm32g4xx_hal_gpio.o)
                0x0800740c                HAL_GPIO_Init
 .text.HAL_GPIO_WritePin
                0x080075fc        0xc Build_STM32G474_Candlelight_PWR_FDCAN_DUAL/STM32Cube\libstm32cube.a(stm32g4xx_hal_gpio.o)
                0x080075fc                HAL_GPIO_WritePin
 .text.HAL_PCD_Init
                0x08007608      0x1d4 Build_STM32G474_Candlelight_PWR_FDCAN_DUAL/STM32Cube\libstm32cube.a(stm32g4xx_hal_pcd.o)
                0x08007608                HAL_PCD_Init
 .text.HAL_PCD_Start
                0x080077dc       0x2c Build_STM32G474_Candlelight_PWR_FDCAN_DUAL/STM32Cube\libstm32cube.a(stm32g4xx_hal_pcd.o)
                0x080077dc                HAL_PCD_Start
 .text.HAL_PCD_IRQHandler
                0x08007808      0xb48 Build_STM32G474_Candlelight_PWR_FDCAN_DUAL/STM32Cube\libstm32cube.a(stm32g4xx_hal_pcd.o)
                0x08007808                HAL_PCD_IRQHandler
 .text.HAL_PCD_SetAddress
                0x08008350       0x28 Build_STM32G474_Candlelight_PWR_FDCAN_DUAL/STM32Cube\libstm32cube.a(stm32g4xx_hal_pcd.o)
                0x08008350                HAL_PCD_SetAddress
 .text.HAL_PCD_EP_Open
                0x08008378       0x70 Build_STM32G474_Candlelight_PWR_FDCAN_DUAL/STM32Cube\libstm32cube.a(stm32g4xx_hal_pcd.o)
                0x08008378                HAL_PCD_EP_Open
 .text.HAL_PCD_EP_Close
                0x080083e8       0x5c Build_STM32G474_Candlelight_PWR_FDCAN_DUAL/STM32Cube\libstm32cube.a(stm32g4xx_hal_pcd.o)
                0x080083e8                HAL_PCD_EP_Close
 .text.HAL_PCD_EP_Receive
                0x08008444       0x34 Build_STM32G474_Candlelight_PWR_FDCAN_DUAL/STM32Cube\libstm32cube.a(stm32g4xx_hal_pcd.o)
                0x08008444                HAL_PCD_EP_Receive
 .text.HAL_PCD_EP_Transmit
                0x08008478       0x3c Build_STM32G474_Candlelight_PWR_FDCAN_DUAL/STM32Cube\libstm32cube.a(stm32g4xx_hal_pcd.o)
                0x08008478                HAL_PCD_EP_Transmit
 .text.HAL_PCD_EP_SetStall
                0x080084b4       0x74 Build_STM32G474_Candlelight_PWR_FDCAN_DUAL/STM32Cube\libstm32cube.a(stm32g4xx_hal_pcd.o)
                0x080084b4                HAL_PCD_EP_SetStall
 .text.HAL_PCD_EP_ClrStall
                0x08008528       0x70 Build_STM32G474_Candlelight_PWR_FDCAN_DUAL/STM32Cube\libstm32cube.a(stm32g4xx_hal_pcd.o)
                0x08008528                HAL_PCD_EP_ClrStall
 .text.HAL_PCDEx_PMAConfig
                0x08008598       0x38 Build_STM32G474_Candlelight_PWR_FDCAN_DUAL/STM32Cube\libstm32cube.a(stm32g4xx_hal_pcd_ex.o)
                0x08008598                HAL_PCDEx_PMAConfig
 .text.HAL_PCDEx_ActivateLPM
                0x080085d0       0x30 Build_STM32G474_Candlelight_PWR_FDCAN_DUAL/STM32Cube\libstm32cube.a(stm32g4xx_hal_pcd_ex.o)
                0x080085d0                HAL_PCDEx_ActivateLPM
 .text.HAL_PCDEx_LPM_Callback
                0x08008600        0x4 Build_STM32G474_Candlelight_PWR_FDCAN_DUAL/STM32Cube\libstm32cube.a(stm32g4xx_hal_pcd_ex.o)
                0x08008600                HAL_PCDEx_LPM_Callback
 .text.HAL_PWREx_ControlVoltageScaling
                0x08008604       0xf4 Build_STM32G474_Candlelight_PWR_FDCAN_DUAL/STM32Cube\libstm32cube.a(stm32g4xx_hal_pwr_ex.o)
                0x08008604                HAL_PWREx_ControlVoltageScaling
 .text.HAL_RCC_DeInit
                0x080086f8       0xc0 Build_STM32G474_Candlelight_PWR_FDCAN_DUAL/STM32Cube\libstm32cube.a(stm32g4xx_hal_rcc.o)
                0x080086f8                HAL_RCC_DeInit
 .text.HAL_RCC_OscConfig
                0x080087b8      0x494 Build_STM32G474_Candlelight_PWR_FDCAN_DUAL/STM32Cube\libstm32cube.a(stm32g4xx_hal_rcc.o)
                0x080087b8                HAL_RCC_OscConfig
 .text.HAL_RCC_GetSysClockFreq
                0x08008c4c       0x5c Build_STM32G474_Candlelight_PWR_FDCAN_DUAL/STM32Cube\libstm32cube.a(stm32g4xx_hal_rcc.o)
                0x08008c4c                HAL_RCC_GetSysClockFreq
 .text.HAL_RCC_ClockConfig
                0x08008ca8      0x214 Build_STM32G474_Candlelight_PWR_FDCAN_DUAL/STM32Cube\libstm32cube.a(stm32g4xx_hal_rcc.o)
                0x08008ca8                HAL_RCC_ClockConfig
 .text.HAL_RCC_GetPCLK1Freq
                0x08008ebc       0x24 Build_STM32G474_Candlelight_PWR_FDCAN_DUAL/STM32Cube\libstm32cube.a(stm32g4xx_hal_rcc.o)
                0x08008ebc                HAL_RCC_GetPCLK1Freq
 .text.HAL_RCC_GetPCLK2Freq
                0x08008ee0       0x24 Build_STM32G474_Candlelight_PWR_FDCAN_DUAL/STM32Cube\libstm32cube.a(stm32g4xx_hal_rcc.o)
                0x08008ee0                HAL_RCC_GetPCLK2Freq
 .text.HAL_RCCEx_PeriphCLKConfig
                0x08008f04      0x310 Build_STM32G474_Candlelight_PWR_FDCAN_DUAL/STM32Cube\libstm32cube.a(stm32g4xx_hal_rcc_ex.o)
                0x08008f04                HAL_RCCEx_PeriphCLKConfig
 .text.HAL_RCCEx_GetPeriphCLKFreq
                0x08009214      0x560 Build_STM32G474_Candlelight_PWR_FDCAN_DUAL/STM32Cube\libstm32cube.a(stm32g4xx_hal_rcc_ex.o)
                0x08009214                HAL_RCCEx_GetPeriphCLKFreq
 .text.HAL_RCCEx_CRSConfig
                0x08009774       0x50 Build_STM32G474_Candlelight_PWR_FDCAN_DUAL/STM32Cube\libstm32cube.a(stm32g4xx_hal_rcc_ex.o)
                0x08009774                HAL_RCCEx_CRSConfig
 .text.HAL_TIM_Base_MspInit
                0x080097c4        0x4 Build_STM32G474_Candlelight_PWR_FDCAN_DUAL/STM32Cube\libstm32cube.a(stm32g4xx_hal_tim.o)
                0x080097c4                HAL_TIM_Base_MspInit
 .text.HAL_TIM_Base_Init
                0x080097c8      0x148 Build_STM32G474_Candlelight_PWR_FDCAN_DUAL/STM32Cube\libstm32cube.a(stm32g4xx_hal_tim.o)
                0x080097c8                HAL_TIM_Base_Init
 .text.HAL_TIM_Base_Start_IT
                0x08009910       0x84 Build_STM32G474_Candlelight_PWR_FDCAN_DUAL/STM32Cube\libstm32cube.a(stm32g4xx_hal_tim.o)
                0x08009910                HAL_TIM_Base_Start_IT
 .text.USB_EnableGlobalInt
                0x08009994       0x14 Build_STM32G474_Candlelight_PWR_FDCAN_DUAL/STM32Cube\libstm32cube.a(stm32g4xx_ll_usb.o)
                0x08009994                USB_EnableGlobalInt
 .text.USB_DisableGlobalInt
                0x080099a8       0x14 Build_STM32G474_Candlelight_PWR_FDCAN_DUAL/STM32Cube\libstm32cube.a(stm32g4xx_ll_usb.o)
                0x080099a8                USB_DisableGlobalInt
 .text.USB_DevInit
                0x080099bc       0x28 Build_STM32G474_Candlelight_PWR_FDCAN_DUAL/STM32Cube\libstm32cube.a(stm32g4xx_ll_usb.o)
                0x080099bc                USB_DevInit
 .text.USB_ActivateEndpoint
                0x080099e4      0x460 Build_STM32G474_Candlelight_PWR_FDCAN_DUAL/STM32Cube\libstm32cube.a(stm32g4xx_ll_usb.o)
                0x080099e4                USB_ActivateEndpoint
 .text.USB_DeactivateEndpoint
                0x08009e44      0x1c0 Build_STM32G474_Candlelight_PWR_FDCAN_DUAL/STM32Cube\libstm32cube.a(stm32g4xx_ll_usb.o)
                0x08009e44                USB_DeactivateEndpoint
 .text.USB_EPStartXfer
                0x0800a004      0x3bc Build_STM32G474_Candlelight_PWR_FDCAN_DUAL/STM32Cube\libstm32cube.a(stm32g4xx_ll_usb.o)
                0x0800a004                USB_EPStartXfer
 .text.USB_EPSetStall
                0x0800a3c0       0x50 Build_STM32G474_Candlelight_PWR_FDCAN_DUAL/STM32Cube\libstm32cube.a(stm32g4xx_ll_usb.o)
                0x0800a3c0                USB_EPSetStall
 .text.USB_EPClearStall
                0x0800a410       0x9c Build_STM32G474_Candlelight_PWR_FDCAN_DUAL/STM32Cube\libstm32cube.a(stm32g4xx_ll_usb.o)
                0x0800a410                USB_EPClearStall
 .text.USB_SetDevAddress
                0x0800a4ac        0xc Build_STM32G474_Candlelight_PWR_FDCAN_DUAL/STM32Cube\libstm32cube.a(stm32g4xx_ll_usb.o)
                0x0800a4ac                USB_SetDevAddress
 .text.USB_DevConnect
                0x0800a4b8       0x18 Build_STM32G474_Candlelight_PWR_FDCAN_DUAL/STM32Cube\libstm32cube.a(stm32g4xx_ll_usb.o)
                0x0800a4b8                USB_DevConnect
 .text.USB_ReadInterrupts
                0x0800a4d0        0x8 Build_STM32G474_Candlelight_PWR_FDCAN_DUAL/STM32Cube\libstm32cube.a(stm32g4xx_ll_usb.o)
                0x0800a4d0                USB_ReadInterrupts
 .text.USB_WritePMA
                0x0800a4d8       0x20 Build_STM32G474_Candlelight_PWR_FDCAN_DUAL/STM32Cube\libstm32cube.a(stm32g4xx_ll_usb.o)
                0x0800a4d8                USB_WritePMA
 .text.USB_ReadPMA
                0x0800a4f8       0x54 Build_STM32G474_Candlelight_PWR_FDCAN_DUAL/STM32Cube\libstm32cube.a(stm32g4xx_ll_usb.o)
                0x0800a4f8                USB_ReadPMA
 .text.__libc_init_array
                0x0800a54c       0x48 c:/program files (x86)/gnu arm embedded toolchain/10 2021.10/bin/../lib/gcc/arm-none-eabi/10.3.1/../../../../arm-none-eabi/lib/thumb/v7e-m/nofp\libc_nano.a(lib_a-init.o)
                0x0800a54c                __libc_init_array
 .text.memcmp   0x0800a594       0x20 c:/program files (x86)/gnu arm embedded toolchain/10 2021.10/bin/../lib/gcc/arm-none-eabi/10.3.1/../../../../arm-none-eabi/lib/thumb/v7e-m/nofp\libc_nano.a(lib_a-memcmp.o)
                0x0800a594                memcmp
 .text.memcpy   0x0800a5b4       0x1c c:/program files (x86)/gnu arm embedded toolchain/10 2021.10/bin/../lib/gcc/arm-none-eabi/10.3.1/../../../../arm-none-eabi/lib/thumb/v7e-m/nofp\libc_nano.a(lib_a-memcpy-stub.o)
                0x0800a5b4                memcpy
 .text.memmove  0x0800a5d0       0x34 c:/program files (x86)/gnu arm embedded toolchain/10 2021.10/bin/../lib/gcc/arm-none-eabi/10.3.1/../../../../arm-none-eabi/lib/thumb/v7e-m/nofp\libc_nano.a(lib_a-memmove.o)
                0x0800a5d0                memmove
 .text.memset   0x0800a604       0x10 c:/program files (x86)/gnu arm embedded toolchain/10 2021.10/bin/../lib/gcc/arm-none-eabi/10.3.1/../../../../arm-none-eabi/lib/thumb/v7e-m/nofp\libc_nano.a(lib_a-memset.o)
                0x0800a604                memset
 .text.sprintf  0x0800a614       0x40 c:/program files (x86)/gnu arm embedded toolchain/10 2021.10/bin/../lib/gcc/arm-none-eabi/10.3.1/../../../../arm-none-eabi/lib/thumb/v7e-m/nofp\libc_nano.a(lib_a-sprintf.o)
                0x0800a614                siprintf
                0x0800a614                sprintf
 .text.strcpy   0x0800a654       0x10 c:/program files (x86)/gnu arm embedded toolchain/10 2021.10/bin/../lib/gcc/arm-none-eabi/10.3.1/../../../../arm-none-eabi/lib/thumb/v7e-m/nofp\libc_nano.a(lib_a-strcpy.o)
                0x0800a654                strcpy
 .text.__ssputs_r
                0x0800a664       0xb6 c:/program files (x86)/gnu arm embedded toolchain/10 2021.10/bin/../lib/gcc/arm-none-eabi/10.3.1/../../../../arm-none-eabi/lib/thumb/v7e-m/nofp\libc_nano.a(lib_a-nano-svfprintf.o)
                0x0800a664                __ssputs_r
 *fill*         0x0800a71a        0x2 
 .text._svfprintf_r
                0x0800a71c      0x200 c:/program files (x86)/gnu arm embedded toolchain/10 2021.10/bin/../lib/gcc/arm-none-eabi/10.3.1/../../../../arm-none-eabi/lib/thumb/v7e-m/nofp\libc_nano.a(lib_a-nano-svfprintf.o)
                0x0800a71c                _svfiprintf_r
                0x0800a71c                _svfprintf_r
 .text._printf_common
                0x0800a91c       0xda c:/program files (x86)/gnu arm embedded toolchain/10 2021.10/bin/../lib/gcc/arm-none-eabi/10.3.1/../../../../arm-none-eabi/lib/thumb/v7e-m/nofp\libc_nano.a(lib_a-nano-vfprintf_i.o)
                0x0800a91c                _printf_common
 *fill*         0x0800a9f6        0x2 
 .text._printf_i
                0x0800a9f8      0x24c c:/program files (x86)/gnu arm embedded toolchain/10 2021.10/bin/../lib/gcc/arm-none-eabi/10.3.1/../../../../arm-none-eabi/lib/thumb/v7e-m/nofp\libc_nano.a(lib_a-nano-vfprintf_i.o)
                0x0800a9f8                _printf_i
 .text._free_r  0x0800ac44       0x94 c:/program files (x86)/gnu arm embedded toolchain/10 2021.10/bin/../lib/gcc/arm-none-eabi/10.3.1/../../../../arm-none-eabi/lib/thumb/v7e-m/nofp\libc_nano.a(lib_a-nano-freer.o)
                0x0800ac44                _free_r
 .text.sbrk_aligned
                0x0800acd8       0x40 c:/program files (x86)/gnu arm embedded toolchain/10 2021.10/bin/../lib/gcc/arm-none-eabi/10.3.1/../../../../arm-none-eabi/lib/thumb/v7e-m/nofp\libc_nano.a(lib_a-nano-mallocr.o)
 .text._malloc_r
                0x0800ad18       0xe8 c:/program files (x86)/gnu arm embedded toolchain/10 2021.10/bin/../lib/gcc/arm-none-eabi/10.3.1/../../../../arm-none-eabi/lib/thumb/v7e-m/nofp\libc_nano.a(lib_a-nano-mallocr.o)
                0x0800ad18                _malloc_r
 .text._realloc_r
                0x0800ae00       0x5e c:/program files (x86)/gnu arm embedded toolchain/10 2021.10/bin/../lib/gcc/arm-none-eabi/10.3.1/../../../../arm-none-eabi/lib/thumb/v7e-m/nofp\libc_nano.a(lib_a-nano-reallocr.o)
                0x0800ae00                _realloc_r
 *fill*         0x0800ae5e        0x2 
 .text._sbrk_r  0x0800ae60       0x20 c:/program files (x86)/gnu arm embedded toolchain/10 2021.10/bin/../lib/gcc/arm-none-eabi/10.3.1/../../../../arm-none-eabi/lib/thumb/v7e-m/nofp\libc_nano.a(lib_a-sbrkr.o)
                0x0800ae60                _sbrk_r
 .text.__malloc_lock
                0x0800ae80        0xc c:/program files (x86)/gnu arm embedded toolchain/10 2021.10/bin/../lib/gcc/arm-none-eabi/10.3.1/../../../../arm-none-eabi/lib/thumb/v7e-m/nofp\libc_nano.a(lib_a-mlock.o)
                0x0800ae80                __malloc_lock
 .text.__malloc_unlock
                0x0800ae8c        0xc c:/program files (x86)/gnu arm embedded toolchain/10 2021.10/bin/../lib/gcc/arm-none-eabi/10.3.1/../../../../arm-none-eabi/lib/thumb/v7e-m/nofp\libc_nano.a(lib_a-mlock.o)
                0x0800ae8c                __malloc_unlock
 .text._malloc_usable_size_r
                0x0800ae98       0x10 c:/program files (x86)/gnu arm embedded toolchain/10 2021.10/bin/../lib/gcc/arm-none-eabi/10.3.1/../../../../arm-none-eabi/lib/thumb/v7e-m/nofp\libc_nano.a(lib_a-nano-msizer.o)
                0x0800ae98                _malloc_usable_size_r
 .text.__retarget_lock_acquire_recursive
                0x0800aea8        0x2 c:/program files (x86)/gnu arm embedded toolchain/10 2021.10/bin/../lib/gcc/arm-none-eabi/10.3.1/../../../../arm-none-eabi/lib/thumb/v7e-m/nofp\libc_nano.a(lib_a-lock.o)
                0x0800aea8                __retarget_lock_acquire_recursive
 .text.__retarget_lock_release_recursive
                0x0800aeaa        0x2 c:/program files (x86)/gnu arm embedded toolchain/10 2021.10/bin/../lib/gcc/arm-none-eabi/10.3.1/../../../../arm-none-eabi/lib/thumb/v7e-m/nofp\libc_nano.a(lib_a-lock.o)
                0x0800aeaa                __retarget_lock_release_recursive
 .text._sbrk    0x0800aeac       0x1c c:/program files (x86)/gnu arm embedded toolchain/10 2021.10/bin/../lib/gcc/arm-none-eabi/10.3.1/../../../../arm-none-eabi/lib/thumb/v7e-m/nofp\libnosys.a(sbrk.o)
                0x0800aeac                _sbrk
 *(.glue_7)
 .glue_7        0x0800aec8        0x0 linker stubs
 *(.glue_7t)
 .glue_7t       0x0800aec8        0x0 linker stubs
 *(.eh_frame)
 .eh_frame      0x0800aec8        0x0 c:/program files (x86)/gnu arm embedded toolchain/10 2021.10/bin/../lib/gcc/arm-none-eabi/10.3.1/thumb/v7e-m/nofp/crtbegin.o
 *(.init)
 .init          0x0800aec8        0x4 c:/program files (x86)/gnu arm embedded toolchain/10 2021.10/bin/../lib/gcc/arm-none-eabi/10.3.1/thumb/v7e-m/nofp/crti.o
                0x0800aec8                _init
 .init          0x0800aecc        0x8 c:/program files (x86)/gnu arm embedded toolchain/10 2021.10/bin/../lib/gcc/arm-none-eabi/10.3.1/thumb/v7e-m/nofp/crtn.o
 *(.fini)
 .fini          0x0800aed4        0x4 c:/program files (x86)/gnu arm embedded toolchain/10 2021.10/bin/../lib/gcc/arm-none-eabi/10.3.1/thumb/v7e-m/nofp/crti.o
                0x0800aed4                _fini
 .fini          0x0800aed8        0x8 c:/program files (x86)/gnu arm embedded toolchain/10 2021.10/bin/../lib/gcc/arm-none-eabi/10.3.1/thumb/v7e-m/nofp/crtn.o
                0x0800aee0                . = ALIGN (0x4)
                0x0800aee0                _etext = .

.vfp11_veneer   0x0800aee0        0x0
 .vfp11_veneer  0x0800aee0        0x0 linker stubs

.v4_bx          0x0800aee0        0x0
 .v4_bx         0x0800aee0        0x0 linker stubs

.iplt           0x0800aee0        0x0
 .iplt          0x0800aee0        0x0 c:/program files (x86)/gnu arm embedded toolchain/10 2021.10/bin/../lib/gcc/arm-none-eabi/10.3.1/thumb/v7e-m/nofp/crtbegin.o

.rodata         0x0800aee0      0x290
                0x0800aee0                . = ALIGN (0x4)
 *(.rodata)
 *(.rodata*)
 .rodata.AHBPrescTable
                0x0800aee0       0x10 Build_STM32G474_Candlelight_PWR_FDCAN_DUAL/system_STM32G4xx.o
                0x0800aee0                AHBPrescTable
 .rodata.APBPrescTable
                0x0800aef0        0x8 Build_STM32G474_Candlelight_PWR_FDCAN_DUAL/system_STM32G4xx.o
                0x0800aef0                APBPrescTable
 .rodata.can_recover_bus_off.str1.4
                0x0800aef8       0x47 Build_STM32G474_Candlelight_PWR_FDCAN_DUAL/can.o
 *fill*         0x0800af3f        0x1 
 .rodata.can_print_info.str1.4
                0x0800af40       0x46 Build_STM32G474_Candlelight_PWR_FDCAN_DUAL/can.o
 *fill*         0x0800af86        0x2 
 .rodata.can_process.str1.4
                0x0800af88       0x28 Build_STM32G474_Candlelight_PWR_FDCAN_DUAL/can.o
 .rodata.str1.4
                0x0800afb0       0x3e Build_STM32G474_Candlelight_PWR_FDCAN_DUAL/can.o
 *fill*         0x0800afee        0x2 
 .rodata.CSWTCH.35
                0x0800aff0       0x10 Build_STM32G474_Candlelight_PWR_FDCAN_DUAL/can.o
 .rodata.utils_format_bitrate.str1.4
                0x0800b000       0x32 Build_STM32G474_Candlelight_PWR_FDCAN_DUAL/utils.o
                                 0x3a (size before relaxing)
 *fill*         0x0800b032        0x2 
 .rodata.CSWTCH.18
                0x0800b034        0x7 Build_STM32G474_Candlelight_PWR_FDCAN_DUAL/utils.o
 *fill*         0x0800b03b        0x1 
 .rodata.USBD_StdDevReq.str1.4
                0x0800b03c       0x7d Build_STM32G474_Candlelight_PWR_FDCAN_DUAL/usb_ctrlreq.o
 *fill*         0x0800b0b9        0x3 
 .rodata.control_init.str1.4
                0x0800b0bc       0x1b Build_STM32G474_Candlelight_PWR_FDCAN_DUAL/Candlelight/control.o
 *fill*         0x0800b0d7        0x1 
 .rodata.control_send_debug_mesg.str1.4
                0x0800b0d8       0x15 Build_STM32G474_Candlelight_PWR_FDCAN_DUAL/Candlelight/control.o
 *fill*         0x0800b0ed        0x3 
 .rodata.USBD_GetUserStringDescr.str1.4
                0x0800b0f0       0x39 Build_STM32G474_Candlelight_PWR_FDCAN_DUAL/Candlelight/usb_class.o
 *fill*         0x0800b129        0x3 
 .rodata.DLCtoBytes
                0x0800b12c       0x10 Build_STM32G474_Candlelight_PWR_FDCAN_DUAL/STM32Cube\libstm32cube.a(stm32g4xx_hal_fdcan.o)
 .rodata._svfprintf_r.str1.1
                0x0800b13c       0x11 c:/program files (x86)/gnu arm embedded toolchain/10 2021.10/bin/../lib/gcc/arm-none-eabi/10.3.1/../../../../arm-none-eabi/lib/thumb/v7e-m/nofp\libc_nano.a(lib_a-nano-svfprintf.o)
 .rodata._printf_i.str1.1
                0x0800b14d       0x22 c:/program files (x86)/gnu arm embedded toolchain/10 2021.10/bin/../lib/gcc/arm-none-eabi/10.3.1/../../../../arm-none-eabi/lib/thumb/v7e-m/nofp\libc_nano.a(lib_a-nano-vfprintf_i.o)
                0x0800b170                . = ALIGN (0x4)
 *fill*         0x0800b16f        0x1 

.rel.dyn        0x0800b170        0x0
 .rel.iplt      0x0800b170        0x0 c:/program files (x86)/gnu arm embedded toolchain/10 2021.10/bin/../lib/gcc/arm-none-eabi/10.3.1/thumb/v7e-m/nofp/crtbegin.o

.ARM.extab      0x0800b170        0x0
                0x0800b170                . = ALIGN (0x4)
 *(.ARM.extab* .gnu.linkonce.armextab.*)
                0x0800b170                . = ALIGN (0x4)

.ARM            0x0800b170        0x0
                0x0800b170                . = ALIGN (0x4)
                0x0800b170                __exidx_start = .
 *(.ARM.exidx*)
                0x0800b170                __exidx_end = .
                0x0800b170                . = ALIGN (0x4)

.preinit_array  0x0800b170        0x0
                0x0800b170                . = ALIGN (0x4)
                0x0800b170                PROVIDE (__preinit_array_start = .)
 *(.preinit_array*)
                0x0800b170                PROVIDE (__preinit_array_end = .)
                0x0800b170                . = ALIGN (0x4)

.init_array     0x0800b170        0x4
                0x0800b170                . = ALIGN (0x4)
                0x0800b170                PROVIDE (__init_array_start = .)
 *(SORT_BY_NAME(.init_array.*))
 *(.init_array*)
 .init_array    0x0800b170        0x4 c:/program files (x86)/gnu arm embedded toolchain/10 2021.10/bin/../lib/gcc/arm-none-eabi/10.3.1/thumb/v7e-m/nofp/crtbegin.o
                0x0800b174                PROVIDE (__init_array_end = .)
                0x0800b174                . = ALIGN (0x4)

.fini_array     0x0800b174        0x4
                0x0800b174                . = ALIGN (0x4)
                [!provide]                PROVIDE (__fini_array_start = .)
 *(SORT_BY_NAME(.fini_array.*))
 *(.fini_array*)
 .fini_array    0x0800b174        0x4 c:/program files (x86)/gnu arm embedded toolchain/10 2021.10/bin/../lib/gcc/arm-none-eabi/10.3.1/thumb/v7e-m/nofp/crtbegin.o
                [!provide]                PROVIDE (__fini_array_end = .)
                0x0800b178                . = ALIGN (0x4)
                0x0800b178                _sidata = LOADADDR (.data)

.data           0x20000000      0x268 load address 0x0800b178
                0x20000000                . = ALIGN (0x4)
                0x20000000                _sdata = .
 *(.data)
 *(.data*)
 .data.blink_leds
                0x20000000        0x1 Build_STM32G474_Candlelight_PWR_FDCAN_DUAL/main.o
                0x20000000                blink_leds
 *fill*         0x20000001        0x3 
 .data.SystemCoreClock
                0x20000004        0x4 Build_STM32G474_Candlelight_PWR_FDCAN_DUAL/system_STM32G4xx.o
                0x20000004                SystemCoreClock
 .data.SET_CanAlternates
                0x20000008        0x2 Build_STM32G474_Candlelight_PWR_FDCAN_DUAL/can.o
                0x20000008                SET_CanAlternates
 *fill*         0x2000000a        0x2 
 .data.SET_CanInterfaces
                0x2000000c        0x8 Build_STM32G474_Candlelight_PWR_FDCAN_DUAL/can.o
                0x2000000c                SET_CanInterfaces
 .data.SET_CanPins
                0x20000014        0x8 Build_STM32G474_Candlelight_PWR_FDCAN_DUAL/can.o
                0x20000014                SET_CanPins
 .data.SET_CanPorts
                0x2000001c        0x8 Build_STM32G474_Candlelight_PWR_FDCAN_DUAL/can.o
                0x2000001c                SET_CanPorts
 .data.SET_TermPins
                0x20000024        0x8 Build_STM32G474_Candlelight_PWR_FDCAN_DUAL/can.o
                0x20000024                SET_TermPins
 .data.SET_TermPorts
                0x2000002c        0x8 Build_STM32G474_Candlelight_PWR_FDCAN_DUAL/can.o
                0x2000002c                SET_TermPorts
 .data.SET_LedRxPins
                0x20000034        0x8 Build_STM32G474_Candlelight_PWR_FDCAN_DUAL/led.o
                0x20000034                SET_LedRxPins
 .data.SET_LedRxPorts
                0x2000003c        0x8 Build_STM32G474_Candlelight_PWR_FDCAN_DUAL/led.o
                0x2000003c                SET_LedRxPorts
 .data.SET_LedTxPins
                0x20000044        0x8 Build_STM32G474_Candlelight_PWR_FDCAN_DUAL/led.o
                0x20000044                SET_LedTxPins
 .data.SET_LedTxPorts
                0x2000004c        0x8 Build_STM32G474_Candlelight_PWR_FDCAN_DUAL/led.o
                0x2000004c                SET_LedTxPorts
 .data.ws2815_inst_changed
                0x20000054        0x1 Build_STM32G474_Candlelight_PWR_FDCAN_DUAL/ws2815.o
 *fill*         0x20000055        0x3 
 .data.USBD_LangIDDesc
                0x20000058        0x4 Build_STM32G474_Candlelight_PWR_FDCAN_DUAL/usb_ctrlreq.o
                0x20000058                USBD_LangIDDesc
 .data.ELM_LastError
                0x2000005c        0x1 Build_STM32G474_Candlelight_PWR_FDCAN_DUAL/Candlelight/control.o
                0x2000005c                ELM_LastError
 .data.GLB_ProtoElmue
                0x2000005d        0x1 Build_STM32G474_Candlelight_PWR_FDCAN_DUAL/Candlelight/buffer.o
                0x2000005d                GLB_ProtoElmue
 *fill*         0x2000005e        0x2 
 .data.EndpointsIN
                0x20000060        0x3 Build_STM32G474_Candlelight_PWR_FDCAN_DUAL/Candlelight/usb_class.o
                0x20000060                EndpointsIN
 *fill*         0x20000063        0x1 
 .data.EndpointsOUT
                0x20000064        0x3 Build_STM32G474_Candlelight_PWR_FDCAN_DUAL/Candlelight/usb_class.o
                0x20000064                EndpointsOUT
 *fill*         0x20000067        0x1 
 .data.USBD_ClassCallbacks
                0x20000068       0x28 Build_STM32G474_Candlelight_PWR_FDCAN_DUAL/Candlelight/usb_class.o
                0x20000068                USBD_ClassCallbacks
 .data.USBD_ConfigDescFS
                0x20000090       0x49 Build_STM32G474_Candlelight_PWR_FDCAN_DUAL/Candlelight/usb_class.o
                0x20000090                USBD_ConfigDescFS
 *fill*         0x200000d9        0x3 
 .data.USBD_DeviceDesc
                0x200000dc       0x12 Build_STM32G474_Candlelight_PWR_FDCAN_DUAL/Candlelight/usb_class.o
                0x200000dc                USBD_DeviceDesc
 *fill*         0x200000ee        0x2 
 .data.USBD_MicrosoftExtPropertyDescr
                0x200000f0       0x92 Build_STM32G474_Candlelight_PWR_FDCAN_DUAL/Candlelight/usb_class.o
                0x200000f0                USBD_MicrosoftExtPropertyDescr
 *fill*         0x20000182        0x2 
 .data.USBD_MicrosoftFeatureDescr
                0x20000184       0x58 Build_STM32G474_Candlelight_PWR_FDCAN_DUAL/Candlelight/usb_class.o
                0x20000184                USBD_MicrosoftFeatureDescr
 .data.uwTickFreq
                0x200001dc        0x4 Build_STM32G474_Candlelight_PWR_FDCAN_DUAL/STM32Cube\libstm32cube.a(stm32g4xx_hal.o)
                0x200001dc                uwTickFreq
 .data.uwTickPrio
                0x200001e0        0x4 Build_STM32G474_Candlelight_PWR_FDCAN_DUAL/STM32Cube\libstm32cube.a(stm32g4xx_hal.o)
                0x200001e0                uwTickPrio
 .data.pFlash   0x200001e4       0x20 Build_STM32G474_Candlelight_PWR_FDCAN_DUAL/STM32Cube\libstm32cube.a(stm32g4xx_hal_flash.o)
                0x200001e4                pFlash
 .data._impure_ptr
                0x20000204        0x4 c:/program files (x86)/gnu arm embedded toolchain/10 2021.10/bin/../lib/gcc/arm-none-eabi/10.3.1/../../../../arm-none-eabi/lib/thumb/v7e-m/nofp\libc_nano.a(lib_a-impure.o)
                0x20000204                _impure_ptr
 .data.impure_data
                0x20000208       0x60 c:/program files (x86)/gnu arm embedded toolchain/10 2021.10/bin/../lib/gcc/arm-none-eabi/10.3.1/../../../../arm-none-eabi/lib/thumb/v7e-m/nofp\libc_nano.a(lib_a-impure.o)
 *(.RamFunc)
 *(.RamFunc*)
                0x20000268                . = ALIGN (0x4)
                0x20000268                _edata = .

.igot.plt       0x20000268        0x0 load address 0x0800b3e0
 .igot.plt      0x20000268        0x0 c:/program files (x86)/gnu arm embedded toolchain/10 2021.10/bin/../lib/gcc/arm-none-eabi/10.3.1/thumb/v7e-m/nofp/crtbegin.o
                0x20000268                . = ALIGN (0x4)

.bss            0x20000268    0x1dd54 load address 0x0800b3e0
                0x20000268                _sbss = .
                0x20000268                __bss_start__ = _sbss
 *(.bss)
 .bss           0x20000268       0x1c c:/program files (x86)/gnu arm embedded toolchain/10 2021.10/bin/../lib/gcc/arm-none-eabi/10.3.1/thumb/v7e-m/nofp/crtbegin.o
 *(.bss*)
 .bss.tick_last
                0x20000284        0x4 Build_STM32G474_Candlelight_PWR_FDCAN_DUAL/main.o
                0x20000284                tick_last
 .bss.usb_suspend
                0x20000288        0x1 Build_STM32G474_Candlelight_PWR_FDCAN_DUAL/main.o
                0x20000288                usb_suspend
 *fill*         0x20000289        0x3 
 .bss.canfd_clock
                0x2000028c        0x4 Build_STM32G474_Candlelight_PWR_FDCAN_DUAL/system.o
                0x2000028c                canfd_clock
 .bss.timestamp_wrap
                0x20000290        0x4 Build_STM32G474_Candlelight_PWR_FDCAN_DUAL/system.o
                0x20000290                timestamp_wrap
 .bss.GLB_UserFlags
                0x20000294        0x2 Build_STM32G474_Candlelight_PWR_FDCAN_DUAL/can.o
                0x20000294                GLB_UserFlags
 *fill*         0x20000296        0x2 
 .bss.can_inst  0x20000298      0x528 Build_STM32G474_Candlelight_PWR_FDCAN_DUAL/can.o
                0x20000298                can_inst
 .bss.err_inst  0x200007c0       0x28 Build_STM32G474_Candlelight_PWR_FDCAN_DUAL/error.o
                0x200007c0                err_inst
 .bss.led_inst  0x200007e8       0x40 Build_STM32G474_Candlelight_PWR_FDCAN_DUAL/led.o
                0x200007e8                led_inst
 .bss.ws2815_initialized
                0x20000828        0x1 Build_STM32G474_Candlelight_PWR_FDCAN_DUAL/ws2815.o
 *fill*         0x20000829        0x3 
 .bss.ws2815_inst
                0x2000082c        0x6 Build_STM32G474_Candlelight_PWR_FDCAN_DUAL/ws2815.o
 *fill*         0x20000832        0x2 
 .bss.ws2815_inst_last
                0x20000834        0x6 Build_STM32G474_Candlelight_PWR_FDCAN_DUAL/ws2815.o
 *fill*         0x2000083a        0x2 
 .bss.Vbus      0x2000083c        0x4 Build_STM32G474_Candlelight_PWR_FDCAN_DUAL/adc.o
                0x2000083c                Vbus
 .bss.hadc1     0x20000840       0x6c Build_STM32G474_Candlelight_PWR_FDCAN_DUAL/adc.o
                0x20000840                hadc1
 .bss.dfu_delay_start
                0x200008ac        0x4 Build_STM32G474_Candlelight_PWR_FDCAN_DUAL/dfu.o
 .bss.dfu_require_reset
                0x200008b0        0x1 Build_STM32G474_Candlelight_PWR_FDCAN_DUAL/dfu.o
 *fill*         0x200008b1        0x3 
 .bss.dfu_sys_memory_base
                0x200008b4        0x4 Build_STM32G474_Candlelight_PWR_FDCAN_DUAL/dfu.o
 .bss.limits_data
                0x200008b8       0x10 Build_STM32G474_Candlelight_PWR_FDCAN_DUAL/utils.o
                0x200008b8                limits_data
 .bss.limits_nom
                0x200008c8       0x10 Build_STM32G474_Candlelight_PWR_FDCAN_DUAL/utils.o
                0x200008c8                limits_nom
 .bss.USBD_StrDesc
                0x200008d8      0x200 Build_STM32G474_Candlelight_PWR_FDCAN_DUAL/usb_ctrlreq.o
                0x200008d8                USBD_StrDesc
 .bss.cfgidx.0  0x20000ad8        0x1 Build_STM32G474_Candlelight_PWR_FDCAN_DUAL/usb_ctrlreq.o
 *fill*         0x20000ad9        0x3 
 .bss.USB_Handle
                0x20000adc      0x2ac Build_STM32G474_Candlelight_PWR_FDCAN_DUAL/usb_core.o
                0x20000adc                USB_Handle
 .bss.PCD_Handle
                0x20000d88      0x2dc Build_STM32G474_Candlelight_PWR_FDCAN_DUAL/usb_lowlevel.o
                0x20000d88                PCD_Handle
 .bss.bSuspended
                0x20001064        0x1 Build_STM32G474_Candlelight_PWR_FDCAN_DUAL/usb_lowlevel.o
                0x20001064                bSuspended
 *fill*         0x20001065        0x3 
 .bss.ELM_BoardInfo
                0x20001068       0x38 Build_STM32G474_Candlelight_PWR_FDCAN_DUAL/Candlelight/control.o
                0x20001068                ELM_BoardInfo
 .bss.GS_CapabilityClassic
                0x200010a0       0x28 Build_STM32G474_Candlelight_PWR_FDCAN_DUAL/Candlelight/control.o
                0x200010a0                GS_CapabilityClassic
 .bss.GS_CapabilityFD
                0x200010c8       0x48 Build_STM32G474_Candlelight_PWR_FDCAN_DUAL/Candlelight/control.o
                0x200010c8                GS_CapabilityFD
 .bss.GS_DeviceVersion
                0x20001110        0xc Build_STM32G474_Candlelight_PWR_FDCAN_DUAL/Candlelight/control.o
                0x20001110                GS_DeviceVersion
 .bss.ep0_buf   0x2000111c      0x7d8 Build_STM32G474_Candlelight_PWR_FDCAN_DUAL/Candlelight/control.o
                0x2000111c                ep0_buf
 .bss.last_setup
                0x200018f4        0x8 Build_STM32G474_Candlelight_PWR_FDCAN_DUAL/Candlelight/control.o
                0x200018f4                last_setup
 .bss.buf_inst  0x200018fc    0x1c688 Build_STM32G474_Candlelight_PWR_FDCAN_DUAL/Candlelight/buffer.o
                0x200018fc                buf_inst
 .bss.Class_InitDone
                0x2001df84        0x1 Build_STM32G474_Candlelight_PWR_FDCAN_DUAL/Candlelight/usb_class.o
                0x2001df84                Class_InitDone
 *fill*         0x2001df85        0x3 
 .bss.DFU_Status
                0x2001df88        0x6 Build_STM32G474_Candlelight_PWR_FDCAN_DUAL/Candlelight/usb_class.o
                0x2001df88                DFU_Status
 *fill*         0x2001df8e        0x2 
 .bss.EpToChannel
                0x2001df90       0x10 Build_STM32G474_Candlelight_PWR_FDCAN_DUAL/Candlelight/usb_class.o
                0x2001df90                EpToChannel
 .bss.ifalt.0   0x2001dfa0        0x1 Build_STM32G474_Candlelight_PWR_FDCAN_DUAL/Candlelight/usb_class.o
 *fill*         0x2001dfa1        0x3 
 .bss.uwTick    0x2001dfa4        0x4 Build_STM32G474_Candlelight_PWR_FDCAN_DUAL/STM32Cube\libstm32cube.a(stm32g4xx_hal.o)
                0x2001dfa4                uwTick
 .bss.__malloc_free_list
                0x2001dfa8        0x4 c:/program files (x86)/gnu arm embedded toolchain/10 2021.10/bin/../lib/gcc/arm-none-eabi/10.3.1/../../../../arm-none-eabi/lib/thumb/v7e-m/nofp\libc_nano.a(lib_a-nano-mallocr.o)
                0x2001dfa8                __malloc_free_list
 .bss.__malloc_sbrk_start
                0x2001dfac        0x4 c:/program files (x86)/gnu arm embedded toolchain/10 2021.10/bin/../lib/gcc/arm-none-eabi/10.3.1/../../../../arm-none-eabi/lib/thumb/v7e-m/nofp\libc_nano.a(lib_a-nano-mallocr.o)
                0x2001dfac                __malloc_sbrk_start
 .bss.errno     0x2001dfb0        0x4 c:/program files (x86)/gnu arm embedded toolchain/10 2021.10/bin/../lib/gcc/arm-none-eabi/10.3.1/../../../../arm-none-eabi/lib/thumb/v7e-m/nofp\libc_nano.a(lib_a-reent.o)
                0x2001dfb0                errno
 .bss.__lock___malloc_recursive_mutex
                0x2001dfb4        0x1 c:/program files (x86)/gnu arm embedded toolchain/10 2021.10/bin/../lib/gcc/arm-none-eabi/10.3.1/../../../../arm-none-eabi/lib/thumb/v7e-m/nofp\libc_nano.a(lib_a-lock.o)
                0x2001dfb4                __lock___malloc_recursive_mutex
 *fill*         0x2001dfb5        0x3 
 .bss.heap_end.0
                0x2001dfb8        0x4 c:/program files (x86)/gnu arm embedded toolchain/10 2021.10/bin/../lib/gcc/arm-none-eabi/10.3.1/../../../../arm-none-eabi/lib/thumb/v7e-m/nofp\libnosys.a(sbrk.o)
 *(COMMON)
                0x2001dfbc                . = ALIGN (0x4)
                0x2001dfbc                _ebss = .
                0x2001dfbc                __bss_end__ = _ebss

._user_heap_stack
                0x2001dfbc      0x604 load address 0x0800b3e0
                0x2001dfc0                . = ALIGN (0x8)
 *fill*         0x2001dfbc        0x4 
                0x2001dfc0                PROVIDE (end = .)
                [!provide]                PROVIDE (_end = .)
                0x2001e1c0                . = (. + _Min_Heap_Size)
 *fill*         0x2001dfc0      0x200 
                0x2001e5c0                . = (. + _Min_Stack_Size)
 *fill*         0x2001e1c0      0x400 
                0x2001e5c0                . = ALIGN (0x8)

/DISCARD/
 libc.a(*)
 libm.a(*)
 libgcc.a(*)

.ARM.attributes
                0x00000000       0x2a
 *(.ARM.attributes)
 .ARM.attributes
                0x00000000       0x1e c:/program files (x86)/gnu arm embedded toolchain/10 2021.10/bin/../lib/gcc/arm-none-eabi/10.3.1/thumb/v7e-m/nofp/crti.o
 .ARM.attributes
                0x0000001e       0x2e c:/program files (x86)/gnu arm embedded toolchain/10 2021.10/bin/../lib/gcc/arm-none-eabi/10.3.1/thumb/v7e-m/nofp/crtbegin.o
 .ARM.attributes
                0x0000004c       0x2e Build_STM32G474_Candlelight_PWR_FDCAN_DUAL/main.o
 .ARM.attributes
                0x0000007a       0x2e Build_STM32G474_Candlelight_PWR_FDCAN_DUAL/system_STM32G4xx.o
 .ARM.attributes
                0x000000a8       0x2e Build_STM32G474_Candlelight_PWR_FDCAN_DUAL/system.o
 .ARM.attributes
                0x000000d6       0x2e Build_STM32G474_Candlelight_PWR_FDCAN_DUAL/interrupts.o
 .ARM.attributes
                0x00000104       0x2e Build_STM32G474_Candlelight_PWR_FDCAN_DUAL/can.o
 .ARM.attributes
                0x00000132       0x2e Build_STM32G474_Candlelight_PWR_FDCAN_DUAL/error.o
 .ARM.attributes
                0x00000160       0x2e Build_STM32G474_Candlelight_PWR_FDCAN_DUAL/led.o
 .ARM.attributes
                0x0000018e       0x2e Build_STM32G474_Candlelight_PWR_FDCAN_DUAL/ws2815.o
 .ARM.attributes
                0x000001bc       0x2e Build_STM32G474_Candlelight_PWR_FDCAN_DUAL/adc.o
 .ARM.attributes
                0x000001ea       0x2e Build_STM32G474_Candlelight_PWR_FDCAN_DUAL/dfu.o
 .ARM.attributes